[2026-09-24T18:05:44.380+0000] {processor.py:153} INFO - Started process (PID=79) to work on /home/airflow/.local/lib/python3.7/site-packages/airflow/example_dags/example_sla_dag.py
[2026-09-24T18:05:44.382+0000] {processor.py:743} INFO - Processing file /home/airflow/.local/lib/python3.7/site-packages/airflow/example_dags/example_sla_dag.py for tasks to queue
[2026-09-24T18:05:44.383+0000] {logging_mixin.py:137} INFO - [2026-09-24T18:05:44.383+0000] {dagbag.py:538} INFO - Filling up the DagBag from /home/airflow/.local/lib/python3.7/site-packages/airflow/example_dags/example_sla_dag.py
[2026-09-24T18:05:44.427+0000] {processor.py:753} INFO - DAG(s) dict_keys(['example_sla_dag']) retrieved from /home/airflow/.local/lib/python3.7/site-packages/airflow/example_dags/example_sla_dag.py
[2026-09-24T18:05:44.492+0000] {logging_mixin.py:137} INFO - [2026-09-24T18:05:44.492+0000] {dag.py:2676} INFO - Sync 1 DAGs
[2026-09-24T18:05:44.542+0000] {logging_mixin.py:137} INFO - [2026-09-24T18:05:44.542+0000] {dag.py:3427} INFO - Setting next_dagrun for example_sla_dag to 2026-09-24T18:02:00+00:00, run_after=2026-09-24T18:04:00+00:00
[2026-09-24T18:05:44.574+0000] {processor.py:175} INFO - Processing /home/airflow/.local/lib/python3.7/site-packages/airflow/example_dags/example_sla_dag.py took 0.202 seconds
[2026-09-24T18:06:15.498+0000] {processor.py:153} INFO - Started process (PID=157) to work on /home/airflow/.local/lib/python3.7/site-packages/airflow/example_dags/example_sla_dag.py
[2026-09-24T18:06:15.499+0000] {processor.py:743} INFO - Processing file /home/airflow/.local/lib/python3.7/site-packages/airflow/example_dags/example_sla_dag.py for tasks to queue
[2026-09-24T18:06:15.500+0000] {logging_mixin.py:137} INFO - [2026-09-24T18:06:15.499+0000] {dagbag.py:538} INFO - Filling up the DagBag from /home/airflow/.local/lib/python3.7/site-packages/airflow/example_dags/example_sla_dag.py
[2026-09-24T18:06:15.549+0000] {processor.py:753} INFO - DAG(s) dict_keys(['example_sla_dag']) retrieved from /home/airflow/.local/lib/python3.7/site-packages/airflow/example_dags/example_sla_dag.py
[2026-09-24T18:06:15.607+0000] {logging_mixin.py:137} INFO - [2026-09-24T18:06:15.607+0000] {dag.py:2676} INFO - Sync 1 DAGs
[2026-09-24T18:06:15.651+0000] {logging_mixin.py:137} INFO - [2026-09-24T18:06:15.651+0000] {dag.py:3427} INFO - Setting next_dagrun for example_sla_dag to 2026-09-24T18:04:00+00:00, run_after=2026-09-24T18:06:00+00:00
[2026-09-24T18:06:15.681+0000] {processor.py:175} INFO - Processing /home/airflow/.local/lib/python3.7/site-packages/airflow/example_dags/example_sla_dag.py took 0.189 seconds
[2026-09-24T18:06:45.942+0000] {processor.py:153} INFO - Started process (PID=244) to work on /home/airflow/.local/lib/python3.7/site-packages/airflow/example_dags/example_sla_dag.py
[2026-09-24T18:06:45.944+0000] {processor.py:743} INFO - Processing file /home/airflow/.local/lib/python3.7/site-packages/airflow/example_dags/example_sla_dag.py for tasks to queue
[2026-09-24T18:06:45.946+0000] {logging_mixin.py:137} INFO - [2026-09-24T18:06:45.946+0000] {dagbag.py:538} INFO - Filling up the DagBag from /home/airflow/.local/lib/python3.7/site-packages/airflow/example_dags/example_sla_dag.py
[2026-09-24T18:06:45.980+0000] {processor.py:753} INFO - DAG(s) dict_keys(['example_sla_dag']) retrieved from /home/airflow/.local/lib/python3.7/site-packages/airflow/example_dags/example_sla_dag.py
[2026-09-24T18:06:46.055+0000] {logging_mixin.py:137} INFO - [2026-09-24T18:06:46.055+0000] {dag.py:2676} INFO - Sync 1 DAGs
[2026-09-24T18:06:46.097+0000] {logging_mixin.py:137} INFO - [2026-09-24T18:06:46.097+0000] {dag.py:3427} INFO - Setting next_dagrun for example_sla_dag to 2026-09-24T18:04:00+00:00, run_after=2026-09-24T18:06:00+00:00
[2026-09-24T18:06:46.128+0000] {processor.py:175} INFO - Processing /home/airflow/.local/lib/python3.7/site-packages/airflow/example_dags/example_sla_dag.py took 0.191 seconds
[2026-09-24T18:07:16.331+0000] {processor.py:153} INFO - Started process (PID=333) to work on /home/airflow/.local/lib/python3.7/site-packages/airflow/example_dags/example_sla_dag.py
[2026-09-24T18:07:16.331+0000] {processor.py:743} INFO - Processing file /home/airflow/.local/lib/python3.7/site-packages/airflow/example_dags/example_sla_dag.py for tasks to queue
[2026-09-24T18:07:16.332+0000] {logging_mixin.py:137} INFO - [2026-09-24T18:07:16.332+0000] {dagbag.py:538} INFO - Filling up the DagBag from /home/airflow/.local/lib/python3.7/site-packages/airflow/example_dags/example_sla_dag.py
[2026-09-24T18:07:16.356+0000] {processor.py:753} INFO - DAG(s) dict_keys(['example_sla_dag']) retrieved from /home/airflow/.local/lib/python3.7/site-packages/airflow/example_dags/example_sla_dag.py
[2026-09-24T18:07:16.396+0000] {logging_mixin.py:137} INFO - [2026-09-24T18:07:16.396+0000] {dag.py:2676} INFO - Sync 1 DAGs
[2026-09-24T18:07:16.422+0000] {logging_mixin.py:137} INFO - [2026-09-24T18:07:16.422+0000] {dag.py:3427} INFO - Setting next_dagrun for example_sla_dag to 2026-09-24T18:04:00+00:00, run_after=2026-09-24T18:06:00+00:00
[2026-09-24T18:07:16.445+0000] {processor.py:175} INFO - Processing /home/airflow/.local/lib/python3.7/site-packages/airflow/example_dags/example_sla_dag.py took 0.117 seconds
[2026-09-24T18:07:46.978+0000] {processor.py:153} INFO - Started process (PID=411) to work on /home/airflow/.local/lib/python3.7/site-packages/airflow/example_dags/example_sla_dag.py
[2026-09-24T18:07:46.979+0000] {processor.py:743} INFO - Processing file /home/airflow/.local/lib/python3.7/site-packages/airflow/example_dags/example_sla_dag.py for tasks to queue
[2026-09-24T18:07:46.980+0000] {logging_mixin.py:137} INFO - [2026-09-24T18:07:46.980+0000] {dagbag.py:538} INFO - Filling up the DagBag from /home/airflow/.local/lib/python3.7/site-packages/airflow/example_dags/example_sla_dag.py
[2026-09-24T18:07:47.014+0000] {processor.py:753} INFO - DAG(s) dict_keys(['example_sla_dag']) retrieved from /home/airflow/.local/lib/python3.7/site-packages/airflow/example_dags/example_sla_dag.py
[2026-09-24T18:07:47.054+0000] {logging_mixin.py:137} INFO - [2026-09-24T18:07:47.054+0000] {dag.py:2676} INFO - Sync 1 DAGs
[2026-09-24T18:07:47.090+0000] {logging_mixin.py:137} INFO - [2026-09-24T18:07:47.090+0000] {dag.py:3427} INFO - Setting next_dagrun for example_sla_dag to 2026-09-24T18:04:00+00:00, run_after=2026-09-24T18:06:00+00:00
[2026-09-24T18:07:47.117+0000] {processor.py:175} INFO - Processing /home/airflow/.local/lib/python3.7/site-packages/airflow/example_dags/example_sla_dag.py took 0.141 seconds
[2026-09-24T18:08:17.261+0000] {processor.py:153} INFO - Started process (PID=509) to work on /home/airflow/.local/lib/python3.7/site-packages/airflow/example_dags/example_sla_dag.py
[2026-09-24T18:08:17.261+0000] {processor.py:743} INFO - Processing file /home/airflow/.local/lib/python3.7/site-packages/airflow/example_dags/example_sla_dag.py for tasks to queue
[2026-09-24T18:08:17.262+0000] {logging_mixin.py:137} INFO - [2026-09-24T18:08:17.262+0000] {dagbag.py:538} INFO - Filling up the DagBag from /home/airflow/.local/lib/python3.7/site-packages/airflow/example_dags/example_sla_dag.py
[2026-09-24T18:08:17.283+0000] {processor.py:753} INFO - DAG(s) dict_keys(['example_sla_dag']) retrieved from /home/airflow/.local/lib/python3.7/site-packages/airflow/example_dags/example_sla_dag.py
[2026-09-24T18:08:17.325+0000] {logging_mixin.py:137} INFO - [2026-09-24T18:08:17.324+0000] {dag.py:2676} INFO - Sync 1 DAGs
[2026-09-24T18:08:17.356+0000] {logging_mixin.py:137} INFO - [2026-09-24T18:08:17.356+0000] {dag.py:3427} INFO - Setting next_dagrun for example_sla_dag to 2026-09-24T18:06:00+00:00, run_after=2026-09-24T18:08:00+00:00
[2026-09-24T18:08:17.381+0000] {processor.py:175} INFO - Processing /home/airflow/.local/lib/python3.7/site-packages/airflow/example_dags/example_sla_dag.py took 0.123 seconds
[2026-09-24T18:08:48.189+0000] {processor.py:153} INFO - Started process (PID=587) to work on /home/airflow/.local/lib/python3.7/site-packages/airflow/example_dags/example_sla_dag.py
[2026-09-24T18:08:48.191+0000] {processor.py:743} INFO - Processing file /home/airflow/.local/lib/python3.7/site-packages/airflow/example_dags/example_sla_dag.py for tasks to queue
[2026-09-24T18:08:48.192+0000] {logging_mixin.py:137} INFO - [2026-09-24T18:08:48.192+0000] {dagbag.py:538} INFO - Filling up the DagBag from /home/airflow/.local/lib/python3.7/site-packages/airflow/example_dags/example_sla_dag.py
[2026-09-24T18:08:48.215+0000] {processor.py:753} INFO - DAG(s) dict_keys(['example_sla_dag']) retrieved from /home/airflow/.local/lib/python3.7/site-packages/airflow/example_dags/example_sla_dag.py
[2026-09-24T18:08:48.267+0000] {logging_mixin.py:137} INFO - [2026-09-24T18:08:48.267+0000] {dag.py:2676} INFO - Sync 1 DAGs
[2026-09-24T18:08:48.301+0000] {logging_mixin.py:137} INFO - [2026-09-24T18:08:48.301+0000] {dag.py:3427} INFO - Setting next_dagrun for example_sla_dag to 2026-09-24T18:06:00+00:00, run_after=2026-09-24T18:08:00+00:00
[2026-09-24T18:08:48.328+0000] {processor.py:175} INFO - Processing /home/airflow/.local/lib/python3.7/site-packages/airflow/example_dags/example_sla_dag.py took 0.142 seconds
[2026-09-24T18:09:18.905+0000] {processor.py:153} INFO - Started process (PID=685) to work on /home/airflow/.local/lib/python3.7/site-packages/airflow/example_dags/example_sla_dag.py
[2026-09-24T18:09:18.905+0000] {processor.py:743} INFO - Processing file /home/airflow/.local/lib/python3.7/site-packages/airflow/example_dags/example_sla_dag.py for tasks to queue
[2026-09-24T18:09:18.906+0000] {logging_mixin.py:137} INFO - [2026-09-24T18:09:18.906+0000] {dagbag.py:538} INFO - Filling up the DagBag from /home/airflow/.local/lib/python3.7/site-packages/airflow/example_dags/example_sla_dag.py
[2026-09-24T18:09:18.939+0000] {processor.py:753} INFO - DAG(s) dict_keys(['example_sla_dag']) retrieved from /home/airflow/.local/lib/python3.7/site-packages/airflow/example_dags/example_sla_dag.py
[2026-09-24T18:09:19.003+0000] {logging_mixin.py:137} INFO - [2026-09-24T18:09:19.002+0000] {dag.py:2676} INFO - Sync 1 DAGs
[2026-09-24T18:09:19.043+0000] {logging_mixin.py:137} INFO - [2026-09-24T18:09:19.043+0000] {dag.py:3427} INFO - Setting next_dagrun for example_sla_dag to 2026-09-24T18:06:00+00:00, run_after=2026-09-24T18:08:00+00:00
[2026-09-24T18:09:19.088+0000] {processor.py:175} INFO - Processing /home/airflow/.local/lib/python3.7/site-packages/airflow/example_dags/example_sla_dag.py took 0.187 seconds
[2026-09-24T18:09:50.251+0000] {processor.py:153} INFO - Started process (PID=764) to work on /home/airflow/.local/lib/python3.7/site-packages/airflow/example_dags/example_sla_dag.py
[2026-09-24T18:09:50.254+0000] {processor.py:743} INFO - Processing file /home/airflow/.local/lib/python3.7/site-packages/airflow/example_dags/example_sla_dag.py for tasks to queue
[2026-09-24T18:09:50.257+0000] {logging_mixin.py:137} INFO - [2026-09-24T18:09:50.257+0000] {dagbag.py:538} INFO - Filling up the DagBag from /home/airflow/.local/lib/python3.7/site-packages/airflow/example_dags/example_sla_dag.py
[2026-09-24T18:09:50.351+0000] {processor.py:753} INFO - DAG(s) dict_keys(['example_sla_dag']) retrieved from /home/airflow/.local/lib/python3.7/site-packages/airflow/example_dags/example_sla_dag.py
[2026-09-24T18:09:50.429+0000] {logging_mixin.py:137} INFO - [2026-09-24T18:09:50.429+0000] {dag.py:2676} INFO - Sync 1 DAGs
[2026-09-24T18:09:50.470+0000] {logging_mixin.py:137} INFO - [2026-09-24T18:09:50.470+0000] {dag.py:3427} INFO - Setting next_dagrun for example_sla_dag to 2026-09-24T18:06:00+00:00, run_after=2026-09-24T18:08:00+00:00
[2026-09-24T18:09:50.510+0000] {processor.py:175} INFO - Processing /home/airflow/.local/lib/python3.7/site-packages/airflow/example_dags/example_sla_dag.py took 0.273 seconds
[2026-09-24T18:10:21.435+0000] {processor.py:153} INFO - Started process (PID=842) to work on /home/airflow/.local/lib/python3.7/site-packages/airflow/example_dags/example_sla_dag.py
[2026-09-24T18:10:21.436+0000] {processor.py:743} INFO - Processing file /home/airflow/.local/lib/python3.7/site-packages/airflow/example_dags/example_sla_dag.py for tasks to queue
[2026-09-24T18:10:21.437+0000] {logging_mixin.py:137} INFO - [2026-09-24T18:10:21.437+0000] {dagbag.py:538} INFO - Filling up the DagBag from /home/airflow/.local/lib/python3.7/site-packages/airflow/example_dags/example_sla_dag.py
[2026-09-24T18:10:21.461+0000] {processor.py:753} INFO - DAG(s) dict_keys(['example_sla_dag']) retrieved from /home/airflow/.local/lib/python3.7/site-packages/airflow/example_dags/example_sla_dag.py
[2026-09-24T18:10:21.511+0000] {logging_mixin.py:137} INFO - [2026-09-24T18:10:21.511+0000] {dag.py:2676} INFO - Sync 1 DAGs
[2026-09-24T18:10:21.556+0000] {logging_mixin.py:137} INFO - [2026-09-24T18:10:21.556+0000] {dag.py:3427} INFO - Setting next_dagrun for example_sla_dag to 2026-09-24T18:08:00+00:00, run_after=2026-09-24T18:10:00+00:00
[2026-09-24T18:10:21.583+0000] {processor.py:175} INFO - Processing /home/airflow/.local/lib/python3.7/site-packages/airflow/example_dags/example_sla_dag.py took 0.151 seconds
[2026-09-24T18:10:52.132+0000] {processor.py:153} INFO - Started process (PID=940) to work on /home/airflow/.local/lib/python3.7/site-packages/airflow/example_dags/example_sla_dag.py
[2026-09-24T18:10:52.134+0000] {processor.py:743} INFO - Processing file /home/airflow/.local/lib/python3.7/site-packages/airflow/example_dags/example_sla_dag.py for tasks to queue
[2026-09-24T18:10:52.135+0000] {logging_mixin.py:137} INFO - [2026-09-24T18:10:52.135+0000] {dagbag.py:538} INFO - Filling up the DagBag from /home/airflow/.local/lib/python3.7/site-packages/airflow/example_dags/example_sla_dag.py
[2026-09-24T18:10:52.166+0000] {processor.py:753} INFO - DAG(s) dict_keys(['example_sla_dag']) retrieved from /home/airflow/.local/lib/python3.7/site-packages/airflow/example_dags/example_sla_dag.py
[2026-09-24T18:10:52.228+0000] {logging_mixin.py:137} INFO - [2026-09-24T18:10:52.227+0000] {dag.py:2676} INFO - Sync 1 DAGs
[2026-09-24T18:10:52.266+0000] {logging_mixin.py:137} INFO - [2026-09-24T18:10:52.266+0000] {dag.py:3427} INFO - Setting next_dagrun for example_sla_dag to 2026-09-24T18:08:00+00:00, run_after=2026-09-24T18:10:00+00:00
[2026-09-24T18:10:52.294+0000] {processor.py:175} INFO - Processing /home/airflow/.local/lib/python3.7/site-packages/airflow/example_dags/example_sla_dag.py took 0.166 seconds
[2026-09-24T18:11:22.446+0000] {processor.py:153} INFO - Started process (PID=1018) to work on /home/airflow/.local/lib/python3.7/site-packages/airflow/example_dags/example_sla_dag.py
[2026-09-24T18:11:22.447+0000] {processor.py:743} INFO - Processing file /home/airflow/.local/lib/python3.7/site-packages/airflow/example_dags/example_sla_dag.py for tasks to queue
[2026-09-24T18:11:22.447+0000] {logging_mixin.py:137} INFO - [2026-09-24T18:11:22.447+0000] {dagbag.py:538} INFO - Filling up the DagBag from /home/airflow/.local/lib/python3.7/site-packages/airflow/example_dags/example_sla_dag.py
[2026-09-24T18:11:22.497+0000] {processor.py:753} INFO - DAG(s) dict_keys(['example_sla_dag']) retrieved from /home/airflow/.local/lib/python3.7/site-packages/airflow/example_dags/example_sla_dag.py
[2026-09-24T18:11:22.547+0000] {logging_mixin.py:137} INFO - [2026-09-24T18:11:22.547+0000] {dag.py:2676} INFO - Sync 1 DAGs
[2026-09-24T18:11:22.583+0000] {logging_mixin.py:137} INFO - [2026-09-24T18:11:22.583+0000] {dag.py:3427} INFO - Setting next_dagrun for example_sla_dag to 2026-09-24T18:08:00+00:00, run_after=2026-09-24T18:10:00+00:00
[2026-09-24T18:11:22.612+0000] {processor.py:175} INFO - Processing /home/airflow/.local/lib/python3.7/site-packages/airflow/example_dags/example_sla_dag.py took 0.174 seconds
[2026-09-24T18:11:52.725+0000] {processor.py:153} INFO - Started process (PID=1116) to work on /home/airflow/.local/lib/python3.7/site-packages/airflow/example_dags/example_sla_dag.py
[2026-09-24T18:11:52.728+0000] {processor.py:743} INFO - Processing file /home/airflow/.local/lib/python3.7/site-packages/airflow/example_dags/example_sla_dag.py for tasks to queue
[2026-09-24T18:11:52.730+0000] {logging_mixin.py:137} INFO - [2026-09-24T18:11:52.729+0000] {dagbag.py:538} INFO - Filling up the DagBag from /home/airflow/.local/lib/python3.7/site-packages/airflow/example_dags/example_sla_dag.py
[2026-09-24T18:11:52.773+0000] {processor.py:753} INFO - DAG(s) dict_keys(['example_sla_dag']) retrieved from /home/airflow/.local/lib/python3.7/site-packages/airflow/example_dags/example_sla_dag.py
[2026-09-24T18:11:52.894+0000] {logging_mixin.py:137} INFO - [2026-09-24T18:11:52.894+0000] {dag.py:2676} INFO - Sync 1 DAGs
[2026-09-24T18:11:52.964+0000] {logging_mixin.py:137} INFO - [2026-09-24T18:11:52.964+0000] {dag.py:3427} INFO - Setting next_dagrun for example_sla_dag to 2026-09-24T18:08:00+00:00, run_after=2026-09-24T18:10:00+00:00
[2026-09-24T18:11:53.015+0000] {processor.py:175} INFO - Processing /home/airflow/.local/lib/python3.7/site-packages/airflow/example_dags/example_sla_dag.py took 0.297 seconds
[2026-09-24T18:12:23.956+0000] {processor.py:153} INFO - Started process (PID=1194) to work on /home/airflow/.local/lib/python3.7/site-packages/airflow/example_dags/example_sla_dag.py
[2026-09-24T18:12:23.957+0000] {processor.py:743} INFO - Processing file /home/airflow/.local/lib/python3.7/site-packages/airflow/example_dags/example_sla_dag.py for tasks to queue
[2026-09-24T18:12:23.958+0000] {logging_mixin.py:137} INFO - [2026-09-24T18:12:23.957+0000] {dagbag.py:538} INFO - Filling up the DagBag from /home/airflow/.local/lib/python3.7/site-packages/airflow/example_dags/example_sla_dag.py
[2026-09-24T18:12:23.991+0000] {processor.py:753} INFO - DAG(s) dict_keys(['example_sla_dag']) retrieved from /home/airflow/.local/lib/python3.7/site-packages/airflow/example_dags/example_sla_dag.py
[2026-09-24T18:12:24.062+0000] {logging_mixin.py:137} INFO - [2026-09-24T18:12:24.061+0000] {dag.py:2676} INFO - Sync 1 DAGs
[2026-09-24T18:12:24.107+0000] {logging_mixin.py:137} INFO - [2026-09-24T18:12:24.107+0000] {dag.py:3427} INFO - Setting next_dagrun for example_sla_dag to 2026-09-24T18:10:00+00:00, run_after=2026-09-24T18:12:00+00:00
[2026-09-24T18:12:24.142+0000] {processor.py:175} INFO - Processing /home/airflow/.local/lib/python3.7/site-packages/airflow/example_dags/example_sla_dag.py took 0.194 seconds
[2026-09-24T18:12:54.274+0000] {processor.py:153} INFO - Started process (PID=1272) to work on /home/airflow/.local/lib/python3.7/site-packages/airflow/example_dags/example_sla_dag.py
[2026-09-24T18:12:54.276+0000] {processor.py:743} INFO - Processing file /home/airflow/.local/lib/python3.7/site-packages/airflow/example_dags/example_sla_dag.py for tasks to queue
[2026-09-24T18:12:54.276+0000] {logging_mixin.py:137} INFO - [2026-09-24T18:12:54.276+0000] {dagbag.py:538} INFO - Filling up the DagBag from /home/airflow/.local/lib/python3.7/site-packages/airflow/example_dags/example_sla_dag.py
[2026-09-24T18:12:54.310+0000] {processor.py:753} INFO - DAG(s) dict_keys(['example_sla_dag']) retrieved from /home/airflow/.local/lib/python3.7/site-packages/airflow/example_dags/example_sla_dag.py
[2026-09-24T18:12:54.356+0000] {logging_mixin.py:137} INFO - [2026-09-24T18:12:54.356+0000] {dag.py:2676} INFO - Sync 1 DAGs
[2026-09-24T18:12:54.397+0000] {logging_mixin.py:137} INFO - [2026-09-24T18:12:54.397+0000] {dag.py:3427} INFO - Setting next_dagrun for example_sla_dag to 2026-09-24T18:10:00+00:00, run_after=2026-09-24T18:12:00+00:00
[2026-09-24T18:12:54.429+0000] {processor.py:175} INFO - Processing /home/airflow/.local/lib/python3.7/site-packages/airflow/example_dags/example_sla_dag.py took 0.160 seconds
[2026-09-24T18:13:24.775+0000] {processor.py:153} INFO - Started process (PID=1370) to work on /home/airflow/.local/lib/python3.7/site-packages/airflow/example_dags/example_sla_dag.py
[2026-09-24T18:13:24.777+0000] {processor.py:743} INFO - Processing file /home/airflow/.local/lib/python3.7/site-packages/airflow/example_dags/example_sla_dag.py for tasks to queue
[2026-09-24T18:13:24.778+0000] {logging_mixin.py:137} INFO - [2026-09-24T18:13:24.778+0000] {dagbag.py:538} INFO - Filling up the DagBag from /home/airflow/.local/lib/python3.7/site-packages/airflow/example_dags/example_sla_dag.py
[2026-09-24T18:13:24.839+0000] {processor.py:753} INFO - DAG(s) dict_keys(['example_sla_dag']) retrieved from /home/airflow/.local/lib/python3.7/site-packages/airflow/example_dags/example_sla_dag.py
[2026-09-24T18:13:25.022+0000] {logging_mixin.py:137} INFO - [2026-09-24T18:13:25.022+0000] {dag.py:2676} INFO - Sync 1 DAGs
[2026-09-24T18:13:25.056+0000] {logging_mixin.py:137} INFO - [2026-09-24T18:13:25.056+0000] {dag.py:3427} INFO - Setting next_dagrun for example_sla_dag to 2026-09-24T18:10:00+00:00, run_after=2026-09-24T18:12:00+00:00
[2026-09-24T18:13:25.103+0000] {processor.py:175} INFO - Processing /home/airflow/.local/lib/python3.7/site-packages/airflow/example_dags/example_sla_dag.py took 0.335 seconds
[2026-09-24T18:13:55.520+0000] {processor.py:153} INFO - Started process (PID=1449) to work on /home/airflow/.local/lib/python3.7/site-packages/airflow/example_dags/example_sla_dag.py
[2026-09-24T18:13:55.521+0000] {processor.py:743} INFO - Processing file /home/airflow/.local/lib/python3.7/site-packages/airflow/example_dags/example_sla_dag.py for tasks to queue
[2026-09-24T18:13:55.522+0000] {logging_mixin.py:137} INFO - [2026-09-24T18:13:55.522+0000] {dagbag.py:538} INFO - Filling up the DagBag from /home/airflow/.local/lib/python3.7/site-packages/airflow/example_dags/example_sla_dag.py
[2026-09-24T18:13:55.551+0000] {processor.py:753} INFO - DAG(s) dict_keys(['example_sla_dag']) retrieved from /home/airflow/.local/lib/python3.7/site-packages/airflow/example_dags/example_sla_dag.py
[2026-09-24T18:13:55.616+0000] {logging_mixin.py:137} INFO - [2026-09-24T18:13:55.615+0000] {dag.py:2676} INFO - Sync 1 DAGs
[2026-09-24T18:13:55.671+0000] {logging_mixin.py:137} INFO - [2026-09-24T18:13:55.671+0000] {dag.py:3427} INFO - Setting next_dagrun for example_sla_dag to 2026-09-24T18:10:00+00:00, run_after=2026-09-24T18:12:00+00:00
[2026-09-24T18:13:55.707+0000] {processor.py:175} INFO - Processing /home/airflow/.local/lib/python3.7/site-packages/airflow/example_dags/example_sla_dag.py took 0.191 seconds
