[2026-09-24T18:05:44.598+0000] {processor.py:153} INFO - Started process (PID=81) to work on /home/airflow/.local/lib/python3.7/site-packages/airflow/example_dags/example_latest_only.py
[2026-09-24T18:05:44.599+0000] {processor.py:743} INFO - Processing file /home/airflow/.local/lib/python3.7/site-packages/airflow/example_dags/example_latest_only.py for tasks to queue
[2026-09-24T18:05:44.600+0000] {logging_mixin.py:137} INFO - [2026-09-24T18:05:44.600+0000] {dagbag.py:538} INFO - Filling up the DagBag from /home/airflow/.local/lib/python3.7/site-packages/airflow/example_dags/example_latest_only.py
[2026-09-24T18:05:44.621+0000] {processor.py:753} INFO - DAG(s) dict_keys(['latest_only']) retrieved from /home/airflow/.local/lib/python3.7/site-packages/airflow/example_dags/example_latest_only.py
[2026-09-24T18:05:44.698+0000] {logging_mixin.py:137} INFO - [2026-09-24T18:05:44.697+0000] {dag.py:2676} INFO - Sync 1 DAGs
[2026-09-24T18:05:44.740+0000] {logging_mixin.py:137} INFO - [2026-09-24T18:05:44.740+0000] {dag.py:3427} INFO - Setting next_dagrun for latest_only to 2026-09-24T14:05:44.740184+00:00, run_after=2026-09-24T18:05:44.740184+00:00
[2026-09-24T18:05:44.771+0000] {processor.py:175} INFO - Processing /home/airflow/.local/lib/python3.7/site-packages/airflow/example_dags/example_latest_only.py took 0.177 seconds
[2026-09-24T18:06:15.713+0000] {processor.py:153} INFO - Started process (PID=159) to work on /home/airflow/.local/lib/python3.7/site-packages/airflow/example_dags/example_latest_only.py
[2026-09-24T18:06:15.717+0000] {processor.py:743} INFO - Processing file /home/airflow/.local/lib/python3.7/site-packages/airflow/example_dags/example_latest_only.py for tasks to queue
[2026-09-24T18:06:15.718+0000] {logging_mixin.py:137} INFO - [2026-09-24T18:06:15.718+0000] {dagbag.py:538} INFO - Filling up the DagBag from /home/airflow/.local/lib/python3.7/site-packages/airflow/example_dags/example_latest_only.py
[2026-09-24T18:06:15.739+0000] {processor.py:753} INFO - DAG(s) dict_keys(['latest_only']) retrieved from /home/airflow/.local/lib/python3.7/site-packages/airflow/example_dags/example_latest_only.py
[2026-09-24T18:06:15.785+0000] {logging_mixin.py:137} INFO - [2026-09-24T18:06:15.785+0000] {dag.py:2676} INFO - Sync 1 DAGs
[2026-09-24T18:06:15.816+0000] {logging_mixin.py:137} INFO - [2026-09-24T18:06:15.816+0000] {dag.py:3427} INFO - Setting next_dagrun for latest_only to 2026-09-24T14:06:15.816483+00:00, run_after=2026-09-24T18:06:15.816483+00:00
[2026-09-24T18:06:15.845+0000] {processor.py:175} INFO - Processing /home/airflow/.local/lib/python3.7/site-packages/airflow/example_dags/example_latest_only.py took 0.137 seconds
[2026-09-24T18:06:46.242+0000] {processor.py:153} INFO - Started process (PID=257) to work on /home/airflow/.local/lib/python3.7/site-packages/airflow/example_dags/example_latest_only.py
[2026-09-24T18:06:46.247+0000] {processor.py:743} INFO - Processing file /home/airflow/.local/lib/python3.7/site-packages/airflow/example_dags/example_latest_only.py for tasks to queue
[2026-09-24T18:06:46.248+0000] {logging_mixin.py:137} INFO - [2026-09-24T18:06:46.248+0000] {dagbag.py:538} INFO - Filling up the DagBag from /home/airflow/.local/lib/python3.7/site-packages/airflow/example_dags/example_latest_only.py
[2026-09-24T18:06:46.304+0000] {processor.py:753} INFO - DAG(s) dict_keys(['latest_only']) retrieved from /home/airflow/.local/lib/python3.7/site-packages/airflow/example_dags/example_latest_only.py
[2026-09-24T18:06:46.355+0000] {logging_mixin.py:137} INFO - [2026-09-24T18:06:46.355+0000] {dag.py:2676} INFO - Sync 1 DAGs
[2026-09-24T18:06:46.394+0000] {logging_mixin.py:137} INFO - [2026-09-24T18:06:46.394+0000] {dag.py:3427} INFO - Setting next_dagrun for latest_only to 2026-09-24T14:06:46.393965+00:00, run_after=2026-09-24T18:06:46.393965+00:00
[2026-09-24T18:06:46.426+0000] {processor.py:175} INFO - Processing /home/airflow/.local/lib/python3.7/site-packages/airflow/example_dags/example_latest_only.py took 0.194 seconds
[2026-09-24T18:07:16.487+0000] {processor.py:153} INFO - Started process (PID=335) to work on /home/airflow/.local/lib/python3.7/site-packages/airflow/example_dags/example_latest_only.py
[2026-09-24T18:07:16.488+0000] {processor.py:743} INFO - Processing file /home/airflow/.local/lib/python3.7/site-packages/airflow/example_dags/example_latest_only.py for tasks to queue
[2026-09-24T18:07:16.488+0000] {logging_mixin.py:137} INFO - [2026-09-24T18:07:16.488+0000] {dagbag.py:538} INFO - Filling up the DagBag from /home/airflow/.local/lib/python3.7/site-packages/airflow/example_dags/example_latest_only.py
[2026-09-24T18:07:16.502+0000] {processor.py:753} INFO - DAG(s) dict_keys(['latest_only']) retrieved from /home/airflow/.local/lib/python3.7/site-packages/airflow/example_dags/example_latest_only.py
[2026-09-24T18:07:16.540+0000] {logging_mixin.py:137} INFO - [2026-09-24T18:07:16.540+0000] {dag.py:2676} INFO - Sync 1 DAGs
[2026-09-24T18:07:16.567+0000] {logging_mixin.py:137} INFO - [2026-09-24T18:07:16.567+0000] {dag.py:3427} INFO - Setting next_dagrun for latest_only to 2026-09-24T14:07:16.566757+00:00, run_after=2026-09-24T18:07:16.566757+00:00
[2026-09-24T18:07:16.589+0000] {processor.py:175} INFO - Processing /home/airflow/.local/lib/python3.7/site-packages/airflow/example_dags/example_latest_only.py took 0.105 seconds
[2026-09-24T18:07:47.176+0000] {processor.py:153} INFO - Started process (PID=413) to work on /home/airflow/.local/lib/python3.7/site-packages/airflow/example_dags/example_latest_only.py
[2026-09-24T18:07:47.177+0000] {processor.py:743} INFO - Processing file /home/airflow/.local/lib/python3.7/site-packages/airflow/example_dags/example_latest_only.py for tasks to queue
[2026-09-24T18:07:47.178+0000] {logging_mixin.py:137} INFO - [2026-09-24T18:07:47.178+0000] {dagbag.py:538} INFO - Filling up the DagBag from /home/airflow/.local/lib/python3.7/site-packages/airflow/example_dags/example_latest_only.py
[2026-09-24T18:07:47.197+0000] {processor.py:753} INFO - DAG(s) dict_keys(['latest_only']) retrieved from /home/airflow/.local/lib/python3.7/site-packages/airflow/example_dags/example_latest_only.py
[2026-09-24T18:07:47.245+0000] {logging_mixin.py:137} INFO - [2026-09-24T18:07:47.245+0000] {dag.py:2676} INFO - Sync 1 DAGs
[2026-09-24T18:07:47.272+0000] {logging_mixin.py:137} INFO - [2026-09-24T18:07:47.272+0000] {dag.py:3427} INFO - Setting next_dagrun for latest_only to 2026-09-24T14:07:47.272058+00:00, run_after=2026-09-24T18:07:47.272058+00:00
[2026-09-24T18:07:47.298+0000] {processor.py:175} INFO - Processing /home/airflow/.local/lib/python3.7/site-packages/airflow/example_dags/example_latest_only.py took 0.125 seconds
[2026-09-24T18:08:17.438+0000] {processor.py:153} INFO - Started process (PID=511) to work on /home/airflow/.local/lib/python3.7/site-packages/airflow/example_dags/example_latest_only.py
[2026-09-24T18:08:17.438+0000] {processor.py:743} INFO - Processing file /home/airflow/.local/lib/python3.7/site-packages/airflow/example_dags/example_latest_only.py for tasks to queue
[2026-09-24T18:08:17.439+0000] {logging_mixin.py:137} INFO - [2026-09-24T18:08:17.439+0000] {dagbag.py:538} INFO - Filling up the DagBag from /home/airflow/.local/lib/python3.7/site-packages/airflow/example_dags/example_latest_only.py
[2026-09-24T18:08:17.453+0000] {processor.py:753} INFO - DAG(s) dict_keys(['latest_only']) retrieved from /home/airflow/.local/lib/python3.7/site-packages/airflow/example_dags/example_latest_only.py
[2026-09-24T18:08:17.501+0000] {logging_mixin.py:137} INFO - [2026-09-24T18:08:17.501+0000] {dag.py:2676} INFO - Sync 1 DAGs
[2026-09-24T18:08:17.533+0000] {logging_mixin.py:137} INFO - [2026-09-24T18:08:17.533+0000] {dag.py:3427} INFO - Setting next_dagrun for latest_only to 2026-09-24T14:08:17.532510+00:00, run_after=2026-09-24T18:08:17.532510+00:00
[2026-09-24T18:08:17.564+0000] {processor.py:175} INFO - Processing /home/airflow/.local/lib/python3.7/site-packages/airflow/example_dags/example_latest_only.py took 0.129 seconds
[2026-09-24T18:08:48.351+0000] {processor.py:153} INFO - Started process (PID=589) to work on /home/airflow/.local/lib/python3.7/site-packages/airflow/example_dags/example_latest_only.py
[2026-09-24T18:08:48.352+0000] {processor.py:743} INFO - Processing file /home/airflow/.local/lib/python3.7/site-packages/airflow/example_dags/example_latest_only.py for tasks to queue
[2026-09-24T18:08:48.353+0000] {logging_mixin.py:137} INFO - [2026-09-24T18:08:48.352+0000] {dagbag.py:538} INFO - Filling up the DagBag from /home/airflow/.local/lib/python3.7/site-packages/airflow/example_dags/example_latest_only.py
[2026-09-24T18:08:48.366+0000] {processor.py:753} INFO - DAG(s) dict_keys(['latest_only']) retrieved from /home/airflow/.local/lib/python3.7/site-packages/airflow/example_dags/example_latest_only.py
[2026-09-24T18:08:48.408+0000] {logging_mixin.py:137} INFO - [2026-09-24T18:08:48.408+0000] {dag.py:2676} INFO - Sync 1 DAGs
[2026-09-24T18:08:48.439+0000] {logging_mixin.py:137} INFO - [2026-09-24T18:08:48.438+0000] {dag.py:3427} INFO - Setting next_dagrun for latest_only to 2026-09-24T14:08:48.438663+00:00, run_after=2026-09-24T18:08:48.438663+00:00
[2026-09-24T18:08:48.462+0000] {processor.py:175} INFO - Processing /home/airflow/.local/lib/python3.7/site-packages/airflow/example_dags/example_latest_only.py took 0.114 seconds
[2026-09-24T18:09:19.130+0000] {processor.py:153} INFO - Started process (PID=687) to work on /home/airflow/.local/lib/python3.7/site-packages/airflow/example_dags/example_latest_only.py
[2026-09-24T18:09:19.131+0000] {processor.py:743} INFO - Processing file /home/airflow/.local/lib/python3.7/site-packages/airflow/example_dags/example_latest_only.py for tasks to queue
[2026-09-24T18:09:19.132+0000] {logging_mixin.py:137} INFO - [2026-09-24T18:09:19.132+0000] {dagbag.py:538} INFO - Filling up the DagBag from /home/airflow/.local/lib/python3.7/site-packages/airflow/example_dags/example_latest_only.py
[2026-09-24T18:09:19.163+0000] {processor.py:753} INFO - DAG(s) dict_keys(['latest_only']) retrieved from /home/airflow/.local/lib/python3.7/site-packages/airflow/example_dags/example_latest_only.py
[2026-09-24T18:09:19.227+0000] {logging_mixin.py:137} INFO - [2026-09-24T18:09:19.227+0000] {dag.py:2676} INFO - Sync 1 DAGs
[2026-09-24T18:09:19.276+0000] {logging_mixin.py:137} INFO - [2026-09-24T18:09:19.276+0000] {dag.py:3427} INFO - Setting next_dagrun for latest_only to 2026-09-24T14:09:19.276064+00:00, run_after=2026-09-24T18:09:19.276064+00:00
[2026-09-24T18:09:19.318+0000] {processor.py:175} INFO - Processing /home/airflow/.local/lib/python3.7/site-packages/airflow/example_dags/example_latest_only.py took 0.193 seconds
[2026-09-24T18:09:50.727+0000] {processor.py:153} INFO - Started process (PID=766) to work on /home/airflow/.local/lib/python3.7/site-packages/airflow/example_dags/example_latest_only.py
[2026-09-24T18:09:50.729+0000] {processor.py:743} INFO - Processing file /home/airflow/.local/lib/python3.7/site-packages/airflow/example_dags/example_latest_only.py for tasks to queue
[2026-09-24T18:09:50.730+0000] {logging_mixin.py:137} INFO - [2026-09-24T18:09:50.730+0000] {dagbag.py:538} INFO - Filling up the DagBag from /home/airflow/.local/lib/python3.7/site-packages/airflow/example_dags/example_latest_only.py
[2026-09-24T18:09:50.755+0000] {processor.py:753} INFO - DAG(s) dict_keys(['latest_only']) retrieved from /home/airflow/.local/lib/python3.7/site-packages/airflow/example_dags/example_latest_only.py
[2026-09-24T18:09:50.828+0000] {logging_mixin.py:137} INFO - [2026-09-24T18:09:50.827+0000] {dag.py:2676} INFO - Sync 1 DAGs
[2026-09-24T18:09:50.865+0000] {logging_mixin.py:137} INFO - [2026-09-24T18:09:50.864+0000] {dag.py:3427} INFO - Setting next_dagrun for latest_only to 2026-09-24T14:09:50.864507+00:00, run_after=2026-09-24T18:09:50.864507+00:00
[2026-09-24T18:09:50.900+0000] {processor.py:175} INFO - Processing /home/airflow/.local/lib/python3.7/site-packages/airflow/example_dags/example_latest_only.py took 0.181 seconds
[2026-09-24T18:10:21.672+0000] {processor.py:153} INFO - Started process (PID=844) to work on /home/airflow/.local/lib/python3.7/site-packages/airflow/example_dags/example_latest_only.py
[2026-09-24T18:10:21.673+0000] {processor.py:743} INFO - Processing file /home/airflow/.local/lib/python3.7/site-packages/airflow/example_dags/example_latest_only.py for tasks to queue
[2026-09-24T18:10:21.674+0000] {logging_mixin.py:137} INFO - [2026-09-24T18:10:21.674+0000] {dagbag.py:538} INFO - Filling up the DagBag from /home/airflow/.local/lib/python3.7/site-packages/airflow/example_dags/example_latest_only.py
[2026-09-24T18:10:21.689+0000] {processor.py:753} INFO - DAG(s) dict_keys(['latest_only']) retrieved from /home/airflow/.local/lib/python3.7/site-packages/airflow/example_dags/example_latest_only.py
[2026-09-24T18:10:21.746+0000] {logging_mixin.py:137} INFO - [2026-09-24T18:10:21.745+0000] {dag.py:2676} INFO - Sync 1 DAGs
[2026-09-24T18:10:21.779+0000] {logging_mixin.py:137} INFO - [2026-09-24T18:10:21.779+0000] {dag.py:3427} INFO - Setting next_dagrun for latest_only to 2026-09-24T14:10:21.778977+00:00, run_after=2026-09-24T18:10:21.778977+00:00
[2026-09-24T18:10:21.819+0000] {processor.py:175} INFO - Processing /home/airflow/.local/lib/python3.7/site-packages/airflow/example_dags/example_latest_only.py took 0.150 seconds
[2026-09-24T18:10:52.358+0000] {processor.py:153} INFO - Started process (PID=942) to work on /home/airflow/.local/lib/python3.7/site-packages/airflow/example_dags/example_latest_only.py
[2026-09-24T18:10:52.360+0000] {processor.py:743} INFO - Processing file /home/airflow/.local/lib/python3.7/site-packages/airflow/example_dags/example_latest_only.py for tasks to queue
[2026-09-24T18:10:52.361+0000] {logging_mixin.py:137} INFO - [2026-09-24T18:10:52.361+0000] {dagbag.py:538} INFO - Filling up the DagBag from /home/airflow/.local/lib/python3.7/site-packages/airflow/example_dags/example_latest_only.py
[2026-09-24T18:10:52.378+0000] {processor.py:753} INFO - DAG(s) dict_keys(['latest_only']) retrieved from /home/airflow/.local/lib/python3.7/site-packages/airflow/example_dags/example_latest_only.py
[2026-09-24T18:10:52.428+0000] {logging_mixin.py:137} INFO - [2026-09-24T18:10:52.428+0000] {dag.py:2676} INFO - Sync 1 DAGs
[2026-09-24T18:10:52.466+0000] {logging_mixin.py:137} INFO - [2026-09-24T18:10:52.465+0000] {dag.py:3427} INFO - Setting next_dagrun for latest_only to 2026-09-24T14:10:52.465479+00:00, run_after=2026-09-24T18:10:52.465479+00:00
[2026-09-24T18:10:52.495+0000] {processor.py:175} INFO - Processing /home/airflow/.local/lib/python3.7/site-packages/airflow/example_dags/example_latest_only.py took 0.140 seconds
[2026-09-24T18:11:22.698+0000] {processor.py:153} INFO - Started process (PID=1020) to work on /home/airflow/.local/lib/python3.7/site-packages/airflow/example_dags/example_latest_only.py
[2026-09-24T18:11:22.699+0000] {processor.py:743} INFO - Processing file /home/airflow/.local/lib/python3.7/site-packages/airflow/example_dags/example_latest_only.py for tasks to queue
[2026-09-24T18:11:22.699+0000] {logging_mixin.py:137} INFO - [2026-09-24T18:11:22.699+0000] {dagbag.py:538} INFO - Filling up the DagBag from /home/airflow/.local/lib/python3.7/site-packages/airflow/example_dags/example_latest_only.py
[2026-09-24T18:11:22.713+0000] {processor.py:753} INFO - DAG(s) dict_keys(['latest_only']) retrieved from /home/airflow/.local/lib/python3.7/site-packages/airflow/example_dags/example_latest_only.py
[2026-09-24T18:11:22.760+0000] {logging_mixin.py:137} INFO - [2026-09-24T18:11:22.760+0000] {dag.py:2676} INFO - Sync 1 DAGs
[2026-09-24T18:11:22.798+0000] {logging_mixin.py:137} INFO - [2026-09-24T18:11:22.798+0000] {dag.py:3427} INFO - Setting next_dagrun for latest_only to 2026-09-24T14:11:22.798048+00:00, run_after=2026-09-24T18:11:22.798048+00:00
[2026-09-24T18:11:22.829+0000] {processor.py:175} INFO - Processing /home/airflow/.local/lib/python3.7/site-packages/airflow/example_dags/example_latest_only.py took 0.134 seconds
[2026-09-24T18:11:53.135+0000] {processor.py:153} INFO - Started process (PID=1118) to work on /home/airflow/.local/lib/python3.7/site-packages/airflow/example_dags/example_latest_only.py
[2026-09-24T18:11:53.137+0000] {processor.py:743} INFO - Processing file /home/airflow/.local/lib/python3.7/site-packages/airflow/example_dags/example_latest_only.py for tasks to queue
[2026-09-24T18:11:53.139+0000] {logging_mixin.py:137} INFO - [2026-09-24T18:11:53.138+0000] {dagbag.py:538} INFO - Filling up the DagBag from /home/airflow/.local/lib/python3.7/site-packages/airflow/example_dags/example_latest_only.py
[2026-09-24T18:11:53.163+0000] {processor.py:753} INFO - DAG(s) dict_keys(['latest_only']) retrieved from /home/airflow/.local/lib/python3.7/site-packages/airflow/example_dags/example_latest_only.py
[2026-09-24T18:11:53.264+0000] {logging_mixin.py:137} INFO - [2026-09-24T18:11:53.263+0000] {dag.py:2676} INFO - Sync 1 DAGs
[2026-09-24T18:11:53.371+0000] {logging_mixin.py:137} INFO - [2026-09-24T18:11:53.370+0000] {dag.py:3427} INFO - Setting next_dagrun for latest_only to 2026-09-24T14:11:53.370395+00:00, run_after=2026-09-24T18:11:53.370395+00:00
[2026-09-24T18:11:53.443+0000] {processor.py:175} INFO - Processing /home/airflow/.local/lib/python3.7/site-packages/airflow/example_dags/example_latest_only.py took 0.312 seconds
[2026-09-24T18:12:24.223+0000] {processor.py:153} INFO - Started process (PID=1196) to work on /home/airflow/.local/lib/python3.7/site-packages/airflow/example_dags/example_latest_only.py
[2026-09-24T18:12:24.225+0000] {processor.py:743} INFO - Processing file /home/airflow/.local/lib/python3.7/site-packages/airflow/example_dags/example_latest_only.py for tasks to queue
[2026-09-24T18:12:24.226+0000] {logging_mixin.py:137} INFO - [2026-09-24T18:12:24.226+0000] {dagbag.py:538} INFO - Filling up the DagBag from /home/airflow/.local/lib/python3.7/site-packages/airflow/example_dags/example_latest_only.py
[2026-09-24T18:12:24.247+0000] {processor.py:753} INFO - DAG(s) dict_keys(['latest_only']) retrieved from /home/airflow/.local/lib/python3.7/site-packages/airflow/example_dags/example_latest_only.py
[2026-09-24T18:12:24.301+0000] {logging_mixin.py:137} INFO - [2026-09-24T18:12:24.301+0000] {dag.py:2676} INFO - Sync 1 DAGs
[2026-09-24T18:12:24.341+0000] {logging_mixin.py:137} INFO - [2026-09-24T18:12:24.341+0000] {dag.py:3427} INFO - Setting next_dagrun for latest_only to 2026-09-24T14:12:24.340797+00:00, run_after=2026-09-24T18:12:24.340797+00:00
[2026-09-24T18:12:24.379+0000] {processor.py:175} INFO - Processing /home/airflow/.local/lib/python3.7/site-packages/airflow/example_dags/example_latest_only.py took 0.162 seconds
[2026-09-24T18:12:54.492+0000] {processor.py:153} INFO - Started process (PID=1274) to work on /home/airflow/.local/lib/python3.7/site-packages/airflow/example_dags/example_latest_only.py
[2026-09-24T18:12:54.493+0000] {processor.py:743} INFO - Processing file /home/airflow/.local/lib/python3.7/site-packages/airflow/example_dags/example_latest_only.py for tasks to queue
[2026-09-24T18:12:54.494+0000] {logging_mixin.py:137} INFO - [2026-09-24T18:12:54.494+0000] {dagbag.py:538} INFO - Filling up the DagBag from /home/airflow/.local/lib/python3.7/site-packages/airflow/example_dags/example_latest_only.py
[2026-09-24T18:12:54.512+0000] {processor.py:753} INFO - DAG(s) dict_keys(['latest_only']) retrieved from /home/airflow/.local/lib/python3.7/site-packages/airflow/example_dags/example_latest_only.py
[2026-09-24T18:12:54.566+0000] {logging_mixin.py:137} INFO - [2026-09-24T18:12:54.566+0000] {dag.py:2676} INFO - Sync 1 DAGs
[2026-09-24T18:12:54.604+0000] {logging_mixin.py:137} INFO - [2026-09-24T18:12:54.604+0000] {dag.py:3427} INFO - Setting next_dagrun for latest_only to 2026-09-24T14:12:54.603873+00:00, run_after=2026-09-24T18:12:54.603873+00:00
[2026-09-24T18:12:54.638+0000] {processor.py:175} INFO - Processing /home/airflow/.local/lib/python3.7/site-packages/airflow/example_dags/example_latest_only.py took 0.150 seconds
[2026-09-24T18:13:25.253+0000] {processor.py:153} INFO - Started process (PID=1372) to work on /home/airflow/.local/lib/python3.7/site-packages/airflow/example_dags/example_latest_only.py
[2026-09-24T18:13:25.261+0000] {processor.py:743} INFO - Processing file /home/airflow/.local/lib/python3.7/site-packages/airflow/example_dags/example_latest_only.py for tasks to queue
[2026-09-24T18:13:25.264+0000] {logging_mixin.py:137} INFO - [2026-09-24T18:13:25.263+0000] {dagbag.py:538} INFO - Filling up the DagBag from /home/airflow/.local/lib/python3.7/site-packages/airflow/example_dags/example_latest_only.py
[2026-09-24T18:13:25.301+0000] {processor.py:753} INFO - DAG(s) dict_keys(['latest_only']) retrieved from /home/airflow/.local/lib/python3.7/site-packages/airflow/example_dags/example_latest_only.py
[2026-09-24T18:13:25.373+0000] {logging_mixin.py:137} INFO - [2026-09-24T18:13:25.373+0000] {dag.py:2676} INFO - Sync 1 DAGs
[2026-09-24T18:13:25.415+0000] {logging_mixin.py:137} INFO - [2026-09-24T18:13:25.415+0000] {dag.py:3427} INFO - Setting next_dagrun for latest_only to 2026-09-24T14:13:25.415433+00:00, run_after=2026-09-24T18:13:25.415433+00:00
[2026-09-24T18:13:25.462+0000] {processor.py:175} INFO - Processing /home/airflow/.local/lib/python3.7/site-packages/airflow/example_dags/example_latest_only.py took 0.226 seconds
[2026-09-24T18:13:55.811+0000] {processor.py:153} INFO - Started process (PID=1451) to work on /home/airflow/.local/lib/python3.7/site-packages/airflow/example_dags/example_latest_only.py
[2026-09-24T18:13:55.813+0000] {processor.py:743} INFO - Processing file /home/airflow/.local/lib/python3.7/site-packages/airflow/example_dags/example_latest_only.py for tasks to queue
[2026-09-24T18:13:55.814+0000] {logging_mixin.py:137} INFO - [2026-09-24T18:13:55.814+0000] {dagbag.py:538} INFO - Filling up the DagBag from /home/airflow/.local/lib/python3.7/site-packages/airflow/example_dags/example_latest_only.py
[2026-09-24T18:13:55.831+0000] {processor.py:753} INFO - DAG(s) dict_keys(['latest_only']) retrieved from /home/airflow/.local/lib/python3.7/site-packages/airflow/example_dags/example_latest_only.py
[2026-09-24T18:13:55.881+0000] {logging_mixin.py:137} INFO - [2026-09-24T18:13:55.881+0000] {dag.py:2676} INFO - Sync 1 DAGs
[2026-09-24T18:13:55.914+0000] {logging_mixin.py:137} INFO - [2026-09-24T18:13:55.913+0000] {dag.py:3427} INFO - Setting next_dagrun for latest_only to 2026-09-24T14:13:55.913673+00:00, run_after=2026-09-24T18:13:55.913673+00:00
[2026-09-24T18:13:55.942+0000] {processor.py:175} INFO - Processing /home/airflow/.local/lib/python3.7/site-packages/airflow/example_dags/example_latest_only.py took 0.136 seconds
