[2026-09-24T18:05:46.905+0000] {processor.py:153} INFO - Started process (PID=97) to work on /home/airflow/.local/lib/python3.7/site-packages/airflow/example_dags/example_external_task_marker_dag.py
[2026-09-24T18:05:46.908+0000] {processor.py:743} INFO - Processing file /home/airflow/.local/lib/python3.7/site-packages/airflow/example_dags/example_external_task_marker_dag.py for tasks to queue
[2026-09-24T18:05:46.910+0000] {logging_mixin.py:137} INFO - [2026-09-24T18:05:46.909+0000] {dagbag.py:538} INFO - Filling up the DagBag from /home/airflow/.local/lib/python3.7/site-packages/airflow/example_dags/example_external_task_marker_dag.py
[2026-09-24T18:05:46.932+0000] {processor.py:753} INFO - DAG(s) dict_keys(['example_external_task_marker_child', 'example_external_task_marker_parent']) retrieved from /home/airflow/.local/lib/python3.7/site-packages/airflow/example_dags/example_external_task_marker_dag.py
[2026-09-24T18:05:47.054+0000] {logging_mixin.py:137} INFO - [2026-09-24T18:05:47.054+0000] {dag.py:2676} INFO - Sync 2 DAGs
[2026-09-24T18:05:47.093+0000] {logging_mixin.py:137} INFO - [2026-09-24T18:05:47.093+0000] {dag.py:3427} INFO - Setting next_dagrun for example_external_task_marker_child to None, run_after=None
[2026-09-24T18:05:47.098+0000] {logging_mixin.py:137} INFO - [2026-09-24T18:05:47.098+0000] {dag.py:3427} INFO - Setting next_dagrun for example_external_task_marker_parent to None, run_after=None
[2026-09-24T18:05:47.143+0000] {processor.py:175} INFO - Processing /home/airflow/.local/lib/python3.7/site-packages/airflow/example_dags/example_external_task_marker_dag.py took 0.245 seconds
[2026-09-24T18:06:17.692+0000] {processor.py:153} INFO - Started process (PID=175) to work on /home/airflow/.local/lib/python3.7/site-packages/airflow/example_dags/example_external_task_marker_dag.py
[2026-09-24T18:06:17.695+0000] {processor.py:743} INFO - Processing file /home/airflow/.local/lib/python3.7/site-packages/airflow/example_dags/example_external_task_marker_dag.py for tasks to queue
[2026-09-24T18:06:17.696+0000] {logging_mixin.py:137} INFO - [2026-09-24T18:06:17.696+0000] {dagbag.py:538} INFO - Filling up the DagBag from /home/airflow/.local/lib/python3.7/site-packages/airflow/example_dags/example_external_task_marker_dag.py
[2026-09-24T18:06:17.730+0000] {processor.py:753} INFO - DAG(s) dict_keys(['example_external_task_marker_child', 'example_external_task_marker_parent']) retrieved from /home/airflow/.local/lib/python3.7/site-packages/airflow/example_dags/example_external_task_marker_dag.py
[2026-09-24T18:06:17.805+0000] {logging_mixin.py:137} INFO - [2026-09-24T18:06:17.804+0000] {dag.py:2676} INFO - Sync 2 DAGs
[2026-09-24T18:06:17.879+0000] {logging_mixin.py:137} INFO - [2026-09-24T18:06:17.879+0000] {dag.py:3427} INFO - Setting next_dagrun for example_external_task_marker_child to None, run_after=None
[2026-09-24T18:06:17.885+0000] {logging_mixin.py:137} INFO - [2026-09-24T18:06:17.884+0000] {dag.py:3427} INFO - Setting next_dagrun for example_external_task_marker_parent to None, run_after=None
[2026-09-24T18:06:17.920+0000] {processor.py:175} INFO - Processing /home/airflow/.local/lib/python3.7/site-packages/airflow/example_dags/example_external_task_marker_dag.py took 0.232 seconds
[2026-09-24T18:06:48.752+0000] {processor.py:153} INFO - Started process (PID=273) to work on /home/airflow/.local/lib/python3.7/site-packages/airflow/example_dags/example_external_task_marker_dag.py
[2026-09-24T18:06:48.753+0000] {processor.py:743} INFO - Processing file /home/airflow/.local/lib/python3.7/site-packages/airflow/example_dags/example_external_task_marker_dag.py for tasks to queue
[2026-09-24T18:06:48.753+0000] {logging_mixin.py:137} INFO - [2026-09-24T18:06:48.753+0000] {dagbag.py:538} INFO - Filling up the DagBag from /home/airflow/.local/lib/python3.7/site-packages/airflow/example_dags/example_external_task_marker_dag.py
[2026-09-24T18:06:48.765+0000] {processor.py:753} INFO - DAG(s) dict_keys(['example_external_task_marker_child', 'example_external_task_marker_parent']) retrieved from /home/airflow/.local/lib/python3.7/site-packages/airflow/example_dags/example_external_task_marker_dag.py
[2026-09-24T18:06:48.805+0000] {logging_mixin.py:137} INFO - [2026-09-24T18:06:48.805+0000] {dag.py:2676} INFO - Sync 2 DAGs
[2026-09-24T18:06:48.830+0000] {logging_mixin.py:137} INFO - [2026-09-24T18:06:48.830+0000] {dag.py:3427} INFO - Setting next_dagrun for example_external_task_marker_child to None, run_after=None
[2026-09-24T18:06:48.833+0000] {logging_mixin.py:137} INFO - [2026-09-24T18:06:48.833+0000] {dag.py:3427} INFO - Setting next_dagrun for example_external_task_marker_parent to None, run_after=None
[2026-09-24T18:06:48.853+0000] {processor.py:175} INFO - Processing /home/airflow/.local/lib/python3.7/site-packages/airflow/example_dags/example_external_task_marker_dag.py took 0.104 seconds
[2026-09-24T18:07:18.924+0000] {processor.py:153} INFO - Started process (PID=351) to work on /home/airflow/.local/lib/python3.7/site-packages/airflow/example_dags/example_external_task_marker_dag.py
[2026-09-24T18:07:18.925+0000] {processor.py:743} INFO - Processing file /home/airflow/.local/lib/python3.7/site-packages/airflow/example_dags/example_external_task_marker_dag.py for tasks to queue
[2026-09-24T18:07:18.925+0000] {logging_mixin.py:137} INFO - [2026-09-24T18:07:18.925+0000] {dagbag.py:538} INFO - Filling up the DagBag from /home/airflow/.local/lib/python3.7/site-packages/airflow/example_dags/example_external_task_marker_dag.py
[2026-09-24T18:07:18.943+0000] {processor.py:753} INFO - DAG(s) dict_keys(['example_external_task_marker_parent', 'example_external_task_marker_child']) retrieved from /home/airflow/.local/lib/python3.7/site-packages/airflow/example_dags/example_external_task_marker_dag.py
[2026-09-24T18:07:18.991+0000] {logging_mixin.py:137} INFO - [2026-09-24T18:07:18.991+0000] {dag.py:2676} INFO - Sync 2 DAGs
[2026-09-24T18:07:19.019+0000] {logging_mixin.py:137} INFO - [2026-09-24T18:07:19.019+0000] {dag.py:3427} INFO - Setting next_dagrun for example_external_task_marker_child to None, run_after=None
[2026-09-24T18:07:19.022+0000] {logging_mixin.py:137} INFO - [2026-09-24T18:07:19.022+0000] {dag.py:3427} INFO - Setting next_dagrun for example_external_task_marker_parent to None, run_after=None
[2026-09-24T18:07:19.045+0000] {processor.py:175} INFO - Processing /home/airflow/.local/lib/python3.7/site-packages/airflow/example_dags/example_external_task_marker_dag.py took 0.125 seconds
[2026-09-24T18:07:49.261+0000] {processor.py:153} INFO - Started process (PID=449) to work on /home/airflow/.local/lib/python3.7/site-packages/airflow/example_dags/example_external_task_marker_dag.py
[2026-09-24T18:07:49.262+0000] {processor.py:743} INFO - Processing file /home/airflow/.local/lib/python3.7/site-packages/airflow/example_dags/example_external_task_marker_dag.py for tasks to queue
[2026-09-24T18:07:49.263+0000] {logging_mixin.py:137} INFO - [2026-09-24T18:07:49.263+0000] {dagbag.py:538} INFO - Filling up the DagBag from /home/airflow/.local/lib/python3.7/site-packages/airflow/example_dags/example_external_task_marker_dag.py
[2026-09-24T18:07:49.295+0000] {processor.py:753} INFO - DAG(s) dict_keys(['example_external_task_marker_child', 'example_external_task_marker_parent']) retrieved from /home/airflow/.local/lib/python3.7/site-packages/airflow/example_dags/example_external_task_marker_dag.py
[2026-09-24T18:07:49.376+0000] {logging_mixin.py:137} INFO - [2026-09-24T18:07:49.375+0000] {dag.py:2676} INFO - Sync 2 DAGs
[2026-09-24T18:07:49.430+0000] {logging_mixin.py:137} INFO - [2026-09-24T18:07:49.429+0000] {dag.py:3427} INFO - Setting next_dagrun for example_external_task_marker_child to None, run_after=None
[2026-09-24T18:07:49.436+0000] {logging_mixin.py:137} INFO - [2026-09-24T18:07:49.436+0000] {dag.py:3427} INFO - Setting next_dagrun for example_external_task_marker_parent to None, run_after=None
[2026-09-24T18:07:49.481+0000] {processor.py:175} INFO - Processing /home/airflow/.local/lib/python3.7/site-packages/airflow/example_dags/example_external_task_marker_dag.py took 0.226 seconds
[2026-09-24T18:08:20.005+0000] {processor.py:153} INFO - Started process (PID=527) to work on /home/airflow/.local/lib/python3.7/site-packages/airflow/example_dags/example_external_task_marker_dag.py
[2026-09-24T18:08:20.006+0000] {processor.py:743} INFO - Processing file /home/airflow/.local/lib/python3.7/site-packages/airflow/example_dags/example_external_task_marker_dag.py for tasks to queue
[2026-09-24T18:08:20.006+0000] {logging_mixin.py:137} INFO - [2026-09-24T18:08:20.006+0000] {dagbag.py:538} INFO - Filling up the DagBag from /home/airflow/.local/lib/python3.7/site-packages/airflow/example_dags/example_external_task_marker_dag.py
[2026-09-24T18:08:20.020+0000] {processor.py:753} INFO - DAG(s) dict_keys(['example_external_task_marker_child', 'example_external_task_marker_parent']) retrieved from /home/airflow/.local/lib/python3.7/site-packages/airflow/example_dags/example_external_task_marker_dag.py
[2026-09-24T18:08:20.061+0000] {logging_mixin.py:137} INFO - [2026-09-24T18:08:20.061+0000] {dag.py:2676} INFO - Sync 2 DAGs
[2026-09-24T18:08:20.093+0000] {logging_mixin.py:137} INFO - [2026-09-24T18:08:20.093+0000] {dag.py:3427} INFO - Setting next_dagrun for example_external_task_marker_child to None, run_after=None
[2026-09-24T18:08:20.097+0000] {logging_mixin.py:137} INFO - [2026-09-24T18:08:20.096+0000] {dag.py:3427} INFO - Setting next_dagrun for example_external_task_marker_parent to None, run_after=None
[2026-09-24T18:08:20.119+0000] {processor.py:175} INFO - Processing /home/airflow/.local/lib/python3.7/site-packages/airflow/example_dags/example_external_task_marker_dag.py took 0.117 seconds
[2026-09-24T18:08:51.188+0000] {processor.py:153} INFO - Started process (PID=614) to work on /home/airflow/.local/lib/python3.7/site-packages/airflow/example_dags/example_external_task_marker_dag.py
[2026-09-24T18:08:51.190+0000] {processor.py:743} INFO - Processing file /home/airflow/.local/lib/python3.7/site-packages/airflow/example_dags/example_external_task_marker_dag.py for tasks to queue
[2026-09-24T18:08:51.191+0000] {logging_mixin.py:137} INFO - [2026-09-24T18:08:51.191+0000] {dagbag.py:538} INFO - Filling up the DagBag from /home/airflow/.local/lib/python3.7/site-packages/airflow/example_dags/example_external_task_marker_dag.py
[2026-09-24T18:08:51.212+0000] {processor.py:753} INFO - DAG(s) dict_keys(['example_external_task_marker_parent', 'example_external_task_marker_child']) retrieved from /home/airflow/.local/lib/python3.7/site-packages/airflow/example_dags/example_external_task_marker_dag.py
[2026-09-24T18:08:51.268+0000] {logging_mixin.py:137} INFO - [2026-09-24T18:08:51.268+0000] {dag.py:2676} INFO - Sync 2 DAGs
[2026-09-24T18:08:51.299+0000] {logging_mixin.py:137} INFO - [2026-09-24T18:08:51.298+0000] {dag.py:3427} INFO - Setting next_dagrun for example_external_task_marker_child to None, run_after=None
[2026-09-24T18:08:51.305+0000] {logging_mixin.py:137} INFO - [2026-09-24T18:08:51.305+0000] {dag.py:3427} INFO - Setting next_dagrun for example_external_task_marker_parent to None, run_after=None
[2026-09-24T18:08:51.334+0000] {processor.py:175} INFO - Processing /home/airflow/.local/lib/python3.7/site-packages/airflow/example_dags/example_external_task_marker_dag.py took 0.151 seconds
[2026-09-24T18:09:22.262+0000] {processor.py:153} INFO - Started process (PID=703) to work on /home/airflow/.local/lib/python3.7/site-packages/airflow/example_dags/example_external_task_marker_dag.py
[2026-09-24T18:09:22.263+0000] {processor.py:743} INFO - Processing file /home/airflow/.local/lib/python3.7/site-packages/airflow/example_dags/example_external_task_marker_dag.py for tasks to queue
[2026-09-24T18:09:22.263+0000] {logging_mixin.py:137} INFO - [2026-09-24T18:09:22.263+0000] {dagbag.py:538} INFO - Filling up the DagBag from /home/airflow/.local/lib/python3.7/site-packages/airflow/example_dags/example_external_task_marker_dag.py
[2026-09-24T18:09:22.288+0000] {processor.py:753} INFO - DAG(s) dict_keys(['example_external_task_marker_parent', 'example_external_task_marker_child']) retrieved from /home/airflow/.local/lib/python3.7/site-packages/airflow/example_dags/example_external_task_marker_dag.py
[2026-09-24T18:09:22.349+0000] {logging_mixin.py:137} INFO - [2026-09-24T18:09:22.348+0000] {dag.py:2676} INFO - Sync 2 DAGs
[2026-09-24T18:09:22.398+0000] {logging_mixin.py:137} INFO - [2026-09-24T18:09:22.398+0000] {dag.py:3427} INFO - Setting next_dagrun for example_external_task_marker_child to None, run_after=None
[2026-09-24T18:09:22.404+0000] {logging_mixin.py:137} INFO - [2026-09-24T18:09:22.404+0000] {dag.py:3427} INFO - Setting next_dagrun for example_external_task_marker_parent to None, run_after=None
[2026-09-24T18:09:22.448+0000] {processor.py:175} INFO - Processing /home/airflow/.local/lib/python3.7/site-packages/airflow/example_dags/example_external_task_marker_dag.py took 0.193 seconds
[2026-09-24T18:09:52.648+0000] {processor.py:153} INFO - Started process (PID=783) to work on /home/airflow/.local/lib/python3.7/site-packages/airflow/example_dags/example_external_task_marker_dag.py
[2026-09-24T18:09:52.652+0000] {processor.py:743} INFO - Processing file /home/airflow/.local/lib/python3.7/site-packages/airflow/example_dags/example_external_task_marker_dag.py for tasks to queue
[2026-09-24T18:09:52.654+0000] {logging_mixin.py:137} INFO - [2026-09-24T18:09:52.654+0000] {dagbag.py:538} INFO - Filling up the DagBag from /home/airflow/.local/lib/python3.7/site-packages/airflow/example_dags/example_external_task_marker_dag.py
[2026-09-24T18:09:52.685+0000] {processor.py:753} INFO - DAG(s) dict_keys(['example_external_task_marker_parent', 'example_external_task_marker_child']) retrieved from /home/airflow/.local/lib/python3.7/site-packages/airflow/example_dags/example_external_task_marker_dag.py
[2026-09-24T18:09:52.748+0000] {logging_mixin.py:137} INFO - [2026-09-24T18:09:52.748+0000] {dag.py:2676} INFO - Sync 2 DAGs
[2026-09-24T18:09:52.781+0000] {logging_mixin.py:137} INFO - [2026-09-24T18:09:52.781+0000] {dag.py:3427} INFO - Setting next_dagrun for example_external_task_marker_child to None, run_after=None
[2026-09-24T18:09:52.788+0000] {logging_mixin.py:137} INFO - [2026-09-24T18:09:52.787+0000] {dag.py:3427} INFO - Setting next_dagrun for example_external_task_marker_parent to None, run_after=None
[2026-09-24T18:09:52.816+0000] {processor.py:175} INFO - Processing /home/airflow/.local/lib/python3.7/site-packages/airflow/example_dags/example_external_task_marker_dag.py took 0.175 seconds
[2026-09-24T18:10:23.269+0000] {processor.py:153} INFO - Started process (PID=880) to work on /home/airflow/.local/lib/python3.7/site-packages/airflow/example_dags/example_external_task_marker_dag.py
[2026-09-24T18:10:23.270+0000] {processor.py:743} INFO - Processing file /home/airflow/.local/lib/python3.7/site-packages/airflow/example_dags/example_external_task_marker_dag.py for tasks to queue
[2026-09-24T18:10:23.270+0000] {logging_mixin.py:137} INFO - [2026-09-24T18:10:23.270+0000] {dagbag.py:538} INFO - Filling up the DagBag from /home/airflow/.local/lib/python3.7/site-packages/airflow/example_dags/example_external_task_marker_dag.py
[2026-09-24T18:10:23.286+0000] {processor.py:753} INFO - DAG(s) dict_keys(['example_external_task_marker_parent', 'example_external_task_marker_child']) retrieved from /home/airflow/.local/lib/python3.7/site-packages/airflow/example_dags/example_external_task_marker_dag.py
[2026-09-24T18:10:23.349+0000] {logging_mixin.py:137} INFO - [2026-09-24T18:10:23.348+0000] {dag.py:2676} INFO - Sync 2 DAGs
[2026-09-24T18:10:23.374+0000] {logging_mixin.py:137} INFO - [2026-09-24T18:10:23.374+0000] {dag.py:3427} INFO - Setting next_dagrun for example_external_task_marker_child to None, run_after=None
[2026-09-24T18:10:23.379+0000] {logging_mixin.py:137} INFO - [2026-09-24T18:10:23.379+0000] {dag.py:3427} INFO - Setting next_dagrun for example_external_task_marker_parent to None, run_after=None
[2026-09-24T18:10:23.408+0000] {processor.py:175} INFO - Processing /home/airflow/.local/lib/python3.7/site-packages/airflow/example_dags/example_external_task_marker_dag.py took 0.143 seconds
[2026-09-24T18:10:53.820+0000] {processor.py:153} INFO - Started process (PID=958) to work on /home/airflow/.local/lib/python3.7/site-packages/airflow/example_dags/example_external_task_marker_dag.py
[2026-09-24T18:10:53.822+0000] {processor.py:743} INFO - Processing file /home/airflow/.local/lib/python3.7/site-packages/airflow/example_dags/example_external_task_marker_dag.py for tasks to queue
[2026-09-24T18:10:53.823+0000] {logging_mixin.py:137} INFO - [2026-09-24T18:10:53.823+0000] {dagbag.py:538} INFO - Filling up the DagBag from /home/airflow/.local/lib/python3.7/site-packages/airflow/example_dags/example_external_task_marker_dag.py
[2026-09-24T18:10:53.838+0000] {processor.py:753} INFO - DAG(s) dict_keys(['example_external_task_marker_parent', 'example_external_task_marker_child']) retrieved from /home/airflow/.local/lib/python3.7/site-packages/airflow/example_dags/example_external_task_marker_dag.py
[2026-09-24T18:10:53.887+0000] {logging_mixin.py:137} INFO - [2026-09-24T18:10:53.887+0000] {dag.py:2676} INFO - Sync 2 DAGs
[2026-09-24T18:10:53.919+0000] {logging_mixin.py:137} INFO - [2026-09-24T18:10:53.919+0000] {dag.py:3427} INFO - Setting next_dagrun for example_external_task_marker_child to None, run_after=None
[2026-09-24T18:10:53.923+0000] {logging_mixin.py:137} INFO - [2026-09-24T18:10:53.923+0000] {dag.py:3427} INFO - Setting next_dagrun for example_external_task_marker_parent to None, run_after=None
[2026-09-24T18:10:53.944+0000] {processor.py:175} INFO - Processing /home/airflow/.local/lib/python3.7/site-packages/airflow/example_dags/example_external_task_marker_dag.py took 0.127 seconds
[2026-09-24T18:11:24.222+0000] {processor.py:153} INFO - Started process (PID=1036) to work on /home/airflow/.local/lib/python3.7/site-packages/airflow/example_dags/example_external_task_marker_dag.py
[2026-09-24T18:11:24.222+0000] {processor.py:743} INFO - Processing file /home/airflow/.local/lib/python3.7/site-packages/airflow/example_dags/example_external_task_marker_dag.py for tasks to queue
[2026-09-24T18:11:24.223+0000] {logging_mixin.py:137} INFO - [2026-09-24T18:11:24.223+0000] {dagbag.py:538} INFO - Filling up the DagBag from /home/airflow/.local/lib/python3.7/site-packages/airflow/example_dags/example_external_task_marker_dag.py
[2026-09-24T18:11:24.246+0000] {processor.py:753} INFO - DAG(s) dict_keys(['example_external_task_marker_parent', 'example_external_task_marker_child']) retrieved from /home/airflow/.local/lib/python3.7/site-packages/airflow/example_dags/example_external_task_marker_dag.py
[2026-09-24T18:11:24.313+0000] {logging_mixin.py:137} INFO - [2026-09-24T18:11:24.313+0000] {dag.py:2676} INFO - Sync 2 DAGs
[2026-09-24T18:11:24.360+0000] {logging_mixin.py:137} INFO - [2026-09-24T18:11:24.360+0000] {dag.py:3427} INFO - Setting next_dagrun for example_external_task_marker_child to None, run_after=None
[2026-09-24T18:11:24.366+0000] {logging_mixin.py:137} INFO - [2026-09-24T18:11:24.366+0000] {dag.py:3427} INFO - Setting next_dagrun for example_external_task_marker_parent to None, run_after=None
[2026-09-24T18:11:24.398+0000] {processor.py:175} INFO - Processing /home/airflow/.local/lib/python3.7/site-packages/airflow/example_dags/example_external_task_marker_dag.py took 0.181 seconds
[2026-09-24T18:11:55.541+0000] {processor.py:153} INFO - Started process (PID=1134) to work on /home/airflow/.local/lib/python3.7/site-packages/airflow/example_dags/example_external_task_marker_dag.py
[2026-09-24T18:11:55.543+0000] {processor.py:743} INFO - Processing file /home/airflow/.local/lib/python3.7/site-packages/airflow/example_dags/example_external_task_marker_dag.py for tasks to queue
[2026-09-24T18:11:55.544+0000] {logging_mixin.py:137} INFO - [2026-09-24T18:11:55.544+0000] {dagbag.py:538} INFO - Filling up the DagBag from /home/airflow/.local/lib/python3.7/site-packages/airflow/example_dags/example_external_task_marker_dag.py
[2026-09-24T18:11:55.562+0000] {processor.py:753} INFO - DAG(s) dict_keys(['example_external_task_marker_parent', 'example_external_task_marker_child']) retrieved from /home/airflow/.local/lib/python3.7/site-packages/airflow/example_dags/example_external_task_marker_dag.py
[2026-09-24T18:11:55.673+0000] {logging_mixin.py:137} INFO - [2026-09-24T18:11:55.673+0000] {dag.py:2676} INFO - Sync 2 DAGs
[2026-09-24T18:11:55.731+0000] {logging_mixin.py:137} INFO - [2026-09-24T18:11:55.730+0000] {dag.py:3427} INFO - Setting next_dagrun for example_external_task_marker_child to None, run_after=None
[2026-09-24T18:11:55.741+0000] {logging_mixin.py:137} INFO - [2026-09-24T18:11:55.740+0000] {dag.py:3427} INFO - Setting next_dagrun for example_external_task_marker_parent to None, run_after=None
[2026-09-24T18:11:55.777+0000] {processor.py:175} INFO - Processing /home/airflow/.local/lib/python3.7/site-packages/airflow/example_dags/example_external_task_marker_dag.py took 0.242 seconds
[2026-09-24T18:12:25.834+0000] {processor.py:153} INFO - Started process (PID=1212) to work on /home/airflow/.local/lib/python3.7/site-packages/airflow/example_dags/example_external_task_marker_dag.py
[2026-09-24T18:12:25.835+0000] {processor.py:743} INFO - Processing file /home/airflow/.local/lib/python3.7/site-packages/airflow/example_dags/example_external_task_marker_dag.py for tasks to queue
[2026-09-24T18:12:25.836+0000] {logging_mixin.py:137} INFO - [2026-09-24T18:12:25.836+0000] {dagbag.py:538} INFO - Filling up the DagBag from /home/airflow/.local/lib/python3.7/site-packages/airflow/example_dags/example_external_task_marker_dag.py
[2026-09-24T18:12:25.855+0000] {processor.py:753} INFO - DAG(s) dict_keys(['example_external_task_marker_parent', 'example_external_task_marker_child']) retrieved from /home/airflow/.local/lib/python3.7/site-packages/airflow/example_dags/example_external_task_marker_dag.py
[2026-09-24T18:12:25.914+0000] {logging_mixin.py:137} INFO - [2026-09-24T18:12:25.914+0000] {dag.py:2676} INFO - Sync 2 DAGs
[2026-09-24T18:12:25.953+0000] {logging_mixin.py:137} INFO - [2026-09-24T18:12:25.953+0000] {dag.py:3427} INFO - Setting next_dagrun for example_external_task_marker_child to None, run_after=None
[2026-09-24T18:12:25.958+0000] {logging_mixin.py:137} INFO - [2026-09-24T18:12:25.957+0000] {dag.py:3427} INFO - Setting next_dagrun for example_external_task_marker_parent to None, run_after=None
[2026-09-24T18:12:25.993+0000] {processor.py:175} INFO - Processing /home/airflow/.local/lib/python3.7/site-packages/airflow/example_dags/example_external_task_marker_dag.py took 0.164 seconds
[2026-09-24T18:12:56.571+0000] {processor.py:153} INFO - Started process (PID=1310) to work on /home/airflow/.local/lib/python3.7/site-packages/airflow/example_dags/example_external_task_marker_dag.py
[2026-09-24T18:12:56.572+0000] {processor.py:743} INFO - Processing file /home/airflow/.local/lib/python3.7/site-packages/airflow/example_dags/example_external_task_marker_dag.py for tasks to queue
[2026-09-24T18:12:56.573+0000] {logging_mixin.py:137} INFO - [2026-09-24T18:12:56.573+0000] {dagbag.py:538} INFO - Filling up the DagBag from /home/airflow/.local/lib/python3.7/site-packages/airflow/example_dags/example_external_task_marker_dag.py
[2026-09-24T18:12:56.595+0000] {processor.py:753} INFO - DAG(s) dict_keys(['example_external_task_marker_child', 'example_external_task_marker_parent']) retrieved from /home/airflow/.local/lib/python3.7/site-packages/airflow/example_dags/example_external_task_marker_dag.py
[2026-09-24T18:12:56.647+0000] {logging_mixin.py:137} INFO - [2026-09-24T18:12:56.646+0000] {dag.py:2676} INFO - Sync 2 DAGs
[2026-09-24T18:12:56.684+0000] {logging_mixin.py:137} INFO - [2026-09-24T18:12:56.683+0000] {dag.py:3427} INFO - Setting next_dagrun for example_external_task_marker_child to None, run_after=None
[2026-09-24T18:12:56.689+0000] {logging_mixin.py:137} INFO - [2026-09-24T18:12:56.689+0000] {dag.py:3427} INFO - Setting next_dagrun for example_external_task_marker_parent to None, run_after=None
[2026-09-24T18:12:56.718+0000] {processor.py:175} INFO - Processing /home/airflow/.local/lib/python3.7/site-packages/airflow/example_dags/example_external_task_marker_dag.py took 0.151 seconds
[2026-09-24T18:13:27.175+0000] {processor.py:153} INFO - Started process (PID=1388) to work on /home/airflow/.local/lib/python3.7/site-packages/airflow/example_dags/example_external_task_marker_dag.py
[2026-09-24T18:13:27.176+0000] {processor.py:743} INFO - Processing file /home/airflow/.local/lib/python3.7/site-packages/airflow/example_dags/example_external_task_marker_dag.py for tasks to queue
[2026-09-24T18:13:27.177+0000] {logging_mixin.py:137} INFO - [2026-09-24T18:13:27.177+0000] {dagbag.py:538} INFO - Filling up the DagBag from /home/airflow/.local/lib/python3.7/site-packages/airflow/example_dags/example_external_task_marker_dag.py
[2026-09-24T18:13:27.192+0000] {processor.py:753} INFO - DAG(s) dict_keys(['example_external_task_marker_child', 'example_external_task_marker_parent']) retrieved from /home/airflow/.local/lib/python3.7/site-packages/airflow/example_dags/example_external_task_marker_dag.py
[2026-09-24T18:13:27.245+0000] {logging_mixin.py:137} INFO - [2026-09-24T18:13:27.245+0000] {dag.py:2676} INFO - Sync 2 DAGs
[2026-09-24T18:13:27.274+0000] {logging_mixin.py:137} INFO - [2026-09-24T18:13:27.274+0000] {dag.py:3427} INFO - Setting next_dagrun for example_external_task_marker_child to None, run_after=None
[2026-09-24T18:13:27.278+0000] {logging_mixin.py:137} INFO - [2026-09-24T18:13:27.277+0000] {dag.py:3427} INFO - Setting next_dagrun for example_external_task_marker_parent to None, run_after=None
[2026-09-24T18:13:27.308+0000] {processor.py:175} INFO - Processing /home/airflow/.local/lib/python3.7/site-packages/airflow/example_dags/example_external_task_marker_dag.py took 0.138 seconds
[2026-09-24T18:13:58.352+0000] {processor.py:153} INFO - Started process (PID=1467) to work on /home/airflow/.local/lib/python3.7/site-packages/airflow/example_dags/example_external_task_marker_dag.py
[2026-09-24T18:13:58.353+0000] {processor.py:743} INFO - Processing file /home/airflow/.local/lib/python3.7/site-packages/airflow/example_dags/example_external_task_marker_dag.py for tasks to queue
[2026-09-24T18:13:58.355+0000] {logging_mixin.py:137} INFO - [2026-09-24T18:13:58.355+0000] {dagbag.py:538} INFO - Filling up the DagBag from /home/airflow/.local/lib/python3.7/site-packages/airflow/example_dags/example_external_task_marker_dag.py
[2026-09-24T18:13:58.389+0000] {processor.py:753} INFO - DAG(s) dict_keys(['example_external_task_marker_child', 'example_external_task_marker_parent']) retrieved from /home/airflow/.local/lib/python3.7/site-packages/airflow/example_dags/example_external_task_marker_dag.py
[2026-09-24T18:13:58.468+0000] {logging_mixin.py:137} INFO - [2026-09-24T18:13:58.468+0000] {dag.py:2676} INFO - Sync 2 DAGs
[2026-09-24T18:13:58.511+0000] {logging_mixin.py:137} INFO - [2026-09-24T18:13:58.511+0000] {dag.py:3427} INFO - Setting next_dagrun for example_external_task_marker_child to None, run_after=None
[2026-09-24T18:13:58.515+0000] {logging_mixin.py:137} INFO - [2026-09-24T18:13:58.515+0000] {dag.py:3427} INFO - Setting next_dagrun for example_external_task_marker_parent to None, run_after=None
[2026-09-24T18:13:58.558+0000] {processor.py:175} INFO - Processing /home/airflow/.local/lib/python3.7/site-packages/airflow/example_dags/example_external_task_marker_dag.py took 0.210 seconds
