[2026-09-24T18:05:45.180+0000] {processor.py:153} INFO - Started process (PID=85) to work on /home/airflow/.local/lib/python3.7/site-packages/airflow/example_dags/example_xcom.py
[2026-09-24T18:05:45.180+0000] {processor.py:743} INFO - Processing file /home/airflow/.local/lib/python3.7/site-packages/airflow/example_dags/example_xcom.py for tasks to queue
[2026-09-24T18:05:45.181+0000] {logging_mixin.py:137} INFO - [2026-09-24T18:05:45.181+0000] {dagbag.py:538} INFO - Filling up the DagBag from /home/airflow/.local/lib/python3.7/site-packages/airflow/example_dags/example_xcom.py
[2026-09-24T18:05:45.222+0000] {processor.py:753} INFO - DAG(s) dict_keys(['example_xcom']) retrieved from /home/airflow/.local/lib/python3.7/site-packages/airflow/example_dags/example_xcom.py
[2026-09-24T18:05:45.312+0000] {logging_mixin.py:137} INFO - [2026-09-24T18:05:45.312+0000] {dag.py:2676} INFO - Sync 1 DAGs
[2026-09-24T18:05:45.371+0000] {logging_mixin.py:137} INFO - [2026-09-24T18:05:45.370+0000] {dag.py:3427} INFO - Setting next_dagrun for example_xcom to 2021-01-01T00:00:00+00:00, run_after=2021-01-01T00:00:00+00:00
[2026-09-24T18:05:45.433+0000] {processor.py:175} INFO - Processing /home/airflow/.local/lib/python3.7/site-packages/airflow/example_dags/example_xcom.py took 0.259 seconds
[2026-09-24T18:06:16.078+0000] {processor.py:153} INFO - Started process (PID=163) to work on /home/airflow/.local/lib/python3.7/site-packages/airflow/example_dags/example_xcom.py
[2026-09-24T18:06:16.080+0000] {processor.py:743} INFO - Processing file /home/airflow/.local/lib/python3.7/site-packages/airflow/example_dags/example_xcom.py for tasks to queue
[2026-09-24T18:06:16.082+0000] {logging_mixin.py:137} INFO - [2026-09-24T18:06:16.081+0000] {dagbag.py:538} INFO - Filling up the DagBag from /home/airflow/.local/lib/python3.7/site-packages/airflow/example_dags/example_xcom.py
[2026-09-24T18:06:16.129+0000] {processor.py:753} INFO - DAG(s) dict_keys(['example_xcom']) retrieved from /home/airflow/.local/lib/python3.7/site-packages/airflow/example_dags/example_xcom.py
[2026-09-24T18:06:16.183+0000] {logging_mixin.py:137} INFO - [2026-09-24T18:06:16.183+0000] {dag.py:2676} INFO - Sync 1 DAGs
[2026-09-24T18:06:16.218+0000] {logging_mixin.py:137} INFO - [2026-09-24T18:06:16.218+0000] {dag.py:3427} INFO - Setting next_dagrun for example_xcom to 2021-01-01T00:00:00+00:00, run_after=2021-01-01T00:00:00+00:00
[2026-09-24T18:06:16.250+0000] {processor.py:175} INFO - Processing /home/airflow/.local/lib/python3.7/site-packages/airflow/example_dags/example_xcom.py took 0.175 seconds
[2026-09-24T18:06:46.649+0000] {processor.py:153} INFO - Started process (PID=261) to work on /home/airflow/.local/lib/python3.7/site-packages/airflow/example_dags/example_xcom.py
[2026-09-24T18:06:46.650+0000] {processor.py:743} INFO - Processing file /home/airflow/.local/lib/python3.7/site-packages/airflow/example_dags/example_xcom.py for tasks to queue
[2026-09-24T18:06:46.652+0000] {logging_mixin.py:137} INFO - [2026-09-24T18:06:46.651+0000] {dagbag.py:538} INFO - Filling up the DagBag from /home/airflow/.local/lib/python3.7/site-packages/airflow/example_dags/example_xcom.py
[2026-09-24T18:06:46.681+0000] {processor.py:753} INFO - DAG(s) dict_keys(['example_xcom']) retrieved from /home/airflow/.local/lib/python3.7/site-packages/airflow/example_dags/example_xcom.py
[2026-09-24T18:06:46.737+0000] {logging_mixin.py:137} INFO - [2026-09-24T18:06:46.737+0000] {dag.py:2676} INFO - Sync 1 DAGs
[2026-09-24T18:06:46.782+0000] {logging_mixin.py:137} INFO - [2026-09-24T18:06:46.782+0000] {dag.py:3427} INFO - Setting next_dagrun for example_xcom to 2021-01-01T00:00:00+00:00, run_after=2021-01-01T00:00:00+00:00
[2026-09-24T18:06:46.813+0000] {processor.py:175} INFO - Processing /home/airflow/.local/lib/python3.7/site-packages/airflow/example_dags/example_xcom.py took 0.168 seconds
[2026-09-24T18:07:16.882+0000] {processor.py:153} INFO - Started process (PID=339) to work on /home/airflow/.local/lib/python3.7/site-packages/airflow/example_dags/example_xcom.py
[2026-09-24T18:07:16.882+0000] {processor.py:743} INFO - Processing file /home/airflow/.local/lib/python3.7/site-packages/airflow/example_dags/example_xcom.py for tasks to queue
[2026-09-24T18:07:16.883+0000] {logging_mixin.py:137} INFO - [2026-09-24T18:07:16.883+0000] {dagbag.py:538} INFO - Filling up the DagBag from /home/airflow/.local/lib/python3.7/site-packages/airflow/example_dags/example_xcom.py
[2026-09-24T18:07:16.906+0000] {processor.py:753} INFO - DAG(s) dict_keys(['example_xcom']) retrieved from /home/airflow/.local/lib/python3.7/site-packages/airflow/example_dags/example_xcom.py
[2026-09-24T18:07:16.949+0000] {logging_mixin.py:137} INFO - [2026-09-24T18:07:16.948+0000] {dag.py:2676} INFO - Sync 1 DAGs
[2026-09-24T18:07:16.972+0000] {logging_mixin.py:137} INFO - [2026-09-24T18:07:16.972+0000] {dag.py:3427} INFO - Setting next_dagrun for example_xcom to 2021-01-01T00:00:00+00:00, run_after=2021-01-01T00:00:00+00:00
[2026-09-24T18:07:16.993+0000] {processor.py:175} INFO - Processing /home/airflow/.local/lib/python3.7/site-packages/airflow/example_dags/example_xcom.py took 0.115 seconds
[2026-09-24T18:07:47.660+0000] {processor.py:153} INFO - Started process (PID=425) to work on /home/airflow/.local/lib/python3.7/site-packages/airflow/example_dags/example_xcom.py
[2026-09-24T18:07:47.661+0000] {processor.py:743} INFO - Processing file /home/airflow/.local/lib/python3.7/site-packages/airflow/example_dags/example_xcom.py for tasks to queue
[2026-09-24T18:07:47.663+0000] {logging_mixin.py:137} INFO - [2026-09-24T18:07:47.662+0000] {dagbag.py:538} INFO - Filling up the DagBag from /home/airflow/.local/lib/python3.7/site-packages/airflow/example_dags/example_xcom.py
[2026-09-24T18:07:47.691+0000] {processor.py:753} INFO - DAG(s) dict_keys(['example_xcom']) retrieved from /home/airflow/.local/lib/python3.7/site-packages/airflow/example_dags/example_xcom.py
[2026-09-24T18:07:47.745+0000] {logging_mixin.py:137} INFO - [2026-09-24T18:07:47.745+0000] {dag.py:2676} INFO - Sync 1 DAGs
[2026-09-24T18:07:47.787+0000] {logging_mixin.py:137} INFO - [2026-09-24T18:07:47.787+0000] {dag.py:3427} INFO - Setting next_dagrun for example_xcom to 2021-01-01T00:00:00+00:00, run_after=2021-01-01T00:00:00+00:00
[2026-09-24T18:07:47.817+0000] {processor.py:175} INFO - Processing /home/airflow/.local/lib/python3.7/site-packages/airflow/example_dags/example_xcom.py took 0.160 seconds
[2026-09-24T18:08:17.910+0000] {processor.py:153} INFO - Started process (PID=515) to work on /home/airflow/.local/lib/python3.7/site-packages/airflow/example_dags/example_xcom.py
[2026-09-24T18:08:17.911+0000] {processor.py:743} INFO - Processing file /home/airflow/.local/lib/python3.7/site-packages/airflow/example_dags/example_xcom.py for tasks to queue
[2026-09-24T18:08:17.912+0000] {logging_mixin.py:137} INFO - [2026-09-24T18:08:17.912+0000] {dagbag.py:538} INFO - Filling up the DagBag from /home/airflow/.local/lib/python3.7/site-packages/airflow/example_dags/example_xcom.py
[2026-09-24T18:08:17.941+0000] {processor.py:753} INFO - DAG(s) dict_keys(['example_xcom']) retrieved from /home/airflow/.local/lib/python3.7/site-packages/airflow/example_dags/example_xcom.py
[2026-09-24T18:08:17.994+0000] {logging_mixin.py:137} INFO - [2026-09-24T18:08:17.993+0000] {dag.py:2676} INFO - Sync 1 DAGs
[2026-09-24T18:08:18.029+0000] {logging_mixin.py:137} INFO - [2026-09-24T18:08:18.028+0000] {dag.py:3427} INFO - Setting next_dagrun for example_xcom to 2021-01-01T00:00:00+00:00, run_after=2021-01-01T00:00:00+00:00
[2026-09-24T18:08:18.062+0000] {processor.py:175} INFO - Processing /home/airflow/.local/lib/python3.7/site-packages/airflow/example_dags/example_xcom.py took 0.155 seconds
[2026-09-24T18:08:48.777+0000] {processor.py:153} INFO - Started process (PID=593) to work on /home/airflow/.local/lib/python3.7/site-packages/airflow/example_dags/example_xcom.py
[2026-09-24T18:08:48.778+0000] {processor.py:743} INFO - Processing file /home/airflow/.local/lib/python3.7/site-packages/airflow/example_dags/example_xcom.py for tasks to queue
[2026-09-24T18:08:48.779+0000] {logging_mixin.py:137} INFO - [2026-09-24T18:08:48.778+0000] {dagbag.py:538} INFO - Filling up the DagBag from /home/airflow/.local/lib/python3.7/site-packages/airflow/example_dags/example_xcom.py
[2026-09-24T18:08:48.805+0000] {processor.py:753} INFO - DAG(s) dict_keys(['example_xcom']) retrieved from /home/airflow/.local/lib/python3.7/site-packages/airflow/example_dags/example_xcom.py
[2026-09-24T18:08:48.852+0000] {logging_mixin.py:137} INFO - [2026-09-24T18:08:48.851+0000] {dag.py:2676} INFO - Sync 1 DAGs
[2026-09-24T18:08:48.889+0000] {logging_mixin.py:137} INFO - [2026-09-24T18:08:48.889+0000] {dag.py:3427} INFO - Setting next_dagrun for example_xcom to 2021-01-01T00:00:00+00:00, run_after=2021-01-01T00:00:00+00:00
[2026-09-24T18:08:48.926+0000] {processor.py:175} INFO - Processing /home/airflow/.local/lib/python3.7/site-packages/airflow/example_dags/example_xcom.py took 0.153 seconds
[2026-09-24T18:09:19.598+0000] {processor.py:153} INFO - Started process (PID=691) to work on /home/airflow/.local/lib/python3.7/site-packages/airflow/example_dags/example_xcom.py
[2026-09-24T18:09:19.600+0000] {processor.py:743} INFO - Processing file /home/airflow/.local/lib/python3.7/site-packages/airflow/example_dags/example_xcom.py for tasks to queue
[2026-09-24T18:09:19.602+0000] {logging_mixin.py:137} INFO - [2026-09-24T18:09:19.602+0000] {dagbag.py:538} INFO - Filling up the DagBag from /home/airflow/.local/lib/python3.7/site-packages/airflow/example_dags/example_xcom.py
[2026-09-24T18:09:19.641+0000] {processor.py:753} INFO - DAG(s) dict_keys(['example_xcom']) retrieved from /home/airflow/.local/lib/python3.7/site-packages/airflow/example_dags/example_xcom.py
[2026-09-24T18:09:19.703+0000] {logging_mixin.py:137} INFO - [2026-09-24T18:09:19.703+0000] {dag.py:2676} INFO - Sync 1 DAGs
[2026-09-24T18:09:19.753+0000] {logging_mixin.py:137} INFO - [2026-09-24T18:09:19.752+0000] {dag.py:3427} INFO - Setting next_dagrun for example_xcom to 2021-01-01T00:00:00+00:00, run_after=2021-01-01T00:00:00+00:00
[2026-09-24T18:09:19.783+0000] {processor.py:175} INFO - Processing /home/airflow/.local/lib/python3.7/site-packages/airflow/example_dags/example_xcom.py took 0.190 seconds
[2026-09-24T18:09:51.177+0000] {processor.py:153} INFO - Started process (PID=770) to work on /home/airflow/.local/lib/python3.7/site-packages/airflow/example_dags/example_xcom.py
[2026-09-24T18:09:51.179+0000] {processor.py:743} INFO - Processing file /home/airflow/.local/lib/python3.7/site-packages/airflow/example_dags/example_xcom.py for tasks to queue
[2026-09-24T18:09:51.181+0000] {logging_mixin.py:137} INFO - [2026-09-24T18:09:51.181+0000] {dagbag.py:538} INFO - Filling up the DagBag from /home/airflow/.local/lib/python3.7/site-packages/airflow/example_dags/example_xcom.py
[2026-09-24T18:09:51.224+0000] {processor.py:753} INFO - DAG(s) dict_keys(['example_xcom']) retrieved from /home/airflow/.local/lib/python3.7/site-packages/airflow/example_dags/example_xcom.py
[2026-09-24T18:09:51.300+0000] {logging_mixin.py:137} INFO - [2026-09-24T18:09:51.300+0000] {dag.py:2676} INFO - Sync 1 DAGs
[2026-09-24T18:09:51.340+0000] {logging_mixin.py:137} INFO - [2026-09-24T18:09:51.340+0000] {dag.py:3427} INFO - Setting next_dagrun for example_xcom to 2021-01-01T00:00:00+00:00, run_after=2021-01-01T00:00:00+00:00
[2026-09-24T18:09:51.388+0000] {processor.py:175} INFO - Processing /home/airflow/.local/lib/python3.7/site-packages/airflow/example_dags/example_xcom.py took 0.215 seconds
[2026-09-24T18:10:22.082+0000] {processor.py:153} INFO - Started process (PID=855) to work on /home/airflow/.local/lib/python3.7/site-packages/airflow/example_dags/example_xcom.py
[2026-09-24T18:10:22.083+0000] {processor.py:743} INFO - Processing file /home/airflow/.local/lib/python3.7/site-packages/airflow/example_dags/example_xcom.py for tasks to queue
[2026-09-24T18:10:22.084+0000] {logging_mixin.py:137} INFO - [2026-09-24T18:10:22.084+0000] {dagbag.py:538} INFO - Filling up the DagBag from /home/airflow/.local/lib/python3.7/site-packages/airflow/example_dags/example_xcom.py
[2026-09-24T18:10:22.119+0000] {processor.py:753} INFO - DAG(s) dict_keys(['example_xcom']) retrieved from /home/airflow/.local/lib/python3.7/site-packages/airflow/example_dags/example_xcom.py
[2026-09-24T18:10:22.177+0000] {logging_mixin.py:137} INFO - [2026-09-24T18:10:22.177+0000] {dag.py:2676} INFO - Sync 1 DAGs
[2026-09-24T18:10:22.216+0000] {logging_mixin.py:137} INFO - [2026-09-24T18:10:22.216+0000] {dag.py:3427} INFO - Setting next_dagrun for example_xcom to 2021-01-01T00:00:00+00:00, run_after=2021-01-01T00:00:00+00:00
[2026-09-24T18:10:22.254+0000] {processor.py:175} INFO - Processing /home/airflow/.local/lib/python3.7/site-packages/airflow/example_dags/example_xcom.py took 0.177 seconds
[2026-09-24T18:10:52.827+0000] {processor.py:153} INFO - Started process (PID=946) to work on /home/airflow/.local/lib/python3.7/site-packages/airflow/example_dags/example_xcom.py
[2026-09-24T18:10:52.829+0000] {processor.py:743} INFO - Processing file /home/airflow/.local/lib/python3.7/site-packages/airflow/example_dags/example_xcom.py for tasks to queue
[2026-09-24T18:10:52.830+0000] {logging_mixin.py:137} INFO - [2026-09-24T18:10:52.829+0000] {dagbag.py:538} INFO - Filling up the DagBag from /home/airflow/.local/lib/python3.7/site-packages/airflow/example_dags/example_xcom.py
[2026-09-24T18:10:52.863+0000] {processor.py:753} INFO - DAG(s) dict_keys(['example_xcom']) retrieved from /home/airflow/.local/lib/python3.7/site-packages/airflow/example_dags/example_xcom.py
[2026-09-24T18:10:52.905+0000] {logging_mixin.py:137} INFO - [2026-09-24T18:10:52.905+0000] {dag.py:2676} INFO - Sync 1 DAGs
[2026-09-24T18:10:52.931+0000] {logging_mixin.py:137} INFO - [2026-09-24T18:10:52.931+0000] {dag.py:3427} INFO - Setting next_dagrun for example_xcom to 2021-01-01T00:00:00+00:00, run_after=2021-01-01T00:00:00+00:00
[2026-09-24T18:10:52.952+0000] {processor.py:175} INFO - Processing /home/airflow/.local/lib/python3.7/site-packages/airflow/example_dags/example_xcom.py took 0.129 seconds
[2026-09-24T18:11:23.030+0000] {processor.py:153} INFO - Started process (PID=1024) to work on /home/airflow/.local/lib/python3.7/site-packages/airflow/example_dags/example_xcom.py
[2026-09-24T18:11:23.030+0000] {processor.py:743} INFO - Processing file /home/airflow/.local/lib/python3.7/site-packages/airflow/example_dags/example_xcom.py for tasks to queue
[2026-09-24T18:11:23.033+0000] {logging_mixin.py:137} INFO - [2026-09-24T18:11:23.032+0000] {dagbag.py:538} INFO - Filling up the DagBag from /home/airflow/.local/lib/python3.7/site-packages/airflow/example_dags/example_xcom.py
[2026-09-24T18:11:23.071+0000] {processor.py:753} INFO - DAG(s) dict_keys(['example_xcom']) retrieved from /home/airflow/.local/lib/python3.7/site-packages/airflow/example_dags/example_xcom.py
[2026-09-24T18:11:23.127+0000] {logging_mixin.py:137} INFO - [2026-09-24T18:11:23.127+0000] {dag.py:2676} INFO - Sync 1 DAGs
[2026-09-24T18:11:23.159+0000] {logging_mixin.py:137} INFO - [2026-09-24T18:11:23.158+0000] {dag.py:3427} INFO - Setting next_dagrun for example_xcom to 2021-01-01T00:00:00+00:00, run_after=2021-01-01T00:00:00+00:00
[2026-09-24T18:11:23.194+0000] {processor.py:175} INFO - Processing /home/airflow/.local/lib/python3.7/site-packages/airflow/example_dags/example_xcom.py took 0.168 seconds
[2026-09-24T18:11:53.812+0000] {processor.py:153} INFO - Started process (PID=1122) to work on /home/airflow/.local/lib/python3.7/site-packages/airflow/example_dags/example_xcom.py
[2026-09-24T18:11:53.815+0000] {processor.py:743} INFO - Processing file /home/airflow/.local/lib/python3.7/site-packages/airflow/example_dags/example_xcom.py for tasks to queue
[2026-09-24T18:11:53.823+0000] {logging_mixin.py:137} INFO - [2026-09-24T18:11:53.816+0000] {dagbag.py:538} INFO - Filling up the DagBag from /home/airflow/.local/lib/python3.7/site-packages/airflow/example_dags/example_xcom.py
[2026-09-24T18:11:53.882+0000] {processor.py:753} INFO - DAG(s) dict_keys(['example_xcom']) retrieved from /home/airflow/.local/lib/python3.7/site-packages/airflow/example_dags/example_xcom.py
[2026-09-24T18:11:53.949+0000] {logging_mixin.py:137} INFO - [2026-09-24T18:11:53.949+0000] {dag.py:2676} INFO - Sync 1 DAGs
[2026-09-24T18:11:54.018+0000] {logging_mixin.py:137} INFO - [2026-09-24T18:11:54.018+0000] {dag.py:3427} INFO - Setting next_dagrun for example_xcom to 2021-01-01T00:00:00+00:00, run_after=2021-01-01T00:00:00+00:00
[2026-09-24T18:11:54.091+0000] {processor.py:175} INFO - Processing /home/airflow/.local/lib/python3.7/site-packages/airflow/example_dags/example_xcom.py took 0.284 seconds
[2026-09-24T18:12:24.610+0000] {processor.py:153} INFO - Started process (PID=1200) to work on /home/airflow/.local/lib/python3.7/site-packages/airflow/example_dags/example_xcom.py
[2026-09-24T18:12:24.612+0000] {processor.py:743} INFO - Processing file /home/airflow/.local/lib/python3.7/site-packages/airflow/example_dags/example_xcom.py for tasks to queue
[2026-09-24T18:12:24.613+0000] {logging_mixin.py:137} INFO - [2026-09-24T18:12:24.613+0000] {dagbag.py:538} INFO - Filling up the DagBag from /home/airflow/.local/lib/python3.7/site-packages/airflow/example_dags/example_xcom.py
[2026-09-24T18:12:24.647+0000] {processor.py:753} INFO - DAG(s) dict_keys(['example_xcom']) retrieved from /home/airflow/.local/lib/python3.7/site-packages/airflow/example_dags/example_xcom.py
[2026-09-24T18:12:24.697+0000] {logging_mixin.py:137} INFO - [2026-09-24T18:12:24.697+0000] {dag.py:2676} INFO - Sync 1 DAGs
[2026-09-24T18:12:24.739+0000] {logging_mixin.py:137} INFO - [2026-09-24T18:12:24.739+0000] {dag.py:3427} INFO - Setting next_dagrun for example_xcom to 2021-01-01T00:00:00+00:00, run_after=2021-01-01T00:00:00+00:00
[2026-09-24T18:12:24.773+0000] {processor.py:175} INFO - Processing /home/airflow/.local/lib/python3.7/site-packages/airflow/example_dags/example_xcom.py took 0.166 seconds
[2026-09-24T18:12:55.036+0000] {processor.py:153} INFO - Started process (PID=1285) to work on /home/airflow/.local/lib/python3.7/site-packages/airflow/example_dags/example_xcom.py
[2026-09-24T18:12:55.037+0000] {processor.py:743} INFO - Processing file /home/airflow/.local/lib/python3.7/site-packages/airflow/example_dags/example_xcom.py for tasks to queue
[2026-09-24T18:12:55.038+0000] {logging_mixin.py:137} INFO - [2026-09-24T18:12:55.038+0000] {dagbag.py:538} INFO - Filling up the DagBag from /home/airflow/.local/lib/python3.7/site-packages/airflow/example_dags/example_xcom.py
[2026-09-24T18:12:55.064+0000] {processor.py:753} INFO - DAG(s) dict_keys(['example_xcom']) retrieved from /home/airflow/.local/lib/python3.7/site-packages/airflow/example_dags/example_xcom.py
[2026-09-24T18:12:55.126+0000] {logging_mixin.py:137} INFO - [2026-09-24T18:12:55.126+0000] {dag.py:2676} INFO - Sync 1 DAGs
[2026-09-24T18:12:55.167+0000] {logging_mixin.py:137} INFO - [2026-09-24T18:12:55.167+0000] {dag.py:3427} INFO - Setting next_dagrun for example_xcom to 2021-01-01T00:00:00+00:00, run_after=2021-01-01T00:00:00+00:00
[2026-09-24T18:12:55.202+0000] {processor.py:175} INFO - Processing /home/airflow/.local/lib/python3.7/site-packages/airflow/example_dags/example_xcom.py took 0.169 seconds
[2026-09-24T18:13:25.741+0000] {processor.py:153} INFO - Started process (PID=1376) to work on /home/airflow/.local/lib/python3.7/site-packages/airflow/example_dags/example_xcom.py
[2026-09-24T18:13:25.742+0000] {processor.py:743} INFO - Processing file /home/airflow/.local/lib/python3.7/site-packages/airflow/example_dags/example_xcom.py for tasks to queue
[2026-09-24T18:13:25.742+0000] {logging_mixin.py:137} INFO - [2026-09-24T18:13:25.742+0000] {dagbag.py:538} INFO - Filling up the DagBag from /home/airflow/.local/lib/python3.7/site-packages/airflow/example_dags/example_xcom.py
[2026-09-24T18:13:25.780+0000] {processor.py:753} INFO - DAG(s) dict_keys(['example_xcom']) retrieved from /home/airflow/.local/lib/python3.7/site-packages/airflow/example_dags/example_xcom.py
[2026-09-24T18:13:25.858+0000] {logging_mixin.py:137} INFO - [2026-09-24T18:13:25.858+0000] {dag.py:2676} INFO - Sync 1 DAGs
[2026-09-24T18:13:25.896+0000] {logging_mixin.py:137} INFO - [2026-09-24T18:13:25.895+0000] {dag.py:3427} INFO - Setting next_dagrun for example_xcom to 2021-01-01T00:00:00+00:00, run_after=2021-01-01T00:00:00+00:00
[2026-09-24T18:13:25.937+0000] {processor.py:175} INFO - Processing /home/airflow/.local/lib/python3.7/site-packages/airflow/example_dags/example_xcom.py took 0.200 seconds
[2026-09-24T18:13:56.162+0000] {processor.py:153} INFO - Started process (PID=1455) to work on /home/airflow/.local/lib/python3.7/site-packages/airflow/example_dags/example_xcom.py
[2026-09-24T18:13:56.164+0000] {processor.py:743} INFO - Processing file /home/airflow/.local/lib/python3.7/site-packages/airflow/example_dags/example_xcom.py for tasks to queue
[2026-09-24T18:13:56.166+0000] {logging_mixin.py:137} INFO - [2026-09-24T18:13:56.166+0000] {dagbag.py:538} INFO - Filling up the DagBag from /home/airflow/.local/lib/python3.7/site-packages/airflow/example_dags/example_xcom.py
[2026-09-24T18:13:56.201+0000] {processor.py:753} INFO - DAG(s) dict_keys(['example_xcom']) retrieved from /home/airflow/.local/lib/python3.7/site-packages/airflow/example_dags/example_xcom.py
[2026-09-24T18:13:56.274+0000] {logging_mixin.py:137} INFO - [2026-09-24T18:13:56.274+0000] {dag.py:2676} INFO - Sync 1 DAGs
[2026-09-24T18:13:56.314+0000] {logging_mixin.py:137} INFO - [2026-09-24T18:13:56.313+0000] {dag.py:3427} INFO - Setting next_dagrun for example_xcom to 2021-01-01T00:00:00+00:00, run_after=2021-01-01T00:00:00+00:00
[2026-09-24T18:13:56.344+0000] {processor.py:175} INFO - Processing /home/airflow/.local/lib/python3.7/site-packages/airflow/example_dags/example_xcom.py took 0.189 seconds
