[2026-09-24T18:05:46.870+0000] {processor.py:153} INFO - Started process (PID=96) to work on /home/airflow/.local/lib/python3.7/site-packages/airflow/example_dags/example_short_circuit_operator.py
[2026-09-24T18:05:46.872+0000] {processor.py:743} INFO - Processing file /home/airflow/.local/lib/python3.7/site-packages/airflow/example_dags/example_short_circuit_operator.py for tasks to queue
[2026-09-24T18:05:46.874+0000] {logging_mixin.py:137} INFO - [2026-09-24T18:05:46.873+0000] {dagbag.py:538} INFO - Filling up the DagBag from /home/airflow/.local/lib/python3.7/site-packages/airflow/example_dags/example_short_circuit_operator.py
[2026-09-24T18:05:46.904+0000] {processor.py:753} INFO - DAG(s) dict_keys(['example_short_circuit_operator']) retrieved from /home/airflow/.local/lib/python3.7/site-packages/airflow/example_dags/example_short_circuit_operator.py
[2026-09-24T18:05:46.976+0000] {logging_mixin.py:137} INFO - [2026-09-24T18:05:46.976+0000] {dag.py:2676} INFO - Sync 1 DAGs
[2026-09-24T18:05:47.021+0000] {logging_mixin.py:137} INFO - [2026-09-24T18:05:47.021+0000] {dag.py:3427} INFO - Setting next_dagrun for example_short_circuit_operator to 2026-09-23T18:05:47.020432+00:00, run_after=2026-09-24T18:05:47.020432+00:00
[2026-09-24T18:05:47.065+0000] {processor.py:175} INFO - Processing /home/airflow/.local/lib/python3.7/site-packages/airflow/example_dags/example_short_circuit_operator.py took 0.200 seconds
[2026-09-24T18:06:17.556+0000] {processor.py:153} INFO - Started process (PID=174) to work on /home/airflow/.local/lib/python3.7/site-packages/airflow/example_dags/example_short_circuit_operator.py
[2026-09-24T18:06:17.556+0000] {processor.py:743} INFO - Processing file /home/airflow/.local/lib/python3.7/site-packages/airflow/example_dags/example_short_circuit_operator.py for tasks to queue
[2026-09-24T18:06:17.557+0000] {logging_mixin.py:137} INFO - [2026-09-24T18:06:17.557+0000] {dagbag.py:538} INFO - Filling up the DagBag from /home/airflow/.local/lib/python3.7/site-packages/airflow/example_dags/example_short_circuit_operator.py
[2026-09-24T18:06:17.578+0000] {processor.py:753} INFO - DAG(s) dict_keys(['example_short_circuit_operator']) retrieved from /home/airflow/.local/lib/python3.7/site-packages/airflow/example_dags/example_short_circuit_operator.py
[2026-09-24T18:06:17.625+0000] {logging_mixin.py:137} INFO - [2026-09-24T18:06:17.625+0000] {dag.py:2676} INFO - Sync 1 DAGs
[2026-09-24T18:06:17.659+0000] {logging_mixin.py:137} INFO - [2026-09-24T18:06:17.659+0000] {dag.py:3427} INFO - Setting next_dagrun for example_short_circuit_operator to 2026-09-23T18:06:17.659081+00:00, run_after=2026-09-24T18:06:17.659081+00:00
[2026-09-24T18:06:17.694+0000] {processor.py:175} INFO - Processing /home/airflow/.local/lib/python3.7/site-packages/airflow/example_dags/example_short_circuit_operator.py took 0.142 seconds
[2026-09-24T18:06:48.746+0000] {processor.py:153} INFO - Started process (PID=272) to work on /home/airflow/.local/lib/python3.7/site-packages/airflow/example_dags/example_short_circuit_operator.py
[2026-09-24T18:06:48.748+0000] {processor.py:743} INFO - Processing file /home/airflow/.local/lib/python3.7/site-packages/airflow/example_dags/example_short_circuit_operator.py for tasks to queue
[2026-09-24T18:06:48.749+0000] {logging_mixin.py:137} INFO - [2026-09-24T18:06:48.749+0000] {dagbag.py:538} INFO - Filling up the DagBag from /home/airflow/.local/lib/python3.7/site-packages/airflow/example_dags/example_short_circuit_operator.py
[2026-09-24T18:06:48.766+0000] {processor.py:753} INFO - DAG(s) dict_keys(['example_short_circuit_operator']) retrieved from /home/airflow/.local/lib/python3.7/site-packages/airflow/example_dags/example_short_circuit_operator.py
[2026-09-24T18:06:48.804+0000] {logging_mixin.py:137} INFO - [2026-09-24T18:06:48.804+0000] {dag.py:2676} INFO - Sync 1 DAGs
[2026-09-24T18:06:48.829+0000] {logging_mixin.py:137} INFO - [2026-09-24T18:06:48.829+0000] {dag.py:3427} INFO - Setting next_dagrun for example_short_circuit_operator to 2026-09-23T18:06:48.829497+00:00, run_after=2026-09-24T18:06:48.829497+00:00
[2026-09-24T18:06:48.850+0000] {processor.py:175} INFO - Processing /home/airflow/.local/lib/python3.7/site-packages/airflow/example_dags/example_short_circuit_operator.py took 0.108 seconds
[2026-09-24T18:07:18.917+0000] {processor.py:153} INFO - Started process (PID=350) to work on /home/airflow/.local/lib/python3.7/site-packages/airflow/example_dags/example_short_circuit_operator.py
[2026-09-24T18:07:18.918+0000] {processor.py:743} INFO - Processing file /home/airflow/.local/lib/python3.7/site-packages/airflow/example_dags/example_short_circuit_operator.py for tasks to queue
[2026-09-24T18:07:18.919+0000] {logging_mixin.py:137} INFO - [2026-09-24T18:07:18.919+0000] {dagbag.py:538} INFO - Filling up the DagBag from /home/airflow/.local/lib/python3.7/site-packages/airflow/example_dags/example_short_circuit_operator.py
[2026-09-24T18:07:18.938+0000] {processor.py:753} INFO - DAG(s) dict_keys(['example_short_circuit_operator']) retrieved from /home/airflow/.local/lib/python3.7/site-packages/airflow/example_dags/example_short_circuit_operator.py
[2026-09-24T18:07:18.980+0000] {logging_mixin.py:137} INFO - [2026-09-24T18:07:18.980+0000] {dag.py:2676} INFO - Sync 1 DAGs
[2026-09-24T18:07:19.010+0000] {logging_mixin.py:137} INFO - [2026-09-24T18:07:19.010+0000] {dag.py:3427} INFO - Setting next_dagrun for example_short_circuit_operator to 2026-09-23T18:07:19.009822+00:00, run_after=2026-09-24T18:07:19.009822+00:00
[2026-09-24T18:07:19.037+0000] {processor.py:175} INFO - Processing /home/airflow/.local/lib/python3.7/site-packages/airflow/example_dags/example_short_circuit_operator.py took 0.124 seconds
[2026-09-24T18:07:49.071+0000] {processor.py:153} INFO - Started process (PID=448) to work on /home/airflow/.local/lib/python3.7/site-packages/airflow/example_dags/example_short_circuit_operator.py
[2026-09-24T18:07:49.073+0000] {processor.py:743} INFO - Processing file /home/airflow/.local/lib/python3.7/site-packages/airflow/example_dags/example_short_circuit_operator.py for tasks to queue
[2026-09-24T18:07:49.075+0000] {logging_mixin.py:137} INFO - [2026-09-24T18:07:49.075+0000] {dagbag.py:538} INFO - Filling up the DagBag from /home/airflow/.local/lib/python3.7/site-packages/airflow/example_dags/example_short_circuit_operator.py
[2026-09-24T18:07:49.103+0000] {processor.py:753} INFO - DAG(s) dict_keys(['example_short_circuit_operator']) retrieved from /home/airflow/.local/lib/python3.7/site-packages/airflow/example_dags/example_short_circuit_operator.py
[2026-09-24T18:07:49.163+0000] {logging_mixin.py:137} INFO - [2026-09-24T18:07:49.163+0000] {dag.py:2676} INFO - Sync 1 DAGs
[2026-09-24T18:07:49.207+0000] {logging_mixin.py:137} INFO - [2026-09-24T18:07:49.206+0000] {dag.py:3427} INFO - Setting next_dagrun for example_short_circuit_operator to 2026-09-23T18:07:49.206280+00:00, run_after=2026-09-24T18:07:49.206280+00:00
[2026-09-24T18:07:49.252+0000] {processor.py:175} INFO - Processing /home/airflow/.local/lib/python3.7/site-packages/airflow/example_dags/example_short_circuit_operator.py took 0.184 seconds
[2026-09-24T18:08:19.998+0000] {processor.py:153} INFO - Started process (PID=526) to work on /home/airflow/.local/lib/python3.7/site-packages/airflow/example_dags/example_short_circuit_operator.py
[2026-09-24T18:08:19.999+0000] {processor.py:743} INFO - Processing file /home/airflow/.local/lib/python3.7/site-packages/airflow/example_dags/example_short_circuit_operator.py for tasks to queue
[2026-09-24T18:08:20.000+0000] {logging_mixin.py:137} INFO - [2026-09-24T18:08:20.000+0000] {dagbag.py:538} INFO - Filling up the DagBag from /home/airflow/.local/lib/python3.7/site-packages/airflow/example_dags/example_short_circuit_operator.py
[2026-09-24T18:08:20.017+0000] {processor.py:753} INFO - DAG(s) dict_keys(['example_short_circuit_operator']) retrieved from /home/airflow/.local/lib/python3.7/site-packages/airflow/example_dags/example_short_circuit_operator.py
[2026-09-24T18:08:20.060+0000] {logging_mixin.py:137} INFO - [2026-09-24T18:08:20.060+0000] {dag.py:2676} INFO - Sync 1 DAGs
[2026-09-24T18:08:20.092+0000] {logging_mixin.py:137} INFO - [2026-09-24T18:08:20.092+0000] {dag.py:3427} INFO - Setting next_dagrun for example_short_circuit_operator to 2026-09-23T18:08:20.091372+00:00, run_after=2026-09-24T18:08:20.091372+00:00
[2026-09-24T18:08:20.119+0000] {processor.py:175} INFO - Processing /home/airflow/.local/lib/python3.7/site-packages/airflow/example_dags/example_short_circuit_operator.py took 0.124 seconds
[2026-09-24T18:08:51.179+0000] {processor.py:153} INFO - Started process (PID=613) to work on /home/airflow/.local/lib/python3.7/site-packages/airflow/example_dags/example_short_circuit_operator.py
[2026-09-24T18:08:51.182+0000] {processor.py:743} INFO - Processing file /home/airflow/.local/lib/python3.7/site-packages/airflow/example_dags/example_short_circuit_operator.py for tasks to queue
[2026-09-24T18:08:51.183+0000] {logging_mixin.py:137} INFO - [2026-09-24T18:08:51.182+0000] {dagbag.py:538} INFO - Filling up the DagBag from /home/airflow/.local/lib/python3.7/site-packages/airflow/example_dags/example_short_circuit_operator.py
[2026-09-24T18:08:51.205+0000] {processor.py:753} INFO - DAG(s) dict_keys(['example_short_circuit_operator']) retrieved from /home/airflow/.local/lib/python3.7/site-packages/airflow/example_dags/example_short_circuit_operator.py
[2026-09-24T18:08:51.267+0000] {logging_mixin.py:137} INFO - [2026-09-24T18:08:51.267+0000] {dag.py:2676} INFO - Sync 1 DAGs
[2026-09-24T18:08:51.308+0000] {logging_mixin.py:137} INFO - [2026-09-24T18:08:51.307+0000] {dag.py:3427} INFO - Setting next_dagrun for example_short_circuit_operator to 2026-09-23T18:08:51.307382+00:00, run_after=2026-09-24T18:08:51.307382+00:00
[2026-09-24T18:08:51.340+0000] {processor.py:175} INFO - Processing /home/airflow/.local/lib/python3.7/site-packages/airflow/example_dags/example_short_circuit_operator.py took 0.168 seconds
[2026-09-24T18:09:22.115+0000] {processor.py:153} INFO - Started process (PID=702) to work on /home/airflow/.local/lib/python3.7/site-packages/airflow/example_dags/example_short_circuit_operator.py
[2026-09-24T18:09:22.116+0000] {processor.py:743} INFO - Processing file /home/airflow/.local/lib/python3.7/site-packages/airflow/example_dags/example_short_circuit_operator.py for tasks to queue
[2026-09-24T18:09:22.117+0000] {logging_mixin.py:137} INFO - [2026-09-24T18:09:22.117+0000] {dagbag.py:538} INFO - Filling up the DagBag from /home/airflow/.local/lib/python3.7/site-packages/airflow/example_dags/example_short_circuit_operator.py
[2026-09-24T18:09:22.142+0000] {processor.py:753} INFO - DAG(s) dict_keys(['example_short_circuit_operator']) retrieved from /home/airflow/.local/lib/python3.7/site-packages/airflow/example_dags/example_short_circuit_operator.py
[2026-09-24T18:09:22.194+0000] {logging_mixin.py:137} INFO - [2026-09-24T18:09:22.193+0000] {dag.py:2676} INFO - Sync 1 DAGs
[2026-09-24T18:09:22.225+0000] {logging_mixin.py:137} INFO - [2026-09-24T18:09:22.225+0000] {dag.py:3427} INFO - Setting next_dagrun for example_short_circuit_operator to 2026-09-23T18:09:22.225292+00:00, run_after=2026-09-24T18:09:22.225292+00:00
[2026-09-24T18:09:22.263+0000] {processor.py:175} INFO - Processing /home/airflow/.local/lib/python3.7/site-packages/airflow/example_dags/example_short_circuit_operator.py took 0.157 seconds
[2026-09-24T18:09:52.478+0000] {processor.py:153} INFO - Started process (PID=781) to work on /home/airflow/.local/lib/python3.7/site-packages/airflow/example_dags/example_short_circuit_operator.py
[2026-09-24T18:09:52.480+0000] {processor.py:743} INFO - Processing file /home/airflow/.local/lib/python3.7/site-packages/airflow/example_dags/example_short_circuit_operator.py for tasks to queue
[2026-09-24T18:09:52.481+0000] {logging_mixin.py:137} INFO - [2026-09-24T18:09:52.481+0000] {dagbag.py:538} INFO - Filling up the DagBag from /home/airflow/.local/lib/python3.7/site-packages/airflow/example_dags/example_short_circuit_operator.py
[2026-09-24T18:09:52.515+0000] {processor.py:753} INFO - DAG(s) dict_keys(['example_short_circuit_operator']) retrieved from /home/airflow/.local/lib/python3.7/site-packages/airflow/example_dags/example_short_circuit_operator.py
[2026-09-24T18:09:52.591+0000] {logging_mixin.py:137} INFO - [2026-09-24T18:09:52.590+0000] {dag.py:2676} INFO - Sync 1 DAGs
[2026-09-24T18:09:52.651+0000] {logging_mixin.py:137} INFO - [2026-09-24T18:09:52.650+0000] {dag.py:3427} INFO - Setting next_dagrun for example_short_circuit_operator to 2026-09-23T18:09:52.650613+00:00, run_after=2026-09-24T18:09:52.650613+00:00
[2026-09-24T18:09:52.695+0000] {processor.py:175} INFO - Processing /home/airflow/.local/lib/python3.7/site-packages/airflow/example_dags/example_short_circuit_operator.py took 0.225 seconds
[2026-09-24T18:10:23.208+0000] {processor.py:153} INFO - Started process (PID=879) to work on /home/airflow/.local/lib/python3.7/site-packages/airflow/example_dags/example_short_circuit_operator.py
[2026-09-24T18:10:23.210+0000] {processor.py:743} INFO - Processing file /home/airflow/.local/lib/python3.7/site-packages/airflow/example_dags/example_short_circuit_operator.py for tasks to queue
[2026-09-24T18:10:23.213+0000] {logging_mixin.py:137} INFO - [2026-09-24T18:10:23.212+0000] {dagbag.py:538} INFO - Filling up the DagBag from /home/airflow/.local/lib/python3.7/site-packages/airflow/example_dags/example_short_circuit_operator.py
[2026-09-24T18:10:23.262+0000] {processor.py:753} INFO - DAG(s) dict_keys(['example_short_circuit_operator']) retrieved from /home/airflow/.local/lib/python3.7/site-packages/airflow/example_dags/example_short_circuit_operator.py
[2026-09-24T18:10:23.308+0000] {logging_mixin.py:137} INFO - [2026-09-24T18:10:23.308+0000] {dag.py:2676} INFO - Sync 1 DAGs
[2026-09-24T18:10:23.342+0000] {logging_mixin.py:137} INFO - [2026-09-24T18:10:23.342+0000] {dag.py:3427} INFO - Setting next_dagrun for example_short_circuit_operator to 2026-09-23T18:10:23.342173+00:00, run_after=2026-09-24T18:10:23.342173+00:00
[2026-09-24T18:10:23.376+0000] {processor.py:175} INFO - Processing /home/airflow/.local/lib/python3.7/site-packages/airflow/example_dags/example_short_circuit_operator.py took 0.174 seconds
[2026-09-24T18:10:53.714+0000] {processor.py:153} INFO - Started process (PID=957) to work on /home/airflow/.local/lib/python3.7/site-packages/airflow/example_dags/example_short_circuit_operator.py
[2026-09-24T18:10:53.716+0000] {processor.py:743} INFO - Processing file /home/airflow/.local/lib/python3.7/site-packages/airflow/example_dags/example_short_circuit_operator.py for tasks to queue
[2026-09-24T18:10:53.716+0000] {logging_mixin.py:137} INFO - [2026-09-24T18:10:53.716+0000] {dagbag.py:538} INFO - Filling up the DagBag from /home/airflow/.local/lib/python3.7/site-packages/airflow/example_dags/example_short_circuit_operator.py
[2026-09-24T18:10:53.734+0000] {processor.py:753} INFO - DAG(s) dict_keys(['example_short_circuit_operator']) retrieved from /home/airflow/.local/lib/python3.7/site-packages/airflow/example_dags/example_short_circuit_operator.py
[2026-09-24T18:10:53.776+0000] {logging_mixin.py:137} INFO - [2026-09-24T18:10:53.776+0000] {dag.py:2676} INFO - Sync 1 DAGs
[2026-09-24T18:10:53.805+0000] {logging_mixin.py:137} INFO - [2026-09-24T18:10:53.804+0000] {dag.py:3427} INFO - Setting next_dagrun for example_short_circuit_operator to 2026-09-23T18:10:53.804594+00:00, run_after=2026-09-24T18:10:53.804594+00:00
[2026-09-24T18:10:53.831+0000] {processor.py:175} INFO - Processing /home/airflow/.local/lib/python3.7/site-packages/airflow/example_dags/example_short_circuit_operator.py took 0.121 seconds
[2026-09-24T18:11:24.194+0000] {processor.py:153} INFO - Started process (PID=1035) to work on /home/airflow/.local/lib/python3.7/site-packages/airflow/example_dags/example_short_circuit_operator.py
[2026-09-24T18:11:24.196+0000] {processor.py:743} INFO - Processing file /home/airflow/.local/lib/python3.7/site-packages/airflow/example_dags/example_short_circuit_operator.py for tasks to queue
[2026-09-24T18:11:24.197+0000] {logging_mixin.py:137} INFO - [2026-09-24T18:11:24.197+0000] {dagbag.py:538} INFO - Filling up the DagBag from /home/airflow/.local/lib/python3.7/site-packages/airflow/example_dags/example_short_circuit_operator.py
[2026-09-24T18:11:24.225+0000] {processor.py:753} INFO - DAG(s) dict_keys(['example_short_circuit_operator']) retrieved from /home/airflow/.local/lib/python3.7/site-packages/airflow/example_dags/example_short_circuit_operator.py
[2026-09-24T18:11:24.285+0000] {logging_mixin.py:137} INFO - [2026-09-24T18:11:24.285+0000] {dag.py:2676} INFO - Sync 1 DAGs
[2026-09-24T18:11:24.332+0000] {logging_mixin.py:137} INFO - [2026-09-24T18:11:24.332+0000] {dag.py:3427} INFO - Setting next_dagrun for example_short_circuit_operator to 2026-09-23T18:11:24.331786+00:00, run_after=2026-09-24T18:11:24.331786+00:00
[2026-09-24T18:11:24.375+0000] {processor.py:175} INFO - Processing /home/airflow/.local/lib/python3.7/site-packages/airflow/example_dags/example_short_circuit_operator.py took 0.188 seconds
[2026-09-24T18:11:55.484+0000] {processor.py:153} INFO - Started process (PID=1133) to work on /home/airflow/.local/lib/python3.7/site-packages/airflow/example_dags/example_short_circuit_operator.py
[2026-09-24T18:11:55.486+0000] {processor.py:743} INFO - Processing file /home/airflow/.local/lib/python3.7/site-packages/airflow/example_dags/example_short_circuit_operator.py for tasks to queue
[2026-09-24T18:11:55.489+0000] {logging_mixin.py:137} INFO - [2026-09-24T18:11:55.489+0000] {dagbag.py:538} INFO - Filling up the DagBag from /home/airflow/.local/lib/python3.7/site-packages/airflow/example_dags/example_short_circuit_operator.py
[2026-09-24T18:11:55.512+0000] {processor.py:753} INFO - DAG(s) dict_keys(['example_short_circuit_operator']) retrieved from /home/airflow/.local/lib/python3.7/site-packages/airflow/example_dags/example_short_circuit_operator.py
[2026-09-24T18:11:55.570+0000] {logging_mixin.py:137} INFO - [2026-09-24T18:11:55.569+0000] {dag.py:2676} INFO - Sync 1 DAGs
[2026-09-24T18:11:55.656+0000] {logging_mixin.py:137} INFO - [2026-09-24T18:11:55.656+0000] {dag.py:3427} INFO - Setting next_dagrun for example_short_circuit_operator to 2026-09-23T18:11:55.655750+00:00, run_after=2026-09-24T18:11:55.655750+00:00
[2026-09-24T18:11:55.705+0000] {processor.py:175} INFO - Processing /home/airflow/.local/lib/python3.7/site-packages/airflow/example_dags/example_short_circuit_operator.py took 0.226 seconds
[2026-09-24T18:12:25.808+0000] {processor.py:153} INFO - Started process (PID=1211) to work on /home/airflow/.local/lib/python3.7/site-packages/airflow/example_dags/example_short_circuit_operator.py
[2026-09-24T18:12:25.809+0000] {processor.py:743} INFO - Processing file /home/airflow/.local/lib/python3.7/site-packages/airflow/example_dags/example_short_circuit_operator.py for tasks to queue
[2026-09-24T18:12:25.810+0000] {logging_mixin.py:137} INFO - [2026-09-24T18:12:25.810+0000] {dagbag.py:538} INFO - Filling up the DagBag from /home/airflow/.local/lib/python3.7/site-packages/airflow/example_dags/example_short_circuit_operator.py
[2026-09-24T18:12:25.838+0000] {processor.py:753} INFO - DAG(s) dict_keys(['example_short_circuit_operator']) retrieved from /home/airflow/.local/lib/python3.7/site-packages/airflow/example_dags/example_short_circuit_operator.py
[2026-09-24T18:12:25.895+0000] {logging_mixin.py:137} INFO - [2026-09-24T18:12:25.895+0000] {dag.py:2676} INFO - Sync 1 DAGs
[2026-09-24T18:12:25.936+0000] {logging_mixin.py:137} INFO - [2026-09-24T18:12:25.936+0000] {dag.py:3427} INFO - Setting next_dagrun for example_short_circuit_operator to 2026-09-23T18:12:25.935732+00:00, run_after=2026-09-24T18:12:25.935732+00:00
[2026-09-24T18:12:25.965+0000] {processor.py:175} INFO - Processing /home/airflow/.local/lib/python3.7/site-packages/airflow/example_dags/example_short_circuit_operator.py took 0.165 seconds
[2026-09-24T18:12:56.540+0000] {processor.py:153} INFO - Started process (PID=1309) to work on /home/airflow/.local/lib/python3.7/site-packages/airflow/example_dags/example_short_circuit_operator.py
[2026-09-24T18:12:56.542+0000] {processor.py:743} INFO - Processing file /home/airflow/.local/lib/python3.7/site-packages/airflow/example_dags/example_short_circuit_operator.py for tasks to queue
[2026-09-24T18:12:56.543+0000] {logging_mixin.py:137} INFO - [2026-09-24T18:12:56.543+0000] {dagbag.py:538} INFO - Filling up the DagBag from /home/airflow/.local/lib/python3.7/site-packages/airflow/example_dags/example_short_circuit_operator.py
[2026-09-24T18:12:56.568+0000] {processor.py:753} INFO - DAG(s) dict_keys(['example_short_circuit_operator']) retrieved from /home/airflow/.local/lib/python3.7/site-packages/airflow/example_dags/example_short_circuit_operator.py
[2026-09-24T18:12:56.618+0000] {logging_mixin.py:137} INFO - [2026-09-24T18:12:56.618+0000] {dag.py:2676} INFO - Sync 1 DAGs
[2026-09-24T18:12:56.663+0000] {logging_mixin.py:137} INFO - [2026-09-24T18:12:56.663+0000] {dag.py:3427} INFO - Setting next_dagrun for example_short_circuit_operator to 2026-09-23T18:12:56.663238+00:00, run_after=2026-09-24T18:12:56.663238+00:00
[2026-09-24T18:12:56.696+0000] {processor.py:175} INFO - Processing /home/airflow/.local/lib/python3.7/site-packages/airflow/example_dags/example_short_circuit_operator.py took 0.160 seconds
[2026-09-24T18:13:26.964+0000] {processor.py:153} INFO - Started process (PID=1387) to work on /home/airflow/.local/lib/python3.7/site-packages/airflow/example_dags/example_short_circuit_operator.py
[2026-09-24T18:13:26.966+0000] {processor.py:743} INFO - Processing file /home/airflow/.local/lib/python3.7/site-packages/airflow/example_dags/example_short_circuit_operator.py for tasks to queue
[2026-09-24T18:13:26.968+0000] {logging_mixin.py:137} INFO - [2026-09-24T18:13:26.968+0000] {dagbag.py:538} INFO - Filling up the DagBag from /home/airflow/.local/lib/python3.7/site-packages/airflow/example_dags/example_short_circuit_operator.py
[2026-09-24T18:13:26.995+0000] {processor.py:753} INFO - DAG(s) dict_keys(['example_short_circuit_operator']) retrieved from /home/airflow/.local/lib/python3.7/site-packages/airflow/example_dags/example_short_circuit_operator.py
[2026-09-24T18:13:27.063+0000] {logging_mixin.py:137} INFO - [2026-09-24T18:13:27.062+0000] {dag.py:2676} INFO - Sync 1 DAGs
[2026-09-24T18:13:27.128+0000] {logging_mixin.py:137} INFO - [2026-09-24T18:13:27.128+0000] {dag.py:3427} INFO - Setting next_dagrun for example_short_circuit_operator to 2026-09-23T18:13:27.127939+00:00, run_after=2026-09-24T18:13:27.127939+00:00
[2026-09-24T18:13:27.152+0000] {processor.py:175} INFO - Processing /home/airflow/.local/lib/python3.7/site-packages/airflow/example_dags/example_short_circuit_operator.py took 0.192 seconds
[2026-09-24T18:13:58.122+0000] {processor.py:153} INFO - Started process (PID=1466) to work on /home/airflow/.local/lib/python3.7/site-packages/airflow/example_dags/example_short_circuit_operator.py
[2026-09-24T18:13:58.124+0000] {processor.py:743} INFO - Processing file /home/airflow/.local/lib/python3.7/site-packages/airflow/example_dags/example_short_circuit_operator.py for tasks to queue
[2026-09-24T18:13:58.126+0000] {logging_mixin.py:137} INFO - [2026-09-24T18:13:58.126+0000] {dagbag.py:538} INFO - Filling up the DagBag from /home/airflow/.local/lib/python3.7/site-packages/airflow/example_dags/example_short_circuit_operator.py
[2026-09-24T18:13:58.165+0000] {processor.py:753} INFO - DAG(s) dict_keys(['example_short_circuit_operator']) retrieved from /home/airflow/.local/lib/python3.7/site-packages/airflow/example_dags/example_short_circuit_operator.py
[2026-09-24T18:13:58.245+0000] {logging_mixin.py:137} INFO - [2026-09-24T18:13:58.244+0000] {dag.py:2676} INFO - Sync 1 DAGs
[2026-09-24T18:13:58.288+0000] {logging_mixin.py:137} INFO - [2026-09-24T18:13:58.288+0000] {dag.py:3427} INFO - Setting next_dagrun for example_short_circuit_operator to 2026-09-23T18:13:58.287350+00:00, run_after=2026-09-24T18:13:58.287350+00:00
[2026-09-24T18:13:58.330+0000] {processor.py:175} INFO - Processing /home/airflow/.local/lib/python3.7/site-packages/airflow/example_dags/example_short_circuit_operator.py took 0.212 seconds
