[2026-09-24T18:05:46.264+0000] {processor.py:153} INFO - Started process (PID=92) to work on /home/airflow/.local/lib/python3.7/site-packages/airflow/example_dags/example_branch_labels.py
[2026-09-24T18:05:46.265+0000] {processor.py:743} INFO - Processing file /home/airflow/.local/lib/python3.7/site-packages/airflow/example_dags/example_branch_labels.py for tasks to queue
[2026-09-24T18:05:46.266+0000] {logging_mixin.py:137} INFO - [2026-09-24T18:05:46.266+0000] {dagbag.py:538} INFO - Filling up the DagBag from /home/airflow/.local/lib/python3.7/site-packages/airflow/example_dags/example_branch_labels.py
[2026-09-24T18:05:46.293+0000] {processor.py:753} INFO - DAG(s) dict_keys(['example_branch_labels']) retrieved from /home/airflow/.local/lib/python3.7/site-packages/airflow/example_dags/example_branch_labels.py
[2026-09-24T18:05:46.356+0000] {logging_mixin.py:137} INFO - [2026-09-24T18:05:46.356+0000] {dag.py:2676} INFO - Sync 1 DAGs
[2026-09-24T18:05:46.403+0000] {logging_mixin.py:137} INFO - [2026-09-24T18:05:46.403+0000] {dag.py:3427} INFO - Setting next_dagrun for example_branch_labels to 2026-09-23T00:00:00+00:00, run_after=2026-09-24T00:00:00+00:00
[2026-09-24T18:05:46.448+0000] {processor.py:175} INFO - Processing /home/airflow/.local/lib/python3.7/site-packages/airflow/example_dags/example_branch_labels.py took 0.188 seconds
[2026-09-24T18:06:17.112+0000] {processor.py:153} INFO - Started process (PID=170) to work on /home/airflow/.local/lib/python3.7/site-packages/airflow/example_dags/example_branch_labels.py
[2026-09-24T18:06:17.112+0000] {processor.py:743} INFO - Processing file /home/airflow/.local/lib/python3.7/site-packages/airflow/example_dags/example_branch_labels.py for tasks to queue
[2026-09-24T18:06:17.113+0000] {logging_mixin.py:137} INFO - [2026-09-24T18:06:17.113+0000] {dagbag.py:538} INFO - Filling up the DagBag from /home/airflow/.local/lib/python3.7/site-packages/airflow/example_dags/example_branch_labels.py
[2026-09-24T18:06:17.136+0000] {processor.py:753} INFO - DAG(s) dict_keys(['example_branch_labels']) retrieved from /home/airflow/.local/lib/python3.7/site-packages/airflow/example_dags/example_branch_labels.py
[2026-09-24T18:06:17.196+0000] {logging_mixin.py:137} INFO - [2026-09-24T18:06:17.196+0000] {dag.py:2676} INFO - Sync 1 DAGs
[2026-09-24T18:06:17.240+0000] {logging_mixin.py:137} INFO - [2026-09-24T18:06:17.239+0000] {dag.py:3427} INFO - Setting next_dagrun for example_branch_labels to 2026-09-23T00:00:00+00:00, run_after=2026-09-24T00:00:00+00:00
[2026-09-24T18:06:17.274+0000] {processor.py:175} INFO - Processing /home/airflow/.local/lib/python3.7/site-packages/airflow/example_dags/example_branch_labels.py took 0.167 seconds
[2026-09-24T18:06:47.311+0000] {processor.py:153} INFO - Started process (PID=268) to work on /home/airflow/.local/lib/python3.7/site-packages/airflow/example_dags/example_branch_labels.py
[2026-09-24T18:06:47.313+0000] {processor.py:743} INFO - Processing file /home/airflow/.local/lib/python3.7/site-packages/airflow/example_dags/example_branch_labels.py for tasks to queue
[2026-09-24T18:06:47.314+0000] {logging_mixin.py:137} INFO - [2026-09-24T18:06:47.314+0000] {dagbag.py:538} INFO - Filling up the DagBag from /home/airflow/.local/lib/python3.7/site-packages/airflow/example_dags/example_branch_labels.py
[2026-09-24T18:06:47.331+0000] {processor.py:753} INFO - DAG(s) dict_keys(['example_branch_labels']) retrieved from /home/airflow/.local/lib/python3.7/site-packages/airflow/example_dags/example_branch_labels.py
[2026-09-24T18:06:47.377+0000] {logging_mixin.py:137} INFO - [2026-09-24T18:06:47.377+0000] {dag.py:2676} INFO - Sync 1 DAGs
[2026-09-24T18:06:47.417+0000] {logging_mixin.py:137} INFO - [2026-09-24T18:06:47.417+0000] {dag.py:3427} INFO - Setting next_dagrun for example_branch_labels to 2026-09-23T00:00:00+00:00, run_after=2026-09-24T00:00:00+00:00
[2026-09-24T18:06:47.447+0000] {processor.py:175} INFO - Processing /home/airflow/.local/lib/python3.7/site-packages/airflow/example_dags/example_branch_labels.py took 0.139 seconds
[2026-09-24T18:07:17.567+0000] {processor.py:153} INFO - Started process (PID=346) to work on /home/airflow/.local/lib/python3.7/site-packages/airflow/example_dags/example_branch_labels.py
[2026-09-24T18:07:17.568+0000] {processor.py:743} INFO - Processing file /home/airflow/.local/lib/python3.7/site-packages/airflow/example_dags/example_branch_labels.py for tasks to queue
[2026-09-24T18:07:17.569+0000] {logging_mixin.py:137} INFO - [2026-09-24T18:07:17.569+0000] {dagbag.py:538} INFO - Filling up the DagBag from /home/airflow/.local/lib/python3.7/site-packages/airflow/example_dags/example_branch_labels.py
[2026-09-24T18:07:17.586+0000] {processor.py:753} INFO - DAG(s) dict_keys(['example_branch_labels']) retrieved from /home/airflow/.local/lib/python3.7/site-packages/airflow/example_dags/example_branch_labels.py
[2026-09-24T18:07:17.625+0000] {logging_mixin.py:137} INFO - [2026-09-24T18:07:17.624+0000] {dag.py:2676} INFO - Sync 1 DAGs
[2026-09-24T18:07:17.653+0000] {logging_mixin.py:137} INFO - [2026-09-24T18:07:17.653+0000] {dag.py:3427} INFO - Setting next_dagrun for example_branch_labels to 2026-09-23T00:00:00+00:00, run_after=2026-09-24T00:00:00+00:00
[2026-09-24T18:07:17.676+0000] {processor.py:175} INFO - Processing /home/airflow/.local/lib/python3.7/site-packages/airflow/example_dags/example_branch_labels.py took 0.112 seconds
[2026-09-24T18:07:48.666+0000] {processor.py:153} INFO - Started process (PID=444) to work on /home/airflow/.local/lib/python3.7/site-packages/airflow/example_dags/example_branch_labels.py
[2026-09-24T18:07:48.668+0000] {processor.py:743} INFO - Processing file /home/airflow/.local/lib/python3.7/site-packages/airflow/example_dags/example_branch_labels.py for tasks to queue
[2026-09-24T18:07:48.669+0000] {logging_mixin.py:137} INFO - [2026-09-24T18:07:48.669+0000] {dagbag.py:538} INFO - Filling up the DagBag from /home/airflow/.local/lib/python3.7/site-packages/airflow/example_dags/example_branch_labels.py
[2026-09-24T18:07:48.688+0000] {processor.py:753} INFO - DAG(s) dict_keys(['example_branch_labels']) retrieved from /home/airflow/.local/lib/python3.7/site-packages/airflow/example_dags/example_branch_labels.py
[2026-09-24T18:07:48.738+0000] {logging_mixin.py:137} INFO - [2026-09-24T18:07:48.737+0000] {dag.py:2676} INFO - Sync 1 DAGs
[2026-09-24T18:07:48.774+0000] {logging_mixin.py:137} INFO - [2026-09-24T18:07:48.774+0000] {dag.py:3427} INFO - Setting next_dagrun for example_branch_labels to 2026-09-23T00:00:00+00:00, run_after=2026-09-24T00:00:00+00:00
[2026-09-24T18:07:48.807+0000] {processor.py:175} INFO - Processing /home/airflow/.local/lib/python3.7/site-packages/airflow/example_dags/example_branch_labels.py took 0.147 seconds
[2026-09-24T18:08:19.564+0000] {processor.py:153} INFO - Started process (PID=522) to work on /home/airflow/.local/lib/python3.7/site-packages/airflow/example_dags/example_branch_labels.py
[2026-09-24T18:08:19.565+0000] {processor.py:743} INFO - Processing file /home/airflow/.local/lib/python3.7/site-packages/airflow/example_dags/example_branch_labels.py for tasks to queue
[2026-09-24T18:08:19.567+0000] {logging_mixin.py:137} INFO - [2026-09-24T18:08:19.566+0000] {dagbag.py:538} INFO - Filling up the DagBag from /home/airflow/.local/lib/python3.7/site-packages/airflow/example_dags/example_branch_labels.py
[2026-09-24T18:08:19.582+0000] {processor.py:753} INFO - DAG(s) dict_keys(['example_branch_labels']) retrieved from /home/airflow/.local/lib/python3.7/site-packages/airflow/example_dags/example_branch_labels.py
[2026-09-24T18:08:19.626+0000] {logging_mixin.py:137} INFO - [2026-09-24T18:08:19.626+0000] {dag.py:2676} INFO - Sync 1 DAGs
[2026-09-24T18:08:19.658+0000] {logging_mixin.py:137} INFO - [2026-09-24T18:08:19.658+0000] {dag.py:3427} INFO - Setting next_dagrun for example_branch_labels to 2026-09-23T00:00:00+00:00, run_after=2026-09-24T00:00:00+00:00
[2026-09-24T18:08:19.683+0000] {processor.py:175} INFO - Processing /home/airflow/.local/lib/python3.7/site-packages/airflow/example_dags/example_branch_labels.py took 0.122 seconds
[2026-09-24T18:08:50.578+0000] {processor.py:153} INFO - Started process (PID=609) to work on /home/airflow/.local/lib/python3.7/site-packages/airflow/example_dags/example_branch_labels.py
[2026-09-24T18:08:50.579+0000] {processor.py:743} INFO - Processing file /home/airflow/.local/lib/python3.7/site-packages/airflow/example_dags/example_branch_labels.py for tasks to queue
[2026-09-24T18:08:50.581+0000] {logging_mixin.py:137} INFO - [2026-09-24T18:08:50.580+0000] {dagbag.py:538} INFO - Filling up the DagBag from /home/airflow/.local/lib/python3.7/site-packages/airflow/example_dags/example_branch_labels.py
[2026-09-24T18:08:50.618+0000] {processor.py:753} INFO - DAG(s) dict_keys(['example_branch_labels']) retrieved from /home/airflow/.local/lib/python3.7/site-packages/airflow/example_dags/example_branch_labels.py
[2026-09-24T18:08:50.691+0000] {logging_mixin.py:137} INFO - [2026-09-24T18:08:50.690+0000] {dag.py:2676} INFO - Sync 1 DAGs
[2026-09-24T18:08:50.737+0000] {logging_mixin.py:137} INFO - [2026-09-24T18:08:50.737+0000] {dag.py:3427} INFO - Setting next_dagrun for example_branch_labels to 2026-09-23T00:00:00+00:00, run_after=2026-09-24T00:00:00+00:00
[2026-09-24T18:08:50.775+0000] {processor.py:175} INFO - Processing /home/airflow/.local/lib/python3.7/site-packages/airflow/example_dags/example_branch_labels.py took 0.200 seconds
[2026-09-24T18:09:21.463+0000] {processor.py:153} INFO - Started process (PID=698) to work on /home/airflow/.local/lib/python3.7/site-packages/airflow/example_dags/example_branch_labels.py
[2026-09-24T18:09:21.464+0000] {processor.py:743} INFO - Processing file /home/airflow/.local/lib/python3.7/site-packages/airflow/example_dags/example_branch_labels.py for tasks to queue
[2026-09-24T18:09:21.465+0000] {logging_mixin.py:137} INFO - [2026-09-24T18:09:21.465+0000] {dagbag.py:538} INFO - Filling up the DagBag from /home/airflow/.local/lib/python3.7/site-packages/airflow/example_dags/example_branch_labels.py
[2026-09-24T18:09:21.486+0000] {processor.py:753} INFO - DAG(s) dict_keys(['example_branch_labels']) retrieved from /home/airflow/.local/lib/python3.7/site-packages/airflow/example_dags/example_branch_labels.py
[2026-09-24T18:09:21.558+0000] {logging_mixin.py:137} INFO - [2026-09-24T18:09:21.558+0000] {dag.py:2676} INFO - Sync 1 DAGs
[2026-09-24T18:09:21.607+0000] {logging_mixin.py:137} INFO - [2026-09-24T18:09:21.607+0000] {dag.py:3427} INFO - Setting next_dagrun for example_branch_labels to 2026-09-23T00:00:00+00:00, run_after=2026-09-24T00:00:00+00:00
[2026-09-24T18:09:21.650+0000] {processor.py:175} INFO - Processing /home/airflow/.local/lib/python3.7/site-packages/airflow/example_dags/example_branch_labels.py took 0.191 seconds
[2026-09-24T18:09:52.003+0000] {processor.py:153} INFO - Started process (PID=777) to work on /home/airflow/.local/lib/python3.7/site-packages/airflow/example_dags/example_branch_labels.py
[2026-09-24T18:09:52.004+0000] {processor.py:743} INFO - Processing file /home/airflow/.local/lib/python3.7/site-packages/airflow/example_dags/example_branch_labels.py for tasks to queue
[2026-09-24T18:09:52.006+0000] {logging_mixin.py:137} INFO - [2026-09-24T18:09:52.005+0000] {dagbag.py:538} INFO - Filling up the DagBag from /home/airflow/.local/lib/python3.7/site-packages/airflow/example_dags/example_branch_labels.py
[2026-09-24T18:09:52.029+0000] {processor.py:753} INFO - DAG(s) dict_keys(['example_branch_labels']) retrieved from /home/airflow/.local/lib/python3.7/site-packages/airflow/example_dags/example_branch_labels.py
[2026-09-24T18:09:52.089+0000] {logging_mixin.py:137} INFO - [2026-09-24T18:09:52.088+0000] {dag.py:2676} INFO - Sync 1 DAGs
[2026-09-24T18:09:52.143+0000] {logging_mixin.py:137} INFO - [2026-09-24T18:09:52.143+0000] {dag.py:3427} INFO - Setting next_dagrun for example_branch_labels to 2026-09-23T00:00:00+00:00, run_after=2026-09-24T00:00:00+00:00
[2026-09-24T18:09:52.181+0000] {processor.py:175} INFO - Processing /home/airflow/.local/lib/python3.7/site-packages/airflow/example_dags/example_branch_labels.py took 0.182 seconds
[2026-09-24T18:10:22.858+0000] {processor.py:153} INFO - Started process (PID=864) to work on /home/airflow/.local/lib/python3.7/site-packages/airflow/example_dags/example_branch_labels.py
[2026-09-24T18:10:22.860+0000] {processor.py:743} INFO - Processing file /home/airflow/.local/lib/python3.7/site-packages/airflow/example_dags/example_branch_labels.py for tasks to queue
[2026-09-24T18:10:22.861+0000] {logging_mixin.py:137} INFO - [2026-09-24T18:10:22.861+0000] {dagbag.py:538} INFO - Filling up the DagBag from /home/airflow/.local/lib/python3.7/site-packages/airflow/example_dags/example_branch_labels.py
[2026-09-24T18:10:22.876+0000] {processor.py:753} INFO - DAG(s) dict_keys(['example_branch_labels']) retrieved from /home/airflow/.local/lib/python3.7/site-packages/airflow/example_dags/example_branch_labels.py
[2026-09-24T18:10:22.940+0000] {logging_mixin.py:137} INFO - [2026-09-24T18:10:22.939+0000] {dag.py:2676} INFO - Sync 1 DAGs
[2026-09-24T18:10:22.973+0000] {logging_mixin.py:137} INFO - [2026-09-24T18:10:22.973+0000] {dag.py:3427} INFO - Setting next_dagrun for example_branch_labels to 2026-09-23T00:00:00+00:00, run_after=2026-09-24T00:00:00+00:00
[2026-09-24T18:10:23.002+0000] {processor.py:175} INFO - Processing /home/airflow/.local/lib/python3.7/site-packages/airflow/example_dags/example_branch_labels.py took 0.147 seconds
[2026-09-24T18:10:53.429+0000] {processor.py:153} INFO - Started process (PID=953) to work on /home/airflow/.local/lib/python3.7/site-packages/airflow/example_dags/example_branch_labels.py
[2026-09-24T18:10:53.430+0000] {processor.py:743} INFO - Processing file /home/airflow/.local/lib/python3.7/site-packages/airflow/example_dags/example_branch_labels.py for tasks to queue
[2026-09-24T18:10:53.430+0000] {logging_mixin.py:137} INFO - [2026-09-24T18:10:53.430+0000] {dagbag.py:538} INFO - Filling up the DagBag from /home/airflow/.local/lib/python3.7/site-packages/airflow/example_dags/example_branch_labels.py
[2026-09-24T18:10:53.446+0000] {processor.py:753} INFO - DAG(s) dict_keys(['example_branch_labels']) retrieved from /home/airflow/.local/lib/python3.7/site-packages/airflow/example_dags/example_branch_labels.py
[2026-09-24T18:10:53.489+0000] {logging_mixin.py:137} INFO - [2026-09-24T18:10:53.489+0000] {dag.py:2676} INFO - Sync 1 DAGs
[2026-09-24T18:10:53.516+0000] {logging_mixin.py:137} INFO - [2026-09-24T18:10:53.516+0000] {dag.py:3427} INFO - Setting next_dagrun for example_branch_labels to 2026-09-23T00:00:00+00:00, run_after=2026-09-24T00:00:00+00:00
[2026-09-24T18:10:53.539+0000] {processor.py:175} INFO - Processing /home/airflow/.local/lib/python3.7/site-packages/airflow/example_dags/example_branch_labels.py took 0.113 seconds
[2026-09-24T18:11:23.847+0000] {processor.py:153} INFO - Started process (PID=1031) to work on /home/airflow/.local/lib/python3.7/site-packages/airflow/example_dags/example_branch_labels.py
[2026-09-24T18:11:23.847+0000] {processor.py:743} INFO - Processing file /home/airflow/.local/lib/python3.7/site-packages/airflow/example_dags/example_branch_labels.py for tasks to queue
[2026-09-24T18:11:23.848+0000] {logging_mixin.py:137} INFO - [2026-09-24T18:11:23.848+0000] {dagbag.py:538} INFO - Filling up the DagBag from /home/airflow/.local/lib/python3.7/site-packages/airflow/example_dags/example_branch_labels.py
[2026-09-24T18:11:23.869+0000] {processor.py:753} INFO - DAG(s) dict_keys(['example_branch_labels']) retrieved from /home/airflow/.local/lib/python3.7/site-packages/airflow/example_dags/example_branch_labels.py
[2026-09-24T18:11:23.928+0000] {logging_mixin.py:137} INFO - [2026-09-24T18:11:23.927+0000] {dag.py:2676} INFO - Sync 1 DAGs
[2026-09-24T18:11:23.972+0000] {logging_mixin.py:137} INFO - [2026-09-24T18:11:23.972+0000] {dag.py:3427} INFO - Setting next_dagrun for example_branch_labels to 2026-09-23T00:00:00+00:00, run_after=2026-09-24T00:00:00+00:00
[2026-09-24T18:11:24.008+0000] {processor.py:175} INFO - Processing /home/airflow/.local/lib/python3.7/site-packages/airflow/example_dags/example_branch_labels.py took 0.165 seconds
[2026-09-24T18:11:54.943+0000] {processor.py:153} INFO - Started process (PID=1129) to work on /home/airflow/.local/lib/python3.7/site-packages/airflow/example_dags/example_branch_labels.py
[2026-09-24T18:11:54.946+0000] {processor.py:743} INFO - Processing file /home/airflow/.local/lib/python3.7/site-packages/airflow/example_dags/example_branch_labels.py for tasks to queue
[2026-09-24T18:11:54.947+0000] {logging_mixin.py:137} INFO - [2026-09-24T18:11:54.947+0000] {dagbag.py:538} INFO - Filling up the DagBag from /home/airflow/.local/lib/python3.7/site-packages/airflow/example_dags/example_branch_labels.py
[2026-09-24T18:11:54.972+0000] {processor.py:753} INFO - DAG(s) dict_keys(['example_branch_labels']) retrieved from /home/airflow/.local/lib/python3.7/site-packages/airflow/example_dags/example_branch_labels.py
[2026-09-24T18:11:55.094+0000] {logging_mixin.py:137} INFO - [2026-09-24T18:11:55.090+0000] {dag.py:2676} INFO - Sync 1 DAGs
[2026-09-24T18:11:55.174+0000] {logging_mixin.py:137} INFO - [2026-09-24T18:11:55.173+0000] {dag.py:3427} INFO - Setting next_dagrun for example_branch_labels to 2026-09-23T00:00:00+00:00, run_after=2026-09-24T00:00:00+00:00
[2026-09-24T18:11:55.243+0000] {processor.py:175} INFO - Processing /home/airflow/.local/lib/python3.7/site-packages/airflow/example_dags/example_branch_labels.py took 0.305 seconds
[2026-09-24T18:12:25.424+0000] {processor.py:153} INFO - Started process (PID=1207) to work on /home/airflow/.local/lib/python3.7/site-packages/airflow/example_dags/example_branch_labels.py
[2026-09-24T18:12:25.425+0000] {processor.py:743} INFO - Processing file /home/airflow/.local/lib/python3.7/site-packages/airflow/example_dags/example_branch_labels.py for tasks to queue
[2026-09-24T18:12:25.426+0000] {logging_mixin.py:137} INFO - [2026-09-24T18:12:25.426+0000] {dagbag.py:538} INFO - Filling up the DagBag from /home/airflow/.local/lib/python3.7/site-packages/airflow/example_dags/example_branch_labels.py
[2026-09-24T18:12:25.456+0000] {processor.py:753} INFO - DAG(s) dict_keys(['example_branch_labels']) retrieved from /home/airflow/.local/lib/python3.7/site-packages/airflow/example_dags/example_branch_labels.py
[2026-09-24T18:12:25.508+0000] {logging_mixin.py:137} INFO - [2026-09-24T18:12:25.507+0000] {dag.py:2676} INFO - Sync 1 DAGs
[2026-09-24T18:12:25.546+0000] {logging_mixin.py:137} INFO - [2026-09-24T18:12:25.546+0000] {dag.py:3427} INFO - Setting next_dagrun for example_branch_labels to 2026-09-23T00:00:00+00:00, run_after=2026-09-24T00:00:00+00:00
[2026-09-24T18:12:25.579+0000] {processor.py:175} INFO - Processing /home/airflow/.local/lib/python3.7/site-packages/airflow/example_dags/example_branch_labels.py took 0.160 seconds
[2026-09-24T18:12:56.007+0000] {processor.py:153} INFO - Started process (PID=1294) to work on /home/airflow/.local/lib/python3.7/site-packages/airflow/example_dags/example_branch_labels.py
[2026-09-24T18:12:56.009+0000] {processor.py:743} INFO - Processing file /home/airflow/.local/lib/python3.7/site-packages/airflow/example_dags/example_branch_labels.py for tasks to queue
[2026-09-24T18:12:56.011+0000] {logging_mixin.py:137} INFO - [2026-09-24T18:12:56.011+0000] {dagbag.py:538} INFO - Filling up the DagBag from /home/airflow/.local/lib/python3.7/site-packages/airflow/example_dags/example_branch_labels.py
[2026-09-24T18:12:56.060+0000] {processor.py:753} INFO - DAG(s) dict_keys(['example_branch_labels']) retrieved from /home/airflow/.local/lib/python3.7/site-packages/airflow/example_dags/example_branch_labels.py
[2026-09-24T18:12:56.152+0000] {logging_mixin.py:137} INFO - [2026-09-24T18:12:56.152+0000] {dag.py:2676} INFO - Sync 1 DAGs
[2026-09-24T18:12:56.211+0000] {logging_mixin.py:137} INFO - [2026-09-24T18:12:56.210+0000] {dag.py:3427} INFO - Setting next_dagrun for example_branch_labels to 2026-09-23T00:00:00+00:00, run_after=2026-09-24T00:00:00+00:00
[2026-09-24T18:12:56.259+0000] {processor.py:175} INFO - Processing /home/airflow/.local/lib/python3.7/site-packages/airflow/example_dags/example_branch_labels.py took 0.262 seconds
[2026-09-24T18:13:26.566+0000] {processor.py:153} INFO - Started process (PID=1383) to work on /home/airflow/.local/lib/python3.7/site-packages/airflow/example_dags/example_branch_labels.py
[2026-09-24T18:13:26.567+0000] {processor.py:743} INFO - Processing file /home/airflow/.local/lib/python3.7/site-packages/airflow/example_dags/example_branch_labels.py for tasks to queue
[2026-09-24T18:13:26.568+0000] {logging_mixin.py:137} INFO - [2026-09-24T18:13:26.567+0000] {dagbag.py:538} INFO - Filling up the DagBag from /home/airflow/.local/lib/python3.7/site-packages/airflow/example_dags/example_branch_labels.py
[2026-09-24T18:13:26.592+0000] {processor.py:753} INFO - DAG(s) dict_keys(['example_branch_labels']) retrieved from /home/airflow/.local/lib/python3.7/site-packages/airflow/example_dags/example_branch_labels.py
[2026-09-24T18:13:26.651+0000] {logging_mixin.py:137} INFO - [2026-09-24T18:13:26.651+0000] {dag.py:2676} INFO - Sync 1 DAGs
[2026-09-24T18:13:26.693+0000] {logging_mixin.py:137} INFO - [2026-09-24T18:13:26.693+0000] {dag.py:3427} INFO - Setting next_dagrun for example_branch_labels to 2026-09-23T00:00:00+00:00, run_after=2026-09-24T00:00:00+00:00
[2026-09-24T18:13:26.728+0000] {processor.py:175} INFO - Processing /home/airflow/.local/lib/python3.7/site-packages/airflow/example_dags/example_branch_labels.py took 0.174 seconds
[2026-09-24T18:13:57.513+0000] {processor.py:153} INFO - Started process (PID=1462) to work on /home/airflow/.local/lib/python3.7/site-packages/airflow/example_dags/example_branch_labels.py
[2026-09-24T18:13:57.516+0000] {processor.py:743} INFO - Processing file /home/airflow/.local/lib/python3.7/site-packages/airflow/example_dags/example_branch_labels.py for tasks to queue
[2026-09-24T18:13:57.520+0000] {logging_mixin.py:137} INFO - [2026-09-24T18:13:57.519+0000] {dagbag.py:538} INFO - Filling up the DagBag from /home/airflow/.local/lib/python3.7/site-packages/airflow/example_dags/example_branch_labels.py
[2026-09-24T18:13:57.592+0000] {processor.py:753} INFO - DAG(s) dict_keys(['example_branch_labels']) retrieved from /home/airflow/.local/lib/python3.7/site-packages/airflow/example_dags/example_branch_labels.py
[2026-09-24T18:13:57.697+0000] {logging_mixin.py:137} INFO - [2026-09-24T18:13:57.697+0000] {dag.py:2676} INFO - Sync 1 DAGs
[2026-09-24T18:13:57.734+0000] {logging_mixin.py:137} INFO - [2026-09-24T18:13:57.734+0000] {dag.py:3427} INFO - Setting next_dagrun for example_branch_labels to 2026-09-23T00:00:00+00:00, run_after=2026-09-24T00:00:00+00:00
[2026-09-24T18:13:57.764+0000] {processor.py:175} INFO - Processing /home/airflow/.local/lib/python3.7/site-packages/airflow/example_dags/example_branch_labels.py took 0.262 seconds
