[2026-09-24T18:05:43.985+0000] {processor.py:153} INFO - Started process (PID=77) to work on /home/airflow/.local/lib/python3.7/site-packages/airflow/example_dags/example_xcomargs.py
[2026-09-24T18:05:43.986+0000] {processor.py:743} INFO - Processing file /home/airflow/.local/lib/python3.7/site-packages/airflow/example_dags/example_xcomargs.py for tasks to queue
[2026-09-24T18:05:43.989+0000] {logging_mixin.py:137} INFO - [2026-09-24T18:05:43.989+0000] {dagbag.py:538} INFO - Filling up the DagBag from /home/airflow/.local/lib/python3.7/site-packages/airflow/example_dags/example_xcomargs.py
[2026-09-24T18:05:44.035+0000] {processor.py:753} INFO - DAG(s) dict_keys(['example_xcom_args', 'example_xcom_args_with_operators']) retrieved from /home/airflow/.local/lib/python3.7/site-packages/airflow/example_dags/example_xcomargs.py
[2026-09-24T18:05:44.123+0000] {logging_mixin.py:137} INFO - [2026-09-24T18:05:44.122+0000] {dag.py:2676} INFO - Sync 2 DAGs
[2026-09-24T18:05:44.191+0000] {logging_mixin.py:137} INFO - [2026-09-24T18:05:44.191+0000] {dag.py:3427} INFO - Setting next_dagrun for example_xcom_args to None, run_after=None
[2026-09-24T18:05:44.202+0000] {logging_mixin.py:137} INFO - [2026-09-24T18:05:44.201+0000] {dag.py:3427} INFO - Setting next_dagrun for example_xcom_args_with_operators to None, run_after=None
[2026-09-24T18:05:44.248+0000] {processor.py:175} INFO - Processing /home/airflow/.local/lib/python3.7/site-packages/airflow/example_dags/example_xcomargs.py took 0.268 seconds
[2026-09-24T18:06:15.226+0000] {processor.py:153} INFO - Started process (PID=155) to work on /home/airflow/.local/lib/python3.7/site-packages/airflow/example_dags/example_xcomargs.py
[2026-09-24T18:06:15.230+0000] {processor.py:743} INFO - Processing file /home/airflow/.local/lib/python3.7/site-packages/airflow/example_dags/example_xcomargs.py for tasks to queue
[2026-09-24T18:06:15.231+0000] {logging_mixin.py:137} INFO - [2026-09-24T18:06:15.231+0000] {dagbag.py:538} INFO - Filling up the DagBag from /home/airflow/.local/lib/python3.7/site-packages/airflow/example_dags/example_xcomargs.py
[2026-09-24T18:06:15.273+0000] {processor.py:753} INFO - DAG(s) dict_keys(['example_xcom_args', 'example_xcom_args_with_operators']) retrieved from /home/airflow/.local/lib/python3.7/site-packages/airflow/example_dags/example_xcomargs.py
[2026-09-24T18:06:15.330+0000] {logging_mixin.py:137} INFO - [2026-09-24T18:06:15.330+0000] {dag.py:2676} INFO - Sync 2 DAGs
[2026-09-24T18:06:15.371+0000] {logging_mixin.py:137} INFO - [2026-09-24T18:06:15.371+0000] {dag.py:3427} INFO - Setting next_dagrun for example_xcom_args to None, run_after=None
[2026-09-24T18:06:15.378+0000] {logging_mixin.py:137} INFO - [2026-09-24T18:06:15.377+0000] {dag.py:3427} INFO - Setting next_dagrun for example_xcom_args_with_operators to None, run_after=None
[2026-09-24T18:06:15.404+0000] {processor.py:175} INFO - Processing /home/airflow/.local/lib/python3.7/site-packages/airflow/example_dags/example_xcomargs.py took 0.185 seconds
[2026-09-24T18:06:45.459+0000] {processor.py:153} INFO - Started process (PID=241) to work on /home/airflow/.local/lib/python3.7/site-packages/airflow/example_dags/example_xcomargs.py
[2026-09-24T18:06:45.462+0000] {processor.py:743} INFO - Processing file /home/airflow/.local/lib/python3.7/site-packages/airflow/example_dags/example_xcomargs.py for tasks to queue
[2026-09-24T18:06:45.464+0000] {logging_mixin.py:137} INFO - [2026-09-24T18:06:45.463+0000] {dagbag.py:538} INFO - Filling up the DagBag from /home/airflow/.local/lib/python3.7/site-packages/airflow/example_dags/example_xcomargs.py
[2026-09-24T18:06:45.499+0000] {processor.py:753} INFO - DAG(s) dict_keys(['example_xcom_args_with_operators', 'example_xcom_args']) retrieved from /home/airflow/.local/lib/python3.7/site-packages/airflow/example_dags/example_xcomargs.py
[2026-09-24T18:06:45.559+0000] {logging_mixin.py:137} INFO - [2026-09-24T18:06:45.558+0000] {dag.py:2676} INFO - Sync 2 DAGs
[2026-09-24T18:06:45.596+0000] {logging_mixin.py:137} INFO - [2026-09-24T18:06:45.595+0000] {dag.py:3427} INFO - Setting next_dagrun for example_xcom_args to None, run_after=None
[2026-09-24T18:06:45.603+0000] {logging_mixin.py:137} INFO - [2026-09-24T18:06:45.603+0000] {dag.py:3427} INFO - Setting next_dagrun for example_xcom_args_with_operators to None, run_after=None
[2026-09-24T18:06:45.633+0000] {processor.py:175} INFO - Processing /home/airflow/.local/lib/python3.7/site-packages/airflow/example_dags/example_xcomargs.py took 0.177 seconds
[2026-09-24T18:07:16.157+0000] {processor.py:153} INFO - Started process (PID=331) to work on /home/airflow/.local/lib/python3.7/site-packages/airflow/example_dags/example_xcomargs.py
[2026-09-24T18:07:16.158+0000] {processor.py:743} INFO - Processing file /home/airflow/.local/lib/python3.7/site-packages/airflow/example_dags/example_xcomargs.py for tasks to queue
[2026-09-24T18:07:16.159+0000] {logging_mixin.py:137} INFO - [2026-09-24T18:07:16.159+0000] {dagbag.py:538} INFO - Filling up the DagBag from /home/airflow/.local/lib/python3.7/site-packages/airflow/example_dags/example_xcomargs.py
[2026-09-24T18:07:16.182+0000] {processor.py:753} INFO - DAG(s) dict_keys(['example_xcom_args_with_operators', 'example_xcom_args']) retrieved from /home/airflow/.local/lib/python3.7/site-packages/airflow/example_dags/example_xcomargs.py
[2026-09-24T18:07:16.229+0000] {logging_mixin.py:137} INFO - [2026-09-24T18:07:16.229+0000] {dag.py:2676} INFO - Sync 2 DAGs
[2026-09-24T18:07:16.257+0000] {logging_mixin.py:137} INFO - [2026-09-24T18:07:16.257+0000] {dag.py:3427} INFO - Setting next_dagrun for example_xcom_args to None, run_after=None
[2026-09-24T18:07:16.261+0000] {logging_mixin.py:137} INFO - [2026-09-24T18:07:16.261+0000] {dag.py:3427} INFO - Setting next_dagrun for example_xcom_args_with_operators to None, run_after=None
[2026-09-24T18:07:16.283+0000] {processor.py:175} INFO - Processing /home/airflow/.local/lib/python3.7/site-packages/airflow/example_dags/example_xcomargs.py took 0.129 seconds
[2026-09-24T18:07:46.807+0000] {processor.py:153} INFO - Started process (PID=409) to work on /home/airflow/.local/lib/python3.7/site-packages/airflow/example_dags/example_xcomargs.py
[2026-09-24T18:07:46.809+0000] {processor.py:743} INFO - Processing file /home/airflow/.local/lib/python3.7/site-packages/airflow/example_dags/example_xcomargs.py for tasks to queue
[2026-09-24T18:07:46.810+0000] {logging_mixin.py:137} INFO - [2026-09-24T18:07:46.810+0000] {dagbag.py:538} INFO - Filling up the DagBag from /home/airflow/.local/lib/python3.7/site-packages/airflow/example_dags/example_xcomargs.py
[2026-09-24T18:07:46.840+0000] {processor.py:753} INFO - DAG(s) dict_keys(['example_xcom_args', 'example_xcom_args_with_operators']) retrieved from /home/airflow/.local/lib/python3.7/site-packages/airflow/example_dags/example_xcomargs.py
[2026-09-24T18:07:46.881+0000] {logging_mixin.py:137} INFO - [2026-09-24T18:07:46.881+0000] {dag.py:2676} INFO - Sync 2 DAGs
[2026-09-24T18:07:46.906+0000] {logging_mixin.py:137} INFO - [2026-09-24T18:07:46.906+0000] {dag.py:3427} INFO - Setting next_dagrun for example_xcom_args to None, run_after=None
[2026-09-24T18:07:46.909+0000] {logging_mixin.py:137} INFO - [2026-09-24T18:07:46.909+0000] {dag.py:3427} INFO - Setting next_dagrun for example_xcom_args_with_operators to None, run_after=None
[2026-09-24T18:07:46.930+0000] {processor.py:175} INFO - Processing /home/airflow/.local/lib/python3.7/site-packages/airflow/example_dags/example_xcomargs.py took 0.126 seconds
[2026-09-24T18:08:16.951+0000] {processor.py:153} INFO - Started process (PID=506) to work on /home/airflow/.local/lib/python3.7/site-packages/airflow/example_dags/example_xcomargs.py
[2026-09-24T18:08:16.951+0000] {processor.py:743} INFO - Processing file /home/airflow/.local/lib/python3.7/site-packages/airflow/example_dags/example_xcomargs.py for tasks to queue
[2026-09-24T18:08:16.952+0000] {logging_mixin.py:137} INFO - [2026-09-24T18:08:16.952+0000] {dagbag.py:538} INFO - Filling up the DagBag from /home/airflow/.local/lib/python3.7/site-packages/airflow/example_dags/example_xcomargs.py
[2026-09-24T18:08:16.975+0000] {processor.py:753} INFO - DAG(s) dict_keys(['example_xcom_args_with_operators', 'example_xcom_args']) retrieved from /home/airflow/.local/lib/python3.7/site-packages/airflow/example_dags/example_xcomargs.py
[2026-09-24T18:08:17.017+0000] {logging_mixin.py:137} INFO - [2026-09-24T18:08:17.016+0000] {dag.py:2676} INFO - Sync 2 DAGs
[2026-09-24T18:08:17.044+0000] {logging_mixin.py:137} INFO - [2026-09-24T18:08:17.043+0000] {dag.py:3427} INFO - Setting next_dagrun for example_xcom_args to None, run_after=None
[2026-09-24T18:08:17.052+0000] {logging_mixin.py:137} INFO - [2026-09-24T18:08:17.052+0000] {dag.py:3427} INFO - Setting next_dagrun for example_xcom_args_with_operators to None, run_after=None
[2026-09-24T18:08:17.073+0000] {processor.py:175} INFO - Processing /home/airflow/.local/lib/python3.7/site-packages/airflow/example_dags/example_xcomargs.py took 0.126 seconds
[2026-09-24T18:08:48.040+0000] {processor.py:153} INFO - Started process (PID=585) to work on /home/airflow/.local/lib/python3.7/site-packages/airflow/example_dags/example_xcomargs.py
[2026-09-24T18:08:48.041+0000] {processor.py:743} INFO - Processing file /home/airflow/.local/lib/python3.7/site-packages/airflow/example_dags/example_xcomargs.py for tasks to queue
[2026-09-24T18:08:48.042+0000] {logging_mixin.py:137} INFO - [2026-09-24T18:08:48.042+0000] {dagbag.py:538} INFO - Filling up the DagBag from /home/airflow/.local/lib/python3.7/site-packages/airflow/example_dags/example_xcomargs.py
[2026-09-24T18:08:48.063+0000] {processor.py:753} INFO - DAG(s) dict_keys(['example_xcom_args_with_operators', 'example_xcom_args']) retrieved from /home/airflow/.local/lib/python3.7/site-packages/airflow/example_dags/example_xcomargs.py
[2026-09-24T18:08:48.112+0000] {logging_mixin.py:137} INFO - [2026-09-24T18:08:48.112+0000] {dag.py:2676} INFO - Sync 2 DAGs
[2026-09-24T18:08:48.142+0000] {logging_mixin.py:137} INFO - [2026-09-24T18:08:48.141+0000] {dag.py:3427} INFO - Setting next_dagrun for example_xcom_args to None, run_after=None
[2026-09-24T18:08:48.145+0000] {logging_mixin.py:137} INFO - [2026-09-24T18:08:48.145+0000] {dag.py:3427} INFO - Setting next_dagrun for example_xcom_args_with_operators to None, run_after=None
[2026-09-24T18:08:48.167+0000] {processor.py:175} INFO - Processing /home/airflow/.local/lib/python3.7/site-packages/airflow/example_dags/example_xcomargs.py took 0.129 seconds
[2026-09-24T18:09:18.644+0000] {processor.py:153} INFO - Started process (PID=683) to work on /home/airflow/.local/lib/python3.7/site-packages/airflow/example_dags/example_xcomargs.py
[2026-09-24T18:09:18.646+0000] {processor.py:743} INFO - Processing file /home/airflow/.local/lib/python3.7/site-packages/airflow/example_dags/example_xcomargs.py for tasks to queue
[2026-09-24T18:09:18.648+0000] {logging_mixin.py:137} INFO - [2026-09-24T18:09:18.648+0000] {dagbag.py:538} INFO - Filling up the DagBag from /home/airflow/.local/lib/python3.7/site-packages/airflow/example_dags/example_xcomargs.py
[2026-09-24T18:09:18.680+0000] {processor.py:753} INFO - DAG(s) dict_keys(['example_xcom_args', 'example_xcom_args_with_operators']) retrieved from /home/airflow/.local/lib/python3.7/site-packages/airflow/example_dags/example_xcomargs.py
[2026-09-24T18:09:18.755+0000] {logging_mixin.py:137} INFO - [2026-09-24T18:09:18.754+0000] {dag.py:2676} INFO - Sync 2 DAGs
[2026-09-24T18:09:18.817+0000] {logging_mixin.py:137} INFO - [2026-09-24T18:09:18.817+0000] {dag.py:3427} INFO - Setting next_dagrun for example_xcom_args to None, run_after=None
[2026-09-24T18:09:18.826+0000] {logging_mixin.py:137} INFO - [2026-09-24T18:09:18.826+0000] {dag.py:3427} INFO - Setting next_dagrun for example_xcom_args_with_operators to None, run_after=None
[2026-09-24T18:09:18.870+0000] {processor.py:175} INFO - Processing /home/airflow/.local/lib/python3.7/site-packages/airflow/example_dags/example_xcomargs.py took 0.233 seconds
[2026-09-24T18:09:49.862+0000] {processor.py:153} INFO - Started process (PID=762) to work on /home/airflow/.local/lib/python3.7/site-packages/airflow/example_dags/example_xcomargs.py
[2026-09-24T18:09:49.865+0000] {processor.py:743} INFO - Processing file /home/airflow/.local/lib/python3.7/site-packages/airflow/example_dags/example_xcomargs.py for tasks to queue
[2026-09-24T18:09:49.867+0000] {logging_mixin.py:137} INFO - [2026-09-24T18:09:49.866+0000] {dagbag.py:538} INFO - Filling up the DagBag from /home/airflow/.local/lib/python3.7/site-packages/airflow/example_dags/example_xcomargs.py
[2026-09-24T18:09:49.935+0000] {processor.py:753} INFO - DAG(s) dict_keys(['example_xcom_args', 'example_xcom_args_with_operators']) retrieved from /home/airflow/.local/lib/python3.7/site-packages/airflow/example_dags/example_xcomargs.py
[2026-09-24T18:09:50.055+0000] {logging_mixin.py:137} INFO - [2026-09-24T18:09:50.054+0000] {dag.py:2676} INFO - Sync 2 DAGs
[2026-09-24T18:09:50.129+0000] {logging_mixin.py:137} INFO - [2026-09-24T18:09:50.129+0000] {dag.py:3427} INFO - Setting next_dagrun for example_xcom_args to None, run_after=None
[2026-09-24T18:09:50.149+0000] {logging_mixin.py:137} INFO - [2026-09-24T18:09:50.149+0000] {dag.py:3427} INFO - Setting next_dagrun for example_xcom_args_with_operators to None, run_after=None
[2026-09-24T18:09:50.205+0000] {processor.py:175} INFO - Processing /home/airflow/.local/lib/python3.7/site-packages/airflow/example_dags/example_xcomargs.py took 0.347 seconds
[2026-09-24T18:10:20.313+0000] {processor.py:153} INFO - Started process (PID=840) to work on /home/airflow/.local/lib/python3.7/site-packages/airflow/example_dags/example_xcomargs.py
[2026-09-24T18:10:20.314+0000] {processor.py:743} INFO - Processing file /home/airflow/.local/lib/python3.7/site-packages/airflow/example_dags/example_xcomargs.py for tasks to queue
[2026-09-24T18:10:20.314+0000] {logging_mixin.py:137} INFO - [2026-09-24T18:10:20.314+0000] {dagbag.py:538} INFO - Filling up the DagBag from /home/airflow/.local/lib/python3.7/site-packages/airflow/example_dags/example_xcomargs.py
[2026-09-24T18:10:20.348+0000] {processor.py:753} INFO - DAG(s) dict_keys(['example_xcom_args_with_operators', 'example_xcom_args']) retrieved from /home/airflow/.local/lib/python3.7/site-packages/airflow/example_dags/example_xcomargs.py
[2026-09-24T18:10:20.407+0000] {logging_mixin.py:137} INFO - [2026-09-24T18:10:20.406+0000] {dag.py:2676} INFO - Sync 2 DAGs
[2026-09-24T18:10:20.442+0000] {logging_mixin.py:137} INFO - [2026-09-24T18:10:20.442+0000] {dag.py:3427} INFO - Setting next_dagrun for example_xcom_args to None, run_after=None
[2026-09-24T18:10:20.446+0000] {logging_mixin.py:137} INFO - [2026-09-24T18:10:20.446+0000] {dag.py:3427} INFO - Setting next_dagrun for example_xcom_args_with_operators to None, run_after=None
[2026-09-24T18:10:20.475+0000] {processor.py:175} INFO - Processing /home/airflow/.local/lib/python3.7/site-packages/airflow/example_dags/example_xcomargs.py took 0.165 seconds
[2026-09-24T18:10:51.014+0000] {processor.py:153} INFO - Started process (PID=938) to work on /home/airflow/.local/lib/python3.7/site-packages/airflow/example_dags/example_xcomargs.py
[2026-09-24T18:10:51.016+0000] {processor.py:743} INFO - Processing file /home/airflow/.local/lib/python3.7/site-packages/airflow/example_dags/example_xcomargs.py for tasks to queue
[2026-09-24T18:10:51.017+0000] {logging_mixin.py:137} INFO - [2026-09-24T18:10:51.017+0000] {dagbag.py:538} INFO - Filling up the DagBag from /home/airflow/.local/lib/python3.7/site-packages/airflow/example_dags/example_xcomargs.py
[2026-09-24T18:10:51.048+0000] {processor.py:753} INFO - DAG(s) dict_keys(['example_xcom_args', 'example_xcom_args_with_operators']) retrieved from /home/airflow/.local/lib/python3.7/site-packages/airflow/example_dags/example_xcomargs.py
[2026-09-24T18:10:51.103+0000] {logging_mixin.py:137} INFO - [2026-09-24T18:10:51.103+0000] {dag.py:2676} INFO - Sync 2 DAGs
[2026-09-24T18:10:51.130+0000] {logging_mixin.py:137} INFO - [2026-09-24T18:10:51.130+0000] {dag.py:3427} INFO - Setting next_dagrun for example_xcom_args to None, run_after=None
[2026-09-24T18:10:51.134+0000] {logging_mixin.py:137} INFO - [2026-09-24T18:10:51.134+0000] {dag.py:3427} INFO - Setting next_dagrun for example_xcom_args_with_operators to None, run_after=None
[2026-09-24T18:10:51.155+0000] {processor.py:175} INFO - Processing /home/airflow/.local/lib/python3.7/site-packages/airflow/example_dags/example_xcomargs.py took 0.145 seconds
[2026-09-24T18:11:21.350+0000] {processor.py:153} INFO - Started process (PID=1016) to work on /home/airflow/.local/lib/python3.7/site-packages/airflow/example_dags/example_xcomargs.py
[2026-09-24T18:11:21.351+0000] {processor.py:743} INFO - Processing file /home/airflow/.local/lib/python3.7/site-packages/airflow/example_dags/example_xcomargs.py for tasks to queue
[2026-09-24T18:11:21.351+0000] {logging_mixin.py:137} INFO - [2026-09-24T18:11:21.351+0000] {dagbag.py:538} INFO - Filling up the DagBag from /home/airflow/.local/lib/python3.7/site-packages/airflow/example_dags/example_xcomargs.py
[2026-09-24T18:11:21.378+0000] {processor.py:753} INFO - DAG(s) dict_keys(['example_xcom_args_with_operators', 'example_xcom_args']) retrieved from /home/airflow/.local/lib/python3.7/site-packages/airflow/example_dags/example_xcomargs.py
[2026-09-24T18:11:21.423+0000] {logging_mixin.py:137} INFO - [2026-09-24T18:11:21.423+0000] {dag.py:2676} INFO - Sync 2 DAGs
[2026-09-24T18:11:21.451+0000] {logging_mixin.py:137} INFO - [2026-09-24T18:11:21.451+0000] {dag.py:3427} INFO - Setting next_dagrun for example_xcom_args to None, run_after=None
[2026-09-24T18:11:21.455+0000] {logging_mixin.py:137} INFO - [2026-09-24T18:11:21.455+0000] {dag.py:3427} INFO - Setting next_dagrun for example_xcom_args_with_operators to None, run_after=None
[2026-09-24T18:11:21.476+0000] {processor.py:175} INFO - Processing /home/airflow/.local/lib/python3.7/site-packages/airflow/example_dags/example_xcomargs.py took 0.129 seconds
[2026-09-24T18:11:52.459+0000] {processor.py:153} INFO - Started process (PID=1114) to work on /home/airflow/.local/lib/python3.7/site-packages/airflow/example_dags/example_xcomargs.py
[2026-09-24T18:11:52.462+0000] {processor.py:743} INFO - Processing file /home/airflow/.local/lib/python3.7/site-packages/airflow/example_dags/example_xcomargs.py for tasks to queue
[2026-09-24T18:11:52.464+0000] {logging_mixin.py:137} INFO - [2026-09-24T18:11:52.463+0000] {dagbag.py:538} INFO - Filling up the DagBag from /home/airflow/.local/lib/python3.7/site-packages/airflow/example_dags/example_xcomargs.py
[2026-09-24T18:11:52.502+0000] {processor.py:753} INFO - DAG(s) dict_keys(['example_xcom_args_with_operators', 'example_xcom_args']) retrieved from /home/airflow/.local/lib/python3.7/site-packages/airflow/example_dags/example_xcomargs.py
[2026-09-24T18:11:52.587+0000] {logging_mixin.py:137} INFO - [2026-09-24T18:11:52.587+0000] {dag.py:2676} INFO - Sync 2 DAGs
[2026-09-24T18:11:52.636+0000] {logging_mixin.py:137} INFO - [2026-09-24T18:11:52.636+0000] {dag.py:3427} INFO - Setting next_dagrun for example_xcom_args to None, run_after=None
[2026-09-24T18:11:52.645+0000] {logging_mixin.py:137} INFO - [2026-09-24T18:11:52.645+0000] {dag.py:3427} INFO - Setting next_dagrun for example_xcom_args_with_operators to None, run_after=None
[2026-09-24T18:11:52.685+0000] {processor.py:175} INFO - Processing /home/airflow/.local/lib/python3.7/site-packages/airflow/example_dags/example_xcomargs.py took 0.231 seconds
[2026-09-24T18:12:22.731+0000] {processor.py:153} INFO - Started process (PID=1192) to work on /home/airflow/.local/lib/python3.7/site-packages/airflow/example_dags/example_xcomargs.py
[2026-09-24T18:12:22.732+0000] {processor.py:743} INFO - Processing file /home/airflow/.local/lib/python3.7/site-packages/airflow/example_dags/example_xcomargs.py for tasks to queue
[2026-09-24T18:12:22.733+0000] {logging_mixin.py:137} INFO - [2026-09-24T18:12:22.732+0000] {dagbag.py:538} INFO - Filling up the DagBag from /home/airflow/.local/lib/python3.7/site-packages/airflow/example_dags/example_xcomargs.py
[2026-09-24T18:12:22.763+0000] {processor.py:753} INFO - DAG(s) dict_keys(['example_xcom_args_with_operators', 'example_xcom_args']) retrieved from /home/airflow/.local/lib/python3.7/site-packages/airflow/example_dags/example_xcomargs.py
[2026-09-24T18:12:22.823+0000] {logging_mixin.py:137} INFO - [2026-09-24T18:12:22.822+0000] {dag.py:2676} INFO - Sync 2 DAGs
[2026-09-24T18:12:22.859+0000] {logging_mixin.py:137} INFO - [2026-09-24T18:12:22.859+0000] {dag.py:3427} INFO - Setting next_dagrun for example_xcom_args to None, run_after=None
[2026-09-24T18:12:22.864+0000] {logging_mixin.py:137} INFO - [2026-09-24T18:12:22.863+0000] {dag.py:3427} INFO - Setting next_dagrun for example_xcom_args_with_operators to None, run_after=None
[2026-09-24T18:12:22.891+0000] {processor.py:175} INFO - Processing /home/airflow/.local/lib/python3.7/site-packages/airflow/example_dags/example_xcomargs.py took 0.164 seconds
[2026-09-24T18:12:53.069+0000] {processor.py:153} INFO - Started process (PID=1270) to work on /home/airflow/.local/lib/python3.7/site-packages/airflow/example_dags/example_xcomargs.py
[2026-09-24T18:12:53.071+0000] {processor.py:743} INFO - Processing file /home/airflow/.local/lib/python3.7/site-packages/airflow/example_dags/example_xcomargs.py for tasks to queue
[2026-09-24T18:12:53.072+0000] {logging_mixin.py:137} INFO - [2026-09-24T18:12:53.072+0000] {dagbag.py:538} INFO - Filling up the DagBag from /home/airflow/.local/lib/python3.7/site-packages/airflow/example_dags/example_xcomargs.py
[2026-09-24T18:12:53.101+0000] {processor.py:753} INFO - DAG(s) dict_keys(['example_xcom_args_with_operators', 'example_xcom_args']) retrieved from /home/airflow/.local/lib/python3.7/site-packages/airflow/example_dags/example_xcomargs.py
[2026-09-24T18:12:53.162+0000] {logging_mixin.py:137} INFO - [2026-09-24T18:12:53.162+0000] {dag.py:2676} INFO - Sync 2 DAGs
[2026-09-24T18:12:53.200+0000] {logging_mixin.py:137} INFO - [2026-09-24T18:12:53.199+0000] {dag.py:3427} INFO - Setting next_dagrun for example_xcom_args to None, run_after=None
[2026-09-24T18:12:53.206+0000] {logging_mixin.py:137} INFO - [2026-09-24T18:12:53.206+0000] {dag.py:3427} INFO - Setting next_dagrun for example_xcom_args_with_operators to None, run_after=None
[2026-09-24T18:12:53.234+0000] {processor.py:175} INFO - Processing /home/airflow/.local/lib/python3.7/site-packages/airflow/example_dags/example_xcomargs.py took 0.169 seconds
[2026-09-24T18:13:24.197+0000] {processor.py:153} INFO - Started process (PID=1368) to work on /home/airflow/.local/lib/python3.7/site-packages/airflow/example_dags/example_xcomargs.py
[2026-09-24T18:13:24.199+0000] {processor.py:743} INFO - Processing file /home/airflow/.local/lib/python3.7/site-packages/airflow/example_dags/example_xcomargs.py for tasks to queue
[2026-09-24T18:13:24.200+0000] {logging_mixin.py:137} INFO - [2026-09-24T18:13:24.200+0000] {dagbag.py:538} INFO - Filling up the DagBag from /home/airflow/.local/lib/python3.7/site-packages/airflow/example_dags/example_xcomargs.py
[2026-09-24T18:13:24.319+0000] {processor.py:753} INFO - DAG(s) dict_keys(['example_xcom_args_with_operators', 'example_xcom_args']) retrieved from /home/airflow/.local/lib/python3.7/site-packages/airflow/example_dags/example_xcomargs.py
[2026-09-24T18:13:24.464+0000] {logging_mixin.py:137} INFO - [2026-09-24T18:13:24.464+0000] {dag.py:2676} INFO - Sync 2 DAGs
[2026-09-24T18:13:24.592+0000] {logging_mixin.py:137} INFO - [2026-09-24T18:13:24.591+0000] {dag.py:3427} INFO - Setting next_dagrun for example_xcom_args to None, run_after=None
[2026-09-24T18:13:24.614+0000] {logging_mixin.py:137} INFO - [2026-09-24T18:13:24.614+0000] {dag.py:3427} INFO - Setting next_dagrun for example_xcom_args_with_operators to None, run_after=None
[2026-09-24T18:13:24.714+0000] {processor.py:175} INFO - Processing /home/airflow/.local/lib/python3.7/site-packages/airflow/example_dags/example_xcomargs.py took 0.521 seconds
[2026-09-24T18:13:55.036+0000] {processor.py:153} INFO - Started process (PID=1447) to work on /home/airflow/.local/lib/python3.7/site-packages/airflow/example_dags/example_xcomargs.py
[2026-09-24T18:13:55.040+0000] {processor.py:743} INFO - Processing file /home/airflow/.local/lib/python3.7/site-packages/airflow/example_dags/example_xcomargs.py for tasks to queue
[2026-09-24T18:13:55.042+0000] {logging_mixin.py:137} INFO - [2026-09-24T18:13:55.042+0000] {dagbag.py:538} INFO - Filling up the DagBag from /home/airflow/.local/lib/python3.7/site-packages/airflow/example_dags/example_xcomargs.py
[2026-09-24T18:13:55.137+0000] {processor.py:753} INFO - DAG(s) dict_keys(['example_xcom_args', 'example_xcom_args_with_operators']) retrieved from /home/airflow/.local/lib/python3.7/site-packages/airflow/example_dags/example_xcomargs.py
[2026-09-24T18:13:55.310+0000] {logging_mixin.py:137} INFO - [2026-09-24T18:13:55.309+0000] {dag.py:2676} INFO - Sync 2 DAGs
[2026-09-24T18:13:55.410+0000] {logging_mixin.py:137} INFO - [2026-09-24T18:13:55.409+0000] {dag.py:3427} INFO - Setting next_dagrun for example_xcom_args to None, run_after=None
[2026-09-24T18:13:55.424+0000] {logging_mixin.py:137} INFO - [2026-09-24T18:13:55.423+0000] {dag.py:3427} INFO - Setting next_dagrun for example_xcom_args_with_operators to None, run_after=None
[2026-09-24T18:13:55.470+0000] {processor.py:175} INFO - Processing /home/airflow/.local/lib/python3.7/site-packages/airflow/example_dags/example_xcomargs.py took 0.444 seconds
