[2026-09-24T18:05:46.466+0000] {processor.py:153} INFO - Started process (PID=93) to work on /home/airflow/.local/lib/python3.7/site-packages/airflow/example_dags/example_trigger_target_dag.py
[2026-09-24T18:05:46.467+0000] {processor.py:743} INFO - Processing file /home/airflow/.local/lib/python3.7/site-packages/airflow/example_dags/example_trigger_target_dag.py for tasks to queue
[2026-09-24T18:05:46.467+0000] {logging_mixin.py:137} INFO - [2026-09-24T18:05:46.467+0000] {dagbag.py:538} INFO - Filling up the DagBag from /home/airflow/.local/lib/python3.7/site-packages/airflow/example_dags/example_trigger_target_dag.py
[2026-09-24T18:05:46.501+0000] {processor.py:753} INFO - DAG(s) dict_keys(['example_trigger_target_dag']) retrieved from /home/airflow/.local/lib/python3.7/site-packages/airflow/example_dags/example_trigger_target_dag.py
[2026-09-24T18:05:46.559+0000] {logging_mixin.py:137} INFO - [2026-09-24T18:05:46.558+0000] {dag.py:2676} INFO - Sync 1 DAGs
[2026-09-24T18:05:46.595+0000] {logging_mixin.py:137} INFO - [2026-09-24T18:05:46.595+0000] {dag.py:3427} INFO - Setting next_dagrun for example_trigger_target_dag to None, run_after=None
[2026-09-24T18:05:46.623+0000] {processor.py:175} INFO - Processing /home/airflow/.local/lib/python3.7/site-packages/airflow/example_dags/example_trigger_target_dag.py took 0.161 seconds
[2026-09-24T18:06:17.311+0000] {processor.py:153} INFO - Started process (PID=171) to work on /home/airflow/.local/lib/python3.7/site-packages/airflow/example_dags/example_trigger_target_dag.py
[2026-09-24T18:06:17.312+0000] {processor.py:743} INFO - Processing file /home/airflow/.local/lib/python3.7/site-packages/airflow/example_dags/example_trigger_target_dag.py for tasks to queue
[2026-09-24T18:06:17.313+0000] {logging_mixin.py:137} INFO - [2026-09-24T18:06:17.312+0000] {dagbag.py:538} INFO - Filling up the DagBag from /home/airflow/.local/lib/python3.7/site-packages/airflow/example_dags/example_trigger_target_dag.py
[2026-09-24T18:06:17.348+0000] {processor.py:753} INFO - DAG(s) dict_keys(['example_trigger_target_dag']) retrieved from /home/airflow/.local/lib/python3.7/site-packages/airflow/example_dags/example_trigger_target_dag.py
[2026-09-24T18:06:17.420+0000] {logging_mixin.py:137} INFO - [2026-09-24T18:06:17.419+0000] {dag.py:2676} INFO - Sync 1 DAGs
[2026-09-24T18:06:17.472+0000] {logging_mixin.py:137} INFO - [2026-09-24T18:06:17.472+0000] {dag.py:3427} INFO - Setting next_dagrun for example_trigger_target_dag to None, run_after=None
[2026-09-24T18:06:17.517+0000] {processor.py:175} INFO - Processing /home/airflow/.local/lib/python3.7/site-packages/airflow/example_dags/example_trigger_target_dag.py took 0.216 seconds
[2026-09-24T18:06:48.345+0000] {processor.py:153} INFO - Started process (PID=269) to work on /home/airflow/.local/lib/python3.7/site-packages/airflow/example_dags/example_trigger_target_dag.py
[2026-09-24T18:06:48.349+0000] {processor.py:743} INFO - Processing file /home/airflow/.local/lib/python3.7/site-packages/airflow/example_dags/example_trigger_target_dag.py for tasks to queue
[2026-09-24T18:06:48.350+0000] {logging_mixin.py:137} INFO - [2026-09-24T18:06:48.350+0000] {dagbag.py:538} INFO - Filling up the DagBag from /home/airflow/.local/lib/python3.7/site-packages/airflow/example_dags/example_trigger_target_dag.py
[2026-09-24T18:06:48.377+0000] {processor.py:753} INFO - DAG(s) dict_keys(['example_trigger_target_dag']) retrieved from /home/airflow/.local/lib/python3.7/site-packages/airflow/example_dags/example_trigger_target_dag.py
[2026-09-24T18:06:48.442+0000] {logging_mixin.py:137} INFO - [2026-09-24T18:06:48.442+0000] {dag.py:2676} INFO - Sync 1 DAGs
[2026-09-24T18:06:48.486+0000] {logging_mixin.py:137} INFO - [2026-09-24T18:06:48.486+0000] {dag.py:3427} INFO - Setting next_dagrun for example_trigger_target_dag to None, run_after=None
[2026-09-24T18:06:48.515+0000] {processor.py:175} INFO - Processing /home/airflow/.local/lib/python3.7/site-packages/airflow/example_dags/example_trigger_target_dag.py took 0.178 seconds
[2026-09-24T18:07:18.618+0000] {processor.py:153} INFO - Started process (PID=347) to work on /home/airflow/.local/lib/python3.7/site-packages/airflow/example_dags/example_trigger_target_dag.py
[2026-09-24T18:07:18.621+0000] {processor.py:743} INFO - Processing file /home/airflow/.local/lib/python3.7/site-packages/airflow/example_dags/example_trigger_target_dag.py for tasks to queue
[2026-09-24T18:07:18.625+0000] {logging_mixin.py:137} INFO - [2026-09-24T18:07:18.625+0000] {dagbag.py:538} INFO - Filling up the DagBag from /home/airflow/.local/lib/python3.7/site-packages/airflow/example_dags/example_trigger_target_dag.py
[2026-09-24T18:07:18.659+0000] {processor.py:753} INFO - DAG(s) dict_keys(['example_trigger_target_dag']) retrieved from /home/airflow/.local/lib/python3.7/site-packages/airflow/example_dags/example_trigger_target_dag.py
[2026-09-24T18:07:18.707+0000] {logging_mixin.py:137} INFO - [2026-09-24T18:07:18.707+0000] {dag.py:2676} INFO - Sync 1 DAGs
[2026-09-24T18:07:18.734+0000] {logging_mixin.py:137} INFO - [2026-09-24T18:07:18.733+0000] {dag.py:3427} INFO - Setting next_dagrun for example_trigger_target_dag to None, run_after=None
[2026-09-24T18:07:18.755+0000] {processor.py:175} INFO - Processing /home/airflow/.local/lib/python3.7/site-packages/airflow/example_dags/example_trigger_target_dag.py took 0.154 seconds
[2026-09-24T18:07:48.833+0000] {processor.py:153} INFO - Started process (PID=445) to work on /home/airflow/.local/lib/python3.7/site-packages/airflow/example_dags/example_trigger_target_dag.py
[2026-09-24T18:07:48.835+0000] {processor.py:743} INFO - Processing file /home/airflow/.local/lib/python3.7/site-packages/airflow/example_dags/example_trigger_target_dag.py for tasks to queue
[2026-09-24T18:07:48.838+0000] {logging_mixin.py:137} INFO - [2026-09-24T18:07:48.836+0000] {dagbag.py:538} INFO - Filling up the DagBag from /home/airflow/.local/lib/python3.7/site-packages/airflow/example_dags/example_trigger_target_dag.py
[2026-09-24T18:07:48.861+0000] {processor.py:753} INFO - DAG(s) dict_keys(['example_trigger_target_dag']) retrieved from /home/airflow/.local/lib/python3.7/site-packages/airflow/example_dags/example_trigger_target_dag.py
[2026-09-24T18:07:48.919+0000] {logging_mixin.py:137} INFO - [2026-09-24T18:07:48.919+0000] {dag.py:2676} INFO - Sync 1 DAGs
[2026-09-24T18:07:48.960+0000] {logging_mixin.py:137} INFO - [2026-09-24T18:07:48.959+0000] {dag.py:3427} INFO - Setting next_dagrun for example_trigger_target_dag to None, run_after=None
[2026-09-24T18:07:49.004+0000] {processor.py:175} INFO - Processing /home/airflow/.local/lib/python3.7/site-packages/airflow/example_dags/example_trigger_target_dag.py took 0.175 seconds
[2026-09-24T18:08:19.571+0000] {processor.py:153} INFO - Started process (PID=523) to work on /home/airflow/.local/lib/python3.7/site-packages/airflow/example_dags/example_trigger_target_dag.py
[2026-09-24T18:08:19.572+0000] {processor.py:743} INFO - Processing file /home/airflow/.local/lib/python3.7/site-packages/airflow/example_dags/example_trigger_target_dag.py for tasks to queue
[2026-09-24T18:08:19.572+0000] {logging_mixin.py:137} INFO - [2026-09-24T18:08:19.572+0000] {dagbag.py:538} INFO - Filling up the DagBag from /home/airflow/.local/lib/python3.7/site-packages/airflow/example_dags/example_trigger_target_dag.py
[2026-09-24T18:08:19.594+0000] {processor.py:753} INFO - DAG(s) dict_keys(['example_trigger_target_dag']) retrieved from /home/airflow/.local/lib/python3.7/site-packages/airflow/example_dags/example_trigger_target_dag.py
[2026-09-24T18:08:19.635+0000] {logging_mixin.py:137} INFO - [2026-09-24T18:08:19.635+0000] {dag.py:2676} INFO - Sync 1 DAGs
[2026-09-24T18:08:19.663+0000] {logging_mixin.py:137} INFO - [2026-09-24T18:08:19.663+0000] {dag.py:3427} INFO - Setting next_dagrun for example_trigger_target_dag to None, run_after=None
[2026-09-24T18:08:19.692+0000] {processor.py:175} INFO - Processing /home/airflow/.local/lib/python3.7/site-packages/airflow/example_dags/example_trigger_target_dag.py took 0.124 seconds
[2026-09-24T18:08:50.596+0000] {processor.py:153} INFO - Started process (PID=610) to work on /home/airflow/.local/lib/python3.7/site-packages/airflow/example_dags/example_trigger_target_dag.py
[2026-09-24T18:08:50.598+0000] {processor.py:743} INFO - Processing file /home/airflow/.local/lib/python3.7/site-packages/airflow/example_dags/example_trigger_target_dag.py for tasks to queue
[2026-09-24T18:08:50.600+0000] {logging_mixin.py:137} INFO - [2026-09-24T18:08:50.600+0000] {dagbag.py:538} INFO - Filling up the DagBag from /home/airflow/.local/lib/python3.7/site-packages/airflow/example_dags/example_trigger_target_dag.py
[2026-09-24T18:08:50.632+0000] {processor.py:753} INFO - DAG(s) dict_keys(['example_trigger_target_dag']) retrieved from /home/airflow/.local/lib/python3.7/site-packages/airflow/example_dags/example_trigger_target_dag.py
[2026-09-24T18:08:50.701+0000] {logging_mixin.py:137} INFO - [2026-09-24T18:08:50.701+0000] {dag.py:2676} INFO - Sync 1 DAGs
[2026-09-24T18:08:50.745+0000] {logging_mixin.py:137} INFO - [2026-09-24T18:08:50.745+0000] {dag.py:3427} INFO - Setting next_dagrun for example_trigger_target_dag to None, run_after=None
[2026-09-24T18:08:50.785+0000] {processor.py:175} INFO - Processing /home/airflow/.local/lib/python3.7/site-packages/airflow/example_dags/example_trigger_target_dag.py took 0.196 seconds
[2026-09-24T18:09:21.674+0000] {processor.py:153} INFO - Started process (PID=699) to work on /home/airflow/.local/lib/python3.7/site-packages/airflow/example_dags/example_trigger_target_dag.py
[2026-09-24T18:09:21.675+0000] {processor.py:743} INFO - Processing file /home/airflow/.local/lib/python3.7/site-packages/airflow/example_dags/example_trigger_target_dag.py for tasks to queue
[2026-09-24T18:09:21.677+0000] {logging_mixin.py:137} INFO - [2026-09-24T18:09:21.676+0000] {dagbag.py:538} INFO - Filling up the DagBag from /home/airflow/.local/lib/python3.7/site-packages/airflow/example_dags/example_trigger_target_dag.py
[2026-09-24T18:09:21.767+0000] {processor.py:753} INFO - DAG(s) dict_keys(['example_trigger_target_dag']) retrieved from /home/airflow/.local/lib/python3.7/site-packages/airflow/example_dags/example_trigger_target_dag.py
[2026-09-24T18:09:21.854+0000] {logging_mixin.py:137} INFO - [2026-09-24T18:09:21.853+0000] {dag.py:2676} INFO - Sync 1 DAGs
[2026-09-24T18:09:21.933+0000] {logging_mixin.py:137} INFO - [2026-09-24T18:09:21.933+0000] {dag.py:3427} INFO - Setting next_dagrun for example_trigger_target_dag to None, run_after=None
[2026-09-24T18:09:22.018+0000] {processor.py:175} INFO - Processing /home/airflow/.local/lib/python3.7/site-packages/airflow/example_dags/example_trigger_target_dag.py took 0.350 seconds
[2026-09-24T18:09:52.111+0000] {processor.py:153} INFO - Started process (PID=778) to work on /home/airflow/.local/lib/python3.7/site-packages/airflow/example_dags/example_trigger_target_dag.py
[2026-09-24T18:09:52.114+0000] {processor.py:743} INFO - Processing file /home/airflow/.local/lib/python3.7/site-packages/airflow/example_dags/example_trigger_target_dag.py for tasks to queue
[2026-09-24T18:09:52.115+0000] {logging_mixin.py:137} INFO - [2026-09-24T18:09:52.115+0000] {dagbag.py:538} INFO - Filling up the DagBag from /home/airflow/.local/lib/python3.7/site-packages/airflow/example_dags/example_trigger_target_dag.py
[2026-09-24T18:09:52.144+0000] {processor.py:753} INFO - DAG(s) dict_keys(['example_trigger_target_dag']) retrieved from /home/airflow/.local/lib/python3.7/site-packages/airflow/example_dags/example_trigger_target_dag.py
[2026-09-24T18:09:52.211+0000] {logging_mixin.py:137} INFO - [2026-09-24T18:09:52.210+0000] {dag.py:2676} INFO - Sync 1 DAGs
[2026-09-24T18:09:52.261+0000] {logging_mixin.py:137} INFO - [2026-09-24T18:09:52.260+0000] {dag.py:3427} INFO - Setting next_dagrun for example_trigger_target_dag to None, run_after=None
[2026-09-24T18:09:52.309+0000] {processor.py:175} INFO - Processing /home/airflow/.local/lib/python3.7/site-packages/airflow/example_dags/example_trigger_target_dag.py took 0.202 seconds
[2026-09-24T18:10:22.905+0000] {processor.py:153} INFO - Started process (PID=865) to work on /home/airflow/.local/lib/python3.7/site-packages/airflow/example_dags/example_trigger_target_dag.py
[2026-09-24T18:10:22.906+0000] {processor.py:743} INFO - Processing file /home/airflow/.local/lib/python3.7/site-packages/airflow/example_dags/example_trigger_target_dag.py for tasks to queue
[2026-09-24T18:10:22.906+0000] {logging_mixin.py:137} INFO - [2026-09-24T18:10:22.906+0000] {dagbag.py:538} INFO - Filling up the DagBag from /home/airflow/.local/lib/python3.7/site-packages/airflow/example_dags/example_trigger_target_dag.py
[2026-09-24T18:10:22.936+0000] {processor.py:753} INFO - DAG(s) dict_keys(['example_trigger_target_dag']) retrieved from /home/airflow/.local/lib/python3.7/site-packages/airflow/example_dags/example_trigger_target_dag.py
[2026-09-24T18:10:22.993+0000] {logging_mixin.py:137} INFO - [2026-09-24T18:10:22.993+0000] {dag.py:2676} INFO - Sync 1 DAGs
[2026-09-24T18:10:23.027+0000] {logging_mixin.py:137} INFO - [2026-09-24T18:10:23.027+0000] {dag.py:3427} INFO - Setting next_dagrun for example_trigger_target_dag to None, run_after=None
[2026-09-24T18:10:23.058+0000] {processor.py:175} INFO - Processing /home/airflow/.local/lib/python3.7/site-packages/airflow/example_dags/example_trigger_target_dag.py took 0.156 seconds
[2026-09-24T18:10:53.552+0000] {processor.py:153} INFO - Started process (PID=954) to work on /home/airflow/.local/lib/python3.7/site-packages/airflow/example_dags/example_trigger_target_dag.py
[2026-09-24T18:10:53.553+0000] {processor.py:743} INFO - Processing file /home/airflow/.local/lib/python3.7/site-packages/airflow/example_dags/example_trigger_target_dag.py for tasks to queue
[2026-09-24T18:10:53.554+0000] {logging_mixin.py:137} INFO - [2026-09-24T18:10:53.554+0000] {dagbag.py:538} INFO - Filling up the DagBag from /home/airflow/.local/lib/python3.7/site-packages/airflow/example_dags/example_trigger_target_dag.py
[2026-09-24T18:10:53.576+0000] {processor.py:753} INFO - DAG(s) dict_keys(['example_trigger_target_dag']) retrieved from /home/airflow/.local/lib/python3.7/site-packages/airflow/example_dags/example_trigger_target_dag.py
[2026-09-24T18:10:53.618+0000] {logging_mixin.py:137} INFO - [2026-09-24T18:10:53.618+0000] {dag.py:2676} INFO - Sync 1 DAGs
[2026-09-24T18:10:53.646+0000] {logging_mixin.py:137} INFO - [2026-09-24T18:10:53.646+0000] {dag.py:3427} INFO - Setting next_dagrun for example_trigger_target_dag to None, run_after=None
[2026-09-24T18:10:53.670+0000] {processor.py:175} INFO - Processing /home/airflow/.local/lib/python3.7/site-packages/airflow/example_dags/example_trigger_target_dag.py took 0.122 seconds
[2026-09-24T18:11:23.851+0000] {processor.py:153} INFO - Started process (PID=1032) to work on /home/airflow/.local/lib/python3.7/site-packages/airflow/example_dags/example_trigger_target_dag.py
[2026-09-24T18:11:23.852+0000] {processor.py:743} INFO - Processing file /home/airflow/.local/lib/python3.7/site-packages/airflow/example_dags/example_trigger_target_dag.py for tasks to queue
[2026-09-24T18:11:23.852+0000] {logging_mixin.py:137} INFO - [2026-09-24T18:11:23.852+0000] {dagbag.py:538} INFO - Filling up the DagBag from /home/airflow/.local/lib/python3.7/site-packages/airflow/example_dags/example_trigger_target_dag.py
[2026-09-24T18:11:23.874+0000] {processor.py:753} INFO - DAG(s) dict_keys(['example_trigger_target_dag']) retrieved from /home/airflow/.local/lib/python3.7/site-packages/airflow/example_dags/example_trigger_target_dag.py
[2026-09-24T18:11:23.922+0000] {logging_mixin.py:137} INFO - [2026-09-24T18:11:23.922+0000] {dag.py:2676} INFO - Sync 1 DAGs
[2026-09-24T18:11:23.953+0000] {logging_mixin.py:137} INFO - [2026-09-24T18:11:23.953+0000] {dag.py:3427} INFO - Setting next_dagrun for example_trigger_target_dag to None, run_after=None
[2026-09-24T18:11:23.982+0000] {processor.py:175} INFO - Processing /home/airflow/.local/lib/python3.7/site-packages/airflow/example_dags/example_trigger_target_dag.py took 0.134 seconds
[2026-09-24T18:11:55.037+0000] {processor.py:153} INFO - Started process (PID=1130) to work on /home/airflow/.local/lib/python3.7/site-packages/airflow/example_dags/example_trigger_target_dag.py
[2026-09-24T18:11:55.040+0000] {processor.py:743} INFO - Processing file /home/airflow/.local/lib/python3.7/site-packages/airflow/example_dags/example_trigger_target_dag.py for tasks to queue
[2026-09-24T18:11:55.043+0000] {logging_mixin.py:137} INFO - [2026-09-24T18:11:55.042+0000] {dagbag.py:538} INFO - Filling up the DagBag from /home/airflow/.local/lib/python3.7/site-packages/airflow/example_dags/example_trigger_target_dag.py
[2026-09-24T18:11:55.137+0000] {processor.py:753} INFO - DAG(s) dict_keys(['example_trigger_target_dag']) retrieved from /home/airflow/.local/lib/python3.7/site-packages/airflow/example_dags/example_trigger_target_dag.py
[2026-09-24T18:11:55.246+0000] {logging_mixin.py:137} INFO - [2026-09-24T18:11:55.246+0000] {dag.py:2676} INFO - Sync 1 DAGs
[2026-09-24T18:11:55.297+0000] {logging_mixin.py:137} INFO - [2026-09-24T18:11:55.297+0000] {dag.py:3427} INFO - Setting next_dagrun for example_trigger_target_dag to None, run_after=None
[2026-09-24T18:11:55.338+0000] {processor.py:175} INFO - Processing /home/airflow/.local/lib/python3.7/site-packages/airflow/example_dags/example_trigger_target_dag.py took 0.306 seconds
[2026-09-24T18:12:25.464+0000] {processor.py:153} INFO - Started process (PID=1208) to work on /home/airflow/.local/lib/python3.7/site-packages/airflow/example_dags/example_trigger_target_dag.py
[2026-09-24T18:12:25.465+0000] {processor.py:743} INFO - Processing file /home/airflow/.local/lib/python3.7/site-packages/airflow/example_dags/example_trigger_target_dag.py for tasks to queue
[2026-09-24T18:12:25.466+0000] {logging_mixin.py:137} INFO - [2026-09-24T18:12:25.466+0000] {dagbag.py:538} INFO - Filling up the DagBag from /home/airflow/.local/lib/python3.7/site-packages/airflow/example_dags/example_trigger_target_dag.py
[2026-09-24T18:12:25.495+0000] {processor.py:753} INFO - DAG(s) dict_keys(['example_trigger_target_dag']) retrieved from /home/airflow/.local/lib/python3.7/site-packages/airflow/example_dags/example_trigger_target_dag.py
[2026-09-24T18:12:25.551+0000] {logging_mixin.py:137} INFO - [2026-09-24T18:12:25.551+0000] {dag.py:2676} INFO - Sync 1 DAGs
[2026-09-24T18:12:25.588+0000] {logging_mixin.py:137} INFO - [2026-09-24T18:12:25.588+0000] {dag.py:3427} INFO - Setting next_dagrun for example_trigger_target_dag to None, run_after=None
[2026-09-24T18:12:25.621+0000] {processor.py:175} INFO - Processing /home/airflow/.local/lib/python3.7/site-packages/airflow/example_dags/example_trigger_target_dag.py took 0.161 seconds
[2026-09-24T18:12:56.058+0000] {processor.py:153} INFO - Started process (PID=1295) to work on /home/airflow/.local/lib/python3.7/site-packages/airflow/example_dags/example_trigger_target_dag.py
[2026-09-24T18:12:56.060+0000] {processor.py:743} INFO - Processing file /home/airflow/.local/lib/python3.7/site-packages/airflow/example_dags/example_trigger_target_dag.py for tasks to queue
[2026-09-24T18:12:56.061+0000] {logging_mixin.py:137} INFO - [2026-09-24T18:12:56.061+0000] {dagbag.py:538} INFO - Filling up the DagBag from /home/airflow/.local/lib/python3.7/site-packages/airflow/example_dags/example_trigger_target_dag.py
[2026-09-24T18:12:56.119+0000] {processor.py:753} INFO - DAG(s) dict_keys(['example_trigger_target_dag']) retrieved from /home/airflow/.local/lib/python3.7/site-packages/airflow/example_dags/example_trigger_target_dag.py
[2026-09-24T18:12:56.236+0000] {logging_mixin.py:137} INFO - [2026-09-24T18:12:56.236+0000] {dag.py:2676} INFO - Sync 1 DAGs
[2026-09-24T18:12:56.301+0000] {logging_mixin.py:137} INFO - [2026-09-24T18:12:56.301+0000] {dag.py:3427} INFO - Setting next_dagrun for example_trigger_target_dag to None, run_after=None
[2026-09-24T18:12:56.352+0000] {processor.py:175} INFO - Processing /home/airflow/.local/lib/python3.7/site-packages/airflow/example_dags/example_trigger_target_dag.py took 0.304 seconds
[2026-09-24T18:13:26.601+0000] {processor.py:153} INFO - Started process (PID=1384) to work on /home/airflow/.local/lib/python3.7/site-packages/airflow/example_dags/example_trigger_target_dag.py
[2026-09-24T18:13:26.602+0000] {processor.py:743} INFO - Processing file /home/airflow/.local/lib/python3.7/site-packages/airflow/example_dags/example_trigger_target_dag.py for tasks to queue
[2026-09-24T18:13:26.603+0000] {logging_mixin.py:137} INFO - [2026-09-24T18:13:26.603+0000] {dagbag.py:538} INFO - Filling up the DagBag from /home/airflow/.local/lib/python3.7/site-packages/airflow/example_dags/example_trigger_target_dag.py
[2026-09-24T18:13:26.629+0000] {processor.py:753} INFO - DAG(s) dict_keys(['example_trigger_target_dag']) retrieved from /home/airflow/.local/lib/python3.7/site-packages/airflow/example_dags/example_trigger_target_dag.py
[2026-09-24T18:13:26.682+0000] {logging_mixin.py:137} INFO - [2026-09-24T18:13:26.682+0000] {dag.py:2676} INFO - Sync 1 DAGs
[2026-09-24T18:13:26.718+0000] {logging_mixin.py:137} INFO - [2026-09-24T18:13:26.718+0000] {dag.py:3427} INFO - Setting next_dagrun for example_trigger_target_dag to None, run_after=None
[2026-09-24T18:13:26.752+0000] {processor.py:175} INFO - Processing /home/airflow/.local/lib/python3.7/site-packages/airflow/example_dags/example_trigger_target_dag.py took 0.155 seconds
[2026-09-24T18:13:57.801+0000] {processor.py:153} INFO - Started process (PID=1463) to work on /home/airflow/.local/lib/python3.7/site-packages/airflow/example_dags/example_trigger_target_dag.py
[2026-09-24T18:13:57.804+0000] {processor.py:743} INFO - Processing file /home/airflow/.local/lib/python3.7/site-packages/airflow/example_dags/example_trigger_target_dag.py for tasks to queue
[2026-09-24T18:13:57.807+0000] {logging_mixin.py:137} INFO - [2026-09-24T18:13:57.806+0000] {dagbag.py:538} INFO - Filling up the DagBag from /home/airflow/.local/lib/python3.7/site-packages/airflow/example_dags/example_trigger_target_dag.py
[2026-09-24T18:13:57.895+0000] {processor.py:753} INFO - DAG(s) dict_keys(['example_trigger_target_dag']) retrieved from /home/airflow/.local/lib/python3.7/site-packages/airflow/example_dags/example_trigger_target_dag.py
[2026-09-24T18:13:57.953+0000] {logging_mixin.py:137} INFO - [2026-09-24T18:13:57.953+0000] {dag.py:2676} INFO - Sync 1 DAGs
[2026-09-24T18:13:57.997+0000] {logging_mixin.py:137} INFO - [2026-09-24T18:13:57.997+0000] {dag.py:3427} INFO - Setting next_dagrun for example_trigger_target_dag to None, run_after=None
[2026-09-24T18:13:58.037+0000] {processor.py:175} INFO - Processing /home/airflow/.local/lib/python3.7/site-packages/airflow/example_dags/example_trigger_target_dag.py took 0.247 seconds
