[2026-09-24T18:05:43.528+0000] {processor.py:153} INFO - Started process (PID=74) to work on /home/airflow/.local/lib/python3.7/site-packages/airflow/example_dags/example_branch_datetime_operator.py
[2026-09-24T18:05:43.529+0000] {processor.py:743} INFO - Processing file /home/airflow/.local/lib/python3.7/site-packages/airflow/example_dags/example_branch_datetime_operator.py for tasks to queue
[2026-09-24T18:05:43.531+0000] {logging_mixin.py:137} INFO - [2026-09-24T18:05:43.530+0000] {dagbag.py:538} INFO - Filling up the DagBag from /home/airflow/.local/lib/python3.7/site-packages/airflow/example_dags/example_branch_datetime_operator.py
[2026-09-24T18:05:43.569+0000] {processor.py:753} INFO - DAG(s) dict_keys(['example_branch_datetime_operator_3', 'example_branch_datetime_operator_2', 'example_branch_datetime_operator']) retrieved from /home/airflow/.local/lib/python3.7/site-packages/airflow/example_dags/example_branch_datetime_operator.py
[2026-09-24T18:05:43.670+0000] {logging_mixin.py:137} INFO - [2026-09-24T18:05:43.670+0000] {dag.py:2676} INFO - Sync 3 DAGs
[2026-09-24T18:05:43.738+0000] {logging_mixin.py:137} INFO - [2026-09-24T18:05:43.737+0000] {dag.py:3427} INFO - Setting next_dagrun for example_branch_datetime_operator to 2026-09-23T00:00:00+00:00, run_after=2026-09-24T00:00:00+00:00
[2026-09-24T18:05:43.751+0000] {logging_mixin.py:137} INFO - [2026-09-24T18:05:43.750+0000] {dag.py:3427} INFO - Setting next_dagrun for example_branch_datetime_operator_2 to 2026-09-23T00:00:00+00:00, run_after=2026-09-24T00:00:00+00:00
[2026-09-24T18:05:43.760+0000] {logging_mixin.py:137} INFO - [2026-09-24T18:05:43.760+0000] {dag.py:3427} INFO - Setting next_dagrun for example_branch_datetime_operator_3 to 2026-09-23T00:00:00+00:00, run_after=2026-09-24T00:00:00+00:00
[2026-09-24T18:05:43.817+0000] {processor.py:175} INFO - Processing /home/airflow/.local/lib/python3.7/site-packages/airflow/example_dags/example_branch_datetime_operator.py took 0.297 seconds
[2026-09-24T18:06:13.929+0000] {processor.py:153} INFO - Started process (PID=152) to work on /home/airflow/.local/lib/python3.7/site-packages/airflow/example_dags/example_branch_datetime_operator.py
[2026-09-24T18:06:13.930+0000] {processor.py:743} INFO - Processing file /home/airflow/.local/lib/python3.7/site-packages/airflow/example_dags/example_branch_datetime_operator.py for tasks to queue
[2026-09-24T18:06:13.930+0000] {logging_mixin.py:137} INFO - [2026-09-24T18:06:13.930+0000] {dagbag.py:538} INFO - Filling up the DagBag from /home/airflow/.local/lib/python3.7/site-packages/airflow/example_dags/example_branch_datetime_operator.py
[2026-09-24T18:06:13.956+0000] {processor.py:753} INFO - DAG(s) dict_keys(['example_branch_datetime_operator', 'example_branch_datetime_operator_3', 'example_branch_datetime_operator_2']) retrieved from /home/airflow/.local/lib/python3.7/site-packages/airflow/example_dags/example_branch_datetime_operator.py
[2026-09-24T18:06:14.087+0000] {logging_mixin.py:137} INFO - [2026-09-24T18:06:14.086+0000] {dag.py:2676} INFO - Sync 3 DAGs
[2026-09-24T18:06:14.135+0000] {logging_mixin.py:137} INFO - [2026-09-24T18:06:14.135+0000] {dag.py:3427} INFO - Setting next_dagrun for example_branch_datetime_operator to 2026-09-23T00:00:00+00:00, run_after=2026-09-24T00:00:00+00:00
[2026-09-24T18:06:14.141+0000] {logging_mixin.py:137} INFO - [2026-09-24T18:06:14.140+0000] {dag.py:3427} INFO - Setting next_dagrun for example_branch_datetime_operator_2 to 2026-09-23T00:00:00+00:00, run_after=2026-09-24T00:00:00+00:00
[2026-09-24T18:06:14.144+0000] {logging_mixin.py:137} INFO - [2026-09-24T18:06:14.144+0000] {dag.py:3427} INFO - Setting next_dagrun for example_branch_datetime_operator_3 to 2026-09-23T00:00:00+00:00, run_after=2026-09-24T00:00:00+00:00
[2026-09-24T18:06:14.173+0000] {processor.py:175} INFO - Processing /home/airflow/.local/lib/python3.7/site-packages/airflow/example_dags/example_branch_datetime_operator.py took 0.249 seconds
[2026-09-24T18:06:44.206+0000] {processor.py:153} INFO - Started process (PID=230) to work on /home/airflow/.local/lib/python3.7/site-packages/airflow/example_dags/example_branch_datetime_operator.py
[2026-09-24T18:06:44.208+0000] {processor.py:743} INFO - Processing file /home/airflow/.local/lib/python3.7/site-packages/airflow/example_dags/example_branch_datetime_operator.py for tasks to queue
[2026-09-24T18:06:44.210+0000] {logging_mixin.py:137} INFO - [2026-09-24T18:06:44.210+0000] {dagbag.py:538} INFO - Filling up the DagBag from /home/airflow/.local/lib/python3.7/site-packages/airflow/example_dags/example_branch_datetime_operator.py
[2026-09-24T18:06:44.243+0000] {processor.py:753} INFO - DAG(s) dict_keys(['example_branch_datetime_operator', 'example_branch_datetime_operator_3', 'example_branch_datetime_operator_2']) retrieved from /home/airflow/.local/lib/python3.7/site-packages/airflow/example_dags/example_branch_datetime_operator.py
[2026-09-24T18:06:44.308+0000] {logging_mixin.py:137} INFO - [2026-09-24T18:06:44.308+0000] {dag.py:2676} INFO - Sync 3 DAGs
[2026-09-24T18:06:44.350+0000] {logging_mixin.py:137} INFO - [2026-09-24T18:06:44.349+0000] {dag.py:3427} INFO - Setting next_dagrun for example_branch_datetime_operator to 2026-09-23T00:00:00+00:00, run_after=2026-09-24T00:00:00+00:00
[2026-09-24T18:06:44.355+0000] {logging_mixin.py:137} INFO - [2026-09-24T18:06:44.354+0000] {dag.py:3427} INFO - Setting next_dagrun for example_branch_datetime_operator_2 to 2026-09-23T00:00:00+00:00, run_after=2026-09-24T00:00:00+00:00
[2026-09-24T18:06:44.359+0000] {logging_mixin.py:137} INFO - [2026-09-24T18:06:44.358+0000] {dag.py:3427} INFO - Setting next_dagrun for example_branch_datetime_operator_3 to 2026-09-23T00:00:00+00:00, run_after=2026-09-24T00:00:00+00:00
[2026-09-24T18:06:44.385+0000] {processor.py:175} INFO - Processing /home/airflow/.local/lib/python3.7/site-packages/airflow/example_dags/example_branch_datetime_operator.py took 0.183 seconds
[2026-09-24T18:07:14.991+0000] {processor.py:153} INFO - Started process (PID=328) to work on /home/airflow/.local/lib/python3.7/site-packages/airflow/example_dags/example_branch_datetime_operator.py
[2026-09-24T18:07:14.992+0000] {processor.py:743} INFO - Processing file /home/airflow/.local/lib/python3.7/site-packages/airflow/example_dags/example_branch_datetime_operator.py for tasks to queue
[2026-09-24T18:07:14.993+0000] {logging_mixin.py:137} INFO - [2026-09-24T18:07:14.993+0000] {dagbag.py:538} INFO - Filling up the DagBag from /home/airflow/.local/lib/python3.7/site-packages/airflow/example_dags/example_branch_datetime_operator.py
[2026-09-24T18:07:15.011+0000] {processor.py:753} INFO - DAG(s) dict_keys(['example_branch_datetime_operator_2', 'example_branch_datetime_operator_3', 'example_branch_datetime_operator']) retrieved from /home/airflow/.local/lib/python3.7/site-packages/airflow/example_dags/example_branch_datetime_operator.py
[2026-09-24T18:07:15.057+0000] {logging_mixin.py:137} INFO - [2026-09-24T18:07:15.057+0000] {dag.py:2676} INFO - Sync 3 DAGs
[2026-09-24T18:07:15.085+0000] {logging_mixin.py:137} INFO - [2026-09-24T18:07:15.085+0000] {dag.py:3427} INFO - Setting next_dagrun for example_branch_datetime_operator to 2026-09-23T00:00:00+00:00, run_after=2026-09-24T00:00:00+00:00
[2026-09-24T18:07:15.092+0000] {logging_mixin.py:137} INFO - [2026-09-24T18:07:15.092+0000] {dag.py:3427} INFO - Setting next_dagrun for example_branch_datetime_operator_2 to 2026-09-23T00:00:00+00:00, run_after=2026-09-24T00:00:00+00:00
[2026-09-24T18:07:15.095+0000] {logging_mixin.py:137} INFO - [2026-09-24T18:07:15.095+0000] {dag.py:3427} INFO - Setting next_dagrun for example_branch_datetime_operator_3 to 2026-09-23T00:00:00+00:00, run_after=2026-09-24T00:00:00+00:00
[2026-09-24T18:07:15.115+0000] {processor.py:175} INFO - Processing /home/airflow/.local/lib/python3.7/site-packages/airflow/example_dags/example_branch_datetime_operator.py took 0.127 seconds
[2026-09-24T18:07:45.551+0000] {processor.py:153} INFO - Started process (PID=406) to work on /home/airflow/.local/lib/python3.7/site-packages/airflow/example_dags/example_branch_datetime_operator.py
[2026-09-24T18:07:45.552+0000] {processor.py:743} INFO - Processing file /home/airflow/.local/lib/python3.7/site-packages/airflow/example_dags/example_branch_datetime_operator.py for tasks to queue
[2026-09-24T18:07:45.553+0000] {logging_mixin.py:137} INFO - [2026-09-24T18:07:45.552+0000] {dagbag.py:538} INFO - Filling up the DagBag from /home/airflow/.local/lib/python3.7/site-packages/airflow/example_dags/example_branch_datetime_operator.py
[2026-09-24T18:07:45.571+0000] {processor.py:753} INFO - DAG(s) dict_keys(['example_branch_datetime_operator', 'example_branch_datetime_operator_3', 'example_branch_datetime_operator_2']) retrieved from /home/airflow/.local/lib/python3.7/site-packages/airflow/example_dags/example_branch_datetime_operator.py
[2026-09-24T18:07:45.636+0000] {logging_mixin.py:137} INFO - [2026-09-24T18:07:45.636+0000] {dag.py:2676} INFO - Sync 3 DAGs
[2026-09-24T18:07:45.703+0000] {logging_mixin.py:137} INFO - [2026-09-24T18:07:45.702+0000] {dag.py:3427} INFO - Setting next_dagrun for example_branch_datetime_operator to 2026-09-23T00:00:00+00:00, run_after=2026-09-24T00:00:00+00:00
[2026-09-24T18:07:45.714+0000] {logging_mixin.py:137} INFO - [2026-09-24T18:07:45.714+0000] {dag.py:3427} INFO - Setting next_dagrun for example_branch_datetime_operator_2 to 2026-09-23T00:00:00+00:00, run_after=2026-09-24T00:00:00+00:00
[2026-09-24T18:07:45.719+0000] {logging_mixin.py:137} INFO - [2026-09-24T18:07:45.719+0000] {dag.py:3427} INFO - Setting next_dagrun for example_branch_datetime_operator_3 to 2026-09-23T00:00:00+00:00, run_after=2026-09-24T00:00:00+00:00
[2026-09-24T18:07:45.748+0000] {processor.py:175} INFO - Processing /home/airflow/.local/lib/python3.7/site-packages/airflow/example_dags/example_branch_datetime_operator.py took 0.201 seconds
[2026-09-24T18:08:16.690+0000] {processor.py:153} INFO - Started process (PID=504) to work on /home/airflow/.local/lib/python3.7/site-packages/airflow/example_dags/example_branch_datetime_operator.py
[2026-09-24T18:08:16.691+0000] {processor.py:743} INFO - Processing file /home/airflow/.local/lib/python3.7/site-packages/airflow/example_dags/example_branch_datetime_operator.py for tasks to queue
[2026-09-24T18:08:16.692+0000] {logging_mixin.py:137} INFO - [2026-09-24T18:08:16.692+0000] {dagbag.py:538} INFO - Filling up the DagBag from /home/airflow/.local/lib/python3.7/site-packages/airflow/example_dags/example_branch_datetime_operator.py
[2026-09-24T18:08:16.707+0000] {processor.py:753} INFO - DAG(s) dict_keys(['example_branch_datetime_operator_2', 'example_branch_datetime_operator_3', 'example_branch_datetime_operator']) retrieved from /home/airflow/.local/lib/python3.7/site-packages/airflow/example_dags/example_branch_datetime_operator.py
[2026-09-24T18:08:16.758+0000] {logging_mixin.py:137} INFO - [2026-09-24T18:08:16.758+0000] {dag.py:2676} INFO - Sync 3 DAGs
[2026-09-24T18:08:16.784+0000] {logging_mixin.py:137} INFO - [2026-09-24T18:08:16.784+0000] {dag.py:3427} INFO - Setting next_dagrun for example_branch_datetime_operator to 2026-09-23T00:00:00+00:00, run_after=2026-09-24T00:00:00+00:00
[2026-09-24T18:08:16.792+0000] {logging_mixin.py:137} INFO - [2026-09-24T18:08:16.792+0000] {dag.py:3427} INFO - Setting next_dagrun for example_branch_datetime_operator_2 to 2026-09-23T00:00:00+00:00, run_after=2026-09-24T00:00:00+00:00
[2026-09-24T18:08:16.795+0000] {logging_mixin.py:137} INFO - [2026-09-24T18:08:16.795+0000] {dag.py:3427} INFO - Setting next_dagrun for example_branch_datetime_operator_3 to 2026-09-23T00:00:00+00:00, run_after=2026-09-24T00:00:00+00:00
[2026-09-24T18:08:16.818+0000] {processor.py:175} INFO - Processing /home/airflow/.local/lib/python3.7/site-packages/airflow/example_dags/example_branch_datetime_operator.py took 0.130 seconds
[2026-09-24T18:08:47.677+0000] {processor.py:153} INFO - Started process (PID=582) to work on /home/airflow/.local/lib/python3.7/site-packages/airflow/example_dags/example_branch_datetime_operator.py
[2026-09-24T18:08:47.680+0000] {processor.py:743} INFO - Processing file /home/airflow/.local/lib/python3.7/site-packages/airflow/example_dags/example_branch_datetime_operator.py for tasks to queue
[2026-09-24T18:08:47.682+0000] {logging_mixin.py:137} INFO - [2026-09-24T18:08:47.682+0000] {dagbag.py:538} INFO - Filling up the DagBag from /home/airflow/.local/lib/python3.7/site-packages/airflow/example_dags/example_branch_datetime_operator.py
[2026-09-24T18:08:47.727+0000] {processor.py:753} INFO - DAG(s) dict_keys(['example_branch_datetime_operator_3', 'example_branch_datetime_operator', 'example_branch_datetime_operator_2']) retrieved from /home/airflow/.local/lib/python3.7/site-packages/airflow/example_dags/example_branch_datetime_operator.py
[2026-09-24T18:08:47.797+0000] {logging_mixin.py:137} INFO - [2026-09-24T18:08:47.797+0000] {dag.py:2676} INFO - Sync 3 DAGs
[2026-09-24T18:08:47.835+0000] {logging_mixin.py:137} INFO - [2026-09-24T18:08:47.835+0000] {dag.py:3427} INFO - Setting next_dagrun for example_branch_datetime_operator to 2026-09-23T00:00:00+00:00, run_after=2026-09-24T00:00:00+00:00
[2026-09-24T18:08:47.843+0000] {logging_mixin.py:137} INFO - [2026-09-24T18:08:47.843+0000] {dag.py:3427} INFO - Setting next_dagrun for example_branch_datetime_operator_2 to 2026-09-23T00:00:00+00:00, run_after=2026-09-24T00:00:00+00:00
[2026-09-24T18:08:47.848+0000] {logging_mixin.py:137} INFO - [2026-09-24T18:08:47.848+0000] {dag.py:3427} INFO - Setting next_dagrun for example_branch_datetime_operator_3 to 2026-09-23T00:00:00+00:00, run_after=2026-09-24T00:00:00+00:00
[2026-09-24T18:08:47.876+0000] {processor.py:175} INFO - Processing /home/airflow/.local/lib/python3.7/site-packages/airflow/example_dags/example_branch_datetime_operator.py took 0.211 seconds
[2026-09-24T18:09:18.139+0000] {processor.py:153} INFO - Started process (PID=680) to work on /home/airflow/.local/lib/python3.7/site-packages/airflow/example_dags/example_branch_datetime_operator.py
[2026-09-24T18:09:18.141+0000] {processor.py:743} INFO - Processing file /home/airflow/.local/lib/python3.7/site-packages/airflow/example_dags/example_branch_datetime_operator.py for tasks to queue
[2026-09-24T18:09:18.143+0000] {logging_mixin.py:137} INFO - [2026-09-24T18:09:18.143+0000] {dagbag.py:538} INFO - Filling up the DagBag from /home/airflow/.local/lib/python3.7/site-packages/airflow/example_dags/example_branch_datetime_operator.py
[2026-09-24T18:09:18.188+0000] {processor.py:753} INFO - DAG(s) dict_keys(['example_branch_datetime_operator_2', 'example_branch_datetime_operator_3', 'example_branch_datetime_operator']) retrieved from /home/airflow/.local/lib/python3.7/site-packages/airflow/example_dags/example_branch_datetime_operator.py
[2026-09-24T18:09:18.281+0000] {logging_mixin.py:137} INFO - [2026-09-24T18:09:18.280+0000] {dag.py:2676} INFO - Sync 3 DAGs
[2026-09-24T18:09:18.329+0000] {logging_mixin.py:137} INFO - [2026-09-24T18:09:18.329+0000] {dag.py:3427} INFO - Setting next_dagrun for example_branch_datetime_operator to 2026-09-23T00:00:00+00:00, run_after=2026-09-24T00:00:00+00:00
[2026-09-24T18:09:18.340+0000] {logging_mixin.py:137} INFO - [2026-09-24T18:09:18.340+0000] {dag.py:3427} INFO - Setting next_dagrun for example_branch_datetime_operator_2 to 2026-09-23T00:00:00+00:00, run_after=2026-09-24T00:00:00+00:00
[2026-09-24T18:09:18.343+0000] {logging_mixin.py:137} INFO - [2026-09-24T18:09:18.343+0000] {dag.py:3427} INFO - Setting next_dagrun for example_branch_datetime_operator_3 to 2026-09-23T00:00:00+00:00, run_after=2026-09-24T00:00:00+00:00
[2026-09-24T18:09:18.417+0000] {processor.py:175} INFO - Processing /home/airflow/.local/lib/python3.7/site-packages/airflow/example_dags/example_branch_datetime_operator.py took 0.285 seconds
[2026-09-24T18:09:49.120+0000] {processor.py:153} INFO - Started process (PID=759) to work on /home/airflow/.local/lib/python3.7/site-packages/airflow/example_dags/example_branch_datetime_operator.py
[2026-09-24T18:09:49.122+0000] {processor.py:743} INFO - Processing file /home/airflow/.local/lib/python3.7/site-packages/airflow/example_dags/example_branch_datetime_operator.py for tasks to queue
[2026-09-24T18:09:49.124+0000] {logging_mixin.py:137} INFO - [2026-09-24T18:09:49.123+0000] {dagbag.py:538} INFO - Filling up the DagBag from /home/airflow/.local/lib/python3.7/site-packages/airflow/example_dags/example_branch_datetime_operator.py
[2026-09-24T18:09:49.181+0000] {processor.py:753} INFO - DAG(s) dict_keys(['example_branch_datetime_operator_2', 'example_branch_datetime_operator', 'example_branch_datetime_operator_3']) retrieved from /home/airflow/.local/lib/python3.7/site-packages/airflow/example_dags/example_branch_datetime_operator.py
[2026-09-24T18:09:49.380+0000] {logging_mixin.py:137} INFO - [2026-09-24T18:09:49.379+0000] {dag.py:2676} INFO - Sync 3 DAGs
[2026-09-24T18:09:49.446+0000] {logging_mixin.py:137} INFO - [2026-09-24T18:09:49.446+0000] {dag.py:3427} INFO - Setting next_dagrun for example_branch_datetime_operator to 2026-09-23T00:00:00+00:00, run_after=2026-09-24T00:00:00+00:00
[2026-09-24T18:09:49.454+0000] {logging_mixin.py:137} INFO - [2026-09-24T18:09:49.454+0000] {dag.py:3427} INFO - Setting next_dagrun for example_branch_datetime_operator_2 to 2026-09-23T00:00:00+00:00, run_after=2026-09-24T00:00:00+00:00
[2026-09-24T18:09:49.462+0000] {logging_mixin.py:137} INFO - [2026-09-24T18:09:49.461+0000] {dag.py:3427} INFO - Setting next_dagrun for example_branch_datetime_operator_3 to 2026-09-23T00:00:00+00:00, run_after=2026-09-24T00:00:00+00:00
[2026-09-24T18:09:49.570+0000] {processor.py:175} INFO - Processing /home/airflow/.local/lib/python3.7/site-packages/airflow/example_dags/example_branch_datetime_operator.py took 0.458 seconds
[2026-09-24T18:10:20.072+0000] {processor.py:153} INFO - Started process (PID=837) to work on /home/airflow/.local/lib/python3.7/site-packages/airflow/example_dags/example_branch_datetime_operator.py
[2026-09-24T18:10:20.073+0000] {processor.py:743} INFO - Processing file /home/airflow/.local/lib/python3.7/site-packages/airflow/example_dags/example_branch_datetime_operator.py for tasks to queue
[2026-09-24T18:10:20.074+0000] {logging_mixin.py:137} INFO - [2026-09-24T18:10:20.074+0000] {dagbag.py:538} INFO - Filling up the DagBag from /home/airflow/.local/lib/python3.7/site-packages/airflow/example_dags/example_branch_datetime_operator.py
[2026-09-24T18:10:20.098+0000] {processor.py:753} INFO - DAG(s) dict_keys(['example_branch_datetime_operator', 'example_branch_datetime_operator_3', 'example_branch_datetime_operator_2']) retrieved from /home/airflow/.local/lib/python3.7/site-packages/airflow/example_dags/example_branch_datetime_operator.py
[2026-09-24T18:10:20.141+0000] {logging_mixin.py:137} INFO - [2026-09-24T18:10:20.141+0000] {dag.py:2676} INFO - Sync 3 DAGs
[2026-09-24T18:10:20.167+0000] {logging_mixin.py:137} INFO - [2026-09-24T18:10:20.167+0000] {dag.py:3427} INFO - Setting next_dagrun for example_branch_datetime_operator to 2026-09-23T00:00:00+00:00, run_after=2026-09-24T00:00:00+00:00
[2026-09-24T18:10:20.172+0000] {logging_mixin.py:137} INFO - [2026-09-24T18:10:20.172+0000] {dag.py:3427} INFO - Setting next_dagrun for example_branch_datetime_operator_2 to 2026-09-23T00:00:00+00:00, run_after=2026-09-24T00:00:00+00:00
[2026-09-24T18:10:20.174+0000] {logging_mixin.py:137} INFO - [2026-09-24T18:10:20.174+0000] {dag.py:3427} INFO - Setting next_dagrun for example_branch_datetime_operator_3 to 2026-09-23T00:00:00+00:00, run_after=2026-09-24T00:00:00+00:00
[2026-09-24T18:10:20.198+0000] {processor.py:175} INFO - Processing /home/airflow/.local/lib/python3.7/site-packages/airflow/example_dags/example_branch_datetime_operator.py took 0.130 seconds
[2026-09-24T18:10:50.700+0000] {processor.py:153} INFO - Started process (PID=935) to work on /home/airflow/.local/lib/python3.7/site-packages/airflow/example_dags/example_branch_datetime_operator.py
[2026-09-24T18:10:50.702+0000] {processor.py:743} INFO - Processing file /home/airflow/.local/lib/python3.7/site-packages/airflow/example_dags/example_branch_datetime_operator.py for tasks to queue
[2026-09-24T18:10:50.703+0000] {logging_mixin.py:137} INFO - [2026-09-24T18:10:50.702+0000] {dagbag.py:538} INFO - Filling up the DagBag from /home/airflow/.local/lib/python3.7/site-packages/airflow/example_dags/example_branch_datetime_operator.py
[2026-09-24T18:10:50.720+0000] {processor.py:753} INFO - DAG(s) dict_keys(['example_branch_datetime_operator', 'example_branch_datetime_operator_2', 'example_branch_datetime_operator_3']) retrieved from /home/airflow/.local/lib/python3.7/site-packages/airflow/example_dags/example_branch_datetime_operator.py
[2026-09-24T18:10:50.781+0000] {logging_mixin.py:137} INFO - [2026-09-24T18:10:50.780+0000] {dag.py:2676} INFO - Sync 3 DAGs
[2026-09-24T18:10:50.813+0000] {logging_mixin.py:137} INFO - [2026-09-24T18:10:50.813+0000] {dag.py:3427} INFO - Setting next_dagrun for example_branch_datetime_operator to 2026-09-23T00:00:00+00:00, run_after=2026-09-24T00:00:00+00:00
[2026-09-24T18:10:50.820+0000] {logging_mixin.py:137} INFO - [2026-09-24T18:10:50.820+0000] {dag.py:3427} INFO - Setting next_dagrun for example_branch_datetime_operator_2 to 2026-09-23T00:00:00+00:00, run_after=2026-09-24T00:00:00+00:00
[2026-09-24T18:10:50.822+0000] {logging_mixin.py:137} INFO - [2026-09-24T18:10:50.822+0000] {dag.py:3427} INFO - Setting next_dagrun for example_branch_datetime_operator_3 to 2026-09-23T00:00:00+00:00, run_after=2026-09-24T00:00:00+00:00
[2026-09-24T18:10:50.851+0000] {processor.py:175} INFO - Processing /home/airflow/.local/lib/python3.7/site-packages/airflow/example_dags/example_branch_datetime_operator.py took 0.157 seconds
[2026-09-24T18:11:21.070+0000] {processor.py:153} INFO - Started process (PID=1013) to work on /home/airflow/.local/lib/python3.7/site-packages/airflow/example_dags/example_branch_datetime_operator.py
[2026-09-24T18:11:21.072+0000] {processor.py:743} INFO - Processing file /home/airflow/.local/lib/python3.7/site-packages/airflow/example_dags/example_branch_datetime_operator.py for tasks to queue
[2026-09-24T18:11:21.072+0000] {logging_mixin.py:137} INFO - [2026-09-24T18:11:21.072+0000] {dagbag.py:538} INFO - Filling up the DagBag from /home/airflow/.local/lib/python3.7/site-packages/airflow/example_dags/example_branch_datetime_operator.py
[2026-09-24T18:11:21.093+0000] {processor.py:753} INFO - DAG(s) dict_keys(['example_branch_datetime_operator', 'example_branch_datetime_operator_2', 'example_branch_datetime_operator_3']) retrieved from /home/airflow/.local/lib/python3.7/site-packages/airflow/example_dags/example_branch_datetime_operator.py
[2026-09-24T18:11:21.142+0000] {logging_mixin.py:137} INFO - [2026-09-24T18:11:21.141+0000] {dag.py:2676} INFO - Sync 3 DAGs
[2026-09-24T18:11:21.169+0000] {logging_mixin.py:137} INFO - [2026-09-24T18:11:21.169+0000] {dag.py:3427} INFO - Setting next_dagrun for example_branch_datetime_operator to 2026-09-23T00:00:00+00:00, run_after=2026-09-24T00:00:00+00:00
[2026-09-24T18:11:21.174+0000] {logging_mixin.py:137} INFO - [2026-09-24T18:11:21.173+0000] {dag.py:3427} INFO - Setting next_dagrun for example_branch_datetime_operator_2 to 2026-09-23T00:00:00+00:00, run_after=2026-09-24T00:00:00+00:00
[2026-09-24T18:11:21.176+0000] {logging_mixin.py:137} INFO - [2026-09-24T18:11:21.176+0000] {dag.py:3427} INFO - Setting next_dagrun for example_branch_datetime_operator_3 to 2026-09-23T00:00:00+00:00, run_after=2026-09-24T00:00:00+00:00
[2026-09-24T18:11:21.198+0000] {processor.py:175} INFO - Processing /home/airflow/.local/lib/python3.7/site-packages/airflow/example_dags/example_branch_datetime_operator.py took 0.137 seconds
[2026-09-24T18:11:51.982+0000] {processor.py:153} INFO - Started process (PID=1111) to work on /home/airflow/.local/lib/python3.7/site-packages/airflow/example_dags/example_branch_datetime_operator.py
[2026-09-24T18:11:51.985+0000] {processor.py:743} INFO - Processing file /home/airflow/.local/lib/python3.7/site-packages/airflow/example_dags/example_branch_datetime_operator.py for tasks to queue
[2026-09-24T18:11:51.987+0000] {logging_mixin.py:137} INFO - [2026-09-24T18:11:51.987+0000] {dagbag.py:538} INFO - Filling up the DagBag from /home/airflow/.local/lib/python3.7/site-packages/airflow/example_dags/example_branch_datetime_operator.py
[2026-09-24T18:11:52.020+0000] {processor.py:753} INFO - DAG(s) dict_keys(['example_branch_datetime_operator_2', 'example_branch_datetime_operator_3', 'example_branch_datetime_operator']) retrieved from /home/airflow/.local/lib/python3.7/site-packages/airflow/example_dags/example_branch_datetime_operator.py
[2026-09-24T18:11:52.100+0000] {logging_mixin.py:137} INFO - [2026-09-24T18:11:52.100+0000] {dag.py:2676} INFO - Sync 3 DAGs
[2026-09-24T18:11:52.162+0000] {logging_mixin.py:137} INFO - [2026-09-24T18:11:52.162+0000] {dag.py:3427} INFO - Setting next_dagrun for example_branch_datetime_operator to 2026-09-23T00:00:00+00:00, run_after=2026-09-24T00:00:00+00:00
[2026-09-24T18:11:52.170+0000] {logging_mixin.py:137} INFO - [2026-09-24T18:11:52.170+0000] {dag.py:3427} INFO - Setting next_dagrun for example_branch_datetime_operator_2 to 2026-09-23T00:00:00+00:00, run_after=2026-09-24T00:00:00+00:00
[2026-09-24T18:11:52.176+0000] {logging_mixin.py:137} INFO - [2026-09-24T18:11:52.176+0000] {dag.py:3427} INFO - Setting next_dagrun for example_branch_datetime_operator_3 to 2026-09-23T00:00:00+00:00, run_after=2026-09-24T00:00:00+00:00
[2026-09-24T18:11:52.218+0000] {processor.py:175} INFO - Processing /home/airflow/.local/lib/python3.7/site-packages/airflow/example_dags/example_branch_datetime_operator.py took 0.245 seconds
[2026-09-24T18:12:22.318+0000] {processor.py:153} INFO - Started process (PID=1189) to work on /home/airflow/.local/lib/python3.7/site-packages/airflow/example_dags/example_branch_datetime_operator.py
[2026-09-24T18:12:22.321+0000] {processor.py:743} INFO - Processing file /home/airflow/.local/lib/python3.7/site-packages/airflow/example_dags/example_branch_datetime_operator.py for tasks to queue
[2026-09-24T18:12:22.324+0000] {logging_mixin.py:137} INFO - [2026-09-24T18:12:22.323+0000] {dagbag.py:538} INFO - Filling up the DagBag from /home/airflow/.local/lib/python3.7/site-packages/airflow/example_dags/example_branch_datetime_operator.py
[2026-09-24T18:12:22.347+0000] {processor.py:753} INFO - DAG(s) dict_keys(['example_branch_datetime_operator', 'example_branch_datetime_operator_2', 'example_branch_datetime_operator_3']) retrieved from /home/airflow/.local/lib/python3.7/site-packages/airflow/example_dags/example_branch_datetime_operator.py
[2026-09-24T18:12:22.465+0000] {logging_mixin.py:137} INFO - [2026-09-24T18:12:22.464+0000] {dag.py:2676} INFO - Sync 3 DAGs
[2026-09-24T18:12:22.503+0000] {logging_mixin.py:137} INFO - [2026-09-24T18:12:22.503+0000] {dag.py:3427} INFO - Setting next_dagrun for example_branch_datetime_operator to 2026-09-23T00:00:00+00:00, run_after=2026-09-24T00:00:00+00:00
[2026-09-24T18:12:22.509+0000] {logging_mixin.py:137} INFO - [2026-09-24T18:12:22.509+0000] {dag.py:3427} INFO - Setting next_dagrun for example_branch_datetime_operator_2 to 2026-09-23T00:00:00+00:00, run_after=2026-09-24T00:00:00+00:00
[2026-09-24T18:12:22.513+0000] {logging_mixin.py:137} INFO - [2026-09-24T18:12:22.513+0000] {dag.py:3427} INFO - Setting next_dagrun for example_branch_datetime_operator_3 to 2026-09-23T00:00:00+00:00, run_after=2026-09-24T00:00:00+00:00
[2026-09-24T18:12:22.542+0000] {processor.py:175} INFO - Processing /home/airflow/.local/lib/python3.7/site-packages/airflow/example_dags/example_branch_datetime_operator.py took 0.230 seconds
[2026-09-24T18:12:52.700+0000] {processor.py:153} INFO - Started process (PID=1267) to work on /home/airflow/.local/lib/python3.7/site-packages/airflow/example_dags/example_branch_datetime_operator.py
[2026-09-24T18:12:52.700+0000] {processor.py:743} INFO - Processing file /home/airflow/.local/lib/python3.7/site-packages/airflow/example_dags/example_branch_datetime_operator.py for tasks to queue
[2026-09-24T18:12:52.701+0000] {logging_mixin.py:137} INFO - [2026-09-24T18:12:52.701+0000] {dagbag.py:538} INFO - Filling up the DagBag from /home/airflow/.local/lib/python3.7/site-packages/airflow/example_dags/example_branch_datetime_operator.py
[2026-09-24T18:12:52.721+0000] {processor.py:753} INFO - DAG(s) dict_keys(['example_branch_datetime_operator_2', 'example_branch_datetime_operator_3', 'example_branch_datetime_operator']) retrieved from /home/airflow/.local/lib/python3.7/site-packages/airflow/example_dags/example_branch_datetime_operator.py
[2026-09-24T18:12:52.764+0000] {logging_mixin.py:137} INFO - [2026-09-24T18:12:52.764+0000] {dag.py:2676} INFO - Sync 3 DAGs
[2026-09-24T18:12:52.791+0000] {logging_mixin.py:137} INFO - [2026-09-24T18:12:52.790+0000] {dag.py:3427} INFO - Setting next_dagrun for example_branch_datetime_operator to 2026-09-23T00:00:00+00:00, run_after=2026-09-24T00:00:00+00:00
[2026-09-24T18:12:52.795+0000] {logging_mixin.py:137} INFO - [2026-09-24T18:12:52.795+0000] {dag.py:3427} INFO - Setting next_dagrun for example_branch_datetime_operator_2 to 2026-09-23T00:00:00+00:00, run_after=2026-09-24T00:00:00+00:00
[2026-09-24T18:12:52.797+0000] {logging_mixin.py:137} INFO - [2026-09-24T18:12:52.797+0000] {dag.py:3427} INFO - Setting next_dagrun for example_branch_datetime_operator_3 to 2026-09-23T00:00:00+00:00, run_after=2026-09-24T00:00:00+00:00
[2026-09-24T18:12:52.820+0000] {processor.py:175} INFO - Processing /home/airflow/.local/lib/python3.7/site-packages/airflow/example_dags/example_branch_datetime_operator.py took 0.124 seconds
[2026-09-24T18:13:23.542+0000] {processor.py:153} INFO - Started process (PID=1365) to work on /home/airflow/.local/lib/python3.7/site-packages/airflow/example_dags/example_branch_datetime_operator.py
[2026-09-24T18:13:23.549+0000] {processor.py:743} INFO - Processing file /home/airflow/.local/lib/python3.7/site-packages/airflow/example_dags/example_branch_datetime_operator.py for tasks to queue
[2026-09-24T18:13:23.553+0000] {logging_mixin.py:137} INFO - [2026-09-24T18:13:23.552+0000] {dagbag.py:538} INFO - Filling up the DagBag from /home/airflow/.local/lib/python3.7/site-packages/airflow/example_dags/example_branch_datetime_operator.py
[2026-09-24T18:13:23.640+0000] {processor.py:753} INFO - DAG(s) dict_keys(['example_branch_datetime_operator', 'example_branch_datetime_operator_3', 'example_branch_datetime_operator_2']) retrieved from /home/airflow/.local/lib/python3.7/site-packages/airflow/example_dags/example_branch_datetime_operator.py
[2026-09-24T18:13:23.744+0000] {logging_mixin.py:137} INFO - [2026-09-24T18:13:23.744+0000] {dag.py:2676} INFO - Sync 3 DAGs
[2026-09-24T18:13:23.798+0000] {logging_mixin.py:137} INFO - [2026-09-24T18:13:23.797+0000] {dag.py:3427} INFO - Setting next_dagrun for example_branch_datetime_operator to 2026-09-23T00:00:00+00:00, run_after=2026-09-24T00:00:00+00:00
[2026-09-24T18:13:23.805+0000] {logging_mixin.py:137} INFO - [2026-09-24T18:13:23.805+0000] {dag.py:3427} INFO - Setting next_dagrun for example_branch_datetime_operator_2 to 2026-09-23T00:00:00+00:00, run_after=2026-09-24T00:00:00+00:00
[2026-09-24T18:13:23.809+0000] {logging_mixin.py:137} INFO - [2026-09-24T18:13:23.809+0000] {dag.py:3427} INFO - Setting next_dagrun for example_branch_datetime_operator_3 to 2026-09-23T00:00:00+00:00, run_after=2026-09-24T00:00:00+00:00
[2026-09-24T18:13:23.845+0000] {processor.py:175} INFO - Processing /home/airflow/.local/lib/python3.7/site-packages/airflow/example_dags/example_branch_datetime_operator.py took 0.324 seconds
[2026-09-24T18:13:53.959+0000] {processor.py:153} INFO - Started process (PID=1444) to work on /home/airflow/.local/lib/python3.7/site-packages/airflow/example_dags/example_branch_datetime_operator.py
[2026-09-24T18:13:53.960+0000] {processor.py:743} INFO - Processing file /home/airflow/.local/lib/python3.7/site-packages/airflow/example_dags/example_branch_datetime_operator.py for tasks to queue
[2026-09-24T18:13:53.961+0000] {logging_mixin.py:137} INFO - [2026-09-24T18:13:53.960+0000] {dagbag.py:538} INFO - Filling up the DagBag from /home/airflow/.local/lib/python3.7/site-packages/airflow/example_dags/example_branch_datetime_operator.py
[2026-09-24T18:13:54.002+0000] {processor.py:753} INFO - DAG(s) dict_keys(['example_branch_datetime_operator', 'example_branch_datetime_operator_2', 'example_branch_datetime_operator_3']) retrieved from /home/airflow/.local/lib/python3.7/site-packages/airflow/example_dags/example_branch_datetime_operator.py
[2026-09-24T18:13:54.074+0000] {logging_mixin.py:137} INFO - [2026-09-24T18:13:54.074+0000] {dag.py:2676} INFO - Sync 3 DAGs
[2026-09-24T18:13:54.143+0000] {logging_mixin.py:137} INFO - [2026-09-24T18:13:54.142+0000] {dag.py:3427} INFO - Setting next_dagrun for example_branch_datetime_operator to 2026-09-23T00:00:00+00:00, run_after=2026-09-24T00:00:00+00:00
[2026-09-24T18:13:54.149+0000] {logging_mixin.py:137} INFO - [2026-09-24T18:13:54.149+0000] {dag.py:3427} INFO - Setting next_dagrun for example_branch_datetime_operator_2 to 2026-09-23T00:00:00+00:00, run_after=2026-09-24T00:00:00+00:00
[2026-09-24T18:13:54.152+0000] {logging_mixin.py:137} INFO - [2026-09-24T18:13:54.151+0000] {dag.py:3427} INFO - Setting next_dagrun for example_branch_datetime_operator_3 to 2026-09-23T00:00:00+00:00, run_after=2026-09-24T00:00:00+00:00
[2026-09-24T18:13:54.176+0000] {processor.py:175} INFO - Processing /home/airflow/.local/lib/python3.7/site-packages/airflow/example_dags/example_branch_datetime_operator.py took 0.225 seconds
