[2026-09-24T18:05:44.788+0000] {processor.py:153} INFO - Started process (PID=82) to work on /home/airflow/.local/lib/python3.7/site-packages/airflow/example_dags/example_branch_operator.py
[2026-09-24T18:05:44.789+0000] {processor.py:743} INFO - Processing file /home/airflow/.local/lib/python3.7/site-packages/airflow/example_dags/example_branch_operator.py for tasks to queue
[2026-09-24T18:05:44.789+0000] {logging_mixin.py:137} INFO - [2026-09-24T18:05:44.789+0000] {dagbag.py:538} INFO - Filling up the DagBag from /home/airflow/.local/lib/python3.7/site-packages/airflow/example_dags/example_branch_operator.py
[2026-09-24T18:05:44.808+0000] {processor.py:753} INFO - DAG(s) dict_keys(['example_branch_operator']) retrieved from /home/airflow/.local/lib/python3.7/site-packages/airflow/example_dags/example_branch_operator.py
[2026-09-24T18:05:44.862+0000] {logging_mixin.py:137} INFO - [2026-09-24T18:05:44.861+0000] {dag.py:2676} INFO - Sync 1 DAGs
[2026-09-24T18:05:44.903+0000] {logging_mixin.py:137} INFO - [2026-09-24T18:05:44.903+0000] {dag.py:3427} INFO - Setting next_dagrun for example_branch_operator to 2026-09-23T00:00:00+00:00, run_after=2026-09-24T00:00:00+00:00
[2026-09-24T18:05:44.945+0000] {processor.py:175} INFO - Processing /home/airflow/.local/lib/python3.7/site-packages/airflow/example_dags/example_branch_operator.py took 0.159 seconds
[2026-09-24T18:06:15.871+0000] {processor.py:153} INFO - Started process (PID=160) to work on /home/airflow/.local/lib/python3.7/site-packages/airflow/example_dags/example_branch_operator.py
[2026-09-24T18:06:15.872+0000] {processor.py:743} INFO - Processing file /home/airflow/.local/lib/python3.7/site-packages/airflow/example_dags/example_branch_operator.py for tasks to queue
[2026-09-24T18:06:15.872+0000] {logging_mixin.py:137} INFO - [2026-09-24T18:06:15.872+0000] {dagbag.py:538} INFO - Filling up the DagBag from /home/airflow/.local/lib/python3.7/site-packages/airflow/example_dags/example_branch_operator.py
[2026-09-24T18:06:15.899+0000] {processor.py:753} INFO - DAG(s) dict_keys(['example_branch_operator']) retrieved from /home/airflow/.local/lib/python3.7/site-packages/airflow/example_dags/example_branch_operator.py
[2026-09-24T18:06:15.955+0000] {logging_mixin.py:137} INFO - [2026-09-24T18:06:15.954+0000] {dag.py:2676} INFO - Sync 1 DAGs
[2026-09-24T18:06:15.990+0000] {logging_mixin.py:137} INFO - [2026-09-24T18:06:15.990+0000] {dag.py:3427} INFO - Setting next_dagrun for example_branch_operator to 2026-09-23T00:00:00+00:00, run_after=2026-09-24T00:00:00+00:00
[2026-09-24T18:06:16.021+0000] {processor.py:175} INFO - Processing /home/airflow/.local/lib/python3.7/site-packages/airflow/example_dags/example_branch_operator.py took 0.156 seconds
[2026-09-24T18:06:46.352+0000] {processor.py:153} INFO - Started process (PID=258) to work on /home/airflow/.local/lib/python3.7/site-packages/airflow/example_dags/example_branch_operator.py
[2026-09-24T18:06:46.354+0000] {processor.py:743} INFO - Processing file /home/airflow/.local/lib/python3.7/site-packages/airflow/example_dags/example_branch_operator.py for tasks to queue
[2026-09-24T18:06:46.355+0000] {logging_mixin.py:137} INFO - [2026-09-24T18:06:46.355+0000] {dagbag.py:538} INFO - Filling up the DagBag from /home/airflow/.local/lib/python3.7/site-packages/airflow/example_dags/example_branch_operator.py
[2026-09-24T18:06:46.382+0000] {processor.py:753} INFO - DAG(s) dict_keys(['example_branch_operator']) retrieved from /home/airflow/.local/lib/python3.7/site-packages/airflow/example_dags/example_branch_operator.py
[2026-09-24T18:06:46.432+0000] {logging_mixin.py:137} INFO - [2026-09-24T18:06:46.432+0000] {dag.py:2676} INFO - Sync 1 DAGs
[2026-09-24T18:06:46.471+0000] {logging_mixin.py:137} INFO - [2026-09-24T18:06:46.470+0000] {dag.py:3427} INFO - Setting next_dagrun for example_branch_operator to 2026-09-23T00:00:00+00:00, run_after=2026-09-24T00:00:00+00:00
[2026-09-24T18:06:46.501+0000] {processor.py:175} INFO - Processing /home/airflow/.local/lib/python3.7/site-packages/airflow/example_dags/example_branch_operator.py took 0.152 seconds
[2026-09-24T18:07:16.607+0000] {processor.py:153} INFO - Started process (PID=336) to work on /home/airflow/.local/lib/python3.7/site-packages/airflow/example_dags/example_branch_operator.py
[2026-09-24T18:07:16.608+0000] {processor.py:743} INFO - Processing file /home/airflow/.local/lib/python3.7/site-packages/airflow/example_dags/example_branch_operator.py for tasks to queue
[2026-09-24T18:07:16.608+0000] {logging_mixin.py:137} INFO - [2026-09-24T18:07:16.608+0000] {dagbag.py:538} INFO - Filling up the DagBag from /home/airflow/.local/lib/python3.7/site-packages/airflow/example_dags/example_branch_operator.py
[2026-09-24T18:07:16.625+0000] {processor.py:753} INFO - DAG(s) dict_keys(['example_branch_operator']) retrieved from /home/airflow/.local/lib/python3.7/site-packages/airflow/example_dags/example_branch_operator.py
[2026-09-24T18:07:16.665+0000] {logging_mixin.py:137} INFO - [2026-09-24T18:07:16.665+0000] {dag.py:2676} INFO - Sync 1 DAGs
[2026-09-24T18:07:16.691+0000] {logging_mixin.py:137} INFO - [2026-09-24T18:07:16.691+0000] {dag.py:3427} INFO - Setting next_dagrun for example_branch_operator to 2026-09-23T00:00:00+00:00, run_after=2026-09-24T00:00:00+00:00
[2026-09-24T18:07:16.716+0000] {processor.py:175} INFO - Processing /home/airflow/.local/lib/python3.7/site-packages/airflow/example_dags/example_branch_operator.py took 0.112 seconds
[2026-09-24T18:07:47.317+0000] {processor.py:153} INFO - Started process (PID=414) to work on /home/airflow/.local/lib/python3.7/site-packages/airflow/example_dags/example_branch_operator.py
[2026-09-24T18:07:47.318+0000] {processor.py:743} INFO - Processing file /home/airflow/.local/lib/python3.7/site-packages/airflow/example_dags/example_branch_operator.py for tasks to queue
[2026-09-24T18:07:47.319+0000] {logging_mixin.py:137} INFO - [2026-09-24T18:07:47.318+0000] {dagbag.py:538} INFO - Filling up the DagBag from /home/airflow/.local/lib/python3.7/site-packages/airflow/example_dags/example_branch_operator.py
[2026-09-24T18:07:47.336+0000] {processor.py:753} INFO - DAG(s) dict_keys(['example_branch_operator']) retrieved from /home/airflow/.local/lib/python3.7/site-packages/airflow/example_dags/example_branch_operator.py
[2026-09-24T18:07:47.377+0000] {logging_mixin.py:137} INFO - [2026-09-24T18:07:47.377+0000] {dag.py:2676} INFO - Sync 1 DAGs
[2026-09-24T18:07:47.412+0000] {logging_mixin.py:137} INFO - [2026-09-24T18:07:47.412+0000] {dag.py:3427} INFO - Setting next_dagrun for example_branch_operator to 2026-09-23T00:00:00+00:00, run_after=2026-09-24T00:00:00+00:00
[2026-09-24T18:07:47.443+0000] {processor.py:175} INFO - Processing /home/airflow/.local/lib/python3.7/site-packages/airflow/example_dags/example_branch_operator.py took 0.129 seconds
[2026-09-24T18:08:17.582+0000] {processor.py:153} INFO - Started process (PID=512) to work on /home/airflow/.local/lib/python3.7/site-packages/airflow/example_dags/example_branch_operator.py
[2026-09-24T18:08:17.583+0000] {processor.py:743} INFO - Processing file /home/airflow/.local/lib/python3.7/site-packages/airflow/example_dags/example_branch_operator.py for tasks to queue
[2026-09-24T18:08:17.584+0000] {logging_mixin.py:137} INFO - [2026-09-24T18:08:17.583+0000] {dagbag.py:538} INFO - Filling up the DagBag from /home/airflow/.local/lib/python3.7/site-packages/airflow/example_dags/example_branch_operator.py
[2026-09-24T18:08:17.601+0000] {processor.py:753} INFO - DAG(s) dict_keys(['example_branch_operator']) retrieved from /home/airflow/.local/lib/python3.7/site-packages/airflow/example_dags/example_branch_operator.py
[2026-09-24T18:08:17.653+0000] {logging_mixin.py:137} INFO - [2026-09-24T18:08:17.653+0000] {dag.py:2676} INFO - Sync 1 DAGs
[2026-09-24T18:08:17.689+0000] {logging_mixin.py:137} INFO - [2026-09-24T18:08:17.689+0000] {dag.py:3427} INFO - Setting next_dagrun for example_branch_operator to 2026-09-23T00:00:00+00:00, run_after=2026-09-24T00:00:00+00:00
[2026-09-24T18:08:17.721+0000] {processor.py:175} INFO - Processing /home/airflow/.local/lib/python3.7/site-packages/airflow/example_dags/example_branch_operator.py took 0.142 seconds
[2026-09-24T18:08:48.481+0000] {processor.py:153} INFO - Started process (PID=590) to work on /home/airflow/.local/lib/python3.7/site-packages/airflow/example_dags/example_branch_operator.py
[2026-09-24T18:08:48.482+0000] {processor.py:743} INFO - Processing file /home/airflow/.local/lib/python3.7/site-packages/airflow/example_dags/example_branch_operator.py for tasks to queue
[2026-09-24T18:08:48.483+0000] {logging_mixin.py:137} INFO - [2026-09-24T18:08:48.483+0000] {dagbag.py:538} INFO - Filling up the DagBag from /home/airflow/.local/lib/python3.7/site-packages/airflow/example_dags/example_branch_operator.py
[2026-09-24T18:08:48.517+0000] {processor.py:753} INFO - DAG(s) dict_keys(['example_branch_operator']) retrieved from /home/airflow/.local/lib/python3.7/site-packages/airflow/example_dags/example_branch_operator.py
[2026-09-24T18:08:48.567+0000] {logging_mixin.py:137} INFO - [2026-09-24T18:08:48.567+0000] {dag.py:2676} INFO - Sync 1 DAGs
[2026-09-24T18:08:48.596+0000] {logging_mixin.py:137} INFO - [2026-09-24T18:08:48.595+0000] {dag.py:3427} INFO - Setting next_dagrun for example_branch_operator to 2026-09-23T00:00:00+00:00, run_after=2026-09-24T00:00:00+00:00
[2026-09-24T18:08:48.619+0000] {processor.py:175} INFO - Processing /home/airflow/.local/lib/python3.7/site-packages/airflow/example_dags/example_branch_operator.py took 0.141 seconds
[2026-09-24T18:09:19.350+0000] {processor.py:153} INFO - Started process (PID=688) to work on /home/airflow/.local/lib/python3.7/site-packages/airflow/example_dags/example_branch_operator.py
[2026-09-24T18:09:19.351+0000] {processor.py:743} INFO - Processing file /home/airflow/.local/lib/python3.7/site-packages/airflow/example_dags/example_branch_operator.py for tasks to queue
[2026-09-24T18:09:19.352+0000] {logging_mixin.py:137} INFO - [2026-09-24T18:09:19.352+0000] {dagbag.py:538} INFO - Filling up the DagBag from /home/airflow/.local/lib/python3.7/site-packages/airflow/example_dags/example_branch_operator.py
[2026-09-24T18:09:19.379+0000] {processor.py:753} INFO - DAG(s) dict_keys(['example_branch_operator']) retrieved from /home/airflow/.local/lib/python3.7/site-packages/airflow/example_dags/example_branch_operator.py
[2026-09-24T18:09:19.442+0000] {logging_mixin.py:137} INFO - [2026-09-24T18:09:19.441+0000] {dag.py:2676} INFO - Sync 1 DAGs
[2026-09-24T18:09:19.474+0000] {logging_mixin.py:137} INFO - [2026-09-24T18:09:19.474+0000] {dag.py:3427} INFO - Setting next_dagrun for example_branch_operator to 2026-09-23T00:00:00+00:00, run_after=2026-09-24T00:00:00+00:00
[2026-09-24T18:09:19.511+0000] {processor.py:175} INFO - Processing /home/airflow/.local/lib/python3.7/site-packages/airflow/example_dags/example_branch_operator.py took 0.165 seconds
[2026-09-24T18:09:50.728+0000] {processor.py:153} INFO - Started process (PID=767) to work on /home/airflow/.local/lib/python3.7/site-packages/airflow/example_dags/example_branch_operator.py
[2026-09-24T18:09:50.730+0000] {processor.py:743} INFO - Processing file /home/airflow/.local/lib/python3.7/site-packages/airflow/example_dags/example_branch_operator.py for tasks to queue
[2026-09-24T18:09:50.732+0000] {logging_mixin.py:137} INFO - [2026-09-24T18:09:50.732+0000] {dagbag.py:538} INFO - Filling up the DagBag from /home/airflow/.local/lib/python3.7/site-packages/airflow/example_dags/example_branch_operator.py
[2026-09-24T18:09:50.761+0000] {processor.py:753} INFO - DAG(s) dict_keys(['example_branch_operator']) retrieved from /home/airflow/.local/lib/python3.7/site-packages/airflow/example_dags/example_branch_operator.py
[2026-09-24T18:09:50.828+0000] {logging_mixin.py:137} INFO - [2026-09-24T18:09:50.827+0000] {dag.py:2676} INFO - Sync 1 DAGs
[2026-09-24T18:09:50.880+0000] {logging_mixin.py:137} INFO - [2026-09-24T18:09:50.880+0000] {dag.py:3427} INFO - Setting next_dagrun for example_branch_operator to 2026-09-23T00:00:00+00:00, run_after=2026-09-24T00:00:00+00:00
[2026-09-24T18:09:50.914+0000] {processor.py:175} INFO - Processing /home/airflow/.local/lib/python3.7/site-packages/airflow/example_dags/example_branch_operator.py took 0.192 seconds
[2026-09-24T18:10:21.806+0000] {processor.py:153} INFO - Started process (PID=845) to work on /home/airflow/.local/lib/python3.7/site-packages/airflow/example_dags/example_branch_operator.py
[2026-09-24T18:10:21.807+0000] {processor.py:743} INFO - Processing file /home/airflow/.local/lib/python3.7/site-packages/airflow/example_dags/example_branch_operator.py for tasks to queue
[2026-09-24T18:10:21.807+0000] {logging_mixin.py:137} INFO - [2026-09-24T18:10:21.807+0000] {dagbag.py:538} INFO - Filling up the DagBag from /home/airflow/.local/lib/python3.7/site-packages/airflow/example_dags/example_branch_operator.py
[2026-09-24T18:10:21.839+0000] {processor.py:753} INFO - DAG(s) dict_keys(['example_branch_operator']) retrieved from /home/airflow/.local/lib/python3.7/site-packages/airflow/example_dags/example_branch_operator.py
[2026-09-24T18:10:21.895+0000] {logging_mixin.py:137} INFO - [2026-09-24T18:10:21.895+0000] {dag.py:2676} INFO - Sync 1 DAGs
[2026-09-24T18:10:21.934+0000] {logging_mixin.py:137} INFO - [2026-09-24T18:10:21.934+0000] {dag.py:3427} INFO - Setting next_dagrun for example_branch_operator to 2026-09-23T00:00:00+00:00, run_after=2026-09-24T00:00:00+00:00
[2026-09-24T18:10:21.973+0000] {processor.py:175} INFO - Processing /home/airflow/.local/lib/python3.7/site-packages/airflow/example_dags/example_branch_operator.py took 0.170 seconds
[2026-09-24T18:10:52.514+0000] {processor.py:153} INFO - Started process (PID=943) to work on /home/airflow/.local/lib/python3.7/site-packages/airflow/example_dags/example_branch_operator.py
[2026-09-24T18:10:52.515+0000] {processor.py:743} INFO - Processing file /home/airflow/.local/lib/python3.7/site-packages/airflow/example_dags/example_branch_operator.py for tasks to queue
[2026-09-24T18:10:52.515+0000] {logging_mixin.py:137} INFO - [2026-09-24T18:10:52.515+0000] {dagbag.py:538} INFO - Filling up the DagBag from /home/airflow/.local/lib/python3.7/site-packages/airflow/example_dags/example_branch_operator.py
[2026-09-24T18:10:52.536+0000] {processor.py:753} INFO - DAG(s) dict_keys(['example_branch_operator']) retrieved from /home/airflow/.local/lib/python3.7/site-packages/airflow/example_dags/example_branch_operator.py
[2026-09-24T18:10:52.579+0000] {logging_mixin.py:137} INFO - [2026-09-24T18:10:52.579+0000] {dag.py:2676} INFO - Sync 1 DAGs
[2026-09-24T18:10:52.609+0000] {logging_mixin.py:137} INFO - [2026-09-24T18:10:52.609+0000] {dag.py:3427} INFO - Setting next_dagrun for example_branch_operator to 2026-09-23T00:00:00+00:00, run_after=2026-09-24T00:00:00+00:00
[2026-09-24T18:10:52.637+0000] {processor.py:175} INFO - Processing /home/airflow/.local/lib/python3.7/site-packages/airflow/example_dags/example_branch_operator.py took 0.127 seconds
[2026-09-24T18:11:22.797+0000] {processor.py:153} INFO - Started process (PID=1021) to work on /home/airflow/.local/lib/python3.7/site-packages/airflow/example_dags/example_branch_operator.py
[2026-09-24T18:11:22.798+0000] {processor.py:743} INFO - Processing file /home/airflow/.local/lib/python3.7/site-packages/airflow/example_dags/example_branch_operator.py for tasks to queue
[2026-09-24T18:11:22.798+0000] {logging_mixin.py:137} INFO - [2026-09-24T18:11:22.798+0000] {dagbag.py:538} INFO - Filling up the DagBag from /home/airflow/.local/lib/python3.7/site-packages/airflow/example_dags/example_branch_operator.py
[2026-09-24T18:11:22.817+0000] {processor.py:753} INFO - DAG(s) dict_keys(['example_branch_operator']) retrieved from /home/airflow/.local/lib/python3.7/site-packages/airflow/example_dags/example_branch_operator.py
[2026-09-24T18:11:22.874+0000] {logging_mixin.py:137} INFO - [2026-09-24T18:11:22.874+0000] {dag.py:2676} INFO - Sync 1 DAGs
[2026-09-24T18:11:22.907+0000] {logging_mixin.py:137} INFO - [2026-09-24T18:11:22.907+0000] {dag.py:3427} INFO - Setting next_dagrun for example_branch_operator to 2026-09-23T00:00:00+00:00, run_after=2026-09-24T00:00:00+00:00
[2026-09-24T18:11:22.940+0000] {processor.py:175} INFO - Processing /home/airflow/.local/lib/python3.7/site-packages/airflow/example_dags/example_branch_operator.py took 0.146 seconds
[2026-09-24T18:11:53.399+0000] {processor.py:153} INFO - Started process (PID=1119) to work on /home/airflow/.local/lib/python3.7/site-packages/airflow/example_dags/example_branch_operator.py
[2026-09-24T18:11:53.400+0000] {processor.py:743} INFO - Processing file /home/airflow/.local/lib/python3.7/site-packages/airflow/example_dags/example_branch_operator.py for tasks to queue
[2026-09-24T18:11:53.401+0000] {logging_mixin.py:137} INFO - [2026-09-24T18:11:53.401+0000] {dagbag.py:538} INFO - Filling up the DagBag from /home/airflow/.local/lib/python3.7/site-packages/airflow/example_dags/example_branch_operator.py
[2026-09-24T18:11:53.456+0000] {processor.py:753} INFO - DAG(s) dict_keys(['example_branch_operator']) retrieved from /home/airflow/.local/lib/python3.7/site-packages/airflow/example_dags/example_branch_operator.py
[2026-09-24T18:11:53.544+0000] {logging_mixin.py:137} INFO - [2026-09-24T18:11:53.544+0000] {dag.py:2676} INFO - Sync 1 DAGs
[2026-09-24T18:11:53.596+0000] {logging_mixin.py:137} INFO - [2026-09-24T18:11:53.596+0000] {dag.py:3427} INFO - Setting next_dagrun for example_branch_operator to 2026-09-23T00:00:00+00:00, run_after=2026-09-24T00:00:00+00:00
[2026-09-24T18:11:53.635+0000] {processor.py:175} INFO - Processing /home/airflow/.local/lib/python3.7/site-packages/airflow/example_dags/example_branch_operator.py took 0.243 seconds
[2026-09-24T18:12:24.383+0000] {processor.py:153} INFO - Started process (PID=1197) to work on /home/airflow/.local/lib/python3.7/site-packages/airflow/example_dags/example_branch_operator.py
[2026-09-24T18:12:24.384+0000] {processor.py:743} INFO - Processing file /home/airflow/.local/lib/python3.7/site-packages/airflow/example_dags/example_branch_operator.py for tasks to queue
[2026-09-24T18:12:24.385+0000] {logging_mixin.py:137} INFO - [2026-09-24T18:12:24.385+0000] {dagbag.py:538} INFO - Filling up the DagBag from /home/airflow/.local/lib/python3.7/site-packages/airflow/example_dags/example_branch_operator.py
[2026-09-24T18:12:24.414+0000] {processor.py:753} INFO - DAG(s) dict_keys(['example_branch_operator']) retrieved from /home/airflow/.local/lib/python3.7/site-packages/airflow/example_dags/example_branch_operator.py
[2026-09-24T18:12:24.467+0000] {logging_mixin.py:137} INFO - [2026-09-24T18:12:24.467+0000] {dag.py:2676} INFO - Sync 1 DAGs
[2026-09-24T18:12:24.505+0000] {logging_mixin.py:137} INFO - [2026-09-24T18:12:24.505+0000] {dag.py:3427} INFO - Setting next_dagrun for example_branch_operator to 2026-09-23T00:00:00+00:00, run_after=2026-09-24T00:00:00+00:00
[2026-09-24T18:12:24.537+0000] {processor.py:175} INFO - Processing /home/airflow/.local/lib/python3.7/site-packages/airflow/example_dags/example_branch_operator.py took 0.160 seconds
[2026-09-24T18:12:54.659+0000] {processor.py:153} INFO - Started process (PID=1275) to work on /home/airflow/.local/lib/python3.7/site-packages/airflow/example_dags/example_branch_operator.py
[2026-09-24T18:12:54.660+0000] {processor.py:743} INFO - Processing file /home/airflow/.local/lib/python3.7/site-packages/airflow/example_dags/example_branch_operator.py for tasks to queue
[2026-09-24T18:12:54.661+0000] {logging_mixin.py:137} INFO - [2026-09-24T18:12:54.661+0000] {dagbag.py:538} INFO - Filling up the DagBag from /home/airflow/.local/lib/python3.7/site-packages/airflow/example_dags/example_branch_operator.py
[2026-09-24T18:12:54.680+0000] {processor.py:753} INFO - DAG(s) dict_keys(['example_branch_operator']) retrieved from /home/airflow/.local/lib/python3.7/site-packages/airflow/example_dags/example_branch_operator.py
[2026-09-24T18:12:54.736+0000] {logging_mixin.py:137} INFO - [2026-09-24T18:12:54.736+0000] {dag.py:2676} INFO - Sync 1 DAGs
[2026-09-24T18:12:54.770+0000] {logging_mixin.py:137} INFO - [2026-09-24T18:12:54.770+0000] {dag.py:3427} INFO - Setting next_dagrun for example_branch_operator to 2026-09-23T00:00:00+00:00, run_after=2026-09-24T00:00:00+00:00
[2026-09-24T18:12:54.809+0000] {processor.py:175} INFO - Processing /home/airflow/.local/lib/python3.7/site-packages/airflow/example_dags/example_branch_operator.py took 0.153 seconds
[2026-09-24T18:13:25.470+0000] {processor.py:153} INFO - Started process (PID=1373) to work on /home/airflow/.local/lib/python3.7/site-packages/airflow/example_dags/example_branch_operator.py
[2026-09-24T18:13:25.472+0000] {processor.py:743} INFO - Processing file /home/airflow/.local/lib/python3.7/site-packages/airflow/example_dags/example_branch_operator.py for tasks to queue
[2026-09-24T18:13:25.474+0000] {logging_mixin.py:137} INFO - [2026-09-24T18:13:25.474+0000] {dagbag.py:538} INFO - Filling up the DagBag from /home/airflow/.local/lib/python3.7/site-packages/airflow/example_dags/example_branch_operator.py
[2026-09-24T18:13:25.509+0000] {processor.py:753} INFO - DAG(s) dict_keys(['example_branch_operator']) retrieved from /home/airflow/.local/lib/python3.7/site-packages/airflow/example_dags/example_branch_operator.py
[2026-09-24T18:13:25.579+0000] {logging_mixin.py:137} INFO - [2026-09-24T18:13:25.579+0000] {dag.py:2676} INFO - Sync 1 DAGs
[2026-09-24T18:13:25.627+0000] {logging_mixin.py:137} INFO - [2026-09-24T18:13:25.626+0000] {dag.py:3427} INFO - Setting next_dagrun for example_branch_operator to 2026-09-23T00:00:00+00:00, run_after=2026-09-24T00:00:00+00:00
[2026-09-24T18:13:25.672+0000] {processor.py:175} INFO - Processing /home/airflow/.local/lib/python3.7/site-packages/airflow/example_dags/example_branch_operator.py took 0.212 seconds
[2026-09-24T18:13:55.956+0000] {processor.py:153} INFO - Started process (PID=1452) to work on /home/airflow/.local/lib/python3.7/site-packages/airflow/example_dags/example_branch_operator.py
[2026-09-24T18:13:55.957+0000] {processor.py:743} INFO - Processing file /home/airflow/.local/lib/python3.7/site-packages/airflow/example_dags/example_branch_operator.py for tasks to queue
[2026-09-24T18:13:55.959+0000] {logging_mixin.py:137} INFO - [2026-09-24T18:13:55.958+0000] {dagbag.py:538} INFO - Filling up the DagBag from /home/airflow/.local/lib/python3.7/site-packages/airflow/example_dags/example_branch_operator.py
[2026-09-24T18:13:55.982+0000] {processor.py:753} INFO - DAG(s) dict_keys(['example_branch_operator']) retrieved from /home/airflow/.local/lib/python3.7/site-packages/airflow/example_dags/example_branch_operator.py
[2026-09-24T18:13:56.032+0000] {logging_mixin.py:137} INFO - [2026-09-24T18:13:56.031+0000] {dag.py:2676} INFO - Sync 1 DAGs
[2026-09-24T18:13:56.067+0000] {logging_mixin.py:137} INFO - [2026-09-24T18:13:56.067+0000] {dag.py:3427} INFO - Setting next_dagrun for example_branch_operator to 2026-09-23T00:00:00+00:00, run_after=2026-09-24T00:00:00+00:00
[2026-09-24T18:13:56.097+0000] {processor.py:175} INFO - Processing /home/airflow/.local/lib/python3.7/site-packages/airflow/example_dags/example_branch_operator.py took 0.147 seconds
