[2026-09-24T18:05:42.835+0000] {processor.py:153} INFO - Started process (PID=70) to work on /home/airflow/.local/lib/python3.7/site-packages/airflow/example_dags/example_python_operator.py
[2026-09-24T18:05:42.837+0000] {processor.py:743} INFO - Processing file /home/airflow/.local/lib/python3.7/site-packages/airflow/example_dags/example_python_operator.py for tasks to queue
[2026-09-24T18:05:42.838+0000] {logging_mixin.py:137} INFO - [2026-09-24T18:05:42.838+0000] {dagbag.py:538} INFO - Filling up the DagBag from /home/airflow/.local/lib/python3.7/site-packages/airflow/example_dags/example_python_operator.py
[2026-09-24T18:05:42.892+0000] {logging_mixin.py:137} INFO - [2026-09-24T18:05:42.891+0000] {taskmixin.py:205} WARNING - Dependency <Task(_PythonDecoratedOperator): print_the_context>, log_sql_query already registered for DAG: example_python_operator
[2026-09-24T18:05:42.892+0000] {logging_mixin.py:137} INFO - [2026-09-24T18:05:42.892+0000] {taskmixin.py:205} WARNING - Dependency <Task(_PythonDecoratedOperator): log_sql_query>, print_the_context already registered for DAG: example_python_operator
[2026-09-24T18:05:42.894+0000] {logging_mixin.py:137} INFO - [2026-09-24T18:05:42.894+0000] {taskmixin.py:205} WARNING - Dependency <Task(_PythonDecoratedOperator): print_the_context>, log_sql_query already registered for DAG: example_python_operator
[2026-09-24T18:05:42.894+0000] {logging_mixin.py:137} INFO - [2026-09-24T18:05:42.894+0000] {taskmixin.py:205} WARNING - Dependency <Task(_PythonDecoratedOperator): log_sql_query>, print_the_context already registered for DAG: example_python_operator
[2026-09-24T18:05:42.896+0000] {logging_mixin.py:137} INFO - [2026-09-24T18:05:42.896+0000] {taskmixin.py:205} WARNING - Dependency <Task(_PythonDecoratedOperator): print_the_context>, log_sql_query already registered for DAG: example_python_operator
[2026-09-24T18:05:42.896+0000] {logging_mixin.py:137} INFO - [2026-09-24T18:05:42.896+0000] {taskmixin.py:205} WARNING - Dependency <Task(_PythonDecoratedOperator): log_sql_query>, print_the_context already registered for DAG: example_python_operator
[2026-09-24T18:05:42.898+0000] {logging_mixin.py:137} INFO - [2026-09-24T18:05:42.897+0000] {taskmixin.py:205} WARNING - Dependency <Task(_PythonDecoratedOperator): print_the_context>, log_sql_query already registered for DAG: example_python_operator
[2026-09-24T18:05:42.898+0000] {logging_mixin.py:137} INFO - [2026-09-24T18:05:42.898+0000] {taskmixin.py:205} WARNING - Dependency <Task(_PythonDecoratedOperator): log_sql_query>, print_the_context already registered for DAG: example_python_operator
[2026-09-24T18:05:42.922+0000] {processor.py:753} INFO - DAG(s) dict_keys(['example_python_operator']) retrieved from /home/airflow/.local/lib/python3.7/site-packages/airflow/example_dags/example_python_operator.py
[2026-09-24T18:05:43.133+0000] {logging_mixin.py:137} INFO - [2026-09-24T18:05:43.133+0000] {dag.py:2676} INFO - Sync 1 DAGs
[2026-09-24T18:05:43.202+0000] {logging_mixin.py:137} INFO - [2026-09-24T18:05:43.202+0000] {dag.py:3427} INFO - Setting next_dagrun for example_python_operator to None, run_after=None
[2026-09-24T18:05:43.260+0000] {processor.py:175} INFO - Processing /home/airflow/.local/lib/python3.7/site-packages/airflow/example_dags/example_python_operator.py took 0.434 seconds
[2026-09-24T18:06:13.555+0000] {processor.py:153} INFO - Started process (PID=148) to work on /home/airflow/.local/lib/python3.7/site-packages/airflow/example_dags/example_python_operator.py
[2026-09-24T18:06:13.557+0000] {processor.py:743} INFO - Processing file /home/airflow/.local/lib/python3.7/site-packages/airflow/example_dags/example_python_operator.py for tasks to queue
[2026-09-24T18:06:13.557+0000] {logging_mixin.py:137} INFO - [2026-09-24T18:06:13.557+0000] {dagbag.py:538} INFO - Filling up the DagBag from /home/airflow/.local/lib/python3.7/site-packages/airflow/example_dags/example_python_operator.py
[2026-09-24T18:06:13.585+0000] {logging_mixin.py:137} INFO - [2026-09-24T18:06:13.585+0000] {taskmixin.py:205} WARNING - Dependency <Task(_PythonDecoratedOperator): print_the_context>, log_sql_query already registered for DAG: example_python_operator
[2026-09-24T18:06:13.586+0000] {logging_mixin.py:137} INFO - [2026-09-24T18:06:13.585+0000] {taskmixin.py:205} WARNING - Dependency <Task(_PythonDecoratedOperator): log_sql_query>, print_the_context already registered for DAG: example_python_operator
[2026-09-24T18:06:13.587+0000] {logging_mixin.py:137} INFO - [2026-09-24T18:06:13.587+0000] {taskmixin.py:205} WARNING - Dependency <Task(_PythonDecoratedOperator): print_the_context>, log_sql_query already registered for DAG: example_python_operator
[2026-09-24T18:06:13.587+0000] {logging_mixin.py:137} INFO - [2026-09-24T18:06:13.587+0000] {taskmixin.py:205} WARNING - Dependency <Task(_PythonDecoratedOperator): log_sql_query>, print_the_context already registered for DAG: example_python_operator
[2026-09-24T18:06:13.588+0000] {logging_mixin.py:137} INFO - [2026-09-24T18:06:13.588+0000] {taskmixin.py:205} WARNING - Dependency <Task(_PythonDecoratedOperator): print_the_context>, log_sql_query already registered for DAG: example_python_operator
[2026-09-24T18:06:13.589+0000] {logging_mixin.py:137} INFO - [2026-09-24T18:06:13.589+0000] {taskmixin.py:205} WARNING - Dependency <Task(_PythonDecoratedOperator): log_sql_query>, print_the_context already registered for DAG: example_python_operator
[2026-09-24T18:06:13.590+0000] {logging_mixin.py:137} INFO - [2026-09-24T18:06:13.590+0000] {taskmixin.py:205} WARNING - Dependency <Task(_PythonDecoratedOperator): print_the_context>, log_sql_query already registered for DAG: example_python_operator
[2026-09-24T18:06:13.590+0000] {logging_mixin.py:137} INFO - [2026-09-24T18:06:13.590+0000] {taskmixin.py:205} WARNING - Dependency <Task(_PythonDecoratedOperator): log_sql_query>, print_the_context already registered for DAG: example_python_operator
[2026-09-24T18:06:13.601+0000] {processor.py:753} INFO - DAG(s) dict_keys(['example_python_operator']) retrieved from /home/airflow/.local/lib/python3.7/site-packages/airflow/example_dags/example_python_operator.py
[2026-09-24T18:06:13.651+0000] {logging_mixin.py:137} INFO - [2026-09-24T18:06:13.650+0000] {dag.py:2676} INFO - Sync 1 DAGs
[2026-09-24T18:06:13.684+0000] {logging_mixin.py:137} INFO - [2026-09-24T18:06:13.684+0000] {dag.py:3427} INFO - Setting next_dagrun for example_python_operator to None, run_after=None
[2026-09-24T18:06:13.724+0000] {processor.py:175} INFO - Processing /home/airflow/.local/lib/python3.7/site-packages/airflow/example_dags/example_python_operator.py took 0.174 seconds
[2026-09-24T18:06:43.828+0000] {processor.py:153} INFO - Started process (PID=226) to work on /home/airflow/.local/lib/python3.7/site-packages/airflow/example_dags/example_python_operator.py
[2026-09-24T18:06:43.829+0000] {processor.py:743} INFO - Processing file /home/airflow/.local/lib/python3.7/site-packages/airflow/example_dags/example_python_operator.py for tasks to queue
[2026-09-24T18:06:43.829+0000] {logging_mixin.py:137} INFO - [2026-09-24T18:06:43.829+0000] {dagbag.py:538} INFO - Filling up the DagBag from /home/airflow/.local/lib/python3.7/site-packages/airflow/example_dags/example_python_operator.py
[2026-09-24T18:06:43.859+0000] {logging_mixin.py:137} INFO - [2026-09-24T18:06:43.859+0000] {taskmixin.py:205} WARNING - Dependency <Task(_PythonDecoratedOperator): print_the_context>, log_sql_query already registered for DAG: example_python_operator
[2026-09-24T18:06:43.859+0000] {logging_mixin.py:137} INFO - [2026-09-24T18:06:43.859+0000] {taskmixin.py:205} WARNING - Dependency <Task(_PythonDecoratedOperator): log_sql_query>, print_the_context already registered for DAG: example_python_operator
[2026-09-24T18:06:43.860+0000] {logging_mixin.py:137} INFO - [2026-09-24T18:06:43.860+0000] {taskmixin.py:205} WARNING - Dependency <Task(_PythonDecoratedOperator): print_the_context>, log_sql_query already registered for DAG: example_python_operator
[2026-09-24T18:06:43.860+0000] {logging_mixin.py:137} INFO - [2026-09-24T18:06:43.860+0000] {taskmixin.py:205} WARNING - Dependency <Task(_PythonDecoratedOperator): log_sql_query>, print_the_context already registered for DAG: example_python_operator
[2026-09-24T18:06:43.860+0000] {logging_mixin.py:137} INFO - [2026-09-24T18:06:43.860+0000] {taskmixin.py:205} WARNING - Dependency <Task(_PythonDecoratedOperator): print_the_context>, log_sql_query already registered for DAG: example_python_operator
[2026-09-24T18:06:43.861+0000] {logging_mixin.py:137} INFO - [2026-09-24T18:06:43.861+0000] {taskmixin.py:205} WARNING - Dependency <Task(_PythonDecoratedOperator): log_sql_query>, print_the_context already registered for DAG: example_python_operator
[2026-09-24T18:06:43.861+0000] {logging_mixin.py:137} INFO - [2026-09-24T18:06:43.861+0000] {taskmixin.py:205} WARNING - Dependency <Task(_PythonDecoratedOperator): print_the_context>, log_sql_query already registered for DAG: example_python_operator
[2026-09-24T18:06:43.861+0000] {logging_mixin.py:137} INFO - [2026-09-24T18:06:43.861+0000] {taskmixin.py:205} WARNING - Dependency <Task(_PythonDecoratedOperator): log_sql_query>, print_the_context already registered for DAG: example_python_operator
[2026-09-24T18:06:43.870+0000] {processor.py:753} INFO - DAG(s) dict_keys(['example_python_operator']) retrieved from /home/airflow/.local/lib/python3.7/site-packages/airflow/example_dags/example_python_operator.py
[2026-09-24T18:06:43.918+0000] {logging_mixin.py:137} INFO - [2026-09-24T18:06:43.918+0000] {dag.py:2676} INFO - Sync 1 DAGs
[2026-09-24T18:06:43.953+0000] {logging_mixin.py:137} INFO - [2026-09-24T18:06:43.952+0000] {dag.py:3427} INFO - Setting next_dagrun for example_python_operator to None, run_after=None
[2026-09-24T18:06:43.983+0000] {processor.py:175} INFO - Processing /home/airflow/.local/lib/python3.7/site-packages/airflow/example_dags/example_python_operator.py took 0.158 seconds
[2026-09-24T18:07:14.697+0000] {processor.py:153} INFO - Started process (PID=324) to work on /home/airflow/.local/lib/python3.7/site-packages/airflow/example_dags/example_python_operator.py
[2026-09-24T18:07:14.698+0000] {processor.py:743} INFO - Processing file /home/airflow/.local/lib/python3.7/site-packages/airflow/example_dags/example_python_operator.py for tasks to queue
[2026-09-24T18:07:14.699+0000] {logging_mixin.py:137} INFO - [2026-09-24T18:07:14.699+0000] {dagbag.py:538} INFO - Filling up the DagBag from /home/airflow/.local/lib/python3.7/site-packages/airflow/example_dags/example_python_operator.py
[2026-09-24T18:07:14.716+0000] {logging_mixin.py:137} INFO - [2026-09-24T18:07:14.716+0000] {taskmixin.py:205} WARNING - Dependency <Task(_PythonDecoratedOperator): print_the_context>, log_sql_query already registered for DAG: example_python_operator
[2026-09-24T18:07:14.716+0000] {logging_mixin.py:137} INFO - [2026-09-24T18:07:14.716+0000] {taskmixin.py:205} WARNING - Dependency <Task(_PythonDecoratedOperator): log_sql_query>, print_the_context already registered for DAG: example_python_operator
[2026-09-24T18:07:14.717+0000] {logging_mixin.py:137} INFO - [2026-09-24T18:07:14.716+0000] {taskmixin.py:205} WARNING - Dependency <Task(_PythonDecoratedOperator): print_the_context>, log_sql_query already registered for DAG: example_python_operator
[2026-09-24T18:07:14.717+0000] {logging_mixin.py:137} INFO - [2026-09-24T18:07:14.717+0000] {taskmixin.py:205} WARNING - Dependency <Task(_PythonDecoratedOperator): log_sql_query>, print_the_context already registered for DAG: example_python_operator
[2026-09-24T18:07:14.717+0000] {logging_mixin.py:137} INFO - [2026-09-24T18:07:14.717+0000] {taskmixin.py:205} WARNING - Dependency <Task(_PythonDecoratedOperator): print_the_context>, log_sql_query already registered for DAG: example_python_operator
[2026-09-24T18:07:14.717+0000] {logging_mixin.py:137} INFO - [2026-09-24T18:07:14.717+0000] {taskmixin.py:205} WARNING - Dependency <Task(_PythonDecoratedOperator): log_sql_query>, print_the_context already registered for DAG: example_python_operator
[2026-09-24T18:07:14.718+0000] {logging_mixin.py:137} INFO - [2026-09-24T18:07:14.718+0000] {taskmixin.py:205} WARNING - Dependency <Task(_PythonDecoratedOperator): print_the_context>, log_sql_query already registered for DAG: example_python_operator
[2026-09-24T18:07:14.718+0000] {logging_mixin.py:137} INFO - [2026-09-24T18:07:14.718+0000] {taskmixin.py:205} WARNING - Dependency <Task(_PythonDecoratedOperator): log_sql_query>, print_the_context already registered for DAG: example_python_operator
[2026-09-24T18:07:14.723+0000] {processor.py:753} INFO - DAG(s) dict_keys(['example_python_operator']) retrieved from /home/airflow/.local/lib/python3.7/site-packages/airflow/example_dags/example_python_operator.py
[2026-09-24T18:07:14.765+0000] {logging_mixin.py:137} INFO - [2026-09-24T18:07:14.765+0000] {dag.py:2676} INFO - Sync 1 DAGs
[2026-09-24T18:07:14.794+0000] {logging_mixin.py:137} INFO - [2026-09-24T18:07:14.794+0000] {dag.py:3427} INFO - Setting next_dagrun for example_python_operator to None, run_after=None
[2026-09-24T18:07:14.821+0000] {processor.py:175} INFO - Processing /home/airflow/.local/lib/python3.7/site-packages/airflow/example_dags/example_python_operator.py took 0.127 seconds
[2026-09-24T18:07:45.143+0000] {processor.py:153} INFO - Started process (PID=402) to work on /home/airflow/.local/lib/python3.7/site-packages/airflow/example_dags/example_python_operator.py
[2026-09-24T18:07:45.143+0000] {processor.py:743} INFO - Processing file /home/airflow/.local/lib/python3.7/site-packages/airflow/example_dags/example_python_operator.py for tasks to queue
[2026-09-24T18:07:45.144+0000] {logging_mixin.py:137} INFO - [2026-09-24T18:07:45.144+0000] {dagbag.py:538} INFO - Filling up the DagBag from /home/airflow/.local/lib/python3.7/site-packages/airflow/example_dags/example_python_operator.py
[2026-09-24T18:07:45.161+0000] {logging_mixin.py:137} INFO - [2026-09-24T18:07:45.161+0000] {taskmixin.py:205} WARNING - Dependency <Task(_PythonDecoratedOperator): print_the_context>, log_sql_query already registered for DAG: example_python_operator
[2026-09-24T18:07:45.161+0000] {logging_mixin.py:137} INFO - [2026-09-24T18:07:45.161+0000] {taskmixin.py:205} WARNING - Dependency <Task(_PythonDecoratedOperator): log_sql_query>, print_the_context already registered for DAG: example_python_operator
[2026-09-24T18:07:45.162+0000] {logging_mixin.py:137} INFO - [2026-09-24T18:07:45.162+0000] {taskmixin.py:205} WARNING - Dependency <Task(_PythonDecoratedOperator): print_the_context>, log_sql_query already registered for DAG: example_python_operator
[2026-09-24T18:07:45.162+0000] {logging_mixin.py:137} INFO - [2026-09-24T18:07:45.162+0000] {taskmixin.py:205} WARNING - Dependency <Task(_PythonDecoratedOperator): log_sql_query>, print_the_context already registered for DAG: example_python_operator
[2026-09-24T18:07:45.162+0000] {logging_mixin.py:137} INFO - [2026-09-24T18:07:45.162+0000] {taskmixin.py:205} WARNING - Dependency <Task(_PythonDecoratedOperator): print_the_context>, log_sql_query already registered for DAG: example_python_operator
[2026-09-24T18:07:45.162+0000] {logging_mixin.py:137} INFO - [2026-09-24T18:07:45.162+0000] {taskmixin.py:205} WARNING - Dependency <Task(_PythonDecoratedOperator): log_sql_query>, print_the_context already registered for DAG: example_python_operator
[2026-09-24T18:07:45.163+0000] {logging_mixin.py:137} INFO - [2026-09-24T18:07:45.163+0000] {taskmixin.py:205} WARNING - Dependency <Task(_PythonDecoratedOperator): print_the_context>, log_sql_query already registered for DAG: example_python_operator
[2026-09-24T18:07:45.163+0000] {logging_mixin.py:137} INFO - [2026-09-24T18:07:45.163+0000] {taskmixin.py:205} WARNING - Dependency <Task(_PythonDecoratedOperator): log_sql_query>, print_the_context already registered for DAG: example_python_operator
[2026-09-24T18:07:45.170+0000] {processor.py:753} INFO - DAG(s) dict_keys(['example_python_operator']) retrieved from /home/airflow/.local/lib/python3.7/site-packages/airflow/example_dags/example_python_operator.py
[2026-09-24T18:07:45.223+0000] {logging_mixin.py:137} INFO - [2026-09-24T18:07:45.223+0000] {dag.py:2676} INFO - Sync 1 DAGs
[2026-09-24T18:07:45.257+0000] {logging_mixin.py:137} INFO - [2026-09-24T18:07:45.257+0000] {dag.py:3427} INFO - Setting next_dagrun for example_python_operator to None, run_after=None
[2026-09-24T18:07:45.288+0000] {processor.py:175} INFO - Processing /home/airflow/.local/lib/python3.7/site-packages/airflow/example_dags/example_python_operator.py took 0.149 seconds
[2026-09-24T18:08:15.390+0000] {processor.py:153} INFO - Started process (PID=500) to work on /home/airflow/.local/lib/python3.7/site-packages/airflow/example_dags/example_python_operator.py
[2026-09-24T18:08:15.391+0000] {processor.py:743} INFO - Processing file /home/airflow/.local/lib/python3.7/site-packages/airflow/example_dags/example_python_operator.py for tasks to queue
[2026-09-24T18:08:15.393+0000] {logging_mixin.py:137} INFO - [2026-09-24T18:08:15.393+0000] {dagbag.py:538} INFO - Filling up the DagBag from /home/airflow/.local/lib/python3.7/site-packages/airflow/example_dags/example_python_operator.py
[2026-09-24T18:08:15.414+0000] {logging_mixin.py:137} INFO - [2026-09-24T18:08:15.414+0000] {taskmixin.py:205} WARNING - Dependency <Task(_PythonDecoratedOperator): print_the_context>, log_sql_query already registered for DAG: example_python_operator
[2026-09-24T18:08:15.414+0000] {logging_mixin.py:137} INFO - [2026-09-24T18:08:15.414+0000] {taskmixin.py:205} WARNING - Dependency <Task(_PythonDecoratedOperator): log_sql_query>, print_the_context already registered for DAG: example_python_operator
[2026-09-24T18:08:15.415+0000] {logging_mixin.py:137} INFO - [2026-09-24T18:08:15.415+0000] {taskmixin.py:205} WARNING - Dependency <Task(_PythonDecoratedOperator): print_the_context>, log_sql_query already registered for DAG: example_python_operator
[2026-09-24T18:08:15.415+0000] {logging_mixin.py:137} INFO - [2026-09-24T18:08:15.415+0000] {taskmixin.py:205} WARNING - Dependency <Task(_PythonDecoratedOperator): log_sql_query>, print_the_context already registered for DAG: example_python_operator
[2026-09-24T18:08:15.416+0000] {logging_mixin.py:137} INFO - [2026-09-24T18:08:15.416+0000] {taskmixin.py:205} WARNING - Dependency <Task(_PythonDecoratedOperator): print_the_context>, log_sql_query already registered for DAG: example_python_operator
[2026-09-24T18:08:15.416+0000] {logging_mixin.py:137} INFO - [2026-09-24T18:08:15.416+0000] {taskmixin.py:205} WARNING - Dependency <Task(_PythonDecoratedOperator): log_sql_query>, print_the_context already registered for DAG: example_python_operator
[2026-09-24T18:08:15.416+0000] {logging_mixin.py:137} INFO - [2026-09-24T18:08:15.416+0000] {taskmixin.py:205} WARNING - Dependency <Task(_PythonDecoratedOperator): print_the_context>, log_sql_query already registered for DAG: example_python_operator
[2026-09-24T18:08:15.417+0000] {logging_mixin.py:137} INFO - [2026-09-24T18:08:15.417+0000] {taskmixin.py:205} WARNING - Dependency <Task(_PythonDecoratedOperator): log_sql_query>, print_the_context already registered for DAG: example_python_operator
[2026-09-24T18:08:15.424+0000] {processor.py:753} INFO - DAG(s) dict_keys(['example_python_operator']) retrieved from /home/airflow/.local/lib/python3.7/site-packages/airflow/example_dags/example_python_operator.py
[2026-09-24T18:08:15.467+0000] {logging_mixin.py:137} INFO - [2026-09-24T18:08:15.466+0000] {dag.py:2676} INFO - Sync 1 DAGs
[2026-09-24T18:08:15.498+0000] {logging_mixin.py:137} INFO - [2026-09-24T18:08:15.498+0000] {dag.py:3427} INFO - Setting next_dagrun for example_python_operator to None, run_after=None
[2026-09-24T18:08:15.521+0000] {processor.py:175} INFO - Processing /home/airflow/.local/lib/python3.7/site-packages/airflow/example_dags/example_python_operator.py took 0.134 seconds
[2026-09-24T18:08:46.227+0000] {processor.py:153} INFO - Started process (PID=578) to work on /home/airflow/.local/lib/python3.7/site-packages/airflow/example_dags/example_python_operator.py
[2026-09-24T18:08:46.228+0000] {processor.py:743} INFO - Processing file /home/airflow/.local/lib/python3.7/site-packages/airflow/example_dags/example_python_operator.py for tasks to queue
[2026-09-24T18:08:46.230+0000] {logging_mixin.py:137} INFO - [2026-09-24T18:08:46.229+0000] {dagbag.py:538} INFO - Filling up the DagBag from /home/airflow/.local/lib/python3.7/site-packages/airflow/example_dags/example_python_operator.py
[2026-09-24T18:08:46.252+0000] {logging_mixin.py:137} INFO - [2026-09-24T18:08:46.251+0000] {taskmixin.py:205} WARNING - Dependency <Task(_PythonDecoratedOperator): print_the_context>, log_sql_query already registered for DAG: example_python_operator
[2026-09-24T18:08:46.252+0000] {logging_mixin.py:137} INFO - [2026-09-24T18:08:46.252+0000] {taskmixin.py:205} WARNING - Dependency <Task(_PythonDecoratedOperator): log_sql_query>, print_the_context already registered for DAG: example_python_operator
[2026-09-24T18:08:46.253+0000] {logging_mixin.py:137} INFO - [2026-09-24T18:08:46.253+0000] {taskmixin.py:205} WARNING - Dependency <Task(_PythonDecoratedOperator): print_the_context>, log_sql_query already registered for DAG: example_python_operator
[2026-09-24T18:08:46.253+0000] {logging_mixin.py:137} INFO - [2026-09-24T18:08:46.253+0000] {taskmixin.py:205} WARNING - Dependency <Task(_PythonDecoratedOperator): log_sql_query>, print_the_context already registered for DAG: example_python_operator
[2026-09-24T18:08:46.253+0000] {logging_mixin.py:137} INFO - [2026-09-24T18:08:46.253+0000] {taskmixin.py:205} WARNING - Dependency <Task(_PythonDecoratedOperator): print_the_context>, log_sql_query already registered for DAG: example_python_operator
[2026-09-24T18:08:46.254+0000] {logging_mixin.py:137} INFO - [2026-09-24T18:08:46.254+0000] {taskmixin.py:205} WARNING - Dependency <Task(_PythonDecoratedOperator): log_sql_query>, print_the_context already registered for DAG: example_python_operator
[2026-09-24T18:08:46.254+0000] {logging_mixin.py:137} INFO - [2026-09-24T18:08:46.254+0000] {taskmixin.py:205} WARNING - Dependency <Task(_PythonDecoratedOperator): print_the_context>, log_sql_query already registered for DAG: example_python_operator
[2026-09-24T18:08:46.255+0000] {logging_mixin.py:137} INFO - [2026-09-24T18:08:46.254+0000] {taskmixin.py:205} WARNING - Dependency <Task(_PythonDecoratedOperator): log_sql_query>, print_the_context already registered for DAG: example_python_operator
[2026-09-24T18:08:46.261+0000] {processor.py:753} INFO - DAG(s) dict_keys(['example_python_operator']) retrieved from /home/airflow/.local/lib/python3.7/site-packages/airflow/example_dags/example_python_operator.py
[2026-09-24T18:08:46.377+0000] {logging_mixin.py:137} INFO - [2026-09-24T18:08:46.376+0000] {dag.py:2676} INFO - Sync 1 DAGs
[2026-09-24T18:08:46.420+0000] {logging_mixin.py:137} INFO - [2026-09-24T18:08:46.420+0000] {dag.py:3427} INFO - Setting next_dagrun for example_python_operator to None, run_after=None
[2026-09-24T18:08:46.450+0000] {processor.py:175} INFO - Processing /home/airflow/.local/lib/python3.7/site-packages/airflow/example_dags/example_python_operator.py took 0.227 seconds
[2026-09-24T18:09:16.713+0000] {processor.py:153} INFO - Started process (PID=665) to work on /home/airflow/.local/lib/python3.7/site-packages/airflow/example_dags/example_python_operator.py
[2026-09-24T18:09:16.716+0000] {processor.py:743} INFO - Processing file /home/airflow/.local/lib/python3.7/site-packages/airflow/example_dags/example_python_operator.py for tasks to queue
[2026-09-24T18:09:16.717+0000] {logging_mixin.py:137} INFO - [2026-09-24T18:09:16.717+0000] {dagbag.py:538} INFO - Filling up the DagBag from /home/airflow/.local/lib/python3.7/site-packages/airflow/example_dags/example_python_operator.py
[2026-09-24T18:09:16.749+0000] {logging_mixin.py:137} INFO - [2026-09-24T18:09:16.749+0000] {taskmixin.py:205} WARNING - Dependency <Task(_PythonDecoratedOperator): print_the_context>, log_sql_query already registered for DAG: example_python_operator
[2026-09-24T18:09:16.749+0000] {logging_mixin.py:137} INFO - [2026-09-24T18:09:16.749+0000] {taskmixin.py:205} WARNING - Dependency <Task(_PythonDecoratedOperator): log_sql_query>, print_the_context already registered for DAG: example_python_operator
[2026-09-24T18:09:16.750+0000] {logging_mixin.py:137} INFO - [2026-09-24T18:09:16.750+0000] {taskmixin.py:205} WARNING - Dependency <Task(_PythonDecoratedOperator): print_the_context>, log_sql_query already registered for DAG: example_python_operator
[2026-09-24T18:09:16.750+0000] {logging_mixin.py:137} INFO - [2026-09-24T18:09:16.750+0000] {taskmixin.py:205} WARNING - Dependency <Task(_PythonDecoratedOperator): log_sql_query>, print_the_context already registered for DAG: example_python_operator
[2026-09-24T18:09:16.751+0000] {logging_mixin.py:137} INFO - [2026-09-24T18:09:16.751+0000] {taskmixin.py:205} WARNING - Dependency <Task(_PythonDecoratedOperator): print_the_context>, log_sql_query already registered for DAG: example_python_operator
[2026-09-24T18:09:16.751+0000] {logging_mixin.py:137} INFO - [2026-09-24T18:09:16.751+0000] {taskmixin.py:205} WARNING - Dependency <Task(_PythonDecoratedOperator): log_sql_query>, print_the_context already registered for DAG: example_python_operator
[2026-09-24T18:09:16.752+0000] {logging_mixin.py:137} INFO - [2026-09-24T18:09:16.752+0000] {taskmixin.py:205} WARNING - Dependency <Task(_PythonDecoratedOperator): print_the_context>, log_sql_query already registered for DAG: example_python_operator
[2026-09-24T18:09:16.752+0000] {logging_mixin.py:137} INFO - [2026-09-24T18:09:16.752+0000] {taskmixin.py:205} WARNING - Dependency <Task(_PythonDecoratedOperator): log_sql_query>, print_the_context already registered for DAG: example_python_operator
[2026-09-24T18:09:16.760+0000] {processor.py:753} INFO - DAG(s) dict_keys(['example_python_operator']) retrieved from /home/airflow/.local/lib/python3.7/site-packages/airflow/example_dags/example_python_operator.py
[2026-09-24T18:09:16.842+0000] {logging_mixin.py:137} INFO - [2026-09-24T18:09:16.842+0000] {dag.py:2676} INFO - Sync 1 DAGs
[2026-09-24T18:09:16.900+0000] {logging_mixin.py:137} INFO - [2026-09-24T18:09:16.900+0000] {dag.py:3427} INFO - Setting next_dagrun for example_python_operator to None, run_after=None
[2026-09-24T18:09:16.952+0000] {processor.py:175} INFO - Processing /home/airflow/.local/lib/python3.7/site-packages/airflow/example_dags/example_python_operator.py took 0.248 seconds
[2026-09-24T18:09:47.524+0000] {processor.py:153} INFO - Started process (PID=755) to work on /home/airflow/.local/lib/python3.7/site-packages/airflow/example_dags/example_python_operator.py
[2026-09-24T18:09:47.525+0000] {processor.py:743} INFO - Processing file /home/airflow/.local/lib/python3.7/site-packages/airflow/example_dags/example_python_operator.py for tasks to queue
[2026-09-24T18:09:47.525+0000] {logging_mixin.py:137} INFO - [2026-09-24T18:09:47.525+0000] {dagbag.py:538} INFO - Filling up the DagBag from /home/airflow/.local/lib/python3.7/site-packages/airflow/example_dags/example_python_operator.py
[2026-09-24T18:09:47.549+0000] {logging_mixin.py:137} INFO - [2026-09-24T18:09:47.549+0000] {taskmixin.py:205} WARNING - Dependency <Task(_PythonDecoratedOperator): print_the_context>, log_sql_query already registered for DAG: example_python_operator
[2026-09-24T18:09:47.550+0000] {logging_mixin.py:137} INFO - [2026-09-24T18:09:47.549+0000] {taskmixin.py:205} WARNING - Dependency <Task(_PythonDecoratedOperator): log_sql_query>, print_the_context already registered for DAG: example_python_operator
[2026-09-24T18:09:47.550+0000] {logging_mixin.py:137} INFO - [2026-09-24T18:09:47.550+0000] {taskmixin.py:205} WARNING - Dependency <Task(_PythonDecoratedOperator): print_the_context>, log_sql_query already registered for DAG: example_python_operator
[2026-09-24T18:09:47.550+0000] {logging_mixin.py:137} INFO - [2026-09-24T18:09:47.550+0000] {taskmixin.py:205} WARNING - Dependency <Task(_PythonDecoratedOperator): log_sql_query>, print_the_context already registered for DAG: example_python_operator
[2026-09-24T18:09:47.551+0000] {logging_mixin.py:137} INFO - [2026-09-24T18:09:47.551+0000] {taskmixin.py:205} WARNING - Dependency <Task(_PythonDecoratedOperator): print_the_context>, log_sql_query already registered for DAG: example_python_operator
[2026-09-24T18:09:47.551+0000] {logging_mixin.py:137} INFO - [2026-09-24T18:09:47.551+0000] {taskmixin.py:205} WARNING - Dependency <Task(_PythonDecoratedOperator): log_sql_query>, print_the_context already registered for DAG: example_python_operator
[2026-09-24T18:09:47.552+0000] {logging_mixin.py:137} INFO - [2026-09-24T18:09:47.552+0000] {taskmixin.py:205} WARNING - Dependency <Task(_PythonDecoratedOperator): print_the_context>, log_sql_query already registered for DAG: example_python_operator
[2026-09-24T18:09:47.552+0000] {logging_mixin.py:137} INFO - [2026-09-24T18:09:47.552+0000] {taskmixin.py:205} WARNING - Dependency <Task(_PythonDecoratedOperator): log_sql_query>, print_the_context already registered for DAG: example_python_operator
[2026-09-24T18:09:47.560+0000] {processor.py:753} INFO - DAG(s) dict_keys(['example_python_operator']) retrieved from /home/airflow/.local/lib/python3.7/site-packages/airflow/example_dags/example_python_operator.py
[2026-09-24T18:09:47.619+0000] {logging_mixin.py:137} INFO - [2026-09-24T18:09:47.619+0000] {dag.py:2676} INFO - Sync 1 DAGs
[2026-09-24T18:09:47.665+0000] {logging_mixin.py:137} INFO - [2026-09-24T18:09:47.665+0000] {dag.py:3427} INFO - Setting next_dagrun for example_python_operator to None, run_after=None
[2026-09-24T18:09:47.709+0000] {processor.py:175} INFO - Processing /home/airflow/.local/lib/python3.7/site-packages/airflow/example_dags/example_python_operator.py took 0.189 seconds
[2026-09-24T18:10:17.894+0000] {processor.py:153} INFO - Started process (PID=833) to work on /home/airflow/.local/lib/python3.7/site-packages/airflow/example_dags/example_python_operator.py
[2026-09-24T18:10:17.895+0000] {processor.py:743} INFO - Processing file /home/airflow/.local/lib/python3.7/site-packages/airflow/example_dags/example_python_operator.py for tasks to queue
[2026-09-24T18:10:17.895+0000] {logging_mixin.py:137} INFO - [2026-09-24T18:10:17.895+0000] {dagbag.py:538} INFO - Filling up the DagBag from /home/airflow/.local/lib/python3.7/site-packages/airflow/example_dags/example_python_operator.py
[2026-09-24T18:10:17.917+0000] {logging_mixin.py:137} INFO - [2026-09-24T18:10:17.917+0000] {taskmixin.py:205} WARNING - Dependency <Task(_PythonDecoratedOperator): print_the_context>, log_sql_query already registered for DAG: example_python_operator
[2026-09-24T18:10:17.917+0000] {logging_mixin.py:137} INFO - [2026-09-24T18:10:17.917+0000] {taskmixin.py:205} WARNING - Dependency <Task(_PythonDecoratedOperator): log_sql_query>, print_the_context already registered for DAG: example_python_operator
[2026-09-24T18:10:17.918+0000] {logging_mixin.py:137} INFO - [2026-09-24T18:10:17.918+0000] {taskmixin.py:205} WARNING - Dependency <Task(_PythonDecoratedOperator): print_the_context>, log_sql_query already registered for DAG: example_python_operator
[2026-09-24T18:10:17.918+0000] {logging_mixin.py:137} INFO - [2026-09-24T18:10:17.918+0000] {taskmixin.py:205} WARNING - Dependency <Task(_PythonDecoratedOperator): log_sql_query>, print_the_context already registered for DAG: example_python_operator
[2026-09-24T18:10:17.919+0000] {logging_mixin.py:137} INFO - [2026-09-24T18:10:17.918+0000] {taskmixin.py:205} WARNING - Dependency <Task(_PythonDecoratedOperator): print_the_context>, log_sql_query already registered for DAG: example_python_operator
[2026-09-24T18:10:17.919+0000] {logging_mixin.py:137} INFO - [2026-09-24T18:10:17.919+0000] {taskmixin.py:205} WARNING - Dependency <Task(_PythonDecoratedOperator): log_sql_query>, print_the_context already registered for DAG: example_python_operator
[2026-09-24T18:10:17.919+0000] {logging_mixin.py:137} INFO - [2026-09-24T18:10:17.919+0000] {taskmixin.py:205} WARNING - Dependency <Task(_PythonDecoratedOperator): print_the_context>, log_sql_query already registered for DAG: example_python_operator
[2026-09-24T18:10:17.919+0000] {logging_mixin.py:137} INFO - [2026-09-24T18:10:17.919+0000] {taskmixin.py:205} WARNING - Dependency <Task(_PythonDecoratedOperator): log_sql_query>, print_the_context already registered for DAG: example_python_operator
[2026-09-24T18:10:17.926+0000] {processor.py:753} INFO - DAG(s) dict_keys(['example_python_operator']) retrieved from /home/airflow/.local/lib/python3.7/site-packages/airflow/example_dags/example_python_operator.py
[2026-09-24T18:10:17.971+0000] {logging_mixin.py:137} INFO - [2026-09-24T18:10:17.971+0000] {dag.py:2676} INFO - Sync 1 DAGs
[2026-09-24T18:10:18.004+0000] {logging_mixin.py:137} INFO - [2026-09-24T18:10:18.004+0000] {dag.py:3427} INFO - Setting next_dagrun for example_python_operator to None, run_after=None
[2026-09-24T18:10:18.029+0000] {processor.py:175} INFO - Processing /home/airflow/.local/lib/python3.7/site-packages/airflow/example_dags/example_python_operator.py took 0.139 seconds
[2026-09-24T18:10:48.506+0000] {processor.py:153} INFO - Started process (PID=931) to work on /home/airflow/.local/lib/python3.7/site-packages/airflow/example_dags/example_python_operator.py
[2026-09-24T18:10:48.507+0000] {processor.py:743} INFO - Processing file /home/airflow/.local/lib/python3.7/site-packages/airflow/example_dags/example_python_operator.py for tasks to queue
[2026-09-24T18:10:48.508+0000] {logging_mixin.py:137} INFO - [2026-09-24T18:10:48.508+0000] {dagbag.py:538} INFO - Filling up the DagBag from /home/airflow/.local/lib/python3.7/site-packages/airflow/example_dags/example_python_operator.py
[2026-09-24T18:10:48.529+0000] {logging_mixin.py:137} INFO - [2026-09-24T18:10:48.528+0000] {taskmixin.py:205} WARNING - Dependency <Task(_PythonDecoratedOperator): print_the_context>, log_sql_query already registered for DAG: example_python_operator
[2026-09-24T18:10:48.529+0000] {logging_mixin.py:137} INFO - [2026-09-24T18:10:48.529+0000] {taskmixin.py:205} WARNING - Dependency <Task(_PythonDecoratedOperator): log_sql_query>, print_the_context already registered for DAG: example_python_operator
[2026-09-24T18:10:48.529+0000] {logging_mixin.py:137} INFO - [2026-09-24T18:10:48.529+0000] {taskmixin.py:205} WARNING - Dependency <Task(_PythonDecoratedOperator): print_the_context>, log_sql_query already registered for DAG: example_python_operator
[2026-09-24T18:10:48.529+0000] {logging_mixin.py:137} INFO - [2026-09-24T18:10:48.529+0000] {taskmixin.py:205} WARNING - Dependency <Task(_PythonDecoratedOperator): log_sql_query>, print_the_context already registered for DAG: example_python_operator
[2026-09-24T18:10:48.530+0000] {logging_mixin.py:137} INFO - [2026-09-24T18:10:48.530+0000] {taskmixin.py:205} WARNING - Dependency <Task(_PythonDecoratedOperator): print_the_context>, log_sql_query already registered for DAG: example_python_operator
[2026-09-24T18:10:48.530+0000] {logging_mixin.py:137} INFO - [2026-09-24T18:10:48.530+0000] {taskmixin.py:205} WARNING - Dependency <Task(_PythonDecoratedOperator): log_sql_query>, print_the_context already registered for DAG: example_python_operator
[2026-09-24T18:10:48.531+0000] {logging_mixin.py:137} INFO - [2026-09-24T18:10:48.531+0000] {taskmixin.py:205} WARNING - Dependency <Task(_PythonDecoratedOperator): print_the_context>, log_sql_query already registered for DAG: example_python_operator
[2026-09-24T18:10:48.531+0000] {logging_mixin.py:137} INFO - [2026-09-24T18:10:48.531+0000] {taskmixin.py:205} WARNING - Dependency <Task(_PythonDecoratedOperator): log_sql_query>, print_the_context already registered for DAG: example_python_operator
[2026-09-24T18:10:48.537+0000] {processor.py:753} INFO - DAG(s) dict_keys(['example_python_operator']) retrieved from /home/airflow/.local/lib/python3.7/site-packages/airflow/example_dags/example_python_operator.py
[2026-09-24T18:10:48.583+0000] {logging_mixin.py:137} INFO - [2026-09-24T18:10:48.583+0000] {dag.py:2676} INFO - Sync 1 DAGs
[2026-09-24T18:10:48.612+0000] {logging_mixin.py:137} INFO - [2026-09-24T18:10:48.611+0000] {dag.py:3427} INFO - Setting next_dagrun for example_python_operator to None, run_after=None
[2026-09-24T18:10:48.639+0000] {processor.py:175} INFO - Processing /home/airflow/.local/lib/python3.7/site-packages/airflow/example_dags/example_python_operator.py took 0.136 seconds
[2026-09-24T18:11:18.771+0000] {processor.py:153} INFO - Started process (PID=1009) to work on /home/airflow/.local/lib/python3.7/site-packages/airflow/example_dags/example_python_operator.py
[2026-09-24T18:11:18.772+0000] {processor.py:743} INFO - Processing file /home/airflow/.local/lib/python3.7/site-packages/airflow/example_dags/example_python_operator.py for tasks to queue
[2026-09-24T18:11:18.772+0000] {logging_mixin.py:137} INFO - [2026-09-24T18:11:18.772+0000] {dagbag.py:538} INFO - Filling up the DagBag from /home/airflow/.local/lib/python3.7/site-packages/airflow/example_dags/example_python_operator.py
[2026-09-24T18:11:18.791+0000] {logging_mixin.py:137} INFO - [2026-09-24T18:11:18.790+0000] {taskmixin.py:205} WARNING - Dependency <Task(_PythonDecoratedOperator): print_the_context>, log_sql_query already registered for DAG: example_python_operator
[2026-09-24T18:11:18.791+0000] {logging_mixin.py:137} INFO - [2026-09-24T18:11:18.791+0000] {taskmixin.py:205} WARNING - Dependency <Task(_PythonDecoratedOperator): log_sql_query>, print_the_context already registered for DAG: example_python_operator
[2026-09-24T18:11:18.791+0000] {logging_mixin.py:137} INFO - [2026-09-24T18:11:18.791+0000] {taskmixin.py:205} WARNING - Dependency <Task(_PythonDecoratedOperator): print_the_context>, log_sql_query already registered for DAG: example_python_operator
[2026-09-24T18:11:18.791+0000] {logging_mixin.py:137} INFO - [2026-09-24T18:11:18.791+0000] {taskmixin.py:205} WARNING - Dependency <Task(_PythonDecoratedOperator): log_sql_query>, print_the_context already registered for DAG: example_python_operator
[2026-09-24T18:11:18.792+0000] {logging_mixin.py:137} INFO - [2026-09-24T18:11:18.792+0000] {taskmixin.py:205} WARNING - Dependency <Task(_PythonDecoratedOperator): print_the_context>, log_sql_query already registered for DAG: example_python_operator
[2026-09-24T18:11:18.792+0000] {logging_mixin.py:137} INFO - [2026-09-24T18:11:18.792+0000] {taskmixin.py:205} WARNING - Dependency <Task(_PythonDecoratedOperator): log_sql_query>, print_the_context already registered for DAG: example_python_operator
[2026-09-24T18:11:18.792+0000] {logging_mixin.py:137} INFO - [2026-09-24T18:11:18.792+0000] {taskmixin.py:205} WARNING - Dependency <Task(_PythonDecoratedOperator): print_the_context>, log_sql_query already registered for DAG: example_python_operator
[2026-09-24T18:11:18.792+0000] {logging_mixin.py:137} INFO - [2026-09-24T18:11:18.792+0000] {taskmixin.py:205} WARNING - Dependency <Task(_PythonDecoratedOperator): log_sql_query>, print_the_context already registered for DAG: example_python_operator
[2026-09-24T18:11:18.798+0000] {processor.py:753} INFO - DAG(s) dict_keys(['example_python_operator']) retrieved from /home/airflow/.local/lib/python3.7/site-packages/airflow/example_dags/example_python_operator.py
[2026-09-24T18:11:18.842+0000] {logging_mixin.py:137} INFO - [2026-09-24T18:11:18.842+0000] {dag.py:2676} INFO - Sync 1 DAGs
[2026-09-24T18:11:18.869+0000] {logging_mixin.py:137} INFO - [2026-09-24T18:11:18.869+0000] {dag.py:3427} INFO - Setting next_dagrun for example_python_operator to None, run_after=None
[2026-09-24T18:11:18.890+0000] {processor.py:175} INFO - Processing /home/airflow/.local/lib/python3.7/site-packages/airflow/example_dags/example_python_operator.py took 0.122 seconds
[2026-09-24T18:11:49.615+0000] {processor.py:153} INFO - Started process (PID=1087) to work on /home/airflow/.local/lib/python3.7/site-packages/airflow/example_dags/example_python_operator.py
[2026-09-24T18:11:49.618+0000] {processor.py:743} INFO - Processing file /home/airflow/.local/lib/python3.7/site-packages/airflow/example_dags/example_python_operator.py for tasks to queue
[2026-09-24T18:11:49.620+0000] {logging_mixin.py:137} INFO - [2026-09-24T18:11:49.620+0000] {dagbag.py:538} INFO - Filling up the DagBag from /home/airflow/.local/lib/python3.7/site-packages/airflow/example_dags/example_python_operator.py
[2026-09-24T18:11:49.661+0000] {logging_mixin.py:137} INFO - [2026-09-24T18:11:49.661+0000] {taskmixin.py:205} WARNING - Dependency <Task(_PythonDecoratedOperator): print_the_context>, log_sql_query already registered for DAG: example_python_operator
[2026-09-24T18:11:49.662+0000] {logging_mixin.py:137} INFO - [2026-09-24T18:11:49.661+0000] {taskmixin.py:205} WARNING - Dependency <Task(_PythonDecoratedOperator): log_sql_query>, print_the_context already registered for DAG: example_python_operator
[2026-09-24T18:11:49.663+0000] {logging_mixin.py:137} INFO - [2026-09-24T18:11:49.663+0000] {taskmixin.py:205} WARNING - Dependency <Task(_PythonDecoratedOperator): print_the_context>, log_sql_query already registered for DAG: example_python_operator
[2026-09-24T18:11:49.663+0000] {logging_mixin.py:137} INFO - [2026-09-24T18:11:49.663+0000] {taskmixin.py:205} WARNING - Dependency <Task(_PythonDecoratedOperator): log_sql_query>, print_the_context already registered for DAG: example_python_operator
[2026-09-24T18:11:49.664+0000] {logging_mixin.py:137} INFO - [2026-09-24T18:11:49.663+0000] {taskmixin.py:205} WARNING - Dependency <Task(_PythonDecoratedOperator): print_the_context>, log_sql_query already registered for DAG: example_python_operator
[2026-09-24T18:11:49.664+0000] {logging_mixin.py:137} INFO - [2026-09-24T18:11:49.664+0000] {taskmixin.py:205} WARNING - Dependency <Task(_PythonDecoratedOperator): log_sql_query>, print_the_context already registered for DAG: example_python_operator
[2026-09-24T18:11:49.664+0000] {logging_mixin.py:137} INFO - [2026-09-24T18:11:49.664+0000] {taskmixin.py:205} WARNING - Dependency <Task(_PythonDecoratedOperator): print_the_context>, log_sql_query already registered for DAG: example_python_operator
[2026-09-24T18:11:49.664+0000] {logging_mixin.py:137} INFO - [2026-09-24T18:11:49.664+0000] {taskmixin.py:205} WARNING - Dependency <Task(_PythonDecoratedOperator): log_sql_query>, print_the_context already registered for DAG: example_python_operator
[2026-09-24T18:11:49.673+0000] {processor.py:753} INFO - DAG(s) dict_keys(['example_python_operator']) retrieved from /home/airflow/.local/lib/python3.7/site-packages/airflow/example_dags/example_python_operator.py
[2026-09-24T18:11:49.778+0000] {logging_mixin.py:137} INFO - [2026-09-24T18:11:49.777+0000] {dag.py:2676} INFO - Sync 1 DAGs
[2026-09-24T18:11:49.834+0000] {logging_mixin.py:137} INFO - [2026-09-24T18:11:49.833+0000] {dag.py:3427} INFO - Setting next_dagrun for example_python_operator to None, run_after=None
[2026-09-24T18:11:49.882+0000] {processor.py:175} INFO - Processing /home/airflow/.local/lib/python3.7/site-packages/airflow/example_dags/example_python_operator.py took 0.273 seconds
[2026-09-24T18:12:19.998+0000] {processor.py:153} INFO - Started process (PID=1185) to work on /home/airflow/.local/lib/python3.7/site-packages/airflow/example_dags/example_python_operator.py
[2026-09-24T18:12:20.000+0000] {processor.py:743} INFO - Processing file /home/airflow/.local/lib/python3.7/site-packages/airflow/example_dags/example_python_operator.py for tasks to queue
[2026-09-24T18:12:20.002+0000] {logging_mixin.py:137} INFO - [2026-09-24T18:12:20.001+0000] {dagbag.py:538} INFO - Filling up the DagBag from /home/airflow/.local/lib/python3.7/site-packages/airflow/example_dags/example_python_operator.py
[2026-09-24T18:12:20.030+0000] {logging_mixin.py:137} INFO - [2026-09-24T18:12:20.030+0000] {taskmixin.py:205} WARNING - Dependency <Task(_PythonDecoratedOperator): print_the_context>, log_sql_query already registered for DAG: example_python_operator
[2026-09-24T18:12:20.031+0000] {logging_mixin.py:137} INFO - [2026-09-24T18:12:20.030+0000] {taskmixin.py:205} WARNING - Dependency <Task(_PythonDecoratedOperator): log_sql_query>, print_the_context already registered for DAG: example_python_operator
[2026-09-24T18:12:20.032+0000] {logging_mixin.py:137} INFO - [2026-09-24T18:12:20.031+0000] {taskmixin.py:205} WARNING - Dependency <Task(_PythonDecoratedOperator): print_the_context>, log_sql_query already registered for DAG: example_python_operator
[2026-09-24T18:12:20.032+0000] {logging_mixin.py:137} INFO - [2026-09-24T18:12:20.032+0000] {taskmixin.py:205} WARNING - Dependency <Task(_PythonDecoratedOperator): log_sql_query>, print_the_context already registered for DAG: example_python_operator
[2026-09-24T18:12:20.033+0000] {logging_mixin.py:137} INFO - [2026-09-24T18:12:20.033+0000] {taskmixin.py:205} WARNING - Dependency <Task(_PythonDecoratedOperator): print_the_context>, log_sql_query already registered for DAG: example_python_operator
[2026-09-24T18:12:20.034+0000] {logging_mixin.py:137} INFO - [2026-09-24T18:12:20.033+0000] {taskmixin.py:205} WARNING - Dependency <Task(_PythonDecoratedOperator): log_sql_query>, print_the_context already registered for DAG: example_python_operator
[2026-09-24T18:12:20.037+0000] {logging_mixin.py:137} INFO - [2026-09-24T18:12:20.037+0000] {taskmixin.py:205} WARNING - Dependency <Task(_PythonDecoratedOperator): print_the_context>, log_sql_query already registered for DAG: example_python_operator
[2026-09-24T18:12:20.038+0000] {logging_mixin.py:137} INFO - [2026-09-24T18:12:20.038+0000] {taskmixin.py:205} WARNING - Dependency <Task(_PythonDecoratedOperator): log_sql_query>, print_the_context already registered for DAG: example_python_operator
[2026-09-24T18:12:20.056+0000] {processor.py:753} INFO - DAG(s) dict_keys(['example_python_operator']) retrieved from /home/airflow/.local/lib/python3.7/site-packages/airflow/example_dags/example_python_operator.py
[2026-09-24T18:12:20.143+0000] {logging_mixin.py:137} INFO - [2026-09-24T18:12:20.143+0000] {dag.py:2676} INFO - Sync 1 DAGs
[2026-09-24T18:12:20.183+0000] {logging_mixin.py:137} INFO - [2026-09-24T18:12:20.183+0000] {dag.py:3427} INFO - Setting next_dagrun for example_python_operator to None, run_after=None
[2026-09-24T18:12:20.237+0000] {processor.py:175} INFO - Processing /home/airflow/.local/lib/python3.7/site-packages/airflow/example_dags/example_python_operator.py took 0.243 seconds
[2026-09-24T18:12:50.295+0000] {processor.py:153} INFO - Started process (PID=1263) to work on /home/airflow/.local/lib/python3.7/site-packages/airflow/example_dags/example_python_operator.py
[2026-09-24T18:12:50.296+0000] {processor.py:743} INFO - Processing file /home/airflow/.local/lib/python3.7/site-packages/airflow/example_dags/example_python_operator.py for tasks to queue
[2026-09-24T18:12:50.297+0000] {logging_mixin.py:137} INFO - [2026-09-24T18:12:50.297+0000] {dagbag.py:538} INFO - Filling up the DagBag from /home/airflow/.local/lib/python3.7/site-packages/airflow/example_dags/example_python_operator.py
[2026-09-24T18:12:50.343+0000] {logging_mixin.py:137} INFO - [2026-09-24T18:12:50.342+0000] {taskmixin.py:205} WARNING - Dependency <Task(_PythonDecoratedOperator): print_the_context>, log_sql_query already registered for DAG: example_python_operator
[2026-09-24T18:12:50.343+0000] {logging_mixin.py:137} INFO - [2026-09-24T18:12:50.343+0000] {taskmixin.py:205} WARNING - Dependency <Task(_PythonDecoratedOperator): log_sql_query>, print_the_context already registered for DAG: example_python_operator
[2026-09-24T18:12:50.345+0000] {logging_mixin.py:137} INFO - [2026-09-24T18:12:50.345+0000] {taskmixin.py:205} WARNING - Dependency <Task(_PythonDecoratedOperator): print_the_context>, log_sql_query already registered for DAG: example_python_operator
[2026-09-24T18:12:50.346+0000] {logging_mixin.py:137} INFO - [2026-09-24T18:12:50.346+0000] {taskmixin.py:205} WARNING - Dependency <Task(_PythonDecoratedOperator): log_sql_query>, print_the_context already registered for DAG: example_python_operator
[2026-09-24T18:12:50.348+0000] {logging_mixin.py:137} INFO - [2026-09-24T18:12:50.348+0000] {taskmixin.py:205} WARNING - Dependency <Task(_PythonDecoratedOperator): print_the_context>, log_sql_query already registered for DAG: example_python_operator
[2026-09-24T18:12:50.348+0000] {logging_mixin.py:137} INFO - [2026-09-24T18:12:50.348+0000] {taskmixin.py:205} WARNING - Dependency <Task(_PythonDecoratedOperator): log_sql_query>, print_the_context already registered for DAG: example_python_operator
[2026-09-24T18:12:50.350+0000] {logging_mixin.py:137} INFO - [2026-09-24T18:12:50.350+0000] {taskmixin.py:205} WARNING - Dependency <Task(_PythonDecoratedOperator): print_the_context>, log_sql_query already registered for DAG: example_python_operator
[2026-09-24T18:12:50.350+0000] {logging_mixin.py:137} INFO - [2026-09-24T18:12:50.350+0000] {taskmixin.py:205} WARNING - Dependency <Task(_PythonDecoratedOperator): log_sql_query>, print_the_context already registered for DAG: example_python_operator
[2026-09-24T18:12:50.359+0000] {processor.py:753} INFO - DAG(s) dict_keys(['example_python_operator']) retrieved from /home/airflow/.local/lib/python3.7/site-packages/airflow/example_dags/example_python_operator.py
[2026-09-24T18:12:50.421+0000] {logging_mixin.py:137} INFO - [2026-09-24T18:12:50.421+0000] {dag.py:2676} INFO - Sync 1 DAGs
[2026-09-24T18:12:50.463+0000] {logging_mixin.py:137} INFO - [2026-09-24T18:12:50.463+0000] {dag.py:3427} INFO - Setting next_dagrun for example_python_operator to None, run_after=None
[2026-09-24T18:12:50.498+0000] {processor.py:175} INFO - Processing /home/airflow/.local/lib/python3.7/site-packages/airflow/example_dags/example_python_operator.py took 0.216 seconds
[2026-09-24T18:13:21.043+0000] {processor.py:153} INFO - Started process (PID=1350) to work on /home/airflow/.local/lib/python3.7/site-packages/airflow/example_dags/example_python_operator.py
[2026-09-24T18:13:21.046+0000] {processor.py:743} INFO - Processing file /home/airflow/.local/lib/python3.7/site-packages/airflow/example_dags/example_python_operator.py for tasks to queue
[2026-09-24T18:13:21.048+0000] {logging_mixin.py:137} INFO - [2026-09-24T18:13:21.048+0000] {dagbag.py:538} INFO - Filling up the DagBag from /home/airflow/.local/lib/python3.7/site-packages/airflow/example_dags/example_python_operator.py
[2026-09-24T18:13:21.097+0000] {logging_mixin.py:137} INFO - [2026-09-24T18:13:21.097+0000] {taskmixin.py:205} WARNING - Dependency <Task(_PythonDecoratedOperator): print_the_context>, log_sql_query already registered for DAG: example_python_operator
[2026-09-24T18:13:21.098+0000] {logging_mixin.py:137} INFO - [2026-09-24T18:13:21.098+0000] {taskmixin.py:205} WARNING - Dependency <Task(_PythonDecoratedOperator): log_sql_query>, print_the_context already registered for DAG: example_python_operator
[2026-09-24T18:13:21.100+0000] {logging_mixin.py:137} INFO - [2026-09-24T18:13:21.099+0000] {taskmixin.py:205} WARNING - Dependency <Task(_PythonDecoratedOperator): print_the_context>, log_sql_query already registered for DAG: example_python_operator
[2026-09-24T18:13:21.100+0000] {logging_mixin.py:137} INFO - [2026-09-24T18:13:21.100+0000] {taskmixin.py:205} WARNING - Dependency <Task(_PythonDecoratedOperator): log_sql_query>, print_the_context already registered for DAG: example_python_operator
[2026-09-24T18:13:21.102+0000] {logging_mixin.py:137} INFO - [2026-09-24T18:13:21.101+0000] {taskmixin.py:205} WARNING - Dependency <Task(_PythonDecoratedOperator): print_the_context>, log_sql_query already registered for DAG: example_python_operator
[2026-09-24T18:13:21.102+0000] {logging_mixin.py:137} INFO - [2026-09-24T18:13:21.102+0000] {taskmixin.py:205} WARNING - Dependency <Task(_PythonDecoratedOperator): log_sql_query>, print_the_context already registered for DAG: example_python_operator
[2026-09-24T18:13:21.104+0000] {logging_mixin.py:137} INFO - [2026-09-24T18:13:21.103+0000] {taskmixin.py:205} WARNING - Dependency <Task(_PythonDecoratedOperator): print_the_context>, log_sql_query already registered for DAG: example_python_operator
[2026-09-24T18:13:21.104+0000] {logging_mixin.py:137} INFO - [2026-09-24T18:13:21.104+0000] {taskmixin.py:205} WARNING - Dependency <Task(_PythonDecoratedOperator): log_sql_query>, print_the_context already registered for DAG: example_python_operator
[2026-09-24T18:13:21.120+0000] {processor.py:753} INFO - DAG(s) dict_keys(['example_python_operator']) retrieved from /home/airflow/.local/lib/python3.7/site-packages/airflow/example_dags/example_python_operator.py
[2026-09-24T18:13:21.224+0000] {logging_mixin.py:137} INFO - [2026-09-24T18:13:21.224+0000] {dag.py:2676} INFO - Sync 1 DAGs
[2026-09-24T18:13:21.295+0000] {logging_mixin.py:137} INFO - [2026-09-24T18:13:21.294+0000] {dag.py:3427} INFO - Setting next_dagrun for example_python_operator to None, run_after=None
[2026-09-24T18:13:21.349+0000] {processor.py:175} INFO - Processing /home/airflow/.local/lib/python3.7/site-packages/airflow/example_dags/example_python_operator.py took 0.315 seconds
[2026-09-24T18:13:51.602+0000] {processor.py:153} INFO - Started process (PID=1440) to work on /home/airflow/.local/lib/python3.7/site-packages/airflow/example_dags/example_python_operator.py
[2026-09-24T18:13:51.603+0000] {processor.py:743} INFO - Processing file /home/airflow/.local/lib/python3.7/site-packages/airflow/example_dags/example_python_operator.py for tasks to queue
[2026-09-24T18:13:51.604+0000] {logging_mixin.py:137} INFO - [2026-09-24T18:13:51.604+0000] {dagbag.py:538} INFO - Filling up the DagBag from /home/airflow/.local/lib/python3.7/site-packages/airflow/example_dags/example_python_operator.py
[2026-09-24T18:13:51.627+0000] {logging_mixin.py:137} INFO - [2026-09-24T18:13:51.627+0000] {taskmixin.py:205} WARNING - Dependency <Task(_PythonDecoratedOperator): print_the_context>, log_sql_query already registered for DAG: example_python_operator
[2026-09-24T18:13:51.627+0000] {logging_mixin.py:137} INFO - [2026-09-24T18:13:51.627+0000] {taskmixin.py:205} WARNING - Dependency <Task(_PythonDecoratedOperator): log_sql_query>, print_the_context already registered for DAG: example_python_operator
[2026-09-24T18:13:51.628+0000] {logging_mixin.py:137} INFO - [2026-09-24T18:13:51.628+0000] {taskmixin.py:205} WARNING - Dependency <Task(_PythonDecoratedOperator): print_the_context>, log_sql_query already registered for DAG: example_python_operator
[2026-09-24T18:13:51.628+0000] {logging_mixin.py:137} INFO - [2026-09-24T18:13:51.628+0000] {taskmixin.py:205} WARNING - Dependency <Task(_PythonDecoratedOperator): log_sql_query>, print_the_context already registered for DAG: example_python_operator
[2026-09-24T18:13:51.629+0000] {logging_mixin.py:137} INFO - [2026-09-24T18:13:51.629+0000] {taskmixin.py:205} WARNING - Dependency <Task(_PythonDecoratedOperator): print_the_context>, log_sql_query already registered for DAG: example_python_operator
[2026-09-24T18:13:51.629+0000] {logging_mixin.py:137} INFO - [2026-09-24T18:13:51.629+0000] {taskmixin.py:205} WARNING - Dependency <Task(_PythonDecoratedOperator): log_sql_query>, print_the_context already registered for DAG: example_python_operator
[2026-09-24T18:13:51.630+0000] {logging_mixin.py:137} INFO - [2026-09-24T18:13:51.630+0000] {taskmixin.py:205} WARNING - Dependency <Task(_PythonDecoratedOperator): print_the_context>, log_sql_query already registered for DAG: example_python_operator
[2026-09-24T18:13:51.630+0000] {logging_mixin.py:137} INFO - [2026-09-24T18:13:51.630+0000] {taskmixin.py:205} WARNING - Dependency <Task(_PythonDecoratedOperator): log_sql_query>, print_the_context already registered for DAG: example_python_operator
[2026-09-24T18:13:51.641+0000] {processor.py:753} INFO - DAG(s) dict_keys(['example_python_operator']) retrieved from /home/airflow/.local/lib/python3.7/site-packages/airflow/example_dags/example_python_operator.py
[2026-09-24T18:13:51.712+0000] {logging_mixin.py:137} INFO - [2026-09-24T18:13:51.712+0000] {dag.py:2676} INFO - Sync 1 DAGs
[2026-09-24T18:13:51.754+0000] {logging_mixin.py:137} INFO - [2026-09-24T18:13:51.754+0000] {dag.py:3427} INFO - Setting next_dagrun for example_python_operator to None, run_after=None
[2026-09-24T18:13:51.794+0000] {processor.py:175} INFO - Processing /home/airflow/.local/lib/python3.7/site-packages/airflow/example_dags/example_python_operator.py took 0.197 seconds
