[2026-09-24T18:05:43.303+0000] {processor.py:153} INFO - Started process (PID=73) to work on /home/airflow/.local/lib/python3.7/site-packages/airflow/example_dags/example_task_group.py
[2026-09-24T18:05:43.304+0000] {processor.py:743} INFO - Processing file /home/airflow/.local/lib/python3.7/site-packages/airflow/example_dags/example_task_group.py for tasks to queue
[2026-09-24T18:05:43.305+0000] {logging_mixin.py:137} INFO - [2026-09-24T18:05:43.305+0000] {dagbag.py:538} INFO - Filling up the DagBag from /home/airflow/.local/lib/python3.7/site-packages/airflow/example_dags/example_task_group.py
[2026-09-24T18:05:43.346+0000] {processor.py:753} INFO - DAG(s) dict_keys(['example_task_group']) retrieved from /home/airflow/.local/lib/python3.7/site-packages/airflow/example_dags/example_task_group.py
[2026-09-24T18:05:43.460+0000] {logging_mixin.py:137} INFO - [2026-09-24T18:05:43.460+0000] {dag.py:2676} INFO - Sync 1 DAGs
[2026-09-24T18:05:43.531+0000] {logging_mixin.py:137} INFO - [2026-09-24T18:05:43.530+0000] {dag.py:3427} INFO - Setting next_dagrun for example_task_group to 2026-09-23T18:05:43.529696+00:00, run_after=2026-09-24T18:05:43.529696+00:00
[2026-09-24T18:05:43.586+0000] {processor.py:175} INFO - Processing /home/airflow/.local/lib/python3.7/site-packages/airflow/example_dags/example_task_group.py took 0.291 seconds
[2026-09-24T18:06:13.836+0000] {processor.py:153} INFO - Started process (PID=151) to work on /home/airflow/.local/lib/python3.7/site-packages/airflow/example_dags/example_task_group.py
[2026-09-24T18:06:13.838+0000] {processor.py:743} INFO - Processing file /home/airflow/.local/lib/python3.7/site-packages/airflow/example_dags/example_task_group.py for tasks to queue
[2026-09-24T18:06:13.840+0000] {logging_mixin.py:137} INFO - [2026-09-24T18:06:13.839+0000] {dagbag.py:538} INFO - Filling up the DagBag from /home/airflow/.local/lib/python3.7/site-packages/airflow/example_dags/example_task_group.py
[2026-09-24T18:06:13.866+0000] {processor.py:753} INFO - DAG(s) dict_keys(['example_task_group']) retrieved from /home/airflow/.local/lib/python3.7/site-packages/airflow/example_dags/example_task_group.py
[2026-09-24T18:06:13.917+0000] {logging_mixin.py:137} INFO - [2026-09-24T18:06:13.917+0000] {dag.py:2676} INFO - Sync 1 DAGs
[2026-09-24T18:06:13.957+0000] {logging_mixin.py:137} INFO - [2026-09-24T18:06:13.957+0000] {dag.py:3427} INFO - Setting next_dagrun for example_task_group to 2026-09-23T18:06:13.957294+00:00, run_after=2026-09-24T18:06:13.957294+00:00
[2026-09-24T18:06:13.990+0000] {processor.py:175} INFO - Processing /home/airflow/.local/lib/python3.7/site-packages/airflow/example_dags/example_task_group.py took 0.157 seconds
[2026-09-24T18:06:44.159+0000] {processor.py:153} INFO - Started process (PID=229) to work on /home/airflow/.local/lib/python3.7/site-packages/airflow/example_dags/example_task_group.py
[2026-09-24T18:06:44.160+0000] {processor.py:743} INFO - Processing file /home/airflow/.local/lib/python3.7/site-packages/airflow/example_dags/example_task_group.py for tasks to queue
[2026-09-24T18:06:44.160+0000] {logging_mixin.py:137} INFO - [2026-09-24T18:06:44.160+0000] {dagbag.py:538} INFO - Filling up the DagBag from /home/airflow/.local/lib/python3.7/site-packages/airflow/example_dags/example_task_group.py
[2026-09-24T18:06:44.177+0000] {processor.py:753} INFO - DAG(s) dict_keys(['example_task_group']) retrieved from /home/airflow/.local/lib/python3.7/site-packages/airflow/example_dags/example_task_group.py
[2026-09-24T18:06:44.220+0000] {logging_mixin.py:137} INFO - [2026-09-24T18:06:44.220+0000] {dag.py:2676} INFO - Sync 1 DAGs
[2026-09-24T18:06:44.255+0000] {logging_mixin.py:137} INFO - [2026-09-24T18:06:44.254+0000] {dag.py:3427} INFO - Setting next_dagrun for example_task_group to 2026-09-23T18:06:44.254491+00:00, run_after=2026-09-24T18:06:44.254491+00:00
[2026-09-24T18:06:44.285+0000] {processor.py:175} INFO - Processing /home/airflow/.local/lib/python3.7/site-packages/airflow/example_dags/example_task_group.py took 0.129 seconds
[2026-09-24T18:07:14.967+0000] {processor.py:153} INFO - Started process (PID=327) to work on /home/airflow/.local/lib/python3.7/site-packages/airflow/example_dags/example_task_group.py
[2026-09-24T18:07:14.968+0000] {processor.py:743} INFO - Processing file /home/airflow/.local/lib/python3.7/site-packages/airflow/example_dags/example_task_group.py for tasks to queue
[2026-09-24T18:07:14.969+0000] {logging_mixin.py:137} INFO - [2026-09-24T18:07:14.969+0000] {dagbag.py:538} INFO - Filling up the DagBag from /home/airflow/.local/lib/python3.7/site-packages/airflow/example_dags/example_task_group.py
[2026-09-24T18:07:14.987+0000] {processor.py:753} INFO - DAG(s) dict_keys(['example_task_group']) retrieved from /home/airflow/.local/lib/python3.7/site-packages/airflow/example_dags/example_task_group.py
[2026-09-24T18:07:15.025+0000] {logging_mixin.py:137} INFO - [2026-09-24T18:07:15.025+0000] {dag.py:2676} INFO - Sync 1 DAGs
[2026-09-24T18:07:15.051+0000] {logging_mixin.py:137} INFO - [2026-09-24T18:07:15.051+0000] {dag.py:3427} INFO - Setting next_dagrun for example_task_group to 2026-09-23T18:07:15.051352+00:00, run_after=2026-09-24T18:07:15.051352+00:00
[2026-09-24T18:07:15.072+0000] {processor.py:175} INFO - Processing /home/airflow/.local/lib/python3.7/site-packages/airflow/example_dags/example_task_group.py took 0.108 seconds
[2026-09-24T18:07:45.523+0000] {processor.py:153} INFO - Started process (PID=405) to work on /home/airflow/.local/lib/python3.7/site-packages/airflow/example_dags/example_task_group.py
[2026-09-24T18:07:45.524+0000] {processor.py:743} INFO - Processing file /home/airflow/.local/lib/python3.7/site-packages/airflow/example_dags/example_task_group.py for tasks to queue
[2026-09-24T18:07:45.524+0000] {logging_mixin.py:137} INFO - [2026-09-24T18:07:45.524+0000] {dagbag.py:538} INFO - Filling up the DagBag from /home/airflow/.local/lib/python3.7/site-packages/airflow/example_dags/example_task_group.py
[2026-09-24T18:07:45.553+0000] {processor.py:753} INFO - DAG(s) dict_keys(['example_task_group']) retrieved from /home/airflow/.local/lib/python3.7/site-packages/airflow/example_dags/example_task_group.py
[2026-09-24T18:07:45.621+0000] {logging_mixin.py:137} INFO - [2026-09-24T18:07:45.620+0000] {dag.py:2676} INFO - Sync 1 DAGs
[2026-09-24T18:07:45.676+0000] {logging_mixin.py:137} INFO - [2026-09-24T18:07:45.676+0000] {dag.py:3427} INFO - Setting next_dagrun for example_task_group to 2026-09-23T18:07:45.675675+00:00, run_after=2026-09-24T18:07:45.675675+00:00
[2026-09-24T18:07:45.722+0000] {processor.py:175} INFO - Processing /home/airflow/.local/lib/python3.7/site-packages/airflow/example_dags/example_task_group.py took 0.203 seconds
[2026-09-24T18:08:16.685+0000] {processor.py:153} INFO - Started process (PID=503) to work on /home/airflow/.local/lib/python3.7/site-packages/airflow/example_dags/example_task_group.py
[2026-09-24T18:08:16.687+0000] {processor.py:743} INFO - Processing file /home/airflow/.local/lib/python3.7/site-packages/airflow/example_dags/example_task_group.py for tasks to queue
[2026-09-24T18:08:16.687+0000] {logging_mixin.py:137} INFO - [2026-09-24T18:08:16.687+0000] {dagbag.py:538} INFO - Filling up the DagBag from /home/airflow/.local/lib/python3.7/site-packages/airflow/example_dags/example_task_group.py
[2026-09-24T18:08:16.702+0000] {processor.py:753} INFO - DAG(s) dict_keys(['example_task_group']) retrieved from /home/airflow/.local/lib/python3.7/site-packages/airflow/example_dags/example_task_group.py
[2026-09-24T18:08:16.750+0000] {logging_mixin.py:137} INFO - [2026-09-24T18:08:16.749+0000] {dag.py:2676} INFO - Sync 1 DAGs
[2026-09-24T18:08:16.776+0000] {logging_mixin.py:137} INFO - [2026-09-24T18:08:16.776+0000] {dag.py:3427} INFO - Setting next_dagrun for example_task_group to 2026-09-23T18:08:16.775914+00:00, run_after=2026-09-24T18:08:16.775914+00:00
[2026-09-24T18:08:16.800+0000] {processor.py:175} INFO - Processing /home/airflow/.local/lib/python3.7/site-packages/airflow/example_dags/example_task_group.py took 0.118 seconds
[2026-09-24T18:08:47.659+0000] {processor.py:153} INFO - Started process (PID=581) to work on /home/airflow/.local/lib/python3.7/site-packages/airflow/example_dags/example_task_group.py
[2026-09-24T18:08:47.666+0000] {processor.py:743} INFO - Processing file /home/airflow/.local/lib/python3.7/site-packages/airflow/example_dags/example_task_group.py for tasks to queue
[2026-09-24T18:08:47.670+0000] {logging_mixin.py:137} INFO - [2026-09-24T18:08:47.669+0000] {dagbag.py:538} INFO - Filling up the DagBag from /home/airflow/.local/lib/python3.7/site-packages/airflow/example_dags/example_task_group.py
[2026-09-24T18:08:47.713+0000] {processor.py:753} INFO - DAG(s) dict_keys(['example_task_group']) retrieved from /home/airflow/.local/lib/python3.7/site-packages/airflow/example_dags/example_task_group.py
[2026-09-24T18:08:47.767+0000] {logging_mixin.py:137} INFO - [2026-09-24T18:08:47.767+0000] {dag.py:2676} INFO - Sync 1 DAGs
[2026-09-24T18:08:47.809+0000] {logging_mixin.py:137} INFO - [2026-09-24T18:08:47.808+0000] {dag.py:3427} INFO - Setting next_dagrun for example_task_group to 2026-09-23T18:08:47.808388+00:00, run_after=2026-09-24T18:08:47.808388+00:00
[2026-09-24T18:08:47.845+0000] {processor.py:175} INFO - Processing /home/airflow/.local/lib/python3.7/site-packages/airflow/example_dags/example_task_group.py took 0.204 seconds
[2026-09-24T18:09:18.133+0000] {processor.py:153} INFO - Started process (PID=679) to work on /home/airflow/.local/lib/python3.7/site-packages/airflow/example_dags/example_task_group.py
[2026-09-24T18:09:18.137+0000] {processor.py:743} INFO - Processing file /home/airflow/.local/lib/python3.7/site-packages/airflow/example_dags/example_task_group.py for tasks to queue
[2026-09-24T18:09:18.139+0000] {logging_mixin.py:137} INFO - [2026-09-24T18:09:18.138+0000] {dagbag.py:538} INFO - Filling up the DagBag from /home/airflow/.local/lib/python3.7/site-packages/airflow/example_dags/example_task_group.py
[2026-09-24T18:09:18.173+0000] {processor.py:753} INFO - DAG(s) dict_keys(['example_task_group']) retrieved from /home/airflow/.local/lib/python3.7/site-packages/airflow/example_dags/example_task_group.py
[2026-09-24T18:09:18.251+0000] {logging_mixin.py:137} INFO - [2026-09-24T18:09:18.251+0000] {dag.py:2676} INFO - Sync 1 DAGs
[2026-09-24T18:09:18.304+0000] {logging_mixin.py:137} INFO - [2026-09-24T18:09:18.304+0000] {dag.py:3427} INFO - Setting next_dagrun for example_task_group to 2026-09-23T18:09:18.304178+00:00, run_after=2026-09-24T18:09:18.304178+00:00
[2026-09-24T18:09:18.352+0000] {processor.py:175} INFO - Processing /home/airflow/.local/lib/python3.7/site-packages/airflow/example_dags/example_task_group.py took 0.231 seconds
[2026-09-24T18:09:49.100+0000] {processor.py:153} INFO - Started process (PID=758) to work on /home/airflow/.local/lib/python3.7/site-packages/airflow/example_dags/example_task_group.py
[2026-09-24T18:09:49.105+0000] {processor.py:743} INFO - Processing file /home/airflow/.local/lib/python3.7/site-packages/airflow/example_dags/example_task_group.py for tasks to queue
[2026-09-24T18:09:49.109+0000] {logging_mixin.py:137} INFO - [2026-09-24T18:09:49.108+0000] {dagbag.py:538} INFO - Filling up the DagBag from /home/airflow/.local/lib/python3.7/site-packages/airflow/example_dags/example_task_group.py
[2026-09-24T18:09:49.150+0000] {processor.py:753} INFO - DAG(s) dict_keys(['example_task_group']) retrieved from /home/airflow/.local/lib/python3.7/site-packages/airflow/example_dags/example_task_group.py
[2026-09-24T18:09:49.337+0000] {logging_mixin.py:137} INFO - [2026-09-24T18:09:49.337+0000] {dag.py:2676} INFO - Sync 1 DAGs
[2026-09-24T18:09:49.420+0000] {logging_mixin.py:137} INFO - [2026-09-24T18:09:49.420+0000] {dag.py:3427} INFO - Setting next_dagrun for example_task_group to 2026-09-23T18:09:49.419369+00:00, run_after=2026-09-24T18:09:49.419369+00:00
[2026-09-24T18:09:49.456+0000] {processor.py:175} INFO - Processing /home/airflow/.local/lib/python3.7/site-packages/airflow/example_dags/example_task_group.py took 0.367 seconds
[2026-09-24T18:10:20.060+0000] {processor.py:153} INFO - Started process (PID=836) to work on /home/airflow/.local/lib/python3.7/site-packages/airflow/example_dags/example_task_group.py
[2026-09-24T18:10:20.065+0000] {processor.py:743} INFO - Processing file /home/airflow/.local/lib/python3.7/site-packages/airflow/example_dags/example_task_group.py for tasks to queue
[2026-09-24T18:10:20.068+0000] {logging_mixin.py:137} INFO - [2026-09-24T18:10:20.068+0000] {dagbag.py:538} INFO - Filling up the DagBag from /home/airflow/.local/lib/python3.7/site-packages/airflow/example_dags/example_task_group.py
[2026-09-24T18:10:20.088+0000] {processor.py:753} INFO - DAG(s) dict_keys(['example_task_group']) retrieved from /home/airflow/.local/lib/python3.7/site-packages/airflow/example_dags/example_task_group.py
[2026-09-24T18:10:20.128+0000] {logging_mixin.py:137} INFO - [2026-09-24T18:10:20.128+0000] {dag.py:2676} INFO - Sync 1 DAGs
[2026-09-24T18:10:20.153+0000] {logging_mixin.py:137} INFO - [2026-09-24T18:10:20.153+0000] {dag.py:3427} INFO - Setting next_dagrun for example_task_group to 2026-09-23T18:10:20.152860+00:00, run_after=2026-09-24T18:10:20.152860+00:00
[2026-09-24T18:10:20.175+0000] {processor.py:175} INFO - Processing /home/airflow/.local/lib/python3.7/site-packages/airflow/example_dags/example_task_group.py took 0.123 seconds
[2026-09-24T18:10:50.681+0000] {processor.py:153} INFO - Started process (PID=934) to work on /home/airflow/.local/lib/python3.7/site-packages/airflow/example_dags/example_task_group.py
[2026-09-24T18:10:50.684+0000] {processor.py:743} INFO - Processing file /home/airflow/.local/lib/python3.7/site-packages/airflow/example_dags/example_task_group.py for tasks to queue
[2026-09-24T18:10:50.685+0000] {logging_mixin.py:137} INFO - [2026-09-24T18:10:50.685+0000] {dagbag.py:538} INFO - Filling up the DagBag from /home/airflow/.local/lib/python3.7/site-packages/airflow/example_dags/example_task_group.py
[2026-09-24T18:10:50.712+0000] {processor.py:753} INFO - DAG(s) dict_keys(['example_task_group']) retrieved from /home/airflow/.local/lib/python3.7/site-packages/airflow/example_dags/example_task_group.py
[2026-09-24T18:10:50.761+0000] {logging_mixin.py:137} INFO - [2026-09-24T18:10:50.761+0000] {dag.py:2676} INFO - Sync 1 DAGs
[2026-09-24T18:10:50.802+0000] {logging_mixin.py:137} INFO - [2026-09-24T18:10:50.802+0000] {dag.py:3427} INFO - Setting next_dagrun for example_task_group to 2026-09-23T18:10:50.802206+00:00, run_after=2026-09-24T18:10:50.802206+00:00
[2026-09-24T18:10:50.834+0000] {processor.py:175} INFO - Processing /home/airflow/.local/lib/python3.7/site-packages/airflow/example_dags/example_task_group.py took 0.161 seconds
[2026-09-24T18:11:21.057+0000] {processor.py:153} INFO - Started process (PID=1012) to work on /home/airflow/.local/lib/python3.7/site-packages/airflow/example_dags/example_task_group.py
[2026-09-24T18:11:21.061+0000] {processor.py:743} INFO - Processing file /home/airflow/.local/lib/python3.7/site-packages/airflow/example_dags/example_task_group.py for tasks to queue
[2026-09-24T18:11:21.062+0000] {logging_mixin.py:137} INFO - [2026-09-24T18:11:21.062+0000] {dagbag.py:538} INFO - Filling up the DagBag from /home/airflow/.local/lib/python3.7/site-packages/airflow/example_dags/example_task_group.py
[2026-09-24T18:11:21.083+0000] {processor.py:753} INFO - DAG(s) dict_keys(['example_task_group']) retrieved from /home/airflow/.local/lib/python3.7/site-packages/airflow/example_dags/example_task_group.py
[2026-09-24T18:11:21.125+0000] {logging_mixin.py:137} INFO - [2026-09-24T18:11:21.125+0000] {dag.py:2676} INFO - Sync 1 DAGs
[2026-09-24T18:11:21.150+0000] {logging_mixin.py:137} INFO - [2026-09-24T18:11:21.150+0000] {dag.py:3427} INFO - Setting next_dagrun for example_task_group to 2026-09-23T18:11:21.149975+00:00, run_after=2026-09-24T18:11:21.149975+00:00
[2026-09-24T18:11:21.174+0000] {processor.py:175} INFO - Processing /home/airflow/.local/lib/python3.7/site-packages/airflow/example_dags/example_task_group.py took 0.126 seconds
[2026-09-24T18:11:51.968+0000] {processor.py:153} INFO - Started process (PID=1110) to work on /home/airflow/.local/lib/python3.7/site-packages/airflow/example_dags/example_task_group.py
[2026-09-24T18:11:51.974+0000] {processor.py:743} INFO - Processing file /home/airflow/.local/lib/python3.7/site-packages/airflow/example_dags/example_task_group.py for tasks to queue
[2026-09-24T18:11:51.975+0000] {logging_mixin.py:137} INFO - [2026-09-24T18:11:51.975+0000] {dagbag.py:538} INFO - Filling up the DagBag from /home/airflow/.local/lib/python3.7/site-packages/airflow/example_dags/example_task_group.py
[2026-09-24T18:11:52.010+0000] {processor.py:753} INFO - DAG(s) dict_keys(['example_task_group']) retrieved from /home/airflow/.local/lib/python3.7/site-packages/airflow/example_dags/example_task_group.py
[2026-09-24T18:11:52.088+0000] {logging_mixin.py:137} INFO - [2026-09-24T18:11:52.087+0000] {dag.py:2676} INFO - Sync 1 DAGs
[2026-09-24T18:11:52.135+0000] {logging_mixin.py:137} INFO - [2026-09-24T18:11:52.135+0000] {dag.py:3427} INFO - Setting next_dagrun for example_task_group to 2026-09-23T18:11:52.134569+00:00, run_after=2026-09-24T18:11:52.134569+00:00
[2026-09-24T18:11:52.177+0000] {processor.py:175} INFO - Processing /home/airflow/.local/lib/python3.7/site-packages/airflow/example_dags/example_task_group.py took 0.215 seconds
[2026-09-24T18:12:22.309+0000] {processor.py:153} INFO - Started process (PID=1188) to work on /home/airflow/.local/lib/python3.7/site-packages/airflow/example_dags/example_task_group.py
[2026-09-24T18:12:22.313+0000] {processor.py:743} INFO - Processing file /home/airflow/.local/lib/python3.7/site-packages/airflow/example_dags/example_task_group.py for tasks to queue
[2026-09-24T18:12:22.314+0000] {logging_mixin.py:137} INFO - [2026-09-24T18:12:22.314+0000] {dagbag.py:538} INFO - Filling up the DagBag from /home/airflow/.local/lib/python3.7/site-packages/airflow/example_dags/example_task_group.py
[2026-09-24T18:12:22.339+0000] {processor.py:753} INFO - DAG(s) dict_keys(['example_task_group']) retrieved from /home/airflow/.local/lib/python3.7/site-packages/airflow/example_dags/example_task_group.py
[2026-09-24T18:12:22.427+0000] {logging_mixin.py:137} INFO - [2026-09-24T18:12:22.427+0000] {dag.py:2676} INFO - Sync 1 DAGs
[2026-09-24T18:12:22.479+0000] {logging_mixin.py:137} INFO - [2026-09-24T18:12:22.479+0000] {dag.py:3427} INFO - Setting next_dagrun for example_task_group to 2026-09-23T18:12:22.478597+00:00, run_after=2026-09-24T18:12:22.478597+00:00
[2026-09-24T18:12:22.515+0000] {processor.py:175} INFO - Processing /home/airflow/.local/lib/python3.7/site-packages/airflow/example_dags/example_task_group.py took 0.218 seconds
[2026-09-24T18:12:52.694+0000] {processor.py:153} INFO - Started process (PID=1266) to work on /home/airflow/.local/lib/python3.7/site-packages/airflow/example_dags/example_task_group.py
[2026-09-24T18:12:52.695+0000] {processor.py:743} INFO - Processing file /home/airflow/.local/lib/python3.7/site-packages/airflow/example_dags/example_task_group.py for tasks to queue
[2026-09-24T18:12:52.695+0000] {logging_mixin.py:137} INFO - [2026-09-24T18:12:52.695+0000] {dagbag.py:538} INFO - Filling up the DagBag from /home/airflow/.local/lib/python3.7/site-packages/airflow/example_dags/example_task_group.py
[2026-09-24T18:12:52.712+0000] {processor.py:753} INFO - DAG(s) dict_keys(['example_task_group']) retrieved from /home/airflow/.local/lib/python3.7/site-packages/airflow/example_dags/example_task_group.py
[2026-09-24T18:12:52.752+0000] {logging_mixin.py:137} INFO - [2026-09-24T18:12:52.752+0000] {dag.py:2676} INFO - Sync 1 DAGs
[2026-09-24T18:12:52.779+0000] {logging_mixin.py:137} INFO - [2026-09-24T18:12:52.779+0000] {dag.py:3427} INFO - Setting next_dagrun for example_task_group to 2026-09-23T18:12:52.778744+00:00, run_after=2026-09-24T18:12:52.778744+00:00
[2026-09-24T18:12:52.802+0000] {processor.py:175} INFO - Processing /home/airflow/.local/lib/python3.7/site-packages/airflow/example_dags/example_task_group.py took 0.113 seconds
[2026-09-24T18:13:23.518+0000] {processor.py:153} INFO - Started process (PID=1364) to work on /home/airflow/.local/lib/python3.7/site-packages/airflow/example_dags/example_task_group.py
[2026-09-24T18:13:23.524+0000] {processor.py:743} INFO - Processing file /home/airflow/.local/lib/python3.7/site-packages/airflow/example_dags/example_task_group.py for tasks to queue
[2026-09-24T18:13:23.528+0000] {logging_mixin.py:137} INFO - [2026-09-24T18:13:23.527+0000] {dagbag.py:538} INFO - Filling up the DagBag from /home/airflow/.local/lib/python3.7/site-packages/airflow/example_dags/example_task_group.py
[2026-09-24T18:13:23.613+0000] {processor.py:753} INFO - DAG(s) dict_keys(['example_task_group']) retrieved from /home/airflow/.local/lib/python3.7/site-packages/airflow/example_dags/example_task_group.py
[2026-09-24T18:13:23.710+0000] {logging_mixin.py:137} INFO - [2026-09-24T18:13:23.709+0000] {dag.py:2676} INFO - Sync 1 DAGs
[2026-09-24T18:13:23.775+0000] {logging_mixin.py:137} INFO - [2026-09-24T18:13:23.774+0000] {dag.py:3427} INFO - Setting next_dagrun for example_task_group to 2026-09-23T18:13:23.774396+00:00, run_after=2026-09-24T18:13:23.774396+00:00
[2026-09-24T18:13:23.817+0000] {processor.py:175} INFO - Processing /home/airflow/.local/lib/python3.7/site-packages/airflow/example_dags/example_task_group.py took 0.319 seconds
[2026-09-24T18:13:53.949+0000] {processor.py:153} INFO - Started process (PID=1443) to work on /home/airflow/.local/lib/python3.7/site-packages/airflow/example_dags/example_task_group.py
[2026-09-24T18:13:53.950+0000] {processor.py:743} INFO - Processing file /home/airflow/.local/lib/python3.7/site-packages/airflow/example_dags/example_task_group.py for tasks to queue
[2026-09-24T18:13:53.952+0000] {logging_mixin.py:137} INFO - [2026-09-24T18:13:53.951+0000] {dagbag.py:538} INFO - Filling up the DagBag from /home/airflow/.local/lib/python3.7/site-packages/airflow/example_dags/example_task_group.py
[2026-09-24T18:13:53.989+0000] {processor.py:753} INFO - DAG(s) dict_keys(['example_task_group']) retrieved from /home/airflow/.local/lib/python3.7/site-packages/airflow/example_dags/example_task_group.py
[2026-09-24T18:13:54.059+0000] {logging_mixin.py:137} INFO - [2026-09-24T18:13:54.059+0000] {dag.py:2676} INFO - Sync 1 DAGs
[2026-09-24T18:13:54.105+0000] {logging_mixin.py:137} INFO - [2026-09-24T18:13:54.104+0000] {dag.py:3427} INFO - Setting next_dagrun for example_task_group to 2026-09-23T18:13:54.100341+00:00, run_after=2026-09-24T18:13:54.100341+00:00
[2026-09-24T18:13:54.153+0000] {processor.py:175} INFO - Processing /home/airflow/.local/lib/python3.7/site-packages/airflow/example_dags/example_task_group.py took 0.217 seconds
