[2026-09-24T18:05:44.973+0000] {processor.py:153} INFO - Started process (PID=83) to work on /home/airflow/.local/lib/python3.7/site-packages/airflow/example_dags/example_branch_operator_decorator.py
[2026-09-24T18:05:44.974+0000] {processor.py:743} INFO - Processing file /home/airflow/.local/lib/python3.7/site-packages/airflow/example_dags/example_branch_operator_decorator.py for tasks to queue
[2026-09-24T18:05:44.976+0000] {logging_mixin.py:137} INFO - [2026-09-24T18:05:44.975+0000] {dagbag.py:538} INFO - Filling up the DagBag from /home/airflow/.local/lib/python3.7/site-packages/airflow/example_dags/example_branch_operator_decorator.py
[2026-09-24T18:05:45.006+0000] {processor.py:753} INFO - DAG(s) dict_keys(['example_branch_python_operator_decorator']) retrieved from /home/airflow/.local/lib/python3.7/site-packages/airflow/example_dags/example_branch_operator_decorator.py
[2026-09-24T18:05:45.053+0000] {logging_mixin.py:137} INFO - [2026-09-24T18:05:45.052+0000] {dag.py:2676} INFO - Sync 1 DAGs
[2026-09-24T18:05:45.102+0000] {logging_mixin.py:137} INFO - [2026-09-24T18:05:45.102+0000] {dag.py:3427} INFO - Setting next_dagrun for example_branch_python_operator_decorator to 2026-09-23T00:00:00+00:00, run_after=2026-09-24T00:00:00+00:00
[2026-09-24T18:05:45.145+0000] {processor.py:175} INFO - Processing /home/airflow/.local/lib/python3.7/site-packages/airflow/example_dags/example_branch_operator_decorator.py took 0.175 seconds
[2026-09-24T18:06:15.877+0000] {processor.py:153} INFO - Started process (PID=161) to work on /home/airflow/.local/lib/python3.7/site-packages/airflow/example_dags/example_branch_operator_decorator.py
[2026-09-24T18:06:15.878+0000] {processor.py:743} INFO - Processing file /home/airflow/.local/lib/python3.7/site-packages/airflow/example_dags/example_branch_operator_decorator.py for tasks to queue
[2026-09-24T18:06:15.880+0000] {logging_mixin.py:137} INFO - [2026-09-24T18:06:15.880+0000] {dagbag.py:538} INFO - Filling up the DagBag from /home/airflow/.local/lib/python3.7/site-packages/airflow/example_dags/example_branch_operator_decorator.py
[2026-09-24T18:06:15.917+0000] {processor.py:753} INFO - DAG(s) dict_keys(['example_branch_python_operator_decorator']) retrieved from /home/airflow/.local/lib/python3.7/site-packages/airflow/example_dags/example_branch_operator_decorator.py
[2026-09-24T18:06:15.969+0000] {logging_mixin.py:137} INFO - [2026-09-24T18:06:15.969+0000] {dag.py:2676} INFO - Sync 1 DAGs
[2026-09-24T18:06:16.007+0000] {logging_mixin.py:137} INFO - [2026-09-24T18:06:16.007+0000] {dag.py:3427} INFO - Setting next_dagrun for example_branch_python_operator_decorator to 2026-09-23T00:00:00+00:00, run_after=2026-09-24T00:00:00+00:00
[2026-09-24T18:06:16.043+0000] {processor.py:175} INFO - Processing /home/airflow/.local/lib/python3.7/site-packages/airflow/example_dags/example_branch_operator_decorator.py took 0.169 seconds
[2026-09-24T18:06:46.449+0000] {processor.py:153} INFO - Started process (PID=259) to work on /home/airflow/.local/lib/python3.7/site-packages/airflow/example_dags/example_branch_operator_decorator.py
[2026-09-24T18:06:46.451+0000] {processor.py:743} INFO - Processing file /home/airflow/.local/lib/python3.7/site-packages/airflow/example_dags/example_branch_operator_decorator.py for tasks to queue
[2026-09-24T18:06:46.452+0000] {logging_mixin.py:137} INFO - [2026-09-24T18:06:46.452+0000] {dagbag.py:538} INFO - Filling up the DagBag from /home/airflow/.local/lib/python3.7/site-packages/airflow/example_dags/example_branch_operator_decorator.py
[2026-09-24T18:06:46.488+0000] {processor.py:753} INFO - DAG(s) dict_keys(['example_branch_python_operator_decorator']) retrieved from /home/airflow/.local/lib/python3.7/site-packages/airflow/example_dags/example_branch_operator_decorator.py
[2026-09-24T18:06:46.539+0000] {logging_mixin.py:137} INFO - [2026-09-24T18:06:46.539+0000] {dag.py:2676} INFO - Sync 1 DAGs
[2026-09-24T18:06:46.585+0000] {logging_mixin.py:137} INFO - [2026-09-24T18:06:46.585+0000] {dag.py:3427} INFO - Setting next_dagrun for example_branch_python_operator_decorator to 2026-09-23T00:00:00+00:00, run_after=2026-09-24T00:00:00+00:00
[2026-09-24T18:06:46.620+0000] {processor.py:175} INFO - Processing /home/airflow/.local/lib/python3.7/site-packages/airflow/example_dags/example_branch_operator_decorator.py took 0.174 seconds
[2026-09-24T18:07:16.736+0000] {processor.py:153} INFO - Started process (PID=337) to work on /home/airflow/.local/lib/python3.7/site-packages/airflow/example_dags/example_branch_operator_decorator.py
[2026-09-24T18:07:16.736+0000] {processor.py:743} INFO - Processing file /home/airflow/.local/lib/python3.7/site-packages/airflow/example_dags/example_branch_operator_decorator.py for tasks to queue
[2026-09-24T18:07:16.737+0000] {logging_mixin.py:137} INFO - [2026-09-24T18:07:16.737+0000] {dagbag.py:538} INFO - Filling up the DagBag from /home/airflow/.local/lib/python3.7/site-packages/airflow/example_dags/example_branch_operator_decorator.py
[2026-09-24T18:07:16.763+0000] {processor.py:753} INFO - DAG(s) dict_keys(['example_branch_python_operator_decorator']) retrieved from /home/airflow/.local/lib/python3.7/site-packages/airflow/example_dags/example_branch_operator_decorator.py
[2026-09-24T18:07:16.810+0000] {logging_mixin.py:137} INFO - [2026-09-24T18:07:16.809+0000] {dag.py:2676} INFO - Sync 1 DAGs
[2026-09-24T18:07:16.839+0000] {logging_mixin.py:137} INFO - [2026-09-24T18:07:16.838+0000] {dag.py:3427} INFO - Setting next_dagrun for example_branch_python_operator_decorator to 2026-09-23T00:00:00+00:00, run_after=2026-09-24T00:00:00+00:00
[2026-09-24T18:07:16.860+0000] {processor.py:175} INFO - Processing /home/airflow/.local/lib/python3.7/site-packages/airflow/example_dags/example_branch_operator_decorator.py took 0.127 seconds
[2026-09-24T18:07:47.470+0000] {processor.py:153} INFO - Started process (PID=422) to work on /home/airflow/.local/lib/python3.7/site-packages/airflow/example_dags/example_branch_operator_decorator.py
[2026-09-24T18:07:47.472+0000] {processor.py:743} INFO - Processing file /home/airflow/.local/lib/python3.7/site-packages/airflow/example_dags/example_branch_operator_decorator.py for tasks to queue
[2026-09-24T18:07:47.474+0000] {logging_mixin.py:137} INFO - [2026-09-24T18:07:47.474+0000] {dagbag.py:538} INFO - Filling up the DagBag from /home/airflow/.local/lib/python3.7/site-packages/airflow/example_dags/example_branch_operator_decorator.py
[2026-09-24T18:07:47.502+0000] {processor.py:753} INFO - DAG(s) dict_keys(['example_branch_python_operator_decorator']) retrieved from /home/airflow/.local/lib/python3.7/site-packages/airflow/example_dags/example_branch_operator_decorator.py
[2026-09-24T18:07:47.554+0000] {logging_mixin.py:137} INFO - [2026-09-24T18:07:47.553+0000] {dag.py:2676} INFO - Sync 1 DAGs
[2026-09-24T18:07:47.606+0000] {logging_mixin.py:137} INFO - [2026-09-24T18:07:47.606+0000] {dag.py:3427} INFO - Setting next_dagrun for example_branch_python_operator_decorator to 2026-09-23T00:00:00+00:00, run_after=2026-09-24T00:00:00+00:00
[2026-09-24T18:07:47.636+0000] {processor.py:175} INFO - Processing /home/airflow/.local/lib/python3.7/site-packages/airflow/example_dags/example_branch_operator_decorator.py took 0.168 seconds
[2026-09-24T18:08:17.744+0000] {processor.py:153} INFO - Started process (PID=513) to work on /home/airflow/.local/lib/python3.7/site-packages/airflow/example_dags/example_branch_operator_decorator.py
[2026-09-24T18:08:17.745+0000] {processor.py:743} INFO - Processing file /home/airflow/.local/lib/python3.7/site-packages/airflow/example_dags/example_branch_operator_decorator.py for tasks to queue
[2026-09-24T18:08:17.746+0000] {logging_mixin.py:137} INFO - [2026-09-24T18:08:17.746+0000] {dagbag.py:538} INFO - Filling up the DagBag from /home/airflow/.local/lib/python3.7/site-packages/airflow/example_dags/example_branch_operator_decorator.py
[2026-09-24T18:08:17.786+0000] {processor.py:753} INFO - DAG(s) dict_keys(['example_branch_python_operator_decorator']) retrieved from /home/airflow/.local/lib/python3.7/site-packages/airflow/example_dags/example_branch_operator_decorator.py
[2026-09-24T18:08:17.839+0000] {logging_mixin.py:137} INFO - [2026-09-24T18:08:17.839+0000] {dag.py:2676} INFO - Sync 1 DAGs
[2026-09-24T18:08:17.877+0000] {logging_mixin.py:137} INFO - [2026-09-24T18:08:17.877+0000] {dag.py:3427} INFO - Setting next_dagrun for example_branch_python_operator_decorator to 2026-09-23T00:00:00+00:00, run_after=2026-09-24T00:00:00+00:00
[2026-09-24T18:08:17.905+0000] {processor.py:175} INFO - Processing /home/airflow/.local/lib/python3.7/site-packages/airflow/example_dags/example_branch_operator_decorator.py took 0.164 seconds
[2026-09-24T18:08:48.639+0000] {processor.py:153} INFO - Started process (PID=591) to work on /home/airflow/.local/lib/python3.7/site-packages/airflow/example_dags/example_branch_operator_decorator.py
[2026-09-24T18:08:48.641+0000] {processor.py:743} INFO - Processing file /home/airflow/.local/lib/python3.7/site-packages/airflow/example_dags/example_branch_operator_decorator.py for tasks to queue
[2026-09-24T18:08:48.641+0000] {logging_mixin.py:137} INFO - [2026-09-24T18:08:48.641+0000] {dagbag.py:538} INFO - Filling up the DagBag from /home/airflow/.local/lib/python3.7/site-packages/airflow/example_dags/example_branch_operator_decorator.py
[2026-09-24T18:08:48.666+0000] {processor.py:753} INFO - DAG(s) dict_keys(['example_branch_python_operator_decorator']) retrieved from /home/airflow/.local/lib/python3.7/site-packages/airflow/example_dags/example_branch_operator_decorator.py
[2026-09-24T18:08:48.710+0000] {logging_mixin.py:137} INFO - [2026-09-24T18:08:48.710+0000] {dag.py:2676} INFO - Sync 1 DAGs
[2026-09-24T18:08:48.735+0000] {logging_mixin.py:137} INFO - [2026-09-24T18:08:48.735+0000] {dag.py:3427} INFO - Setting next_dagrun for example_branch_python_operator_decorator to 2026-09-23T00:00:00+00:00, run_after=2026-09-24T00:00:00+00:00
[2026-09-24T18:08:48.757+0000] {processor.py:175} INFO - Processing /home/airflow/.local/lib/python3.7/site-packages/airflow/example_dags/example_branch_operator_decorator.py took 0.122 seconds
[2026-09-24T18:09:19.403+0000] {processor.py:153} INFO - Started process (PID=689) to work on /home/airflow/.local/lib/python3.7/site-packages/airflow/example_dags/example_branch_operator_decorator.py
[2026-09-24T18:09:19.406+0000] {processor.py:743} INFO - Processing file /home/airflow/.local/lib/python3.7/site-packages/airflow/example_dags/example_branch_operator_decorator.py for tasks to queue
[2026-09-24T18:09:19.408+0000] {logging_mixin.py:137} INFO - [2026-09-24T18:09:19.407+0000] {dagbag.py:538} INFO - Filling up the DagBag from /home/airflow/.local/lib/python3.7/site-packages/airflow/example_dags/example_branch_operator_decorator.py
[2026-09-24T18:09:19.441+0000] {processor.py:753} INFO - DAG(s) dict_keys(['example_branch_python_operator_decorator']) retrieved from /home/airflow/.local/lib/python3.7/site-packages/airflow/example_dags/example_branch_operator_decorator.py
[2026-09-24T18:09:19.494+0000] {logging_mixin.py:137} INFO - [2026-09-24T18:09:19.494+0000] {dag.py:2676} INFO - Sync 1 DAGs
[2026-09-24T18:09:19.532+0000] {logging_mixin.py:137} INFO - [2026-09-24T18:09:19.532+0000] {dag.py:3427} INFO - Setting next_dagrun for example_branch_python_operator_decorator to 2026-09-23T00:00:00+00:00, run_after=2026-09-24T00:00:00+00:00
[2026-09-24T18:09:19.565+0000] {processor.py:175} INFO - Processing /home/airflow/.local/lib/python3.7/site-packages/airflow/example_dags/example_branch_operator_decorator.py took 0.173 seconds
[2026-09-24T18:09:50.927+0000] {processor.py:153} INFO - Started process (PID=768) to work on /home/airflow/.local/lib/python3.7/site-packages/airflow/example_dags/example_branch_operator_decorator.py
[2026-09-24T18:09:50.929+0000] {processor.py:743} INFO - Processing file /home/airflow/.local/lib/python3.7/site-packages/airflow/example_dags/example_branch_operator_decorator.py for tasks to queue
[2026-09-24T18:09:50.930+0000] {logging_mixin.py:137} INFO - [2026-09-24T18:09:50.930+0000] {dagbag.py:538} INFO - Filling up the DagBag from /home/airflow/.local/lib/python3.7/site-packages/airflow/example_dags/example_branch_operator_decorator.py
[2026-09-24T18:09:50.967+0000] {processor.py:753} INFO - DAG(s) dict_keys(['example_branch_python_operator_decorator']) retrieved from /home/airflow/.local/lib/python3.7/site-packages/airflow/example_dags/example_branch_operator_decorator.py
[2026-09-24T18:09:51.046+0000] {logging_mixin.py:137} INFO - [2026-09-24T18:09:51.045+0000] {dag.py:2676} INFO - Sync 1 DAGs
[2026-09-24T18:09:51.093+0000] {logging_mixin.py:137} INFO - [2026-09-24T18:09:51.093+0000] {dag.py:3427} INFO - Setting next_dagrun for example_branch_python_operator_decorator to 2026-09-23T00:00:00+00:00, run_after=2026-09-24T00:00:00+00:00
[2026-09-24T18:09:51.140+0000] {processor.py:175} INFO - Processing /home/airflow/.local/lib/python3.7/site-packages/airflow/example_dags/example_branch_operator_decorator.py took 0.218 seconds
[2026-09-24T18:10:21.853+0000] {processor.py:153} INFO - Started process (PID=846) to work on /home/airflow/.local/lib/python3.7/site-packages/airflow/example_dags/example_branch_operator_decorator.py
[2026-09-24T18:10:21.853+0000] {processor.py:743} INFO - Processing file /home/airflow/.local/lib/python3.7/site-packages/airflow/example_dags/example_branch_operator_decorator.py for tasks to queue
[2026-09-24T18:10:21.854+0000] {logging_mixin.py:137} INFO - [2026-09-24T18:10:21.854+0000] {dagbag.py:538} INFO - Filling up the DagBag from /home/airflow/.local/lib/python3.7/site-packages/airflow/example_dags/example_branch_operator_decorator.py
[2026-09-24T18:10:21.890+0000] {processor.py:753} INFO - DAG(s) dict_keys(['example_branch_python_operator_decorator']) retrieved from /home/airflow/.local/lib/python3.7/site-packages/airflow/example_dags/example_branch_operator_decorator.py
[2026-09-24T18:10:21.960+0000] {logging_mixin.py:137} INFO - [2026-09-24T18:10:21.959+0000] {dag.py:2676} INFO - Sync 1 DAGs
[2026-09-24T18:10:22.010+0000] {logging_mixin.py:137} INFO - [2026-09-24T18:10:22.010+0000] {dag.py:3427} INFO - Setting next_dagrun for example_branch_python_operator_decorator to 2026-09-23T00:00:00+00:00, run_after=2026-09-24T00:00:00+00:00
[2026-09-24T18:10:22.051+0000] {processor.py:175} INFO - Processing /home/airflow/.local/lib/python3.7/site-packages/airflow/example_dags/example_branch_operator_decorator.py took 0.202 seconds
[2026-09-24T18:10:52.662+0000] {processor.py:153} INFO - Started process (PID=944) to work on /home/airflow/.local/lib/python3.7/site-packages/airflow/example_dags/example_branch_operator_decorator.py
[2026-09-24T18:10:52.663+0000] {processor.py:743} INFO - Processing file /home/airflow/.local/lib/python3.7/site-packages/airflow/example_dags/example_branch_operator_decorator.py for tasks to queue
[2026-09-24T18:10:52.664+0000] {logging_mixin.py:137} INFO - [2026-09-24T18:10:52.664+0000] {dagbag.py:538} INFO - Filling up the DagBag from /home/airflow/.local/lib/python3.7/site-packages/airflow/example_dags/example_branch_operator_decorator.py
[2026-09-24T18:10:52.695+0000] {processor.py:753} INFO - DAG(s) dict_keys(['example_branch_python_operator_decorator']) retrieved from /home/airflow/.local/lib/python3.7/site-packages/airflow/example_dags/example_branch_operator_decorator.py
[2026-09-24T18:10:52.742+0000] {logging_mixin.py:137} INFO - [2026-09-24T18:10:52.742+0000] {dag.py:2676} INFO - Sync 1 DAGs
[2026-09-24T18:10:52.771+0000] {logging_mixin.py:137} INFO - [2026-09-24T18:10:52.771+0000] {dag.py:3427} INFO - Setting next_dagrun for example_branch_python_operator_decorator to 2026-09-23T00:00:00+00:00, run_after=2026-09-24T00:00:00+00:00
[2026-09-24T18:10:52.798+0000] {processor.py:175} INFO - Processing /home/airflow/.local/lib/python3.7/site-packages/airflow/example_dags/example_branch_operator_decorator.py took 0.140 seconds
[2026-09-24T18:11:22.851+0000] {processor.py:153} INFO - Started process (PID=1022) to work on /home/airflow/.local/lib/python3.7/site-packages/airflow/example_dags/example_branch_operator_decorator.py
[2026-09-24T18:11:22.852+0000] {processor.py:743} INFO - Processing file /home/airflow/.local/lib/python3.7/site-packages/airflow/example_dags/example_branch_operator_decorator.py for tasks to queue
[2026-09-24T18:11:22.853+0000] {logging_mixin.py:137} INFO - [2026-09-24T18:11:22.852+0000] {dagbag.py:538} INFO - Filling up the DagBag from /home/airflow/.local/lib/python3.7/site-packages/airflow/example_dags/example_branch_operator_decorator.py
[2026-09-24T18:11:22.881+0000] {processor.py:753} INFO - DAG(s) dict_keys(['example_branch_python_operator_decorator']) retrieved from /home/airflow/.local/lib/python3.7/site-packages/airflow/example_dags/example_branch_operator_decorator.py
[2026-09-24T18:11:22.932+0000] {logging_mixin.py:137} INFO - [2026-09-24T18:11:22.932+0000] {dag.py:2676} INFO - Sync 1 DAGs
[2026-09-24T18:11:22.965+0000] {logging_mixin.py:137} INFO - [2026-09-24T18:11:22.964+0000] {dag.py:3427} INFO - Setting next_dagrun for example_branch_python_operator_decorator to 2026-09-23T00:00:00+00:00, run_after=2026-09-24T00:00:00+00:00
[2026-09-24T18:11:22.987+0000] {processor.py:175} INFO - Processing /home/airflow/.local/lib/python3.7/site-packages/airflow/example_dags/example_branch_operator_decorator.py took 0.139 seconds
[2026-09-24T18:11:53.488+0000] {processor.py:153} INFO - Started process (PID=1120) to work on /home/airflow/.local/lib/python3.7/site-packages/airflow/example_dags/example_branch_operator_decorator.py
[2026-09-24T18:11:53.491+0000] {processor.py:743} INFO - Processing file /home/airflow/.local/lib/python3.7/site-packages/airflow/example_dags/example_branch_operator_decorator.py for tasks to queue
[2026-09-24T18:11:53.492+0000] {logging_mixin.py:137} INFO - [2026-09-24T18:11:53.492+0000] {dagbag.py:538} INFO - Filling up the DagBag from /home/airflow/.local/lib/python3.7/site-packages/airflow/example_dags/example_branch_operator_decorator.py
[2026-09-24T18:11:53.550+0000] {processor.py:753} INFO - DAG(s) dict_keys(['example_branch_python_operator_decorator']) retrieved from /home/airflow/.local/lib/python3.7/site-packages/airflow/example_dags/example_branch_operator_decorator.py
[2026-09-24T18:11:53.639+0000] {logging_mixin.py:137} INFO - [2026-09-24T18:11:53.639+0000] {dag.py:2676} INFO - Sync 1 DAGs
[2026-09-24T18:11:53.695+0000] {logging_mixin.py:137} INFO - [2026-09-24T18:11:53.694+0000] {dag.py:3427} INFO - Setting next_dagrun for example_branch_python_operator_decorator to 2026-09-23T00:00:00+00:00, run_after=2026-09-24T00:00:00+00:00
[2026-09-24T18:11:53.749+0000] {processor.py:175} INFO - Processing /home/airflow/.local/lib/python3.7/site-packages/airflow/example_dags/example_branch_operator_decorator.py took 0.265 seconds
[2026-09-24T18:12:24.412+0000] {processor.py:153} INFO - Started process (PID=1198) to work on /home/airflow/.local/lib/python3.7/site-packages/airflow/example_dags/example_branch_operator_decorator.py
[2026-09-24T18:12:24.413+0000] {processor.py:743} INFO - Processing file /home/airflow/.local/lib/python3.7/site-packages/airflow/example_dags/example_branch_operator_decorator.py for tasks to queue
[2026-09-24T18:12:24.413+0000] {logging_mixin.py:137} INFO - [2026-09-24T18:12:24.413+0000] {dagbag.py:538} INFO - Filling up the DagBag from /home/airflow/.local/lib/python3.7/site-packages/airflow/example_dags/example_branch_operator_decorator.py
[2026-09-24T18:12:24.449+0000] {processor.py:753} INFO - DAG(s) dict_keys(['example_branch_python_operator_decorator']) retrieved from /home/airflow/.local/lib/python3.7/site-packages/airflow/example_dags/example_branch_operator_decorator.py
[2026-09-24T18:12:24.502+0000] {logging_mixin.py:137} INFO - [2026-09-24T18:12:24.502+0000] {dag.py:2676} INFO - Sync 1 DAGs
[2026-09-24T18:12:24.541+0000] {logging_mixin.py:137} INFO - [2026-09-24T18:12:24.541+0000] {dag.py:3427} INFO - Setting next_dagrun for example_branch_python_operator_decorator to 2026-09-23T00:00:00+00:00, run_after=2026-09-24T00:00:00+00:00
[2026-09-24T18:12:24.578+0000] {processor.py:175} INFO - Processing /home/airflow/.local/lib/python3.7/site-packages/airflow/example_dags/example_branch_operator_decorator.py took 0.170 seconds
[2026-09-24T18:12:54.837+0000] {processor.py:153} INFO - Started process (PID=1282) to work on /home/airflow/.local/lib/python3.7/site-packages/airflow/example_dags/example_branch_operator_decorator.py
[2026-09-24T18:12:54.839+0000] {processor.py:743} INFO - Processing file /home/airflow/.local/lib/python3.7/site-packages/airflow/example_dags/example_branch_operator_decorator.py for tasks to queue
[2026-09-24T18:12:54.840+0000] {logging_mixin.py:137} INFO - [2026-09-24T18:12:54.840+0000] {dagbag.py:538} INFO - Filling up the DagBag from /home/airflow/.local/lib/python3.7/site-packages/airflow/example_dags/example_branch_operator_decorator.py
[2026-09-24T18:12:54.869+0000] {processor.py:753} INFO - DAG(s) dict_keys(['example_branch_python_operator_decorator']) retrieved from /home/airflow/.local/lib/python3.7/site-packages/airflow/example_dags/example_branch_operator_decorator.py
[2026-09-24T18:12:54.926+0000] {logging_mixin.py:137} INFO - [2026-09-24T18:12:54.926+0000] {dag.py:2676} INFO - Sync 1 DAGs
[2026-09-24T18:12:54.962+0000] {logging_mixin.py:137} INFO - [2026-09-24T18:12:54.962+0000] {dag.py:3427} INFO - Setting next_dagrun for example_branch_python_operator_decorator to 2026-09-23T00:00:00+00:00, run_after=2026-09-24T00:00:00+00:00
[2026-09-24T18:12:54.995+0000] {processor.py:175} INFO - Processing /home/airflow/.local/lib/python3.7/site-packages/airflow/example_dags/example_branch_operator_decorator.py took 0.162 seconds
[2026-09-24T18:13:25.507+0000] {processor.py:153} INFO - Started process (PID=1374) to work on /home/airflow/.local/lib/python3.7/site-packages/airflow/example_dags/example_branch_operator_decorator.py
[2026-09-24T18:13:25.508+0000] {processor.py:743} INFO - Processing file /home/airflow/.local/lib/python3.7/site-packages/airflow/example_dags/example_branch_operator_decorator.py for tasks to queue
[2026-09-24T18:13:25.508+0000] {logging_mixin.py:137} INFO - [2026-09-24T18:13:25.508+0000] {dagbag.py:538} INFO - Filling up the DagBag from /home/airflow/.local/lib/python3.7/site-packages/airflow/example_dags/example_branch_operator_decorator.py
[2026-09-24T18:13:25.543+0000] {processor.py:753} INFO - DAG(s) dict_keys(['example_branch_python_operator_decorator']) retrieved from /home/airflow/.local/lib/python3.7/site-packages/airflow/example_dags/example_branch_operator_decorator.py
[2026-09-24T18:13:25.608+0000] {logging_mixin.py:137} INFO - [2026-09-24T18:13:25.607+0000] {dag.py:2676} INFO - Sync 1 DAGs
[2026-09-24T18:13:25.653+0000] {logging_mixin.py:137} INFO - [2026-09-24T18:13:25.653+0000] {dag.py:3427} INFO - Setting next_dagrun for example_branch_python_operator_decorator to 2026-09-23T00:00:00+00:00, run_after=2026-09-24T00:00:00+00:00
[2026-09-24T18:13:25.699+0000] {processor.py:175} INFO - Processing /home/airflow/.local/lib/python3.7/site-packages/airflow/example_dags/example_branch_operator_decorator.py took 0.197 seconds
[2026-09-24T18:13:55.973+0000] {processor.py:153} INFO - Started process (PID=1453) to work on /home/airflow/.local/lib/python3.7/site-packages/airflow/example_dags/example_branch_operator_decorator.py
[2026-09-24T18:13:55.975+0000] {processor.py:743} INFO - Processing file /home/airflow/.local/lib/python3.7/site-packages/airflow/example_dags/example_branch_operator_decorator.py for tasks to queue
[2026-09-24T18:13:55.975+0000] {logging_mixin.py:137} INFO - [2026-09-24T18:13:55.975+0000] {dagbag.py:538} INFO - Filling up the DagBag from /home/airflow/.local/lib/python3.7/site-packages/airflow/example_dags/example_branch_operator_decorator.py
[2026-09-24T18:13:56.006+0000] {processor.py:753} INFO - DAG(s) dict_keys(['example_branch_python_operator_decorator']) retrieved from /home/airflow/.local/lib/python3.7/site-packages/airflow/example_dags/example_branch_operator_decorator.py
[2026-09-24T18:13:56.056+0000] {logging_mixin.py:137} INFO - [2026-09-24T18:13:56.056+0000] {dag.py:2676} INFO - Sync 1 DAGs
[2026-09-24T18:13:56.091+0000] {logging_mixin.py:137} INFO - [2026-09-24T18:13:56.091+0000] {dag.py:3427} INFO - Setting next_dagrun for example_branch_python_operator_decorator to 2026-09-23T00:00:00+00:00, run_after=2026-09-24T00:00:00+00:00
[2026-09-24T18:13:56.130+0000] {processor.py:175} INFO - Processing /home/airflow/.local/lib/python3.7/site-packages/airflow/example_dags/example_branch_operator_decorator.py took 0.161 seconds
