[2026-09-24T18:05:42.259+0000] {processor.py:153} INFO - Started process (PID=67) to work on /home/airflow/.local/lib/python3.7/site-packages/airflow/example_dags/example_task_group_decorator.py
[2026-09-24T18:05:42.260+0000] {processor.py:743} INFO - Processing file /home/airflow/.local/lib/python3.7/site-packages/airflow/example_dags/example_task_group_decorator.py for tasks to queue
[2026-09-24T18:05:42.261+0000] {logging_mixin.py:137} INFO - [2026-09-24T18:05:42.261+0000] {dagbag.py:538} INFO - Filling up the DagBag from /home/airflow/.local/lib/python3.7/site-packages/airflow/example_dags/example_task_group_decorator.py
[2026-09-24T18:05:42.305+0000] {processor.py:753} INFO - DAG(s) dict_keys(['example_task_group_decorator']) retrieved from /home/airflow/.local/lib/python3.7/site-packages/airflow/example_dags/example_task_group_decorator.py
[2026-09-24T18:05:42.392+0000] {logging_mixin.py:137} INFO - [2026-09-24T18:05:42.391+0000] {dag.py:2676} INFO - Sync 1 DAGs
[2026-09-24T18:05:42.453+0000] {logging_mixin.py:137} INFO - [2026-09-24T18:05:42.452+0000] {dag.py:3427} INFO - Setting next_dagrun for example_task_group_decorator to 2026-09-23T18:05:42.451964+00:00, run_after=2026-09-24T18:05:42.451964+00:00
[2026-09-24T18:05:42.497+0000] {processor.py:175} INFO - Processing /home/airflow/.local/lib/python3.7/site-packages/airflow/example_dags/example_task_group_decorator.py took 0.243 seconds
[2026-09-24T18:06:13.195+0000] {processor.py:153} INFO - Started process (PID=145) to work on /home/airflow/.local/lib/python3.7/site-packages/airflow/example_dags/example_task_group_decorator.py
[2026-09-24T18:06:13.196+0000] {processor.py:743} INFO - Processing file /home/airflow/.local/lib/python3.7/site-packages/airflow/example_dags/example_task_group_decorator.py for tasks to queue
[2026-09-24T18:06:13.197+0000] {logging_mixin.py:137} INFO - [2026-09-24T18:06:13.197+0000] {dagbag.py:538} INFO - Filling up the DagBag from /home/airflow/.local/lib/python3.7/site-packages/airflow/example_dags/example_task_group_decorator.py
[2026-09-24T18:06:13.236+0000] {processor.py:753} INFO - DAG(s) dict_keys(['example_task_group_decorator']) retrieved from /home/airflow/.local/lib/python3.7/site-packages/airflow/example_dags/example_task_group_decorator.py
[2026-09-24T18:06:13.291+0000] {logging_mixin.py:137} INFO - [2026-09-24T18:06:13.291+0000] {dag.py:2676} INFO - Sync 1 DAGs
[2026-09-24T18:06:13.334+0000] {logging_mixin.py:137} INFO - [2026-09-24T18:06:13.334+0000] {dag.py:3427} INFO - Setting next_dagrun for example_task_group_decorator to 2026-09-23T18:06:13.333779+00:00, run_after=2026-09-24T18:06:13.333779+00:00
[2026-09-24T18:06:13.385+0000] {processor.py:175} INFO - Processing /home/airflow/.local/lib/python3.7/site-packages/airflow/example_dags/example_task_group_decorator.py took 0.194 seconds
[2026-09-24T18:06:43.614+0000] {processor.py:153} INFO - Started process (PID=223) to work on /home/airflow/.local/lib/python3.7/site-packages/airflow/example_dags/example_task_group_decorator.py
[2026-09-24T18:06:43.615+0000] {processor.py:743} INFO - Processing file /home/airflow/.local/lib/python3.7/site-packages/airflow/example_dags/example_task_group_decorator.py for tasks to queue
[2026-09-24T18:06:43.616+0000] {logging_mixin.py:137} INFO - [2026-09-24T18:06:43.616+0000] {dagbag.py:538} INFO - Filling up the DagBag from /home/airflow/.local/lib/python3.7/site-packages/airflow/example_dags/example_task_group_decorator.py
[2026-09-24T18:06:43.653+0000] {processor.py:753} INFO - DAG(s) dict_keys(['example_task_group_decorator']) retrieved from /home/airflow/.local/lib/python3.7/site-packages/airflow/example_dags/example_task_group_decorator.py
[2026-09-24T18:06:43.697+0000] {logging_mixin.py:137} INFO - [2026-09-24T18:06:43.696+0000] {dag.py:2676} INFO - Sync 1 DAGs
[2026-09-24T18:06:43.723+0000] {logging_mixin.py:137} INFO - [2026-09-24T18:06:43.723+0000] {dag.py:3427} INFO - Setting next_dagrun for example_task_group_decorator to 2026-09-23T18:06:43.722970+00:00, run_after=2026-09-24T18:06:43.722970+00:00
[2026-09-24T18:06:43.752+0000] {processor.py:175} INFO - Processing /home/airflow/.local/lib/python3.7/site-packages/airflow/example_dags/example_task_group_decorator.py took 0.142 seconds
[2026-09-24T18:07:14.536+0000] {processor.py:153} INFO - Started process (PID=321) to work on /home/airflow/.local/lib/python3.7/site-packages/airflow/example_dags/example_task_group_decorator.py
[2026-09-24T18:07:14.537+0000] {processor.py:743} INFO - Processing file /home/airflow/.local/lib/python3.7/site-packages/airflow/example_dags/example_task_group_decorator.py for tasks to queue
[2026-09-24T18:07:14.537+0000] {logging_mixin.py:137} INFO - [2026-09-24T18:07:14.537+0000] {dagbag.py:538} INFO - Filling up the DagBag from /home/airflow/.local/lib/python3.7/site-packages/airflow/example_dags/example_task_group_decorator.py
[2026-09-24T18:07:14.566+0000] {processor.py:753} INFO - DAG(s) dict_keys(['example_task_group_decorator']) retrieved from /home/airflow/.local/lib/python3.7/site-packages/airflow/example_dags/example_task_group_decorator.py
[2026-09-24T18:07:14.608+0000] {logging_mixin.py:137} INFO - [2026-09-24T18:07:14.608+0000] {dag.py:2676} INFO - Sync 1 DAGs
[2026-09-24T18:07:14.634+0000] {logging_mixin.py:137} INFO - [2026-09-24T18:07:14.634+0000] {dag.py:3427} INFO - Setting next_dagrun for example_task_group_decorator to 2026-09-23T18:07:14.634015+00:00, run_after=2026-09-24T18:07:14.634015+00:00
[2026-09-24T18:07:14.659+0000] {processor.py:175} INFO - Processing /home/airflow/.local/lib/python3.7/site-packages/airflow/example_dags/example_task_group_decorator.py took 0.127 seconds
[2026-09-24T18:07:44.755+0000] {processor.py:153} INFO - Started process (PID=399) to work on /home/airflow/.local/lib/python3.7/site-packages/airflow/example_dags/example_task_group_decorator.py
[2026-09-24T18:07:44.756+0000] {processor.py:743} INFO - Processing file /home/airflow/.local/lib/python3.7/site-packages/airflow/example_dags/example_task_group_decorator.py for tasks to queue
[2026-09-24T18:07:44.757+0000] {logging_mixin.py:137} INFO - [2026-09-24T18:07:44.757+0000] {dagbag.py:538} INFO - Filling up the DagBag from /home/airflow/.local/lib/python3.7/site-packages/airflow/example_dags/example_task_group_decorator.py
[2026-09-24T18:07:44.796+0000] {processor.py:753} INFO - DAG(s) dict_keys(['example_task_group_decorator']) retrieved from /home/airflow/.local/lib/python3.7/site-packages/airflow/example_dags/example_task_group_decorator.py
[2026-09-24T18:07:44.854+0000] {logging_mixin.py:137} INFO - [2026-09-24T18:07:44.854+0000] {dag.py:2676} INFO - Sync 1 DAGs
[2026-09-24T18:07:44.885+0000] {logging_mixin.py:137} INFO - [2026-09-24T18:07:44.885+0000] {dag.py:3427} INFO - Setting next_dagrun for example_task_group_decorator to 2026-09-23T18:07:44.885218+00:00, run_after=2026-09-24T18:07:44.885218+00:00
[2026-09-24T18:07:44.914+0000] {processor.py:175} INFO - Processing /home/airflow/.local/lib/python3.7/site-packages/airflow/example_dags/example_task_group_decorator.py took 0.162 seconds
[2026-09-24T18:08:15.212+0000] {processor.py:153} INFO - Started process (PID=497) to work on /home/airflow/.local/lib/python3.7/site-packages/airflow/example_dags/example_task_group_decorator.py
[2026-09-24T18:08:15.213+0000] {processor.py:743} INFO - Processing file /home/airflow/.local/lib/python3.7/site-packages/airflow/example_dags/example_task_group_decorator.py for tasks to queue
[2026-09-24T18:08:15.214+0000] {logging_mixin.py:137} INFO - [2026-09-24T18:08:15.214+0000] {dagbag.py:538} INFO - Filling up the DagBag from /home/airflow/.local/lib/python3.7/site-packages/airflow/example_dags/example_task_group_decorator.py
[2026-09-24T18:08:15.246+0000] {processor.py:753} INFO - DAG(s) dict_keys(['example_task_group_decorator']) retrieved from /home/airflow/.local/lib/python3.7/site-packages/airflow/example_dags/example_task_group_decorator.py
[2026-09-24T18:08:15.291+0000] {logging_mixin.py:137} INFO - [2026-09-24T18:08:15.291+0000] {dag.py:2676} INFO - Sync 1 DAGs
[2026-09-24T18:08:15.322+0000] {logging_mixin.py:137} INFO - [2026-09-24T18:08:15.322+0000] {dag.py:3427} INFO - Setting next_dagrun for example_task_group_decorator to 2026-09-23T18:08:15.322435+00:00, run_after=2026-09-24T18:08:15.322435+00:00
[2026-09-24T18:08:15.350+0000] {processor.py:175} INFO - Processing /home/airflow/.local/lib/python3.7/site-packages/airflow/example_dags/example_task_group_decorator.py took 0.142 seconds
[2026-09-24T18:08:45.922+0000] {processor.py:153} INFO - Started process (PID=575) to work on /home/airflow/.local/lib/python3.7/site-packages/airflow/example_dags/example_task_group_decorator.py
[2026-09-24T18:08:45.923+0000] {processor.py:743} INFO - Processing file /home/airflow/.local/lib/python3.7/site-packages/airflow/example_dags/example_task_group_decorator.py for tasks to queue
[2026-09-24T18:08:45.925+0000] {logging_mixin.py:137} INFO - [2026-09-24T18:08:45.925+0000] {dagbag.py:538} INFO - Filling up the DagBag from /home/airflow/.local/lib/python3.7/site-packages/airflow/example_dags/example_task_group_decorator.py
[2026-09-24T18:08:45.963+0000] {processor.py:753} INFO - DAG(s) dict_keys(['example_task_group_decorator']) retrieved from /home/airflow/.local/lib/python3.7/site-packages/airflow/example_dags/example_task_group_decorator.py
[2026-09-24T18:08:46.040+0000] {logging_mixin.py:137} INFO - [2026-09-24T18:08:46.040+0000] {dag.py:2676} INFO - Sync 1 DAGs
[2026-09-24T18:08:46.103+0000] {logging_mixin.py:137} INFO - [2026-09-24T18:08:46.102+0000] {dag.py:3427} INFO - Setting next_dagrun for example_task_group_decorator to 2026-09-23T18:08:46.102084+00:00, run_after=2026-09-24T18:08:46.102084+00:00
[2026-09-24T18:08:46.154+0000] {processor.py:175} INFO - Processing /home/airflow/.local/lib/python3.7/site-packages/airflow/example_dags/example_task_group_decorator.py took 0.236 seconds
[2026-09-24T18:09:16.210+0000] {processor.py:153} INFO - Started process (PID=660) to work on /home/airflow/.local/lib/python3.7/site-packages/airflow/example_dags/example_task_group_decorator.py
[2026-09-24T18:09:16.212+0000] {processor.py:743} INFO - Processing file /home/airflow/.local/lib/python3.7/site-packages/airflow/example_dags/example_task_group_decorator.py for tasks to queue
[2026-09-24T18:09:16.213+0000] {logging_mixin.py:137} INFO - [2026-09-24T18:09:16.213+0000] {dagbag.py:538} INFO - Filling up the DagBag from /home/airflow/.local/lib/python3.7/site-packages/airflow/example_dags/example_task_group_decorator.py
[2026-09-24T18:09:16.274+0000] {processor.py:753} INFO - DAG(s) dict_keys(['example_task_group_decorator']) retrieved from /home/airflow/.local/lib/python3.7/site-packages/airflow/example_dags/example_task_group_decorator.py
[2026-09-24T18:09:16.373+0000] {logging_mixin.py:137} INFO - [2026-09-24T18:09:16.372+0000] {dag.py:2676} INFO - Sync 1 DAGs
[2026-09-24T18:09:16.434+0000] {logging_mixin.py:137} INFO - [2026-09-24T18:09:16.434+0000] {dag.py:3427} INFO - Setting next_dagrun for example_task_group_decorator to 2026-09-23T18:09:16.433739+00:00, run_after=2026-09-24T18:09:16.433739+00:00
[2026-09-24T18:09:16.477+0000] {processor.py:175} INFO - Processing /home/airflow/.local/lib/python3.7/site-packages/airflow/example_dags/example_task_group_decorator.py took 0.270 seconds
[2026-09-24T18:09:47.151+0000] {processor.py:153} INFO - Started process (PID=752) to work on /home/airflow/.local/lib/python3.7/site-packages/airflow/example_dags/example_task_group_decorator.py
[2026-09-24T18:09:47.152+0000] {processor.py:743} INFO - Processing file /home/airflow/.local/lib/python3.7/site-packages/airflow/example_dags/example_task_group_decorator.py for tasks to queue
[2026-09-24T18:09:47.153+0000] {logging_mixin.py:137} INFO - [2026-09-24T18:09:47.153+0000] {dagbag.py:538} INFO - Filling up the DagBag from /home/airflow/.local/lib/python3.7/site-packages/airflow/example_dags/example_task_group_decorator.py
[2026-09-24T18:09:47.203+0000] {processor.py:753} INFO - DAG(s) dict_keys(['example_task_group_decorator']) retrieved from /home/airflow/.local/lib/python3.7/site-packages/airflow/example_dags/example_task_group_decorator.py
[2026-09-24T18:09:47.255+0000] {logging_mixin.py:137} INFO - [2026-09-24T18:09:47.255+0000] {dag.py:2676} INFO - Sync 1 DAGs
[2026-09-24T18:09:47.288+0000] {logging_mixin.py:137} INFO - [2026-09-24T18:09:47.288+0000] {dag.py:3427} INFO - Setting next_dagrun for example_task_group_decorator to 2026-09-23T18:09:47.288137+00:00, run_after=2026-09-24T18:09:47.288137+00:00
[2026-09-24T18:09:47.320+0000] {processor.py:175} INFO - Processing /home/airflow/.local/lib/python3.7/site-packages/airflow/example_dags/example_task_group_decorator.py took 0.173 seconds
[2026-09-24T18:10:17.418+0000] {processor.py:153} INFO - Started process (PID=830) to work on /home/airflow/.local/lib/python3.7/site-packages/airflow/example_dags/example_task_group_decorator.py
[2026-09-24T18:10:17.418+0000] {processor.py:743} INFO - Processing file /home/airflow/.local/lib/python3.7/site-packages/airflow/example_dags/example_task_group_decorator.py for tasks to queue
[2026-09-24T18:10:17.419+0000] {logging_mixin.py:137} INFO - [2026-09-24T18:10:17.419+0000] {dagbag.py:538} INFO - Filling up the DagBag from /home/airflow/.local/lib/python3.7/site-packages/airflow/example_dags/example_task_group_decorator.py
[2026-09-24T18:10:17.455+0000] {processor.py:753} INFO - DAG(s) dict_keys(['example_task_group_decorator']) retrieved from /home/airflow/.local/lib/python3.7/site-packages/airflow/example_dags/example_task_group_decorator.py
[2026-09-24T18:10:17.498+0000] {logging_mixin.py:137} INFO - [2026-09-24T18:10:17.498+0000] {dag.py:2676} INFO - Sync 1 DAGs
[2026-09-24T18:10:17.527+0000] {logging_mixin.py:137} INFO - [2026-09-24T18:10:17.527+0000] {dag.py:3427} INFO - Setting next_dagrun for example_task_group_decorator to 2026-09-23T18:10:17.527382+00:00, run_after=2026-09-24T18:10:17.527382+00:00
[2026-09-24T18:10:17.557+0000] {processor.py:175} INFO - Processing /home/airflow/.local/lib/python3.7/site-packages/airflow/example_dags/example_task_group_decorator.py took 0.142 seconds
[2026-09-24T18:10:48.172+0000] {processor.py:153} INFO - Started process (PID=928) to work on /home/airflow/.local/lib/python3.7/site-packages/airflow/example_dags/example_task_group_decorator.py
[2026-09-24T18:10:48.174+0000] {processor.py:743} INFO - Processing file /home/airflow/.local/lib/python3.7/site-packages/airflow/example_dags/example_task_group_decorator.py for tasks to queue
[2026-09-24T18:10:48.176+0000] {logging_mixin.py:137} INFO - [2026-09-24T18:10:48.176+0000] {dagbag.py:538} INFO - Filling up the DagBag from /home/airflow/.local/lib/python3.7/site-packages/airflow/example_dags/example_task_group_decorator.py
[2026-09-24T18:10:48.217+0000] {processor.py:753} INFO - DAG(s) dict_keys(['example_task_group_decorator']) retrieved from /home/airflow/.local/lib/python3.7/site-packages/airflow/example_dags/example_task_group_decorator.py
[2026-09-24T18:10:48.274+0000] {logging_mixin.py:137} INFO - [2026-09-24T18:10:48.274+0000] {dag.py:2676} INFO - Sync 1 DAGs
[2026-09-24T18:10:48.309+0000] {logging_mixin.py:137} INFO - [2026-09-24T18:10:48.308+0000] {dag.py:3427} INFO - Setting next_dagrun for example_task_group_decorator to 2026-09-23T18:10:48.308138+00:00, run_after=2026-09-24T18:10:48.308138+00:00
[2026-09-24T18:10:48.343+0000] {processor.py:175} INFO - Processing /home/airflow/.local/lib/python3.7/site-packages/airflow/example_dags/example_task_group_decorator.py took 0.174 seconds
[2026-09-24T18:11:18.606+0000] {processor.py:153} INFO - Started process (PID=1006) to work on /home/airflow/.local/lib/python3.7/site-packages/airflow/example_dags/example_task_group_decorator.py
[2026-09-24T18:11:18.607+0000] {processor.py:743} INFO - Processing file /home/airflow/.local/lib/python3.7/site-packages/airflow/example_dags/example_task_group_decorator.py for tasks to queue
[2026-09-24T18:11:18.608+0000] {logging_mixin.py:137} INFO - [2026-09-24T18:11:18.608+0000] {dagbag.py:538} INFO - Filling up the DagBag from /home/airflow/.local/lib/python3.7/site-packages/airflow/example_dags/example_task_group_decorator.py
[2026-09-24T18:11:18.640+0000] {processor.py:753} INFO - DAG(s) dict_keys(['example_task_group_decorator']) retrieved from /home/airflow/.local/lib/python3.7/site-packages/airflow/example_dags/example_task_group_decorator.py
[2026-09-24T18:11:18.678+0000] {logging_mixin.py:137} INFO - [2026-09-24T18:11:18.678+0000] {dag.py:2676} INFO - Sync 1 DAGs
[2026-09-24T18:11:18.703+0000] {logging_mixin.py:137} INFO - [2026-09-24T18:11:18.703+0000] {dag.py:3427} INFO - Setting next_dagrun for example_task_group_decorator to 2026-09-23T18:11:18.703127+00:00, run_after=2026-09-24T18:11:18.703127+00:00
[2026-09-24T18:11:18.726+0000] {processor.py:175} INFO - Processing /home/airflow/.local/lib/python3.7/site-packages/airflow/example_dags/example_task_group_decorator.py took 0.123 seconds
[2026-09-24T18:11:49.148+0000] {processor.py:153} INFO - Started process (PID=1084) to work on /home/airflow/.local/lib/python3.7/site-packages/airflow/example_dags/example_task_group_decorator.py
[2026-09-24T18:11:49.149+0000] {processor.py:743} INFO - Processing file /home/airflow/.local/lib/python3.7/site-packages/airflow/example_dags/example_task_group_decorator.py for tasks to queue
[2026-09-24T18:11:49.151+0000] {logging_mixin.py:137} INFO - [2026-09-24T18:11:49.151+0000] {dagbag.py:538} INFO - Filling up the DagBag from /home/airflow/.local/lib/python3.7/site-packages/airflow/example_dags/example_task_group_decorator.py
[2026-09-24T18:11:49.192+0000] {processor.py:753} INFO - DAG(s) dict_keys(['example_task_group_decorator']) retrieved from /home/airflow/.local/lib/python3.7/site-packages/airflow/example_dags/example_task_group_decorator.py
[2026-09-24T18:11:49.257+0000] {logging_mixin.py:137} INFO - [2026-09-24T18:11:49.257+0000] {dag.py:2676} INFO - Sync 1 DAGs
[2026-09-24T18:11:49.297+0000] {logging_mixin.py:137} INFO - [2026-09-24T18:11:49.297+0000] {dag.py:3427} INFO - Setting next_dagrun for example_task_group_decorator to 2026-09-23T18:11:49.297374+00:00, run_after=2026-09-24T18:11:49.297374+00:00
[2026-09-24T18:11:49.344+0000] {processor.py:175} INFO - Processing /home/airflow/.local/lib/python3.7/site-packages/airflow/example_dags/example_task_group_decorator.py took 0.200 seconds
[2026-09-24T18:12:19.558+0000] {processor.py:153} INFO - Started process (PID=1182) to work on /home/airflow/.local/lib/python3.7/site-packages/airflow/example_dags/example_task_group_decorator.py
[2026-09-24T18:12:19.560+0000] {processor.py:743} INFO - Processing file /home/airflow/.local/lib/python3.7/site-packages/airflow/example_dags/example_task_group_decorator.py for tasks to queue
[2026-09-24T18:12:19.561+0000] {logging_mixin.py:137} INFO - [2026-09-24T18:12:19.561+0000] {dagbag.py:538} INFO - Filling up the DagBag from /home/airflow/.local/lib/python3.7/site-packages/airflow/example_dags/example_task_group_decorator.py
[2026-09-24T18:12:19.603+0000] {processor.py:753} INFO - DAG(s) dict_keys(['example_task_group_decorator']) retrieved from /home/airflow/.local/lib/python3.7/site-packages/airflow/example_dags/example_task_group_decorator.py
[2026-09-24T18:12:19.667+0000] {logging_mixin.py:137} INFO - [2026-09-24T18:12:19.666+0000] {dag.py:2676} INFO - Sync 1 DAGs
[2026-09-24T18:12:19.725+0000] {logging_mixin.py:137} INFO - [2026-09-24T18:12:19.724+0000] {dag.py:3427} INFO - Setting next_dagrun for example_task_group_decorator to 2026-09-23T18:12:19.724453+00:00, run_after=2026-09-24T18:12:19.724453+00:00
[2026-09-24T18:12:19.765+0000] {processor.py:175} INFO - Processing /home/airflow/.local/lib/python3.7/site-packages/airflow/example_dags/example_task_group_decorator.py took 0.213 seconds
[2026-09-24T18:12:49.810+0000] {processor.py:153} INFO - Started process (PID=1260) to work on /home/airflow/.local/lib/python3.7/site-packages/airflow/example_dags/example_task_group_decorator.py
[2026-09-24T18:12:49.813+0000] {processor.py:743} INFO - Processing file /home/airflow/.local/lib/python3.7/site-packages/airflow/example_dags/example_task_group_decorator.py for tasks to queue
[2026-09-24T18:12:49.815+0000] {logging_mixin.py:137} INFO - [2026-09-24T18:12:49.814+0000] {dagbag.py:538} INFO - Filling up the DagBag from /home/airflow/.local/lib/python3.7/site-packages/airflow/example_dags/example_task_group_decorator.py
[2026-09-24T18:12:49.848+0000] {processor.py:753} INFO - DAG(s) dict_keys(['example_task_group_decorator']) retrieved from /home/airflow/.local/lib/python3.7/site-packages/airflow/example_dags/example_task_group_decorator.py
[2026-09-24T18:12:49.907+0000] {logging_mixin.py:137} INFO - [2026-09-24T18:12:49.906+0000] {dag.py:2676} INFO - Sync 1 DAGs
[2026-09-24T18:12:49.941+0000] {logging_mixin.py:137} INFO - [2026-09-24T18:12:49.941+0000] {dag.py:3427} INFO - Setting next_dagrun for example_task_group_decorator to 2026-09-23T18:12:49.941346+00:00, run_after=2026-09-24T18:12:49.941346+00:00
[2026-09-24T18:12:49.983+0000] {processor.py:175} INFO - Processing /home/airflow/.local/lib/python3.7/site-packages/airflow/example_dags/example_task_group_decorator.py took 0.176 seconds
[2026-09-24T18:13:20.562+0000] {processor.py:153} INFO - Started process (PID=1347) to work on /home/airflow/.local/lib/python3.7/site-packages/airflow/example_dags/example_task_group_decorator.py
[2026-09-24T18:13:20.563+0000] {processor.py:743} INFO - Processing file /home/airflow/.local/lib/python3.7/site-packages/airflow/example_dags/example_task_group_decorator.py for tasks to queue
[2026-09-24T18:13:20.565+0000] {logging_mixin.py:137} INFO - [2026-09-24T18:13:20.565+0000] {dagbag.py:538} INFO - Filling up the DagBag from /home/airflow/.local/lib/python3.7/site-packages/airflow/example_dags/example_task_group_decorator.py
[2026-09-24T18:13:20.640+0000] {processor.py:753} INFO - DAG(s) dict_keys(['example_task_group_decorator']) retrieved from /home/airflow/.local/lib/python3.7/site-packages/airflow/example_dags/example_task_group_decorator.py
[2026-09-24T18:13:20.735+0000] {logging_mixin.py:137} INFO - [2026-09-24T18:13:20.735+0000] {dag.py:2676} INFO - Sync 1 DAGs
[2026-09-24T18:13:20.790+0000] {logging_mixin.py:137} INFO - [2026-09-24T18:13:20.790+0000] {dag.py:3427} INFO - Setting next_dagrun for example_task_group_decorator to 2026-09-23T18:13:20.789790+00:00, run_after=2026-09-24T18:13:20.789790+00:00
[2026-09-24T18:13:20.844+0000] {processor.py:175} INFO - Processing /home/airflow/.local/lib/python3.7/site-packages/airflow/example_dags/example_task_group_decorator.py took 0.287 seconds
[2026-09-24T18:13:51.172+0000] {processor.py:153} INFO - Started process (PID=1437) to work on /home/airflow/.local/lib/python3.7/site-packages/airflow/example_dags/example_task_group_decorator.py
[2026-09-24T18:13:51.175+0000] {processor.py:743} INFO - Processing file /home/airflow/.local/lib/python3.7/site-packages/airflow/example_dags/example_task_group_decorator.py for tasks to queue
[2026-09-24T18:13:51.176+0000] {logging_mixin.py:137} INFO - [2026-09-24T18:13:51.176+0000] {dagbag.py:538} INFO - Filling up the DagBag from /home/airflow/.local/lib/python3.7/site-packages/airflow/example_dags/example_task_group_decorator.py
[2026-09-24T18:13:51.217+0000] {processor.py:753} INFO - DAG(s) dict_keys(['example_task_group_decorator']) retrieved from /home/airflow/.local/lib/python3.7/site-packages/airflow/example_dags/example_task_group_decorator.py
[2026-09-24T18:13:51.276+0000] {logging_mixin.py:137} INFO - [2026-09-24T18:13:51.276+0000] {dag.py:2676} INFO - Sync 1 DAGs
[2026-09-24T18:13:51.312+0000] {logging_mixin.py:137} INFO - [2026-09-24T18:13:51.311+0000] {dag.py:3427} INFO - Setting next_dagrun for example_task_group_decorator to 2026-09-23T18:13:51.311632+00:00, run_after=2026-09-24T18:13:51.311632+00:00
[2026-09-24T18:13:51.352+0000] {processor.py:175} INFO - Processing /home/airflow/.local/lib/python3.7/site-packages/airflow/example_dags/example_task_group_decorator.py took 0.184 seconds
