[2026-09-24T18:05:46.264+0000] {processor.py:153} INFO - Started process (PID=91) to work on /home/airflow/.local/lib/python3.7/site-packages/airflow/example_dags/example_latest_only_with_trigger.py
[2026-09-24T18:05:46.265+0000] {processor.py:743} INFO - Processing file /home/airflow/.local/lib/python3.7/site-packages/airflow/example_dags/example_latest_only_with_trigger.py for tasks to queue
[2026-09-24T18:05:46.265+0000] {logging_mixin.py:137} INFO - [2026-09-24T18:05:46.265+0000] {dagbag.py:538} INFO - Filling up the DagBag from /home/airflow/.local/lib/python3.7/site-packages/airflow/example_dags/example_latest_only_with_trigger.py
[2026-09-24T18:05:46.288+0000] {processor.py:753} INFO - DAG(s) dict_keys(['latest_only_with_trigger']) retrieved from /home/airflow/.local/lib/python3.7/site-packages/airflow/example_dags/example_latest_only_with_trigger.py
[2026-09-24T18:05:46.366+0000] {logging_mixin.py:137} INFO - [2026-09-24T18:05:46.365+0000] {dag.py:2676} INFO - Sync 1 DAGs
[2026-09-24T18:05:46.405+0000] {logging_mixin.py:137} INFO - [2026-09-24T18:05:46.404+0000] {dag.py:3427} INFO - Setting next_dagrun for latest_only_with_trigger to 2026-09-24T14:05:46.403901+00:00, run_after=2026-09-24T18:05:46.403901+00:00
[2026-09-24T18:05:46.441+0000] {processor.py:175} INFO - Processing /home/airflow/.local/lib/python3.7/site-packages/airflow/example_dags/example_latest_only_with_trigger.py took 0.184 seconds
[2026-09-24T18:06:16.920+0000] {processor.py:153} INFO - Started process (PID=169) to work on /home/airflow/.local/lib/python3.7/site-packages/airflow/example_dags/example_latest_only_with_trigger.py
[2026-09-24T18:06:16.926+0000] {processor.py:743} INFO - Processing file /home/airflow/.local/lib/python3.7/site-packages/airflow/example_dags/example_latest_only_with_trigger.py for tasks to queue
[2026-09-24T18:06:16.930+0000] {logging_mixin.py:137} INFO - [2026-09-24T18:06:16.929+0000] {dagbag.py:538} INFO - Filling up the DagBag from /home/airflow/.local/lib/python3.7/site-packages/airflow/example_dags/example_latest_only_with_trigger.py
[2026-09-24T18:06:16.964+0000] {processor.py:753} INFO - DAG(s) dict_keys(['latest_only_with_trigger']) retrieved from /home/airflow/.local/lib/python3.7/site-packages/airflow/example_dags/example_latest_only_with_trigger.py
[2026-09-24T18:06:17.019+0000] {logging_mixin.py:137} INFO - [2026-09-24T18:06:17.018+0000] {dag.py:2676} INFO - Sync 1 DAGs
[2026-09-24T18:06:17.053+0000] {logging_mixin.py:137} INFO - [2026-09-24T18:06:17.052+0000] {dag.py:3427} INFO - Setting next_dagrun for latest_only_with_trigger to 2026-09-24T14:06:17.052589+00:00, run_after=2026-09-24T18:06:17.052589+00:00
[2026-09-24T18:06:17.084+0000] {processor.py:175} INFO - Processing /home/airflow/.local/lib/python3.7/site-packages/airflow/example_dags/example_latest_only_with_trigger.py took 0.174 seconds
[2026-09-24T18:06:47.152+0000] {processor.py:153} INFO - Started process (PID=267) to work on /home/airflow/.local/lib/python3.7/site-packages/airflow/example_dags/example_latest_only_with_trigger.py
[2026-09-24T18:06:47.154+0000] {processor.py:743} INFO - Processing file /home/airflow/.local/lib/python3.7/site-packages/airflow/example_dags/example_latest_only_with_trigger.py for tasks to queue
[2026-09-24T18:06:47.155+0000] {logging_mixin.py:137} INFO - [2026-09-24T18:06:47.155+0000] {dagbag.py:538} INFO - Filling up the DagBag from /home/airflow/.local/lib/python3.7/site-packages/airflow/example_dags/example_latest_only_with_trigger.py
[2026-09-24T18:06:47.174+0000] {processor.py:753} INFO - DAG(s) dict_keys(['latest_only_with_trigger']) retrieved from /home/airflow/.local/lib/python3.7/site-packages/airflow/example_dags/example_latest_only_with_trigger.py
[2026-09-24T18:06:47.218+0000] {logging_mixin.py:137} INFO - [2026-09-24T18:06:47.218+0000] {dag.py:2676} INFO - Sync 1 DAGs
[2026-09-24T18:06:47.253+0000] {logging_mixin.py:137} INFO - [2026-09-24T18:06:47.252+0000] {dag.py:3427} INFO - Setting next_dagrun for latest_only_with_trigger to 2026-09-24T14:06:47.252385+00:00, run_after=2026-09-24T18:06:47.252385+00:00
[2026-09-24T18:06:47.284+0000] {processor.py:175} INFO - Processing /home/airflow/.local/lib/python3.7/site-packages/airflow/example_dags/example_latest_only_with_trigger.py took 0.135 seconds
[2026-09-24T18:07:17.428+0000] {processor.py:153} INFO - Started process (PID=345) to work on /home/airflow/.local/lib/python3.7/site-packages/airflow/example_dags/example_latest_only_with_trigger.py
[2026-09-24T18:07:17.428+0000] {processor.py:743} INFO - Processing file /home/airflow/.local/lib/python3.7/site-packages/airflow/example_dags/example_latest_only_with_trigger.py for tasks to queue
[2026-09-24T18:07:17.429+0000] {logging_mixin.py:137} INFO - [2026-09-24T18:07:17.429+0000] {dagbag.py:538} INFO - Filling up the DagBag from /home/airflow/.local/lib/python3.7/site-packages/airflow/example_dags/example_latest_only_with_trigger.py
[2026-09-24T18:07:17.443+0000] {processor.py:753} INFO - DAG(s) dict_keys(['latest_only_with_trigger']) retrieved from /home/airflow/.local/lib/python3.7/site-packages/airflow/example_dags/example_latest_only_with_trigger.py
[2026-09-24T18:07:17.486+0000] {logging_mixin.py:137} INFO - [2026-09-24T18:07:17.486+0000] {dag.py:2676} INFO - Sync 1 DAGs
[2026-09-24T18:07:17.516+0000] {logging_mixin.py:137} INFO - [2026-09-24T18:07:17.516+0000] {dag.py:3427} INFO - Setting next_dagrun for latest_only_with_trigger to 2026-09-24T14:07:17.516179+00:00, run_after=2026-09-24T18:07:17.516179+00:00
[2026-09-24T18:07:17.545+0000] {processor.py:175} INFO - Processing /home/airflow/.local/lib/python3.7/site-packages/airflow/example_dags/example_latest_only_with_trigger.py took 0.121 seconds
[2026-09-24T18:07:48.457+0000] {processor.py:153} INFO - Started process (PID=432) to work on /home/airflow/.local/lib/python3.7/site-packages/airflow/example_dags/example_latest_only_with_trigger.py
[2026-09-24T18:07:48.459+0000] {processor.py:743} INFO - Processing file /home/airflow/.local/lib/python3.7/site-packages/airflow/example_dags/example_latest_only_with_trigger.py for tasks to queue
[2026-09-24T18:07:48.461+0000] {logging_mixin.py:137} INFO - [2026-09-24T18:07:48.461+0000] {dagbag.py:538} INFO - Filling up the DagBag from /home/airflow/.local/lib/python3.7/site-packages/airflow/example_dags/example_latest_only_with_trigger.py
[2026-09-24T18:07:48.482+0000] {processor.py:753} INFO - DAG(s) dict_keys(['latest_only_with_trigger']) retrieved from /home/airflow/.local/lib/python3.7/site-packages/airflow/example_dags/example_latest_only_with_trigger.py
[2026-09-24T18:07:48.553+0000] {logging_mixin.py:137} INFO - [2026-09-24T18:07:48.553+0000] {dag.py:2676} INFO - Sync 1 DAGs
[2026-09-24T18:07:48.593+0000] {logging_mixin.py:137} INFO - [2026-09-24T18:07:48.593+0000] {dag.py:3427} INFO - Setting next_dagrun for latest_only_with_trigger to 2026-09-24T14:07:48.593011+00:00, run_after=2026-09-24T18:07:48.593011+00:00
[2026-09-24T18:07:48.632+0000] {processor.py:175} INFO - Processing /home/airflow/.local/lib/python3.7/site-packages/airflow/example_dags/example_latest_only_with_trigger.py took 0.178 seconds
[2026-09-24T18:08:19.426+0000] {processor.py:153} INFO - Started process (PID=521) to work on /home/airflow/.local/lib/python3.7/site-packages/airflow/example_dags/example_latest_only_with_trigger.py
[2026-09-24T18:08:19.427+0000] {processor.py:743} INFO - Processing file /home/airflow/.local/lib/python3.7/site-packages/airflow/example_dags/example_latest_only_with_trigger.py for tasks to queue
[2026-09-24T18:08:19.428+0000] {logging_mixin.py:137} INFO - [2026-09-24T18:08:19.428+0000] {dagbag.py:538} INFO - Filling up the DagBag from /home/airflow/.local/lib/python3.7/site-packages/airflow/example_dags/example_latest_only_with_trigger.py
[2026-09-24T18:08:19.443+0000] {processor.py:753} INFO - DAG(s) dict_keys(['latest_only_with_trigger']) retrieved from /home/airflow/.local/lib/python3.7/site-packages/airflow/example_dags/example_latest_only_with_trigger.py
[2026-09-24T18:08:19.487+0000] {logging_mixin.py:137} INFO - [2026-09-24T18:08:19.487+0000] {dag.py:2676} INFO - Sync 1 DAGs
[2026-09-24T18:08:19.519+0000] {logging_mixin.py:137} INFO - [2026-09-24T18:08:19.519+0000] {dag.py:3427} INFO - Setting next_dagrun for latest_only_with_trigger to 2026-09-24T14:08:19.519499+00:00, run_after=2026-09-24T18:08:19.519499+00:00
[2026-09-24T18:08:19.544+0000] {processor.py:175} INFO - Processing /home/airflow/.local/lib/python3.7/site-packages/airflow/example_dags/example_latest_only_with_trigger.py took 0.122 seconds
[2026-09-24T18:08:50.393+0000] {processor.py:153} INFO - Started process (PID=606) to work on /home/airflow/.local/lib/python3.7/site-packages/airflow/example_dags/example_latest_only_with_trigger.py
[2026-09-24T18:08:50.395+0000] {processor.py:743} INFO - Processing file /home/airflow/.local/lib/python3.7/site-packages/airflow/example_dags/example_latest_only_with_trigger.py for tasks to queue
[2026-09-24T18:08:50.397+0000] {logging_mixin.py:137} INFO - [2026-09-24T18:08:50.397+0000] {dagbag.py:538} INFO - Filling up the DagBag from /home/airflow/.local/lib/python3.7/site-packages/airflow/example_dags/example_latest_only_with_trigger.py
[2026-09-24T18:08:50.417+0000] {processor.py:753} INFO - DAG(s) dict_keys(['latest_only_with_trigger']) retrieved from /home/airflow/.local/lib/python3.7/site-packages/airflow/example_dags/example_latest_only_with_trigger.py
[2026-09-24T18:08:50.474+0000] {logging_mixin.py:137} INFO - [2026-09-24T18:08:50.474+0000] {dag.py:2676} INFO - Sync 1 DAGs
[2026-09-24T18:08:50.513+0000] {logging_mixin.py:137} INFO - [2026-09-24T18:08:50.513+0000] {dag.py:3427} INFO - Setting next_dagrun for latest_only_with_trigger to 2026-09-24T14:08:50.512629+00:00, run_after=2026-09-24T18:08:50.512629+00:00
[2026-09-24T18:08:50.551+0000] {processor.py:175} INFO - Processing /home/airflow/.local/lib/python3.7/site-packages/airflow/example_dags/example_latest_only_with_trigger.py took 0.164 seconds
[2026-09-24T18:09:21.456+0000] {processor.py:153} INFO - Started process (PID=697) to work on /home/airflow/.local/lib/python3.7/site-packages/airflow/example_dags/example_latest_only_with_trigger.py
[2026-09-24T18:09:21.457+0000] {processor.py:743} INFO - Processing file /home/airflow/.local/lib/python3.7/site-packages/airflow/example_dags/example_latest_only_with_trigger.py for tasks to queue
[2026-09-24T18:09:21.458+0000] {logging_mixin.py:137} INFO - [2026-09-24T18:09:21.458+0000] {dagbag.py:538} INFO - Filling up the DagBag from /home/airflow/.local/lib/python3.7/site-packages/airflow/example_dags/example_latest_only_with_trigger.py
[2026-09-24T18:09:21.478+0000] {processor.py:753} INFO - DAG(s) dict_keys(['latest_only_with_trigger']) retrieved from /home/airflow/.local/lib/python3.7/site-packages/airflow/example_dags/example_latest_only_with_trigger.py
[2026-09-24T18:09:21.553+0000] {logging_mixin.py:137} INFO - [2026-09-24T18:09:21.553+0000] {dag.py:2676} INFO - Sync 1 DAGs
[2026-09-24T18:09:21.598+0000] {logging_mixin.py:137} INFO - [2026-09-24T18:09:21.597+0000] {dag.py:3427} INFO - Setting next_dagrun for latest_only_with_trigger to 2026-09-24T14:09:21.597680+00:00, run_after=2026-09-24T18:09:21.597680+00:00
[2026-09-24T18:09:21.632+0000] {processor.py:175} INFO - Processing /home/airflow/.local/lib/python3.7/site-packages/airflow/example_dags/example_latest_only_with_trigger.py took 0.183 seconds
[2026-09-24T18:09:51.923+0000] {processor.py:153} INFO - Started process (PID=776) to work on /home/airflow/.local/lib/python3.7/site-packages/airflow/example_dags/example_latest_only_with_trigger.py
[2026-09-24T18:09:51.925+0000] {processor.py:743} INFO - Processing file /home/airflow/.local/lib/python3.7/site-packages/airflow/example_dags/example_latest_only_with_trigger.py for tasks to queue
[2026-09-24T18:09:51.926+0000] {logging_mixin.py:137} INFO - [2026-09-24T18:09:51.925+0000] {dagbag.py:538} INFO - Filling up the DagBag from /home/airflow/.local/lib/python3.7/site-packages/airflow/example_dags/example_latest_only_with_trigger.py
[2026-09-24T18:09:51.944+0000] {processor.py:753} INFO - DAG(s) dict_keys(['latest_only_with_trigger']) retrieved from /home/airflow/.local/lib/python3.7/site-packages/airflow/example_dags/example_latest_only_with_trigger.py
[2026-09-24T18:09:52.001+0000] {logging_mixin.py:137} INFO - [2026-09-24T18:09:52.000+0000] {dag.py:2676} INFO - Sync 1 DAGs
[2026-09-24T18:09:52.035+0000] {logging_mixin.py:137} INFO - [2026-09-24T18:09:52.035+0000] {dag.py:3427} INFO - Setting next_dagrun for latest_only_with_trigger to 2026-09-24T14:09:52.034772+00:00, run_after=2026-09-24T18:09:52.034772+00:00
[2026-09-24T18:09:52.071+0000] {processor.py:175} INFO - Processing /home/airflow/.local/lib/python3.7/site-packages/airflow/example_dags/example_latest_only_with_trigger.py took 0.151 seconds
[2026-09-24T18:10:22.713+0000] {processor.py:153} INFO - Started process (PID=863) to work on /home/airflow/.local/lib/python3.7/site-packages/airflow/example_dags/example_latest_only_with_trigger.py
[2026-09-24T18:10:22.714+0000] {processor.py:743} INFO - Processing file /home/airflow/.local/lib/python3.7/site-packages/airflow/example_dags/example_latest_only_with_trigger.py for tasks to queue
[2026-09-24T18:10:22.716+0000] {logging_mixin.py:137} INFO - [2026-09-24T18:10:22.716+0000] {dagbag.py:538} INFO - Filling up the DagBag from /home/airflow/.local/lib/python3.7/site-packages/airflow/example_dags/example_latest_only_with_trigger.py
[2026-09-24T18:10:22.743+0000] {processor.py:753} INFO - DAG(s) dict_keys(['latest_only_with_trigger']) retrieved from /home/airflow/.local/lib/python3.7/site-packages/airflow/example_dags/example_latest_only_with_trigger.py
[2026-09-24T18:10:22.804+0000] {logging_mixin.py:137} INFO - [2026-09-24T18:10:22.803+0000] {dag.py:2676} INFO - Sync 1 DAGs
[2026-09-24T18:10:22.837+0000] {logging_mixin.py:137} INFO - [2026-09-24T18:10:22.837+0000] {dag.py:3427} INFO - Setting next_dagrun for latest_only_with_trigger to 2026-09-24T14:10:22.837193+00:00, run_after=2026-09-24T18:10:22.837193+00:00
[2026-09-24T18:10:22.870+0000] {processor.py:175} INFO - Processing /home/airflow/.local/lib/python3.7/site-packages/airflow/example_dags/example_latest_only_with_trigger.py took 0.161 seconds
[2026-09-24T18:10:53.407+0000] {processor.py:153} INFO - Started process (PID=952) to work on /home/airflow/.local/lib/python3.7/site-packages/airflow/example_dags/example_latest_only_with_trigger.py
[2026-09-24T18:10:53.409+0000] {processor.py:743} INFO - Processing file /home/airflow/.local/lib/python3.7/site-packages/airflow/example_dags/example_latest_only_with_trigger.py for tasks to queue
[2026-09-24T18:10:53.409+0000] {logging_mixin.py:137} INFO - [2026-09-24T18:10:53.409+0000] {dagbag.py:538} INFO - Filling up the DagBag from /home/airflow/.local/lib/python3.7/site-packages/airflow/example_dags/example_latest_only_with_trigger.py
[2026-09-24T18:10:53.428+0000] {processor.py:753} INFO - DAG(s) dict_keys(['latest_only_with_trigger']) retrieved from /home/airflow/.local/lib/python3.7/site-packages/airflow/example_dags/example_latest_only_with_trigger.py
[2026-09-24T18:10:53.480+0000] {logging_mixin.py:137} INFO - [2026-09-24T18:10:53.480+0000] {dag.py:2676} INFO - Sync 1 DAGs
[2026-09-24T18:10:53.507+0000] {logging_mixin.py:137} INFO - [2026-09-24T18:10:53.507+0000] {dag.py:3427} INFO - Setting next_dagrun for latest_only_with_trigger to 2026-09-24T14:10:53.506576+00:00, run_after=2026-09-24T18:10:53.506576+00:00
[2026-09-24T18:10:53.529+0000] {processor.py:175} INFO - Processing /home/airflow/.local/lib/python3.7/site-packages/airflow/example_dags/example_latest_only_with_trigger.py took 0.125 seconds
[2026-09-24T18:11:23.719+0000] {processor.py:153} INFO - Started process (PID=1030) to work on /home/airflow/.local/lib/python3.7/site-packages/airflow/example_dags/example_latest_only_with_trigger.py
[2026-09-24T18:11:23.720+0000] {processor.py:743} INFO - Processing file /home/airflow/.local/lib/python3.7/site-packages/airflow/example_dags/example_latest_only_with_trigger.py for tasks to queue
[2026-09-24T18:11:23.721+0000] {logging_mixin.py:137} INFO - [2026-09-24T18:11:23.721+0000] {dagbag.py:538} INFO - Filling up the DagBag from /home/airflow/.local/lib/python3.7/site-packages/airflow/example_dags/example_latest_only_with_trigger.py
[2026-09-24T18:11:23.735+0000] {processor.py:753} INFO - DAG(s) dict_keys(['latest_only_with_trigger']) retrieved from /home/airflow/.local/lib/python3.7/site-packages/airflow/example_dags/example_latest_only_with_trigger.py
[2026-09-24T18:11:23.773+0000] {logging_mixin.py:137} INFO - [2026-09-24T18:11:23.773+0000] {dag.py:2676} INFO - Sync 1 DAGs
[2026-09-24T18:11:23.802+0000] {logging_mixin.py:137} INFO - [2026-09-24T18:11:23.802+0000] {dag.py:3427} INFO - Setting next_dagrun for latest_only_with_trigger to 2026-09-24T14:11:23.801854+00:00, run_after=2026-09-24T18:11:23.801854+00:00
[2026-09-24T18:11:23.825+0000] {processor.py:175} INFO - Processing /home/airflow/.local/lib/python3.7/site-packages/airflow/example_dags/example_latest_only_with_trigger.py took 0.110 seconds
[2026-09-24T18:11:54.676+0000] {processor.py:153} INFO - Started process (PID=1128) to work on /home/airflow/.local/lib/python3.7/site-packages/airflow/example_dags/example_latest_only_with_trigger.py
[2026-09-24T18:11:54.680+0000] {processor.py:743} INFO - Processing file /home/airflow/.local/lib/python3.7/site-packages/airflow/example_dags/example_latest_only_with_trigger.py for tasks to queue
[2026-09-24T18:11:54.684+0000] {logging_mixin.py:137} INFO - [2026-09-24T18:11:54.683+0000] {dagbag.py:538} INFO - Filling up the DagBag from /home/airflow/.local/lib/python3.7/site-packages/airflow/example_dags/example_latest_only_with_trigger.py
[2026-09-24T18:11:54.747+0000] {processor.py:753} INFO - DAG(s) dict_keys(['latest_only_with_trigger']) retrieved from /home/airflow/.local/lib/python3.7/site-packages/airflow/example_dags/example_latest_only_with_trigger.py
[2026-09-24T18:11:54.881+0000] {logging_mixin.py:137} INFO - [2026-09-24T18:11:54.880+0000] {dag.py:2676} INFO - Sync 1 DAGs
[2026-09-24T18:11:54.936+0000] {logging_mixin.py:137} INFO - [2026-09-24T18:11:54.936+0000] {dag.py:3427} INFO - Setting next_dagrun for latest_only_with_trigger to 2026-09-24T14:11:54.935903+00:00, run_after=2026-09-24T18:11:54.935903+00:00
[2026-09-24T18:11:54.983+0000] {processor.py:175} INFO - Processing /home/airflow/.local/lib/python3.7/site-packages/airflow/example_dags/example_latest_only_with_trigger.py took 0.313 seconds
[2026-09-24T18:12:25.217+0000] {processor.py:153} INFO - Started process (PID=1206) to work on /home/airflow/.local/lib/python3.7/site-packages/airflow/example_dags/example_latest_only_with_trigger.py
[2026-09-24T18:12:25.217+0000] {processor.py:743} INFO - Processing file /home/airflow/.local/lib/python3.7/site-packages/airflow/example_dags/example_latest_only_with_trigger.py for tasks to queue
[2026-09-24T18:12:25.218+0000] {logging_mixin.py:137} INFO - [2026-09-24T18:12:25.218+0000] {dagbag.py:538} INFO - Filling up the DagBag from /home/airflow/.local/lib/python3.7/site-packages/airflow/example_dags/example_latest_only_with_trigger.py
[2026-09-24T18:12:25.245+0000] {processor.py:753} INFO - DAG(s) dict_keys(['latest_only_with_trigger']) retrieved from /home/airflow/.local/lib/python3.7/site-packages/airflow/example_dags/example_latest_only_with_trigger.py
[2026-09-24T18:12:25.331+0000] {logging_mixin.py:137} INFO - [2026-09-24T18:12:25.329+0000] {dag.py:2676} INFO - Sync 1 DAGs
[2026-09-24T18:12:25.390+0000] {logging_mixin.py:137} INFO - [2026-09-24T18:12:25.389+0000] {dag.py:3427} INFO - Setting next_dagrun for latest_only_with_trigger to 2026-09-24T14:12:25.389454+00:00, run_after=2026-09-24T18:12:25.389454+00:00
[2026-09-24T18:12:25.431+0000] {processor.py:175} INFO - Processing /home/airflow/.local/lib/python3.7/site-packages/airflow/example_dags/example_latest_only_with_trigger.py took 0.220 seconds
[2026-09-24T18:12:55.740+0000] {processor.py:153} INFO - Started process (PID=1293) to work on /home/airflow/.local/lib/python3.7/site-packages/airflow/example_dags/example_latest_only_with_trigger.py
[2026-09-24T18:12:55.742+0000] {processor.py:743} INFO - Processing file /home/airflow/.local/lib/python3.7/site-packages/airflow/example_dags/example_latest_only_with_trigger.py for tasks to queue
[2026-09-24T18:12:55.744+0000] {logging_mixin.py:137} INFO - [2026-09-24T18:12:55.744+0000] {dagbag.py:538} INFO - Filling up the DagBag from /home/airflow/.local/lib/python3.7/site-packages/airflow/example_dags/example_latest_only_with_trigger.py
[2026-09-24T18:12:55.784+0000] {processor.py:753} INFO - DAG(s) dict_keys(['latest_only_with_trigger']) retrieved from /home/airflow/.local/lib/python3.7/site-packages/airflow/example_dags/example_latest_only_with_trigger.py
[2026-09-24T18:12:55.877+0000] {logging_mixin.py:137} INFO - [2026-09-24T18:12:55.877+0000] {dag.py:2676} INFO - Sync 1 DAGs
[2026-09-24T18:12:55.941+0000] {logging_mixin.py:137} INFO - [2026-09-24T18:12:55.940+0000] {dag.py:3427} INFO - Setting next_dagrun for latest_only_with_trigger to 2026-09-24T14:12:55.940241+00:00, run_after=2026-09-24T18:12:55.940241+00:00
[2026-09-24T18:12:55.998+0000] {processor.py:175} INFO - Processing /home/airflow/.local/lib/python3.7/site-packages/airflow/example_dags/example_latest_only_with_trigger.py took 0.267 seconds
[2026-09-24T18:13:26.382+0000] {processor.py:153} INFO - Started process (PID=1382) to work on /home/airflow/.local/lib/python3.7/site-packages/airflow/example_dags/example_latest_only_with_trigger.py
[2026-09-24T18:13:26.383+0000] {processor.py:743} INFO - Processing file /home/airflow/.local/lib/python3.7/site-packages/airflow/example_dags/example_latest_only_with_trigger.py for tasks to queue
[2026-09-24T18:13:26.384+0000] {logging_mixin.py:137} INFO - [2026-09-24T18:13:26.384+0000] {dagbag.py:538} INFO - Filling up the DagBag from /home/airflow/.local/lib/python3.7/site-packages/airflow/example_dags/example_latest_only_with_trigger.py
[2026-09-24T18:13:26.403+0000] {processor.py:753} INFO - DAG(s) dict_keys(['latest_only_with_trigger']) retrieved from /home/airflow/.local/lib/python3.7/site-packages/airflow/example_dags/example_latest_only_with_trigger.py
[2026-09-24T18:13:26.461+0000] {logging_mixin.py:137} INFO - [2026-09-24T18:13:26.461+0000] {dag.py:2676} INFO - Sync 1 DAGs
[2026-09-24T18:13:26.498+0000] {logging_mixin.py:137} INFO - [2026-09-24T18:13:26.497+0000] {dag.py:3427} INFO - Setting next_dagrun for latest_only_with_trigger to 2026-09-24T14:13:26.496966+00:00, run_after=2026-09-24T18:13:26.496966+00:00
[2026-09-24T18:13:26.567+0000] {processor.py:175} INFO - Processing /home/airflow/.local/lib/python3.7/site-packages/airflow/example_dags/example_latest_only_with_trigger.py took 0.190 seconds
[2026-09-24T18:13:57.052+0000] {processor.py:153} INFO - Started process (PID=1461) to work on /home/airflow/.local/lib/python3.7/site-packages/airflow/example_dags/example_latest_only_with_trigger.py
[2026-09-24T18:13:57.054+0000] {processor.py:743} INFO - Processing file /home/airflow/.local/lib/python3.7/site-packages/airflow/example_dags/example_latest_only_with_trigger.py for tasks to queue
[2026-09-24T18:13:57.056+0000] {logging_mixin.py:137} INFO - [2026-09-24T18:13:57.056+0000] {dagbag.py:538} INFO - Filling up the DagBag from /home/airflow/.local/lib/python3.7/site-packages/airflow/example_dags/example_latest_only_with_trigger.py
[2026-09-24T18:13:57.117+0000] {processor.py:753} INFO - DAG(s) dict_keys(['latest_only_with_trigger']) retrieved from /home/airflow/.local/lib/python3.7/site-packages/airflow/example_dags/example_latest_only_with_trigger.py
[2026-09-24T18:13:57.258+0000] {logging_mixin.py:137} INFO - [2026-09-24T18:13:57.258+0000] {dag.py:2676} INFO - Sync 1 DAGs
[2026-09-24T18:13:57.341+0000] {logging_mixin.py:137} INFO - [2026-09-24T18:13:57.340+0000] {dag.py:3427} INFO - Setting next_dagrun for latest_only_with_trigger to 2026-09-24T14:13:57.340515+00:00, run_after=2026-09-24T18:13:57.340515+00:00
[2026-09-24T18:13:57.430+0000] {processor.py:175} INFO - Processing /home/airflow/.local/lib/python3.7/site-packages/airflow/example_dags/example_latest_only_with_trigger.py took 0.391 seconds
