[2026-09-24T18:05:45.479+0000] {processor.py:153} INFO - Started process (PID=87) to work on /home/airflow/.local/lib/python3.7/site-packages/airflow/example_dags/example_time_delta_sensor_async.py
[2026-09-24T18:05:45.481+0000] {processor.py:743} INFO - Processing file /home/airflow/.local/lib/python3.7/site-packages/airflow/example_dags/example_time_delta_sensor_async.py for tasks to queue
[2026-09-24T18:05:45.482+0000] {logging_mixin.py:137} INFO - [2026-09-24T18:05:45.482+0000] {dagbag.py:538} INFO - Filling up the DagBag from /home/airflow/.local/lib/python3.7/site-packages/airflow/example_dags/example_time_delta_sensor_async.py
[2026-09-24T18:05:45.509+0000] {processor.py:753} INFO - DAG(s) dict_keys(['example_time_delta_sensor_async']) retrieved from /home/airflow/.local/lib/python3.7/site-packages/airflow/example_dags/example_time_delta_sensor_async.py
[2026-09-24T18:05:45.586+0000] {logging_mixin.py:137} INFO - [2026-09-24T18:05:45.586+0000] {dag.py:2676} INFO - Sync 1 DAGs
[2026-09-24T18:05:45.632+0000] {logging_mixin.py:137} INFO - [2026-09-24T18:05:45.632+0000] {dag.py:3427} INFO - Setting next_dagrun for example_time_delta_sensor_async to None, run_after=None
[2026-09-24T18:05:45.687+0000] {processor.py:175} INFO - Processing /home/airflow/.local/lib/python3.7/site-packages/airflow/example_dags/example_time_delta_sensor_async.py took 0.213 seconds
[2026-09-24T18:06:16.279+0000] {processor.py:153} INFO - Started process (PID=165) to work on /home/airflow/.local/lib/python3.7/site-packages/airflow/example_dags/example_time_delta_sensor_async.py
[2026-09-24T18:06:16.280+0000] {processor.py:743} INFO - Processing file /home/airflow/.local/lib/python3.7/site-packages/airflow/example_dags/example_time_delta_sensor_async.py for tasks to queue
[2026-09-24T18:06:16.281+0000] {logging_mixin.py:137} INFO - [2026-09-24T18:06:16.280+0000] {dagbag.py:538} INFO - Filling up the DagBag from /home/airflow/.local/lib/python3.7/site-packages/airflow/example_dags/example_time_delta_sensor_async.py
[2026-09-24T18:06:16.299+0000] {processor.py:753} INFO - DAG(s) dict_keys(['example_time_delta_sensor_async']) retrieved from /home/airflow/.local/lib/python3.7/site-packages/airflow/example_dags/example_time_delta_sensor_async.py
[2026-09-24T18:06:16.354+0000] {logging_mixin.py:137} INFO - [2026-09-24T18:06:16.354+0000] {dag.py:2676} INFO - Sync 1 DAGs
[2026-09-24T18:06:16.387+0000] {logging_mixin.py:137} INFO - [2026-09-24T18:06:16.386+0000] {dag.py:3427} INFO - Setting next_dagrun for example_time_delta_sensor_async to None, run_after=None
[2026-09-24T18:06:16.417+0000] {processor.py:175} INFO - Processing /home/airflow/.local/lib/python3.7/site-packages/airflow/example_dags/example_time_delta_sensor_async.py took 0.141 seconds
[2026-09-24T18:06:46.840+0000] {processor.py:153} INFO - Started process (PID=263) to work on /home/airflow/.local/lib/python3.7/site-packages/airflow/example_dags/example_time_delta_sensor_async.py
[2026-09-24T18:06:46.842+0000] {processor.py:743} INFO - Processing file /home/airflow/.local/lib/python3.7/site-packages/airflow/example_dags/example_time_delta_sensor_async.py for tasks to queue
[2026-09-24T18:06:46.843+0000] {logging_mixin.py:137} INFO - [2026-09-24T18:06:46.843+0000] {dagbag.py:538} INFO - Filling up the DagBag from /home/airflow/.local/lib/python3.7/site-packages/airflow/example_dags/example_time_delta_sensor_async.py
[2026-09-24T18:06:46.856+0000] {processor.py:753} INFO - DAG(s) dict_keys(['example_time_delta_sensor_async']) retrieved from /home/airflow/.local/lib/python3.7/site-packages/airflow/example_dags/example_time_delta_sensor_async.py
[2026-09-24T18:06:46.905+0000] {logging_mixin.py:137} INFO - [2026-09-24T18:06:46.904+0000] {dag.py:2676} INFO - Sync 1 DAGs
[2026-09-24T18:06:46.938+0000] {logging_mixin.py:137} INFO - [2026-09-24T18:06:46.938+0000] {dag.py:3427} INFO - Setting next_dagrun for example_time_delta_sensor_async to None, run_after=None
[2026-09-24T18:06:46.970+0000] {processor.py:175} INFO - Processing /home/airflow/.local/lib/python3.7/site-packages/airflow/example_dags/example_time_delta_sensor_async.py took 0.136 seconds
[2026-09-24T18:07:17.020+0000] {processor.py:153} INFO - Started process (PID=341) to work on /home/airflow/.local/lib/python3.7/site-packages/airflow/example_dags/example_time_delta_sensor_async.py
[2026-09-24T18:07:17.021+0000] {processor.py:743} INFO - Processing file /home/airflow/.local/lib/python3.7/site-packages/airflow/example_dags/example_time_delta_sensor_async.py for tasks to queue
[2026-09-24T18:07:17.021+0000] {logging_mixin.py:137} INFO - [2026-09-24T18:07:17.021+0000] {dagbag.py:538} INFO - Filling up the DagBag from /home/airflow/.local/lib/python3.7/site-packages/airflow/example_dags/example_time_delta_sensor_async.py
[2026-09-24T18:07:17.034+0000] {processor.py:753} INFO - DAG(s) dict_keys(['example_time_delta_sensor_async']) retrieved from /home/airflow/.local/lib/python3.7/site-packages/airflow/example_dags/example_time_delta_sensor_async.py
[2026-09-24T18:07:17.075+0000] {logging_mixin.py:137} INFO - [2026-09-24T18:07:17.074+0000] {dag.py:2676} INFO - Sync 1 DAGs
[2026-09-24T18:07:17.102+0000] {logging_mixin.py:137} INFO - [2026-09-24T18:07:17.102+0000] {dag.py:3427} INFO - Setting next_dagrun for example_time_delta_sensor_async to None, run_after=None
[2026-09-24T18:07:17.127+0000] {processor.py:175} INFO - Processing /home/airflow/.local/lib/python3.7/site-packages/airflow/example_dags/example_time_delta_sensor_async.py took 0.110 seconds
[2026-09-24T18:07:47.852+0000] {processor.py:153} INFO - Started process (PID=428) to work on /home/airflow/.local/lib/python3.7/site-packages/airflow/example_dags/example_time_delta_sensor_async.py
[2026-09-24T18:07:47.854+0000] {processor.py:743} INFO - Processing file /home/airflow/.local/lib/python3.7/site-packages/airflow/example_dags/example_time_delta_sensor_async.py for tasks to queue
[2026-09-24T18:07:47.855+0000] {logging_mixin.py:137} INFO - [2026-09-24T18:07:47.855+0000] {dagbag.py:538} INFO - Filling up the DagBag from /home/airflow/.local/lib/python3.7/site-packages/airflow/example_dags/example_time_delta_sensor_async.py
[2026-09-24T18:07:47.871+0000] {processor.py:753} INFO - DAG(s) dict_keys(['example_time_delta_sensor_async']) retrieved from /home/airflow/.local/lib/python3.7/site-packages/airflow/example_dags/example_time_delta_sensor_async.py
[2026-09-24T18:07:47.929+0000] {logging_mixin.py:137} INFO - [2026-09-24T18:07:47.929+0000] {dag.py:2676} INFO - Sync 1 DAGs
[2026-09-24T18:07:47.963+0000] {logging_mixin.py:137} INFO - [2026-09-24T18:07:47.963+0000] {dag.py:3427} INFO - Setting next_dagrun for example_time_delta_sensor_async to None, run_after=None
[2026-09-24T18:07:47.996+0000] {processor.py:175} INFO - Processing /home/airflow/.local/lib/python3.7/site-packages/airflow/example_dags/example_time_delta_sensor_async.py took 0.147 seconds
[2026-09-24T18:08:18.106+0000] {processor.py:153} INFO - Started process (PID=517) to work on /home/airflow/.local/lib/python3.7/site-packages/airflow/example_dags/example_time_delta_sensor_async.py
[2026-09-24T18:08:18.108+0000] {processor.py:743} INFO - Processing file /home/airflow/.local/lib/python3.7/site-packages/airflow/example_dags/example_time_delta_sensor_async.py for tasks to queue
[2026-09-24T18:08:18.109+0000] {logging_mixin.py:137} INFO - [2026-09-24T18:08:18.108+0000] {dagbag.py:538} INFO - Filling up the DagBag from /home/airflow/.local/lib/python3.7/site-packages/airflow/example_dags/example_time_delta_sensor_async.py
[2026-09-24T18:08:18.122+0000] {processor.py:753} INFO - DAG(s) dict_keys(['example_time_delta_sensor_async']) retrieved from /home/airflow/.local/lib/python3.7/site-packages/airflow/example_dags/example_time_delta_sensor_async.py
[2026-09-24T18:08:18.161+0000] {logging_mixin.py:137} INFO - [2026-09-24T18:08:18.161+0000] {dag.py:2676} INFO - Sync 1 DAGs
[2026-09-24T18:08:18.188+0000] {logging_mixin.py:137} INFO - [2026-09-24T18:08:18.187+0000] {dag.py:3427} INFO - Setting next_dagrun for example_time_delta_sensor_async to None, run_after=None
[2026-09-24T18:08:18.213+0000] {processor.py:175} INFO - Processing /home/airflow/.local/lib/python3.7/site-packages/airflow/example_dags/example_time_delta_sensor_async.py took 0.116 seconds
[2026-09-24T18:08:48.954+0000] {processor.py:153} INFO - Started process (PID=595) to work on /home/airflow/.local/lib/python3.7/site-packages/airflow/example_dags/example_time_delta_sensor_async.py
[2026-09-24T18:08:48.956+0000] {processor.py:743} INFO - Processing file /home/airflow/.local/lib/python3.7/site-packages/airflow/example_dags/example_time_delta_sensor_async.py for tasks to queue
[2026-09-24T18:08:48.957+0000] {logging_mixin.py:137} INFO - [2026-09-24T18:08:48.957+0000] {dagbag.py:538} INFO - Filling up the DagBag from /home/airflow/.local/lib/python3.7/site-packages/airflow/example_dags/example_time_delta_sensor_async.py
[2026-09-24T18:08:48.970+0000] {processor.py:753} INFO - DAG(s) dict_keys(['example_time_delta_sensor_async']) retrieved from /home/airflow/.local/lib/python3.7/site-packages/airflow/example_dags/example_time_delta_sensor_async.py
[2026-09-24T18:08:49.014+0000] {logging_mixin.py:137} INFO - [2026-09-24T18:08:49.014+0000] {dag.py:2676} INFO - Sync 1 DAGs
[2026-09-24T18:08:49.046+0000] {logging_mixin.py:137} INFO - [2026-09-24T18:08:49.046+0000] {dag.py:3427} INFO - Setting next_dagrun for example_time_delta_sensor_async to None, run_after=None
[2026-09-24T18:08:49.074+0000] {processor.py:175} INFO - Processing /home/airflow/.local/lib/python3.7/site-packages/airflow/example_dags/example_time_delta_sensor_async.py took 0.123 seconds
[2026-09-24T18:09:19.834+0000] {processor.py:153} INFO - Started process (PID=693) to work on /home/airflow/.local/lib/python3.7/site-packages/airflow/example_dags/example_time_delta_sensor_async.py
[2026-09-24T18:09:19.838+0000] {processor.py:743} INFO - Processing file /home/airflow/.local/lib/python3.7/site-packages/airflow/example_dags/example_time_delta_sensor_async.py for tasks to queue
[2026-09-24T18:09:19.842+0000] {logging_mixin.py:137} INFO - [2026-09-24T18:09:19.841+0000] {dagbag.py:538} INFO - Filling up the DagBag from /home/airflow/.local/lib/python3.7/site-packages/airflow/example_dags/example_time_delta_sensor_async.py
[2026-09-24T18:09:19.879+0000] {processor.py:753} INFO - DAG(s) dict_keys(['example_time_delta_sensor_async']) retrieved from /home/airflow/.local/lib/python3.7/site-packages/airflow/example_dags/example_time_delta_sensor_async.py
[2026-09-24T18:09:19.980+0000] {logging_mixin.py:137} INFO - [2026-09-24T18:09:19.980+0000] {dag.py:2676} INFO - Sync 1 DAGs
[2026-09-24T18:09:20.035+0000] {logging_mixin.py:137} INFO - [2026-09-24T18:09:20.034+0000] {dag.py:3427} INFO - Setting next_dagrun for example_time_delta_sensor_async to None, run_after=None
[2026-09-24T18:09:20.092+0000] {processor.py:175} INFO - Processing /home/airflow/.local/lib/python3.7/site-packages/airflow/example_dags/example_time_delta_sensor_async.py took 0.274 seconds
[2026-09-24T18:09:51.435+0000] {processor.py:153} INFO - Started process (PID=772) to work on /home/airflow/.local/lib/python3.7/site-packages/airflow/example_dags/example_time_delta_sensor_async.py
[2026-09-24T18:09:51.438+0000] {processor.py:743} INFO - Processing file /home/airflow/.local/lib/python3.7/site-packages/airflow/example_dags/example_time_delta_sensor_async.py for tasks to queue
[2026-09-24T18:09:51.439+0000] {logging_mixin.py:137} INFO - [2026-09-24T18:09:51.439+0000] {dagbag.py:538} INFO - Filling up the DagBag from /home/airflow/.local/lib/python3.7/site-packages/airflow/example_dags/example_time_delta_sensor_async.py
[2026-09-24T18:09:51.461+0000] {processor.py:753} INFO - DAG(s) dict_keys(['example_time_delta_sensor_async']) retrieved from /home/airflow/.local/lib/python3.7/site-packages/airflow/example_dags/example_time_delta_sensor_async.py
[2026-09-24T18:09:51.526+0000] {logging_mixin.py:137} INFO - [2026-09-24T18:09:51.526+0000] {dag.py:2676} INFO - Sync 1 DAGs
[2026-09-24T18:09:51.567+0000] {logging_mixin.py:137} INFO - [2026-09-24T18:09:51.567+0000] {dag.py:3427} INFO - Setting next_dagrun for example_time_delta_sensor_async to None, run_after=None
[2026-09-24T18:09:51.615+0000] {processor.py:175} INFO - Processing /home/airflow/.local/lib/python3.7/site-packages/airflow/example_dags/example_time_delta_sensor_async.py took 0.187 seconds
[2026-09-24T18:10:22.289+0000] {processor.py:153} INFO - Started process (PID=859) to work on /home/airflow/.local/lib/python3.7/site-packages/airflow/example_dags/example_time_delta_sensor_async.py
[2026-09-24T18:10:22.290+0000] {processor.py:743} INFO - Processing file /home/airflow/.local/lib/python3.7/site-packages/airflow/example_dags/example_time_delta_sensor_async.py for tasks to queue
[2026-09-24T18:10:22.291+0000] {logging_mixin.py:137} INFO - [2026-09-24T18:10:22.290+0000] {dagbag.py:538} INFO - Filling up the DagBag from /home/airflow/.local/lib/python3.7/site-packages/airflow/example_dags/example_time_delta_sensor_async.py
[2026-09-24T18:10:22.304+0000] {processor.py:753} INFO - DAG(s) dict_keys(['example_time_delta_sensor_async']) retrieved from /home/airflow/.local/lib/python3.7/site-packages/airflow/example_dags/example_time_delta_sensor_async.py
[2026-09-24T18:10:22.360+0000] {logging_mixin.py:137} INFO - [2026-09-24T18:10:22.360+0000] {dag.py:2676} INFO - Sync 1 DAGs
[2026-09-24T18:10:22.400+0000] {logging_mixin.py:137} INFO - [2026-09-24T18:10:22.400+0000] {dag.py:3427} INFO - Setting next_dagrun for example_time_delta_sensor_async to None, run_after=None
[2026-09-24T18:10:22.439+0000] {processor.py:175} INFO - Processing /home/airflow/.local/lib/python3.7/site-packages/airflow/example_dags/example_time_delta_sensor_async.py took 0.155 seconds
[2026-09-24T18:10:53.123+0000] {processor.py:153} INFO - Started process (PID=948) to work on /home/airflow/.local/lib/python3.7/site-packages/airflow/example_dags/example_time_delta_sensor_async.py
[2026-09-24T18:10:53.125+0000] {processor.py:743} INFO - Processing file /home/airflow/.local/lib/python3.7/site-packages/airflow/example_dags/example_time_delta_sensor_async.py for tasks to queue
[2026-09-24T18:10:53.125+0000] {logging_mixin.py:137} INFO - [2026-09-24T18:10:53.125+0000] {dagbag.py:538} INFO - Filling up the DagBag from /home/airflow/.local/lib/python3.7/site-packages/airflow/example_dags/example_time_delta_sensor_async.py
[2026-09-24T18:10:53.139+0000] {processor.py:753} INFO - DAG(s) dict_keys(['example_time_delta_sensor_async']) retrieved from /home/airflow/.local/lib/python3.7/site-packages/airflow/example_dags/example_time_delta_sensor_async.py
[2026-09-24T18:10:53.183+0000] {logging_mixin.py:137} INFO - [2026-09-24T18:10:53.182+0000] {dag.py:2676} INFO - Sync 1 DAGs
[2026-09-24T18:10:53.216+0000] {logging_mixin.py:137} INFO - [2026-09-24T18:10:53.216+0000] {dag.py:3427} INFO - Setting next_dagrun for example_time_delta_sensor_async to None, run_after=None
[2026-09-24T18:10:53.240+0000] {processor.py:175} INFO - Processing /home/airflow/.local/lib/python3.7/site-packages/airflow/example_dags/example_time_delta_sensor_async.py took 0.121 seconds
[2026-09-24T18:11:23.371+0000] {processor.py:153} INFO - Started process (PID=1026) to work on /home/airflow/.local/lib/python3.7/site-packages/airflow/example_dags/example_time_delta_sensor_async.py
[2026-09-24T18:11:23.372+0000] {processor.py:743} INFO - Processing file /home/airflow/.local/lib/python3.7/site-packages/airflow/example_dags/example_time_delta_sensor_async.py for tasks to queue
[2026-09-24T18:11:23.372+0000] {logging_mixin.py:137} INFO - [2026-09-24T18:11:23.372+0000] {dagbag.py:538} INFO - Filling up the DagBag from /home/airflow/.local/lib/python3.7/site-packages/airflow/example_dags/example_time_delta_sensor_async.py
[2026-09-24T18:11:23.388+0000] {processor.py:753} INFO - DAG(s) dict_keys(['example_time_delta_sensor_async']) retrieved from /home/airflow/.local/lib/python3.7/site-packages/airflow/example_dags/example_time_delta_sensor_async.py
[2026-09-24T18:11:23.443+0000] {logging_mixin.py:137} INFO - [2026-09-24T18:11:23.443+0000] {dag.py:2676} INFO - Sync 1 DAGs
[2026-09-24T18:11:23.472+0000] {logging_mixin.py:137} INFO - [2026-09-24T18:11:23.472+0000] {dag.py:3427} INFO - Setting next_dagrun for example_time_delta_sensor_async to None, run_after=None
[2026-09-24T18:11:23.506+0000] {processor.py:175} INFO - Processing /home/airflow/.local/lib/python3.7/site-packages/airflow/example_dags/example_time_delta_sensor_async.py took 0.139 seconds
[2026-09-24T18:11:54.127+0000] {processor.py:153} INFO - Started process (PID=1124) to work on /home/airflow/.local/lib/python3.7/site-packages/airflow/example_dags/example_time_delta_sensor_async.py
[2026-09-24T18:11:54.130+0000] {processor.py:743} INFO - Processing file /home/airflow/.local/lib/python3.7/site-packages/airflow/example_dags/example_time_delta_sensor_async.py for tasks to queue
[2026-09-24T18:11:54.132+0000] {logging_mixin.py:137} INFO - [2026-09-24T18:11:54.132+0000] {dagbag.py:538} INFO - Filling up the DagBag from /home/airflow/.local/lib/python3.7/site-packages/airflow/example_dags/example_time_delta_sensor_async.py
[2026-09-24T18:11:54.158+0000] {processor.py:753} INFO - DAG(s) dict_keys(['example_time_delta_sensor_async']) retrieved from /home/airflow/.local/lib/python3.7/site-packages/airflow/example_dags/example_time_delta_sensor_async.py
[2026-09-24T18:11:54.229+0000] {logging_mixin.py:137} INFO - [2026-09-24T18:11:54.228+0000] {dag.py:2676} INFO - Sync 1 DAGs
[2026-09-24T18:11:54.287+0000] {logging_mixin.py:137} INFO - [2026-09-24T18:11:54.287+0000] {dag.py:3427} INFO - Setting next_dagrun for example_time_delta_sensor_async to None, run_after=None
[2026-09-24T18:11:54.333+0000] {processor.py:175} INFO - Processing /home/airflow/.local/lib/python3.7/site-packages/airflow/example_dags/example_time_delta_sensor_async.py took 0.212 seconds
[2026-09-24T18:12:24.812+0000] {processor.py:153} INFO - Started process (PID=1202) to work on /home/airflow/.local/lib/python3.7/site-packages/airflow/example_dags/example_time_delta_sensor_async.py
[2026-09-24T18:12:24.813+0000] {processor.py:743} INFO - Processing file /home/airflow/.local/lib/python3.7/site-packages/airflow/example_dags/example_time_delta_sensor_async.py for tasks to queue
[2026-09-24T18:12:24.814+0000] {logging_mixin.py:137} INFO - [2026-09-24T18:12:24.814+0000] {dagbag.py:538} INFO - Filling up the DagBag from /home/airflow/.local/lib/python3.7/site-packages/airflow/example_dags/example_time_delta_sensor_async.py
[2026-09-24T18:12:24.832+0000] {processor.py:753} INFO - DAG(s) dict_keys(['example_time_delta_sensor_async']) retrieved from /home/airflow/.local/lib/python3.7/site-packages/airflow/example_dags/example_time_delta_sensor_async.py
[2026-09-24T18:12:24.883+0000] {logging_mixin.py:137} INFO - [2026-09-24T18:12:24.883+0000] {dag.py:2676} INFO - Sync 1 DAGs
[2026-09-24T18:12:24.927+0000] {logging_mixin.py:137} INFO - [2026-09-24T18:12:24.926+0000] {dag.py:3427} INFO - Setting next_dagrun for example_time_delta_sensor_async to None, run_after=None
[2026-09-24T18:12:24.958+0000] {processor.py:175} INFO - Processing /home/airflow/.local/lib/python3.7/site-packages/airflow/example_dags/example_time_delta_sensor_async.py took 0.150 seconds
[2026-09-24T18:12:55.234+0000] {processor.py:153} INFO - Started process (PID=1289) to work on /home/airflow/.local/lib/python3.7/site-packages/airflow/example_dags/example_time_delta_sensor_async.py
[2026-09-24T18:12:55.236+0000] {processor.py:743} INFO - Processing file /home/airflow/.local/lib/python3.7/site-packages/airflow/example_dags/example_time_delta_sensor_async.py for tasks to queue
[2026-09-24T18:12:55.237+0000] {logging_mixin.py:137} INFO - [2026-09-24T18:12:55.236+0000] {dagbag.py:538} INFO - Filling up the DagBag from /home/airflow/.local/lib/python3.7/site-packages/airflow/example_dags/example_time_delta_sensor_async.py
[2026-09-24T18:12:55.254+0000] {processor.py:753} INFO - DAG(s) dict_keys(['example_time_delta_sensor_async']) retrieved from /home/airflow/.local/lib/python3.7/site-packages/airflow/example_dags/example_time_delta_sensor_async.py
[2026-09-24T18:12:55.317+0000] {logging_mixin.py:137} INFO - [2026-09-24T18:12:55.317+0000] {dag.py:2676} INFO - Sync 1 DAGs
[2026-09-24T18:12:55.354+0000] {logging_mixin.py:137} INFO - [2026-09-24T18:12:55.353+0000] {dag.py:3427} INFO - Setting next_dagrun for example_time_delta_sensor_async to None, run_after=None
[2026-09-24T18:12:55.403+0000] {processor.py:175} INFO - Processing /home/airflow/.local/lib/python3.7/site-packages/airflow/example_dags/example_time_delta_sensor_async.py took 0.171 seconds
[2026-09-24T18:13:25.972+0000] {processor.py:153} INFO - Started process (PID=1378) to work on /home/airflow/.local/lib/python3.7/site-packages/airflow/example_dags/example_time_delta_sensor_async.py
[2026-09-24T18:13:25.973+0000] {processor.py:743} INFO - Processing file /home/airflow/.local/lib/python3.7/site-packages/airflow/example_dags/example_time_delta_sensor_async.py for tasks to queue
[2026-09-24T18:13:25.973+0000] {logging_mixin.py:137} INFO - [2026-09-24T18:13:25.973+0000] {dagbag.py:538} INFO - Filling up the DagBag from /home/airflow/.local/lib/python3.7/site-packages/airflow/example_dags/example_time_delta_sensor_async.py
[2026-09-24T18:13:25.990+0000] {processor.py:753} INFO - DAG(s) dict_keys(['example_time_delta_sensor_async']) retrieved from /home/airflow/.local/lib/python3.7/site-packages/airflow/example_dags/example_time_delta_sensor_async.py
[2026-09-24T18:13:26.049+0000] {logging_mixin.py:137} INFO - [2026-09-24T18:13:26.049+0000] {dag.py:2676} INFO - Sync 1 DAGs
[2026-09-24T18:13:26.085+0000] {logging_mixin.py:137} INFO - [2026-09-24T18:13:26.085+0000] {dag.py:3427} INFO - Setting next_dagrun for example_time_delta_sensor_async to None, run_after=None
[2026-09-24T18:13:26.126+0000] {processor.py:175} INFO - Processing /home/airflow/.local/lib/python3.7/site-packages/airflow/example_dags/example_time_delta_sensor_async.py took 0.158 seconds
[2026-09-24T18:13:56.381+0000] {processor.py:153} INFO - Started process (PID=1457) to work on /home/airflow/.local/lib/python3.7/site-packages/airflow/example_dags/example_time_delta_sensor_async.py
[2026-09-24T18:13:56.382+0000] {processor.py:743} INFO - Processing file /home/airflow/.local/lib/python3.7/site-packages/airflow/example_dags/example_time_delta_sensor_async.py for tasks to queue
[2026-09-24T18:13:56.384+0000] {logging_mixin.py:137} INFO - [2026-09-24T18:13:56.384+0000] {dagbag.py:538} INFO - Filling up the DagBag from /home/airflow/.local/lib/python3.7/site-packages/airflow/example_dags/example_time_delta_sensor_async.py
[2026-09-24T18:13:56.404+0000] {processor.py:753} INFO - DAG(s) dict_keys(['example_time_delta_sensor_async']) retrieved from /home/airflow/.local/lib/python3.7/site-packages/airflow/example_dags/example_time_delta_sensor_async.py
[2026-09-24T18:13:56.467+0000] {logging_mixin.py:137} INFO - [2026-09-24T18:13:56.467+0000] {dag.py:2676} INFO - Sync 1 DAGs
[2026-09-24T18:13:56.523+0000] {logging_mixin.py:137} INFO - [2026-09-24T18:13:56.522+0000] {dag.py:3427} INFO - Setting next_dagrun for example_time_delta_sensor_async to None, run_after=None
[2026-09-24T18:13:56.578+0000] {processor.py:175} INFO - Processing /home/airflow/.local/lib/python3.7/site-packages/airflow/example_dags/example_time_delta_sensor_async.py took 0.201 seconds
