[2026-09-24T18:05:41.522+0000] {processor.py:153} INFO - Started process (PID=62) to work on /home/airflow/.local/lib/python3.7/site-packages/airflow/example_dags/example_short_circuit_decorator.py
[2026-09-24T18:05:41.524+0000] {processor.py:743} INFO - Processing file /home/airflow/.local/lib/python3.7/site-packages/airflow/example_dags/example_short_circuit_decorator.py for tasks to queue
[2026-09-24T18:05:41.525+0000] {logging_mixin.py:137} INFO - [2026-09-24T18:05:41.525+0000] {dagbag.py:538} INFO - Filling up the DagBag from /home/airflow/.local/lib/python3.7/site-packages/airflow/example_dags/example_short_circuit_decorator.py
[2026-09-24T18:05:41.599+0000] {processor.py:753} INFO - DAG(s) dict_keys(['example_short_circuit_decorator']) retrieved from /home/airflow/.local/lib/python3.7/site-packages/airflow/example_dags/example_short_circuit_decorator.py
[2026-09-24T18:05:41.690+0000] {logging_mixin.py:137} INFO - [2026-09-24T18:05:41.689+0000] {dag.py:2676} INFO - Sync 1 DAGs
[2026-09-24T18:05:41.738+0000] {logging_mixin.py:137} INFO - [2026-09-24T18:05:41.738+0000] {dag.py:3427} INFO - Setting next_dagrun for example_short_circuit_decorator to 2026-09-23T18:05:41.737449+00:00, run_after=2026-09-24T18:05:41.737449+00:00
[2026-09-24T18:05:41.775+0000] {processor.py:175} INFO - Processing /home/airflow/.local/lib/python3.7/site-packages/airflow/example_dags/example_short_circuit_decorator.py took 0.262 seconds
[2026-09-24T18:06:12.356+0000] {processor.py:153} INFO - Started process (PID=140) to work on /home/airflow/.local/lib/python3.7/site-packages/airflow/example_dags/example_short_circuit_decorator.py
[2026-09-24T18:06:12.359+0000] {processor.py:743} INFO - Processing file /home/airflow/.local/lib/python3.7/site-packages/airflow/example_dags/example_short_circuit_decorator.py for tasks to queue
[2026-09-24T18:06:12.362+0000] {logging_mixin.py:137} INFO - [2026-09-24T18:06:12.361+0000] {dagbag.py:538} INFO - Filling up the DagBag from /home/airflow/.local/lib/python3.7/site-packages/airflow/example_dags/example_short_circuit_decorator.py
[2026-09-24T18:06:12.464+0000] {processor.py:753} INFO - DAG(s) dict_keys(['example_short_circuit_decorator']) retrieved from /home/airflow/.local/lib/python3.7/site-packages/airflow/example_dags/example_short_circuit_decorator.py
[2026-09-24T18:06:12.618+0000] {logging_mixin.py:137} INFO - [2026-09-24T18:06:12.618+0000] {dag.py:2676} INFO - Sync 1 DAGs
[2026-09-24T18:06:12.744+0000] {logging_mixin.py:137} INFO - [2026-09-24T18:06:12.743+0000] {dag.py:3427} INFO - Setting next_dagrun for example_short_circuit_decorator to 2026-09-23T18:06:12.743093+00:00, run_after=2026-09-24T18:06:12.743093+00:00
[2026-09-24T18:06:12.802+0000] {processor.py:175} INFO - Processing /home/airflow/.local/lib/python3.7/site-packages/airflow/example_dags/example_short_circuit_decorator.py took 0.456 seconds
[2026-09-24T18:06:43.111+0000] {processor.py:153} INFO - Started process (PID=218) to work on /home/airflow/.local/lib/python3.7/site-packages/airflow/example_dags/example_short_circuit_decorator.py
[2026-09-24T18:06:43.116+0000] {processor.py:743} INFO - Processing file /home/airflow/.local/lib/python3.7/site-packages/airflow/example_dags/example_short_circuit_decorator.py for tasks to queue
[2026-09-24T18:06:43.119+0000] {logging_mixin.py:137} INFO - [2026-09-24T18:06:43.119+0000] {dagbag.py:538} INFO - Filling up the DagBag from /home/airflow/.local/lib/python3.7/site-packages/airflow/example_dags/example_short_circuit_decorator.py
[2026-09-24T18:06:43.164+0000] {processor.py:753} INFO - DAG(s) dict_keys(['example_short_circuit_decorator']) retrieved from /home/airflow/.local/lib/python3.7/site-packages/airflow/example_dags/example_short_circuit_decorator.py
[2026-09-24T18:06:43.213+0000] {logging_mixin.py:137} INFO - [2026-09-24T18:06:43.213+0000] {dag.py:2676} INFO - Sync 1 DAGs
[2026-09-24T18:06:43.252+0000] {logging_mixin.py:137} INFO - [2026-09-24T18:06:43.252+0000] {dag.py:3427} INFO - Setting next_dagrun for example_short_circuit_decorator to 2026-09-23T18:06:43.251653+00:00, run_after=2026-09-24T18:06:43.251653+00:00
[2026-09-24T18:06:43.280+0000] {processor.py:175} INFO - Processing /home/airflow/.local/lib/python3.7/site-packages/airflow/example_dags/example_short_circuit_decorator.py took 0.187 seconds
[2026-09-24T18:07:14.094+0000] {processor.py:153} INFO - Started process (PID=316) to work on /home/airflow/.local/lib/python3.7/site-packages/airflow/example_dags/example_short_circuit_decorator.py
[2026-09-24T18:07:14.095+0000] {processor.py:743} INFO - Processing file /home/airflow/.local/lib/python3.7/site-packages/airflow/example_dags/example_short_circuit_decorator.py for tasks to queue
[2026-09-24T18:07:14.096+0000] {logging_mixin.py:137} INFO - [2026-09-24T18:07:14.095+0000] {dagbag.py:538} INFO - Filling up the DagBag from /home/airflow/.local/lib/python3.7/site-packages/airflow/example_dags/example_short_circuit_decorator.py
[2026-09-24T18:07:14.130+0000] {processor.py:753} INFO - DAG(s) dict_keys(['example_short_circuit_decorator']) retrieved from /home/airflow/.local/lib/python3.7/site-packages/airflow/example_dags/example_short_circuit_decorator.py
[2026-09-24T18:07:14.182+0000] {logging_mixin.py:137} INFO - [2026-09-24T18:07:14.182+0000] {dag.py:2676} INFO - Sync 1 DAGs
[2026-09-24T18:07:14.217+0000] {logging_mixin.py:137} INFO - [2026-09-24T18:07:14.217+0000] {dag.py:3427} INFO - Setting next_dagrun for example_short_circuit_decorator to 2026-09-23T18:07:14.217106+00:00, run_after=2026-09-24T18:07:14.217106+00:00
[2026-09-24T18:07:14.240+0000] {processor.py:175} INFO - Processing /home/airflow/.local/lib/python3.7/site-packages/airflow/example_dags/example_short_circuit_decorator.py took 0.150 seconds
[2026-09-24T18:07:44.261+0000] {processor.py:153} INFO - Started process (PID=394) to work on /home/airflow/.local/lib/python3.7/site-packages/airflow/example_dags/example_short_circuit_decorator.py
[2026-09-24T18:07:44.263+0000] {processor.py:743} INFO - Processing file /home/airflow/.local/lib/python3.7/site-packages/airflow/example_dags/example_short_circuit_decorator.py for tasks to queue
[2026-09-24T18:07:44.264+0000] {logging_mixin.py:137} INFO - [2026-09-24T18:07:44.264+0000] {dagbag.py:538} INFO - Filling up the DagBag from /home/airflow/.local/lib/python3.7/site-packages/airflow/example_dags/example_short_circuit_decorator.py
[2026-09-24T18:07:44.291+0000] {processor.py:753} INFO - DAG(s) dict_keys(['example_short_circuit_decorator']) retrieved from /home/airflow/.local/lib/python3.7/site-packages/airflow/example_dags/example_short_circuit_decorator.py
[2026-09-24T18:07:44.335+0000] {logging_mixin.py:137} INFO - [2026-09-24T18:07:44.334+0000] {dag.py:2676} INFO - Sync 1 DAGs
[2026-09-24T18:07:44.365+0000] {logging_mixin.py:137} INFO - [2026-09-24T18:07:44.365+0000] {dag.py:3427} INFO - Setting next_dagrun for example_short_circuit_decorator to 2026-09-23T18:07:44.365175+00:00, run_after=2026-09-24T18:07:44.365175+00:00
[2026-09-24T18:07:44.395+0000] {processor.py:175} INFO - Processing /home/airflow/.local/lib/python3.7/site-packages/airflow/example_dags/example_short_circuit_decorator.py took 0.138 seconds
[2026-09-24T18:08:14.665+0000] {processor.py:153} INFO - Started process (PID=492) to work on /home/airflow/.local/lib/python3.7/site-packages/airflow/example_dags/example_short_circuit_decorator.py
[2026-09-24T18:08:14.667+0000] {processor.py:743} INFO - Processing file /home/airflow/.local/lib/python3.7/site-packages/airflow/example_dags/example_short_circuit_decorator.py for tasks to queue
[2026-09-24T18:08:14.669+0000] {logging_mixin.py:137} INFO - [2026-09-24T18:08:14.669+0000] {dagbag.py:538} INFO - Filling up the DagBag from /home/airflow/.local/lib/python3.7/site-packages/airflow/example_dags/example_short_circuit_decorator.py
[2026-09-24T18:08:14.725+0000] {processor.py:753} INFO - DAG(s) dict_keys(['example_short_circuit_decorator']) retrieved from /home/airflow/.local/lib/python3.7/site-packages/airflow/example_dags/example_short_circuit_decorator.py
[2026-09-24T18:08:14.780+0000] {logging_mixin.py:137} INFO - [2026-09-24T18:08:14.779+0000] {dag.py:2676} INFO - Sync 1 DAGs
[2026-09-24T18:08:14.817+0000] {logging_mixin.py:137} INFO - [2026-09-24T18:08:14.817+0000] {dag.py:3427} INFO - Setting next_dagrun for example_short_circuit_decorator to 2026-09-23T18:08:14.816538+00:00, run_after=2026-09-24T18:08:14.816538+00:00
[2026-09-24T18:08:14.845+0000] {processor.py:175} INFO - Processing /home/airflow/.local/lib/python3.7/site-packages/airflow/example_dags/example_short_circuit_decorator.py took 0.193 seconds
[2026-09-24T18:08:45.358+0000] {processor.py:153} INFO - Started process (PID=570) to work on /home/airflow/.local/lib/python3.7/site-packages/airflow/example_dags/example_short_circuit_decorator.py
[2026-09-24T18:08:45.361+0000] {processor.py:743} INFO - Processing file /home/airflow/.local/lib/python3.7/site-packages/airflow/example_dags/example_short_circuit_decorator.py for tasks to queue
[2026-09-24T18:08:45.363+0000] {logging_mixin.py:137} INFO - [2026-09-24T18:08:45.363+0000] {dagbag.py:538} INFO - Filling up the DagBag from /home/airflow/.local/lib/python3.7/site-packages/airflow/example_dags/example_short_circuit_decorator.py
[2026-09-24T18:08:45.433+0000] {processor.py:753} INFO - DAG(s) dict_keys(['example_short_circuit_decorator']) retrieved from /home/airflow/.local/lib/python3.7/site-packages/airflow/example_dags/example_short_circuit_decorator.py
[2026-09-24T18:08:45.499+0000] {logging_mixin.py:137} INFO - [2026-09-24T18:08:45.498+0000] {dag.py:2676} INFO - Sync 1 DAGs
[2026-09-24T18:08:45.542+0000] {logging_mixin.py:137} INFO - [2026-09-24T18:08:45.542+0000] {dag.py:3427} INFO - Setting next_dagrun for example_short_circuit_decorator to 2026-09-23T18:08:45.541962+00:00, run_after=2026-09-24T18:08:45.541962+00:00
[2026-09-24T18:08:45.577+0000] {processor.py:175} INFO - Processing /home/airflow/.local/lib/python3.7/site-packages/airflow/example_dags/example_short_circuit_decorator.py took 0.222 seconds
[2026-09-24T18:09:15.689+0000] {processor.py:153} INFO - Started process (PID=649) to work on /home/airflow/.local/lib/python3.7/site-packages/airflow/example_dags/example_short_circuit_decorator.py
[2026-09-24T18:09:15.690+0000] {processor.py:743} INFO - Processing file /home/airflow/.local/lib/python3.7/site-packages/airflow/example_dags/example_short_circuit_decorator.py for tasks to queue
[2026-09-24T18:09:15.690+0000] {logging_mixin.py:137} INFO - [2026-09-24T18:09:15.690+0000] {dagbag.py:538} INFO - Filling up the DagBag from /home/airflow/.local/lib/python3.7/site-packages/airflow/example_dags/example_short_circuit_decorator.py
[2026-09-24T18:09:15.734+0000] {processor.py:753} INFO - DAG(s) dict_keys(['example_short_circuit_decorator']) retrieved from /home/airflow/.local/lib/python3.7/site-packages/airflow/example_dags/example_short_circuit_decorator.py
[2026-09-24T18:09:15.821+0000] {logging_mixin.py:137} INFO - [2026-09-24T18:09:15.821+0000] {dag.py:2676} INFO - Sync 1 DAGs
[2026-09-24T18:09:15.867+0000] {logging_mixin.py:137} INFO - [2026-09-24T18:09:15.866+0000] {dag.py:3427} INFO - Setting next_dagrun for example_short_circuit_decorator to 2026-09-23T18:09:15.865700+00:00, run_after=2026-09-24T18:09:15.865700+00:00
[2026-09-24T18:09:15.913+0000] {processor.py:175} INFO - Processing /home/airflow/.local/lib/python3.7/site-packages/airflow/example_dags/example_short_circuit_decorator.py took 0.232 seconds
[2026-09-24T18:09:46.670+0000] {processor.py:153} INFO - Started process (PID=747) to work on /home/airflow/.local/lib/python3.7/site-packages/airflow/example_dags/example_short_circuit_decorator.py
[2026-09-24T18:09:46.674+0000] {processor.py:743} INFO - Processing file /home/airflow/.local/lib/python3.7/site-packages/airflow/example_dags/example_short_circuit_decorator.py for tasks to queue
[2026-09-24T18:09:46.678+0000] {logging_mixin.py:137} INFO - [2026-09-24T18:09:46.678+0000] {dagbag.py:538} INFO - Filling up the DagBag from /home/airflow/.local/lib/python3.7/site-packages/airflow/example_dags/example_short_circuit_decorator.py
[2026-09-24T18:09:46.739+0000] {processor.py:753} INFO - DAG(s) dict_keys(['example_short_circuit_decorator']) retrieved from /home/airflow/.local/lib/python3.7/site-packages/airflow/example_dags/example_short_circuit_decorator.py
[2026-09-24T18:09:46.816+0000] {logging_mixin.py:137} INFO - [2026-09-24T18:09:46.816+0000] {dag.py:2676} INFO - Sync 1 DAGs
[2026-09-24T18:09:46.855+0000] {logging_mixin.py:137} INFO - [2026-09-24T18:09:46.855+0000] {dag.py:3427} INFO - Setting next_dagrun for example_short_circuit_decorator to 2026-09-23T18:09:46.855309+00:00, run_after=2026-09-24T18:09:46.855309+00:00
[2026-09-24T18:09:46.888+0000] {processor.py:175} INFO - Processing /home/airflow/.local/lib/python3.7/site-packages/airflow/example_dags/example_short_circuit_decorator.py took 0.231 seconds
[2026-09-24T18:10:16.955+0000] {processor.py:153} INFO - Started process (PID=825) to work on /home/airflow/.local/lib/python3.7/site-packages/airflow/example_dags/example_short_circuit_decorator.py
[2026-09-24T18:10:16.958+0000] {processor.py:743} INFO - Processing file /home/airflow/.local/lib/python3.7/site-packages/airflow/example_dags/example_short_circuit_decorator.py for tasks to queue
[2026-09-24T18:10:16.959+0000] {logging_mixin.py:137} INFO - [2026-09-24T18:10:16.959+0000] {dagbag.py:538} INFO - Filling up the DagBag from /home/airflow/.local/lib/python3.7/site-packages/airflow/example_dags/example_short_circuit_decorator.py
[2026-09-24T18:10:16.992+0000] {processor.py:753} INFO - DAG(s) dict_keys(['example_short_circuit_decorator']) retrieved from /home/airflow/.local/lib/python3.7/site-packages/airflow/example_dags/example_short_circuit_decorator.py
[2026-09-24T18:10:17.035+0000] {logging_mixin.py:137} INFO - [2026-09-24T18:10:17.034+0000] {dag.py:2676} INFO - Sync 1 DAGs
[2026-09-24T18:10:17.063+0000] {logging_mixin.py:137} INFO - [2026-09-24T18:10:17.063+0000] {dag.py:3427} INFO - Setting next_dagrun for example_short_circuit_decorator to 2026-09-23T18:10:17.063413+00:00, run_after=2026-09-24T18:10:17.063413+00:00
[2026-09-24T18:10:17.088+0000] {processor.py:175} INFO - Processing /home/airflow/.local/lib/python3.7/site-packages/airflow/example_dags/example_short_circuit_decorator.py took 0.139 seconds
[2026-09-24T18:10:47.641+0000] {processor.py:153} INFO - Started process (PID=912) to work on /home/airflow/.local/lib/python3.7/site-packages/airflow/example_dags/example_short_circuit_decorator.py
[2026-09-24T18:10:47.644+0000] {processor.py:743} INFO - Processing file /home/airflow/.local/lib/python3.7/site-packages/airflow/example_dags/example_short_circuit_decorator.py for tasks to queue
[2026-09-24T18:10:47.646+0000] {logging_mixin.py:137} INFO - [2026-09-24T18:10:47.646+0000] {dagbag.py:538} INFO - Filling up the DagBag from /home/airflow/.local/lib/python3.7/site-packages/airflow/example_dags/example_short_circuit_decorator.py
[2026-09-24T18:10:47.677+0000] {processor.py:753} INFO - DAG(s) dict_keys(['example_short_circuit_decorator']) retrieved from /home/airflow/.local/lib/python3.7/site-packages/airflow/example_dags/example_short_circuit_decorator.py
[2026-09-24T18:10:47.728+0000] {logging_mixin.py:137} INFO - [2026-09-24T18:10:47.728+0000] {dag.py:2676} INFO - Sync 1 DAGs
[2026-09-24T18:10:47.765+0000] {logging_mixin.py:137} INFO - [2026-09-24T18:10:47.765+0000] {dag.py:3427} INFO - Setting next_dagrun for example_short_circuit_decorator to 2026-09-23T18:10:47.765138+00:00, run_after=2026-09-24T18:10:47.765138+00:00
[2026-09-24T18:10:47.798+0000] {processor.py:175} INFO - Processing /home/airflow/.local/lib/python3.7/site-packages/airflow/example_dags/example_short_circuit_decorator.py took 0.160 seconds
[2026-09-24T18:11:18.111+0000] {processor.py:153} INFO - Started process (PID=1001) to work on /home/airflow/.local/lib/python3.7/site-packages/airflow/example_dags/example_short_circuit_decorator.py
[2026-09-24T18:11:18.112+0000] {processor.py:743} INFO - Processing file /home/airflow/.local/lib/python3.7/site-packages/airflow/example_dags/example_short_circuit_decorator.py for tasks to queue
[2026-09-24T18:11:18.113+0000] {logging_mixin.py:137} INFO - [2026-09-24T18:11:18.113+0000] {dagbag.py:538} INFO - Filling up the DagBag from /home/airflow/.local/lib/python3.7/site-packages/airflow/example_dags/example_short_circuit_decorator.py
[2026-09-24T18:11:18.144+0000] {processor.py:753} INFO - DAG(s) dict_keys(['example_short_circuit_decorator']) retrieved from /home/airflow/.local/lib/python3.7/site-packages/airflow/example_dags/example_short_circuit_decorator.py
[2026-09-24T18:11:18.209+0000] {logging_mixin.py:137} INFO - [2026-09-24T18:11:18.209+0000] {dag.py:2676} INFO - Sync 1 DAGs
[2026-09-24T18:11:18.240+0000] {logging_mixin.py:137} INFO - [2026-09-24T18:11:18.240+0000] {dag.py:3427} INFO - Setting next_dagrun for example_short_circuit_decorator to 2026-09-23T18:11:18.239850+00:00, run_after=2026-09-24T18:11:18.239850+00:00
[2026-09-24T18:11:18.276+0000] {processor.py:175} INFO - Processing /home/airflow/.local/lib/python3.7/site-packages/airflow/example_dags/example_short_circuit_decorator.py took 0.169 seconds
[2026-09-24T18:11:48.637+0000] {processor.py:153} INFO - Started process (PID=1079) to work on /home/airflow/.local/lib/python3.7/site-packages/airflow/example_dags/example_short_circuit_decorator.py
[2026-09-24T18:11:48.640+0000] {processor.py:743} INFO - Processing file /home/airflow/.local/lib/python3.7/site-packages/airflow/example_dags/example_short_circuit_decorator.py for tasks to queue
[2026-09-24T18:11:48.642+0000] {logging_mixin.py:137} INFO - [2026-09-24T18:11:48.641+0000] {dagbag.py:538} INFO - Filling up the DagBag from /home/airflow/.local/lib/python3.7/site-packages/airflow/example_dags/example_short_circuit_decorator.py
[2026-09-24T18:11:48.692+0000] {processor.py:753} INFO - DAG(s) dict_keys(['example_short_circuit_decorator']) retrieved from /home/airflow/.local/lib/python3.7/site-packages/airflow/example_dags/example_short_circuit_decorator.py
[2026-09-24T18:11:48.775+0000] {logging_mixin.py:137} INFO - [2026-09-24T18:11:48.774+0000] {dag.py:2676} INFO - Sync 1 DAGs
[2026-09-24T18:11:48.847+0000] {logging_mixin.py:137} INFO - [2026-09-24T18:11:48.847+0000] {dag.py:3427} INFO - Setting next_dagrun for example_short_circuit_decorator to 2026-09-23T18:11:48.846742+00:00, run_after=2026-09-24T18:11:48.846742+00:00
[2026-09-24T18:11:48.898+0000] {processor.py:175} INFO - Processing /home/airflow/.local/lib/python3.7/site-packages/airflow/example_dags/example_short_circuit_decorator.py took 0.266 seconds
[2026-09-24T18:12:19.015+0000] {processor.py:153} INFO - Started process (PID=1177) to work on /home/airflow/.local/lib/python3.7/site-packages/airflow/example_dags/example_short_circuit_decorator.py
[2026-09-24T18:12:19.016+0000] {processor.py:743} INFO - Processing file /home/airflow/.local/lib/python3.7/site-packages/airflow/example_dags/example_short_circuit_decorator.py for tasks to queue
[2026-09-24T18:12:19.016+0000] {logging_mixin.py:137} INFO - [2026-09-24T18:12:19.016+0000] {dagbag.py:538} INFO - Filling up the DagBag from /home/airflow/.local/lib/python3.7/site-packages/airflow/example_dags/example_short_circuit_decorator.py
[2026-09-24T18:12:19.068+0000] {processor.py:753} INFO - DAG(s) dict_keys(['example_short_circuit_decorator']) retrieved from /home/airflow/.local/lib/python3.7/site-packages/airflow/example_dags/example_short_circuit_decorator.py
[2026-09-24T18:12:19.143+0000] {logging_mixin.py:137} INFO - [2026-09-24T18:12:19.143+0000] {dag.py:2676} INFO - Sync 1 DAGs
[2026-09-24T18:12:19.195+0000] {logging_mixin.py:137} INFO - [2026-09-24T18:12:19.195+0000] {dag.py:3427} INFO - Setting next_dagrun for example_short_circuit_decorator to 2026-09-23T18:12:19.194413+00:00, run_after=2026-09-24T18:12:19.194413+00:00
[2026-09-24T18:12:19.241+0000] {processor.py:175} INFO - Processing /home/airflow/.local/lib/python3.7/site-packages/airflow/example_dags/example_short_circuit_decorator.py took 0.230 seconds
[2026-09-24T18:12:49.338+0000] {processor.py:153} INFO - Started process (PID=1255) to work on /home/airflow/.local/lib/python3.7/site-packages/airflow/example_dags/example_short_circuit_decorator.py
[2026-09-24T18:12:49.342+0000] {processor.py:743} INFO - Processing file /home/airflow/.local/lib/python3.7/site-packages/airflow/example_dags/example_short_circuit_decorator.py for tasks to queue
[2026-09-24T18:12:49.345+0000] {logging_mixin.py:137} INFO - [2026-09-24T18:12:49.345+0000] {dagbag.py:538} INFO - Filling up the DagBag from /home/airflow/.local/lib/python3.7/site-packages/airflow/example_dags/example_short_circuit_decorator.py
[2026-09-24T18:12:49.415+0000] {processor.py:753} INFO - DAG(s) dict_keys(['example_short_circuit_decorator']) retrieved from /home/airflow/.local/lib/python3.7/site-packages/airflow/example_dags/example_short_circuit_decorator.py
[2026-09-24T18:12:49.477+0000] {logging_mixin.py:137} INFO - [2026-09-24T18:12:49.477+0000] {dag.py:2676} INFO - Sync 1 DAGs
[2026-09-24T18:12:49.504+0000] {logging_mixin.py:137} INFO - [2026-09-24T18:12:49.504+0000] {dag.py:3427} INFO - Setting next_dagrun for example_short_circuit_decorator to 2026-09-23T18:12:49.504305+00:00, run_after=2026-09-24T18:12:49.504305+00:00
[2026-09-24T18:12:49.537+0000] {processor.py:175} INFO - Processing /home/airflow/.local/lib/python3.7/site-packages/airflow/example_dags/example_short_circuit_decorator.py took 0.213 seconds
[2026-09-24T18:13:19.970+0000] {processor.py:153} INFO - Started process (PID=1333) to work on /home/airflow/.local/lib/python3.7/site-packages/airflow/example_dags/example_short_circuit_decorator.py
[2026-09-24T18:13:19.976+0000] {processor.py:743} INFO - Processing file /home/airflow/.local/lib/python3.7/site-packages/airflow/example_dags/example_short_circuit_decorator.py for tasks to queue
[2026-09-24T18:13:19.977+0000] {logging_mixin.py:137} INFO - [2026-09-24T18:13:19.976+0000] {dagbag.py:538} INFO - Filling up the DagBag from /home/airflow/.local/lib/python3.7/site-packages/airflow/example_dags/example_short_circuit_decorator.py
[2026-09-24T18:13:20.033+0000] {processor.py:753} INFO - DAG(s) dict_keys(['example_short_circuit_decorator']) retrieved from /home/airflow/.local/lib/python3.7/site-packages/airflow/example_dags/example_short_circuit_decorator.py
[2026-09-24T18:13:20.096+0000] {logging_mixin.py:137} INFO - [2026-09-24T18:13:20.096+0000] {dag.py:2676} INFO - Sync 1 DAGs
[2026-09-24T18:13:20.144+0000] {logging_mixin.py:137} INFO - [2026-09-24T18:13:20.144+0000] {dag.py:3427} INFO - Setting next_dagrun for example_short_circuit_decorator to 2026-09-23T18:13:20.143949+00:00, run_after=2026-09-24T18:13:20.143949+00:00
[2026-09-24T18:13:20.183+0000] {processor.py:175} INFO - Processing /home/airflow/.local/lib/python3.7/site-packages/airflow/example_dags/example_short_circuit_decorator.py took 0.230 seconds
[2026-09-24T18:13:50.476+0000] {processor.py:153} INFO - Started process (PID=1432) to work on /home/airflow/.local/lib/python3.7/site-packages/airflow/example_dags/example_short_circuit_decorator.py
[2026-09-24T18:13:50.480+0000] {processor.py:743} INFO - Processing file /home/airflow/.local/lib/python3.7/site-packages/airflow/example_dags/example_short_circuit_decorator.py for tasks to queue
[2026-09-24T18:13:50.482+0000] {logging_mixin.py:137} INFO - [2026-09-24T18:13:50.481+0000] {dagbag.py:538} INFO - Filling up the DagBag from /home/airflow/.local/lib/python3.7/site-packages/airflow/example_dags/example_short_circuit_decorator.py
[2026-09-24T18:13:50.534+0000] {processor.py:753} INFO - DAG(s) dict_keys(['example_short_circuit_decorator']) retrieved from /home/airflow/.local/lib/python3.7/site-packages/airflow/example_dags/example_short_circuit_decorator.py
[2026-09-24T18:13:50.606+0000] {logging_mixin.py:137} INFO - [2026-09-24T18:13:50.605+0000] {dag.py:2676} INFO - Sync 1 DAGs
[2026-09-24T18:13:50.652+0000] {logging_mixin.py:137} INFO - [2026-09-24T18:13:50.651+0000] {dag.py:3427} INFO - Setting next_dagrun for example_short_circuit_decorator to 2026-09-23T18:13:50.651576+00:00, run_after=2026-09-24T18:13:50.651576+00:00
[2026-09-24T18:13:50.688+0000] {processor.py:175} INFO - Processing /home/airflow/.local/lib/python3.7/site-packages/airflow/example_dags/example_short_circuit_decorator.py took 0.226 seconds
