[2026-09-24T18:05:42.046+0000] {processor.py:153} INFO - Started process (PID=66) to work on /home/airflow/.local/lib/python3.7/site-packages/airflow/example_dags/example_branch_python_dop_operator_3.py
[2026-09-24T18:05:42.046+0000] {processor.py:743} INFO - Processing file /home/airflow/.local/lib/python3.7/site-packages/airflow/example_dags/example_branch_python_dop_operator_3.py for tasks to queue
[2026-09-24T18:05:42.047+0000] {logging_mixin.py:137} INFO - [2026-09-24T18:05:42.047+0000] {dagbag.py:538} INFO - Filling up the DagBag from /home/airflow/.local/lib/python3.7/site-packages/airflow/example_dags/example_branch_python_dop_operator_3.py
[2026-09-24T18:05:42.073+0000] {processor.py:753} INFO - DAG(s) dict_keys(['example_branch_dop_operator_v3']) retrieved from /home/airflow/.local/lib/python3.7/site-packages/airflow/example_dags/example_branch_python_dop_operator_3.py
[2026-09-24T18:05:42.129+0000] {logging_mixin.py:137} INFO - [2026-09-24T18:05:42.129+0000] {dag.py:2676} INFO - Sync 1 DAGs
[2026-09-24T18:05:42.189+0000] {logging_mixin.py:137} INFO - [2026-09-24T18:05:42.189+0000] {dag.py:3427} INFO - Setting next_dagrun for example_branch_dop_operator_v3 to 2026-09-24T18:04:00+00:00, run_after=2026-09-24T18:05:00+00:00
[2026-09-24T18:05:42.232+0000] {processor.py:175} INFO - Processing /home/airflow/.local/lib/python3.7/site-packages/airflow/example_dags/example_branch_python_dop_operator_3.py took 0.189 seconds
[2026-09-24T18:06:13.132+0000] {processor.py:153} INFO - Started process (PID=144) to work on /home/airflow/.local/lib/python3.7/site-packages/airflow/example_dags/example_branch_python_dop_operator_3.py
[2026-09-24T18:06:13.135+0000] {processor.py:743} INFO - Processing file /home/airflow/.local/lib/python3.7/site-packages/airflow/example_dags/example_branch_python_dop_operator_3.py for tasks to queue
[2026-09-24T18:06:13.135+0000] {logging_mixin.py:137} INFO - [2026-09-24T18:06:13.135+0000] {dagbag.py:538} INFO - Filling up the DagBag from /home/airflow/.local/lib/python3.7/site-packages/airflow/example_dags/example_branch_python_dop_operator_3.py
[2026-09-24T18:06:13.179+0000] {processor.py:753} INFO - DAG(s) dict_keys(['example_branch_dop_operator_v3']) retrieved from /home/airflow/.local/lib/python3.7/site-packages/airflow/example_dags/example_branch_python_dop_operator_3.py
[2026-09-24T18:06:13.232+0000] {logging_mixin.py:137} INFO - [2026-09-24T18:06:13.232+0000] {dag.py:2676} INFO - Sync 1 DAGs
[2026-09-24T18:06:13.275+0000] {logging_mixin.py:137} INFO - [2026-09-24T18:06:13.275+0000] {dag.py:3427} INFO - Setting next_dagrun for example_branch_dop_operator_v3 to 2026-09-24T18:05:00+00:00, run_after=2026-09-24T18:06:00+00:00
[2026-09-24T18:06:13.303+0000] {processor.py:175} INFO - Processing /home/airflow/.local/lib/python3.7/site-packages/airflow/example_dags/example_branch_python_dop_operator_3.py took 0.181 seconds
[2026-09-24T18:06:43.461+0000] {processor.py:153} INFO - Started process (PID=222) to work on /home/airflow/.local/lib/python3.7/site-packages/airflow/example_dags/example_branch_python_dop_operator_3.py
[2026-09-24T18:06:43.462+0000] {processor.py:743} INFO - Processing file /home/airflow/.local/lib/python3.7/site-packages/airflow/example_dags/example_branch_python_dop_operator_3.py for tasks to queue
[2026-09-24T18:06:43.464+0000] {logging_mixin.py:137} INFO - [2026-09-24T18:06:43.463+0000] {dagbag.py:538} INFO - Filling up the DagBag from /home/airflow/.local/lib/python3.7/site-packages/airflow/example_dags/example_branch_python_dop_operator_3.py
[2026-09-24T18:06:43.500+0000] {processor.py:753} INFO - DAG(s) dict_keys(['example_branch_dop_operator_v3']) retrieved from /home/airflow/.local/lib/python3.7/site-packages/airflow/example_dags/example_branch_python_dop_operator_3.py
[2026-09-24T18:06:43.551+0000] {logging_mixin.py:137} INFO - [2026-09-24T18:06:43.551+0000] {dag.py:2676} INFO - Sync 1 DAGs
[2026-09-24T18:06:43.587+0000] {logging_mixin.py:137} INFO - [2026-09-24T18:06:43.587+0000] {dag.py:3427} INFO - Setting next_dagrun for example_branch_dop_operator_v3 to 2026-09-24T18:05:00+00:00, run_after=2026-09-24T18:06:00+00:00
[2026-09-24T18:06:43.622+0000] {processor.py:175} INFO - Processing /home/airflow/.local/lib/python3.7/site-packages/airflow/example_dags/example_branch_python_dop_operator_3.py took 0.165 seconds
[2026-09-24T18:07:14.400+0000] {processor.py:153} INFO - Started process (PID=320) to work on /home/airflow/.local/lib/python3.7/site-packages/airflow/example_dags/example_branch_python_dop_operator_3.py
[2026-09-24T18:07:14.401+0000] {processor.py:743} INFO - Processing file /home/airflow/.local/lib/python3.7/site-packages/airflow/example_dags/example_branch_python_dop_operator_3.py for tasks to queue
[2026-09-24T18:07:14.401+0000] {logging_mixin.py:137} INFO - [2026-09-24T18:07:14.401+0000] {dagbag.py:538} INFO - Filling up the DagBag from /home/airflow/.local/lib/python3.7/site-packages/airflow/example_dags/example_branch_python_dop_operator_3.py
[2026-09-24T18:07:14.425+0000] {processor.py:753} INFO - DAG(s) dict_keys(['example_branch_dop_operator_v3']) retrieved from /home/airflow/.local/lib/python3.7/site-packages/airflow/example_dags/example_branch_python_dop_operator_3.py
[2026-09-24T18:07:14.464+0000] {logging_mixin.py:137} INFO - [2026-09-24T18:07:14.463+0000] {dag.py:2676} INFO - Sync 1 DAGs
[2026-09-24T18:07:14.494+0000] {logging_mixin.py:137} INFO - [2026-09-24T18:07:14.494+0000] {dag.py:3427} INFO - Setting next_dagrun for example_branch_dop_operator_v3 to 2026-09-24T18:06:00+00:00, run_after=2026-09-24T18:07:00+00:00
[2026-09-24T18:07:14.517+0000] {processor.py:175} INFO - Processing /home/airflow/.local/lib/python3.7/site-packages/airflow/example_dags/example_branch_python_dop_operator_3.py took 0.120 seconds
[2026-09-24T18:07:44.750+0000] {processor.py:153} INFO - Started process (PID=398) to work on /home/airflow/.local/lib/python3.7/site-packages/airflow/example_dags/example_branch_python_dop_operator_3.py
[2026-09-24T18:07:44.752+0000] {processor.py:743} INFO - Processing file /home/airflow/.local/lib/python3.7/site-packages/airflow/example_dags/example_branch_python_dop_operator_3.py for tasks to queue
[2026-09-24T18:07:44.753+0000] {logging_mixin.py:137} INFO - [2026-09-24T18:07:44.753+0000] {dagbag.py:538} INFO - Filling up the DagBag from /home/airflow/.local/lib/python3.7/site-packages/airflow/example_dags/example_branch_python_dop_operator_3.py
[2026-09-24T18:07:44.793+0000] {processor.py:753} INFO - DAG(s) dict_keys(['example_branch_dop_operator_v3']) retrieved from /home/airflow/.local/lib/python3.7/site-packages/airflow/example_dags/example_branch_python_dop_operator_3.py
[2026-09-24T18:07:44.851+0000] {logging_mixin.py:137} INFO - [2026-09-24T18:07:44.851+0000] {dag.py:2676} INFO - Sync 1 DAGs
[2026-09-24T18:07:44.890+0000] {logging_mixin.py:137} INFO - [2026-09-24T18:07:44.890+0000] {dag.py:3427} INFO - Setting next_dagrun for example_branch_dop_operator_v3 to 2026-09-24T18:06:00+00:00, run_after=2026-09-24T18:07:00+00:00
[2026-09-24T18:07:44.923+0000] {processor.py:175} INFO - Processing /home/airflow/.local/lib/python3.7/site-packages/airflow/example_dags/example_branch_python_dop_operator_3.py took 0.177 seconds
[2026-09-24T18:08:15.043+0000] {processor.py:153} INFO - Started process (PID=496) to work on /home/airflow/.local/lib/python3.7/site-packages/airflow/example_dags/example_branch_python_dop_operator_3.py
[2026-09-24T18:08:15.044+0000] {processor.py:743} INFO - Processing file /home/airflow/.local/lib/python3.7/site-packages/airflow/example_dags/example_branch_python_dop_operator_3.py for tasks to queue
[2026-09-24T18:08:15.045+0000] {logging_mixin.py:137} INFO - [2026-09-24T18:08:15.045+0000] {dagbag.py:538} INFO - Filling up the DagBag from /home/airflow/.local/lib/python3.7/site-packages/airflow/example_dags/example_branch_python_dop_operator_3.py
[2026-09-24T18:08:15.085+0000] {processor.py:753} INFO - DAG(s) dict_keys(['example_branch_dop_operator_v3']) retrieved from /home/airflow/.local/lib/python3.7/site-packages/airflow/example_dags/example_branch_python_dop_operator_3.py
[2026-09-24T18:08:15.140+0000] {logging_mixin.py:137} INFO - [2026-09-24T18:08:15.140+0000] {dag.py:2676} INFO - Sync 1 DAGs
[2026-09-24T18:08:15.176+0000] {logging_mixin.py:137} INFO - [2026-09-24T18:08:15.176+0000] {dag.py:3427} INFO - Setting next_dagrun for example_branch_dop_operator_v3 to 2026-09-24T18:07:00+00:00, run_after=2026-09-24T18:08:00+00:00
[2026-09-24T18:08:15.201+0000] {processor.py:175} INFO - Processing /home/airflow/.local/lib/python3.7/site-packages/airflow/example_dags/example_branch_python_dop_operator_3.py took 0.161 seconds
[2026-09-24T18:08:45.754+0000] {processor.py:153} INFO - Started process (PID=574) to work on /home/airflow/.local/lib/python3.7/site-packages/airflow/example_dags/example_branch_python_dop_operator_3.py
[2026-09-24T18:08:45.756+0000] {processor.py:743} INFO - Processing file /home/airflow/.local/lib/python3.7/site-packages/airflow/example_dags/example_branch_python_dop_operator_3.py for tasks to queue
[2026-09-24T18:08:45.758+0000] {logging_mixin.py:137} INFO - [2026-09-24T18:08:45.757+0000] {dagbag.py:538} INFO - Filling up the DagBag from /home/airflow/.local/lib/python3.7/site-packages/airflow/example_dags/example_branch_python_dop_operator_3.py
[2026-09-24T18:08:45.793+0000] {processor.py:753} INFO - DAG(s) dict_keys(['example_branch_dop_operator_v3']) retrieved from /home/airflow/.local/lib/python3.7/site-packages/airflow/example_dags/example_branch_python_dop_operator_3.py
[2026-09-24T18:08:45.840+0000] {logging_mixin.py:137} INFO - [2026-09-24T18:08:45.840+0000] {dag.py:2676} INFO - Sync 1 DAGs
[2026-09-24T18:08:45.876+0000] {logging_mixin.py:137} INFO - [2026-09-24T18:08:45.876+0000] {dag.py:3427} INFO - Setting next_dagrun for example_branch_dop_operator_v3 to 2026-09-24T18:07:00+00:00, run_after=2026-09-24T18:08:00+00:00
[2026-09-24T18:08:45.905+0000] {processor.py:175} INFO - Processing /home/airflow/.local/lib/python3.7/site-packages/airflow/example_dags/example_branch_python_dop_operator_3.py took 0.154 seconds
[2026-09-24T18:09:16.157+0000] {processor.py:153} INFO - Started process (PID=659) to work on /home/airflow/.local/lib/python3.7/site-packages/airflow/example_dags/example_branch_python_dop_operator_3.py
[2026-09-24T18:09:16.159+0000] {processor.py:743} INFO - Processing file /home/airflow/.local/lib/python3.7/site-packages/airflow/example_dags/example_branch_python_dop_operator_3.py for tasks to queue
[2026-09-24T18:09:16.161+0000] {logging_mixin.py:137} INFO - [2026-09-24T18:09:16.161+0000] {dagbag.py:538} INFO - Filling up the DagBag from /home/airflow/.local/lib/python3.7/site-packages/airflow/example_dags/example_branch_python_dop_operator_3.py
[2026-09-24T18:09:16.215+0000] {processor.py:753} INFO - DAG(s) dict_keys(['example_branch_dop_operator_v3']) retrieved from /home/airflow/.local/lib/python3.7/site-packages/airflow/example_dags/example_branch_python_dop_operator_3.py
[2026-09-24T18:09:16.280+0000] {logging_mixin.py:137} INFO - [2026-09-24T18:09:16.279+0000] {dag.py:2676} INFO - Sync 1 DAGs
[2026-09-24T18:09:16.335+0000] {logging_mixin.py:137} INFO - [2026-09-24T18:09:16.335+0000] {dag.py:3427} INFO - Setting next_dagrun for example_branch_dop_operator_v3 to 2026-09-24T18:08:00+00:00, run_after=2026-09-24T18:09:00+00:00
[2026-09-24T18:09:16.380+0000] {processor.py:175} INFO - Processing /home/airflow/.local/lib/python3.7/site-packages/airflow/example_dags/example_branch_python_dop_operator_3.py took 0.231 seconds
[2026-09-24T18:09:47.134+0000] {processor.py:153} INFO - Started process (PID=751) to work on /home/airflow/.local/lib/python3.7/site-packages/airflow/example_dags/example_branch_python_dop_operator_3.py
[2026-09-24T18:09:47.135+0000] {processor.py:743} INFO - Processing file /home/airflow/.local/lib/python3.7/site-packages/airflow/example_dags/example_branch_python_dop_operator_3.py for tasks to queue
[2026-09-24T18:09:47.136+0000] {logging_mixin.py:137} INFO - [2026-09-24T18:09:47.136+0000] {dagbag.py:538} INFO - Filling up the DagBag from /home/airflow/.local/lib/python3.7/site-packages/airflow/example_dags/example_branch_python_dop_operator_3.py
[2026-09-24T18:09:47.176+0000] {processor.py:753} INFO - DAG(s) dict_keys(['example_branch_dop_operator_v3']) retrieved from /home/airflow/.local/lib/python3.7/site-packages/airflow/example_dags/example_branch_python_dop_operator_3.py
[2026-09-24T18:09:47.233+0000] {logging_mixin.py:137} INFO - [2026-09-24T18:09:47.233+0000] {dag.py:2676} INFO - Sync 1 DAGs
[2026-09-24T18:09:47.272+0000] {logging_mixin.py:137} INFO - [2026-09-24T18:09:47.272+0000] {dag.py:3427} INFO - Setting next_dagrun for example_branch_dop_operator_v3 to 2026-09-24T18:08:00+00:00, run_after=2026-09-24T18:09:00+00:00
[2026-09-24T18:09:47.306+0000] {processor.py:175} INFO - Processing /home/airflow/.local/lib/python3.7/site-packages/airflow/example_dags/example_branch_python_dop_operator_3.py took 0.178 seconds
[2026-09-24T18:10:17.407+0000] {processor.py:153} INFO - Started process (PID=829) to work on /home/airflow/.local/lib/python3.7/site-packages/airflow/example_dags/example_branch_python_dop_operator_3.py
[2026-09-24T18:10:17.410+0000] {processor.py:743} INFO - Processing file /home/airflow/.local/lib/python3.7/site-packages/airflow/example_dags/example_branch_python_dop_operator_3.py for tasks to queue
[2026-09-24T18:10:17.414+0000] {logging_mixin.py:137} INFO - [2026-09-24T18:10:17.413+0000] {dagbag.py:538} INFO - Filling up the DagBag from /home/airflow/.local/lib/python3.7/site-packages/airflow/example_dags/example_branch_python_dop_operator_3.py
[2026-09-24T18:10:17.444+0000] {processor.py:753} INFO - DAG(s) dict_keys(['example_branch_dop_operator_v3']) retrieved from /home/airflow/.local/lib/python3.7/site-packages/airflow/example_dags/example_branch_python_dop_operator_3.py
[2026-09-24T18:10:17.491+0000] {logging_mixin.py:137} INFO - [2026-09-24T18:10:17.491+0000] {dag.py:2676} INFO - Sync 1 DAGs
[2026-09-24T18:10:17.527+0000] {logging_mixin.py:137} INFO - [2026-09-24T18:10:17.526+0000] {dag.py:3427} INFO - Setting next_dagrun for example_branch_dop_operator_v3 to 2026-09-24T18:09:00+00:00, run_after=2026-09-24T18:10:00+00:00
[2026-09-24T18:10:17.552+0000] {processor.py:175} INFO - Processing /home/airflow/.local/lib/python3.7/site-packages/airflow/example_dags/example_branch_python_dop_operator_3.py took 0.148 seconds
[2026-09-24T18:10:48.014+0000] {processor.py:153} INFO - Started process (PID=927) to work on /home/airflow/.local/lib/python3.7/site-packages/airflow/example_dags/example_branch_python_dop_operator_3.py
[2026-09-24T18:10:48.015+0000] {processor.py:743} INFO - Processing file /home/airflow/.local/lib/python3.7/site-packages/airflow/example_dags/example_branch_python_dop_operator_3.py for tasks to queue
[2026-09-24T18:10:48.015+0000] {logging_mixin.py:137} INFO - [2026-09-24T18:10:48.015+0000] {dagbag.py:538} INFO - Filling up the DagBag from /home/airflow/.local/lib/python3.7/site-packages/airflow/example_dags/example_branch_python_dop_operator_3.py
[2026-09-24T18:10:48.042+0000] {processor.py:753} INFO - DAG(s) dict_keys(['example_branch_dop_operator_v3']) retrieved from /home/airflow/.local/lib/python3.7/site-packages/airflow/example_dags/example_branch_python_dop_operator_3.py
[2026-09-24T18:10:48.087+0000] {logging_mixin.py:137} INFO - [2026-09-24T18:10:48.087+0000] {dag.py:2676} INFO - Sync 1 DAGs
[2026-09-24T18:10:48.135+0000] {logging_mixin.py:137} INFO - [2026-09-24T18:10:48.135+0000] {dag.py:3427} INFO - Setting next_dagrun for example_branch_dop_operator_v3 to 2026-09-24T18:09:00+00:00, run_after=2026-09-24T18:10:00+00:00
[2026-09-24T18:10:48.162+0000] {processor.py:175} INFO - Processing /home/airflow/.local/lib/python3.7/site-packages/airflow/example_dags/example_branch_python_dop_operator_3.py took 0.152 seconds
[2026-09-24T18:11:18.452+0000] {processor.py:153} INFO - Started process (PID=1005) to work on /home/airflow/.local/lib/python3.7/site-packages/airflow/example_dags/example_branch_python_dop_operator_3.py
[2026-09-24T18:11:18.454+0000] {processor.py:743} INFO - Processing file /home/airflow/.local/lib/python3.7/site-packages/airflow/example_dags/example_branch_python_dop_operator_3.py for tasks to queue
[2026-09-24T18:11:18.454+0000] {logging_mixin.py:137} INFO - [2026-09-24T18:11:18.454+0000] {dagbag.py:538} INFO - Filling up the DagBag from /home/airflow/.local/lib/python3.7/site-packages/airflow/example_dags/example_branch_python_dop_operator_3.py
[2026-09-24T18:11:18.502+0000] {processor.py:753} INFO - DAG(s) dict_keys(['example_branch_dop_operator_v3']) retrieved from /home/airflow/.local/lib/python3.7/site-packages/airflow/example_dags/example_branch_python_dop_operator_3.py
[2026-09-24T18:11:18.549+0000] {logging_mixin.py:137} INFO - [2026-09-24T18:11:18.549+0000] {dag.py:2676} INFO - Sync 1 DAGs
[2026-09-24T18:11:18.580+0000] {logging_mixin.py:137} INFO - [2026-09-24T18:11:18.580+0000] {dag.py:3427} INFO - Setting next_dagrun for example_branch_dop_operator_v3 to 2026-09-24T18:10:00+00:00, run_after=2026-09-24T18:11:00+00:00
[2026-09-24T18:11:18.611+0000] {processor.py:175} INFO - Processing /home/airflow/.local/lib/python3.7/site-packages/airflow/example_dags/example_branch_python_dop_operator_3.py took 0.169 seconds
[2026-09-24T18:11:49.130+0000] {processor.py:153} INFO - Started process (PID=1083) to work on /home/airflow/.local/lib/python3.7/site-packages/airflow/example_dags/example_branch_python_dop_operator_3.py
[2026-09-24T18:11:49.133+0000] {processor.py:743} INFO - Processing file /home/airflow/.local/lib/python3.7/site-packages/airflow/example_dags/example_branch_python_dop_operator_3.py for tasks to queue
[2026-09-24T18:11:49.135+0000] {logging_mixin.py:137} INFO - [2026-09-24T18:11:49.134+0000] {dagbag.py:538} INFO - Filling up the DagBag from /home/airflow/.local/lib/python3.7/site-packages/airflow/example_dags/example_branch_python_dop_operator_3.py
[2026-09-24T18:11:49.169+0000] {processor.py:753} INFO - DAG(s) dict_keys(['example_branch_dop_operator_v3']) retrieved from /home/airflow/.local/lib/python3.7/site-packages/airflow/example_dags/example_branch_python_dop_operator_3.py
[2026-09-24T18:11:49.231+0000] {logging_mixin.py:137} INFO - [2026-09-24T18:11:49.231+0000] {dag.py:2676} INFO - Sync 1 DAGs
[2026-09-24T18:11:49.275+0000] {logging_mixin.py:137} INFO - [2026-09-24T18:11:49.275+0000] {dag.py:3427} INFO - Setting next_dagrun for example_branch_dop_operator_v3 to 2026-09-24T18:10:00+00:00, run_after=2026-09-24T18:11:00+00:00
[2026-09-24T18:11:49.316+0000] {processor.py:175} INFO - Processing /home/airflow/.local/lib/python3.7/site-packages/airflow/example_dags/example_branch_python_dop_operator_3.py took 0.190 seconds
[2026-09-24T18:12:19.490+0000] {processor.py:153} INFO - Started process (PID=1181) to work on /home/airflow/.local/lib/python3.7/site-packages/airflow/example_dags/example_branch_python_dop_operator_3.py
[2026-09-24T18:12:19.491+0000] {processor.py:743} INFO - Processing file /home/airflow/.local/lib/python3.7/site-packages/airflow/example_dags/example_branch_python_dop_operator_3.py for tasks to queue
[2026-09-24T18:12:19.492+0000] {logging_mixin.py:137} INFO - [2026-09-24T18:12:19.492+0000] {dagbag.py:538} INFO - Filling up the DagBag from /home/airflow/.local/lib/python3.7/site-packages/airflow/example_dags/example_branch_python_dop_operator_3.py
[2026-09-24T18:12:19.532+0000] {processor.py:753} INFO - DAG(s) dict_keys(['example_branch_dop_operator_v3']) retrieved from /home/airflow/.local/lib/python3.7/site-packages/airflow/example_dags/example_branch_python_dop_operator_3.py
[2026-09-24T18:12:19.606+0000] {logging_mixin.py:137} INFO - [2026-09-24T18:12:19.605+0000] {dag.py:2676} INFO - Sync 1 DAGs
[2026-09-24T18:12:19.662+0000] {logging_mixin.py:137} INFO - [2026-09-24T18:12:19.662+0000] {dag.py:3427} INFO - Setting next_dagrun for example_branch_dop_operator_v3 to 2026-09-24T18:11:00+00:00, run_after=2026-09-24T18:12:00+00:00
[2026-09-24T18:12:19.709+0000] {processor.py:175} INFO - Processing /home/airflow/.local/lib/python3.7/site-packages/airflow/example_dags/example_branch_python_dop_operator_3.py took 0.228 seconds
[2026-09-24T18:12:49.754+0000] {processor.py:153} INFO - Started process (PID=1259) to work on /home/airflow/.local/lib/python3.7/site-packages/airflow/example_dags/example_branch_python_dop_operator_3.py
[2026-09-24T18:12:49.757+0000] {processor.py:743} INFO - Processing file /home/airflow/.local/lib/python3.7/site-packages/airflow/example_dags/example_branch_python_dop_operator_3.py for tasks to queue
[2026-09-24T18:12:49.758+0000] {logging_mixin.py:137} INFO - [2026-09-24T18:12:49.758+0000] {dagbag.py:538} INFO - Filling up the DagBag from /home/airflow/.local/lib/python3.7/site-packages/airflow/example_dags/example_branch_python_dop_operator_3.py
[2026-09-24T18:12:49.790+0000] {processor.py:753} INFO - DAG(s) dict_keys(['example_branch_dop_operator_v3']) retrieved from /home/airflow/.local/lib/python3.7/site-packages/airflow/example_dags/example_branch_python_dop_operator_3.py
[2026-09-24T18:12:49.843+0000] {logging_mixin.py:137} INFO - [2026-09-24T18:12:49.843+0000] {dag.py:2676} INFO - Sync 1 DAGs
[2026-09-24T18:12:49.891+0000] {logging_mixin.py:137} INFO - [2026-09-24T18:12:49.891+0000] {dag.py:3427} INFO - Setting next_dagrun for example_branch_dop_operator_v3 to 2026-09-24T18:11:00+00:00, run_after=2026-09-24T18:12:00+00:00
[2026-09-24T18:12:49.922+0000] {processor.py:175} INFO - Processing /home/airflow/.local/lib/python3.7/site-packages/airflow/example_dags/example_branch_python_dop_operator_3.py took 0.171 seconds
[2026-09-24T18:13:20.492+0000] {processor.py:153} INFO - Started process (PID=1346) to work on /home/airflow/.local/lib/python3.7/site-packages/airflow/example_dags/example_branch_python_dop_operator_3.py
[2026-09-24T18:13:20.493+0000] {processor.py:743} INFO - Processing file /home/airflow/.local/lib/python3.7/site-packages/airflow/example_dags/example_branch_python_dop_operator_3.py for tasks to queue
[2026-09-24T18:13:20.493+0000] {logging_mixin.py:137} INFO - [2026-09-24T18:13:20.493+0000] {dagbag.py:538} INFO - Filling up the DagBag from /home/airflow/.local/lib/python3.7/site-packages/airflow/example_dags/example_branch_python_dop_operator_3.py
[2026-09-24T18:13:20.528+0000] {processor.py:753} INFO - DAG(s) dict_keys(['example_branch_dop_operator_v3']) retrieved from /home/airflow/.local/lib/python3.7/site-packages/airflow/example_dags/example_branch_python_dop_operator_3.py
[2026-09-24T18:13:20.605+0000] {logging_mixin.py:137} INFO - [2026-09-24T18:13:20.605+0000] {dag.py:2676} INFO - Sync 1 DAGs
[2026-09-24T18:13:20.669+0000] {logging_mixin.py:137} INFO - [2026-09-24T18:13:20.669+0000] {dag.py:3427} INFO - Setting next_dagrun for example_branch_dop_operator_v3 to 2026-09-24T18:12:00+00:00, run_after=2026-09-24T18:13:00+00:00
[2026-09-24T18:13:20.711+0000] {processor.py:175} INFO - Processing /home/airflow/.local/lib/python3.7/site-packages/airflow/example_dags/example_branch_python_dop_operator_3.py took 0.223 seconds
[2026-09-24T18:13:50.965+0000] {processor.py:153} INFO - Started process (PID=1436) to work on /home/airflow/.local/lib/python3.7/site-packages/airflow/example_dags/example_branch_python_dop_operator_3.py
[2026-09-24T18:13:50.966+0000] {processor.py:743} INFO - Processing file /home/airflow/.local/lib/python3.7/site-packages/airflow/example_dags/example_branch_python_dop_operator_3.py for tasks to queue
[2026-09-24T18:13:50.968+0000] {logging_mixin.py:137} INFO - [2026-09-24T18:13:50.968+0000] {dagbag.py:538} INFO - Filling up the DagBag from /home/airflow/.local/lib/python3.7/site-packages/airflow/example_dags/example_branch_python_dop_operator_3.py
[2026-09-24T18:13:51.000+0000] {processor.py:753} INFO - DAG(s) dict_keys(['example_branch_dop_operator_v3']) retrieved from /home/airflow/.local/lib/python3.7/site-packages/airflow/example_dags/example_branch_python_dop_operator_3.py
[2026-09-24T18:13:51.048+0000] {logging_mixin.py:137} INFO - [2026-09-24T18:13:51.048+0000] {dag.py:2676} INFO - Sync 1 DAGs
[2026-09-24T18:13:51.101+0000] {logging_mixin.py:137} INFO - [2026-09-24T18:13:51.100+0000] {dag.py:3427} INFO - Setting next_dagrun for example_branch_dop_operator_v3 to 2026-09-24T18:12:00+00:00, run_after=2026-09-24T18:13:00+00:00
[2026-09-24T18:13:51.140+0000] {processor.py:175} INFO - Processing /home/airflow/.local/lib/python3.7/site-packages/airflow/example_dags/example_branch_python_dop_operator_3.py took 0.179 seconds
