[2026-09-24T18:05:43.894+0000] {processor.py:153} INFO - Started process (PID=76) to work on /home/airflow/.local/lib/python3.7/site-packages/airflow/example_dags/example_datasets.py
[2026-09-24T18:05:43.896+0000] {processor.py:743} INFO - Processing file /home/airflow/.local/lib/python3.7/site-packages/airflow/example_dags/example_datasets.py for tasks to queue
[2026-09-24T18:05:43.898+0000] {logging_mixin.py:137} INFO - [2026-09-24T18:05:43.898+0000] {dagbag.py:538} INFO - Filling up the DagBag from /home/airflow/.local/lib/python3.7/site-packages/airflow/example_dags/example_datasets.py
[2026-09-24T18:05:43.956+0000] {processor.py:753} INFO - DAG(s) dict_keys(['dataset_consumes_1_and_2', 'dataset_consumes_1', 'dataset_consumes_1_never_scheduled', 'dataset_produces_1', 'dataset_produces_2', 'dataset_consumes_unknown_never_scheduled']) retrieved from /home/airflow/.local/lib/python3.7/site-packages/airflow/example_dags/example_datasets.py
[2026-09-24T18:05:44.227+0000] {logging_mixin.py:137} INFO - [2026-09-24T18:05:44.227+0000] {dag.py:2676} INFO - Sync 6 DAGs
[2026-09-24T18:05:44.273+0000] {logging_mixin.py:137} INFO - [2026-09-24T18:05:44.273+0000] {dag.py:3427} INFO - Setting next_dagrun for dataset_consumes_1 to None, run_after=None
[2026-09-24T18:05:44.278+0000] {logging_mixin.py:137} INFO - [2026-09-24T18:05:44.277+0000] {dag.py:3427} INFO - Setting next_dagrun for dataset_consumes_1_and_2 to None, run_after=None
[2026-09-24T18:05:44.280+0000] {logging_mixin.py:137} INFO - [2026-09-24T18:05:44.280+0000] {dag.py:3427} INFO - Setting next_dagrun for dataset_consumes_1_never_scheduled to None, run_after=None
[2026-09-24T18:05:44.283+0000] {logging_mixin.py:137} INFO - [2026-09-24T18:05:44.283+0000] {dag.py:3427} INFO - Setting next_dagrun for dataset_consumes_unknown_never_scheduled to None, run_after=None
[2026-09-24T18:05:44.286+0000] {logging_mixin.py:137} INFO - [2026-09-24T18:05:44.285+0000] {dag.py:3427} INFO - Setting next_dagrun for dataset_produces_1 to 2026-09-23T00:00:00+00:00, run_after=2026-09-24T00:00:00+00:00
[2026-09-24T18:05:44.287+0000] {logging_mixin.py:137} INFO - [2026-09-24T18:05:44.287+0000] {dag.py:3427} INFO - Setting next_dagrun for dataset_produces_2 to None, run_after=None
[2026-09-24T18:05:44.345+0000] {processor.py:175} INFO - Processing /home/airflow/.local/lib/python3.7/site-packages/airflow/example_dags/example_datasets.py took 0.474 seconds
[2026-09-24T18:06:15.221+0000] {processor.py:153} INFO - Started process (PID=154) to work on /home/airflow/.local/lib/python3.7/site-packages/airflow/example_dags/example_datasets.py
[2026-09-24T18:06:15.223+0000] {processor.py:743} INFO - Processing file /home/airflow/.local/lib/python3.7/site-packages/airflow/example_dags/example_datasets.py for tasks to queue
[2026-09-24T18:06:15.224+0000] {logging_mixin.py:137} INFO - [2026-09-24T18:06:15.224+0000] {dagbag.py:538} INFO - Filling up the DagBag from /home/airflow/.local/lib/python3.7/site-packages/airflow/example_dags/example_datasets.py
[2026-09-24T18:06:15.267+0000] {processor.py:753} INFO - DAG(s) dict_keys(['dataset_consumes_1_and_2', 'dataset_consumes_1_never_scheduled', 'dataset_consumes_unknown_never_scheduled', 'dataset_produces_1', 'dataset_produces_2', 'dataset_consumes_1']) retrieved from /home/airflow/.local/lib/python3.7/site-packages/airflow/example_dags/example_datasets.py
[2026-09-24T18:06:15.343+0000] {logging_mixin.py:137} INFO - [2026-09-24T18:06:15.343+0000] {dag.py:2676} INFO - Sync 6 DAGs
[2026-09-24T18:06:15.385+0000] {logging_mixin.py:137} INFO - [2026-09-24T18:06:15.385+0000] {dag.py:3427} INFO - Setting next_dagrun for dataset_consumes_1 to None, run_after=None
[2026-09-24T18:06:15.392+0000] {logging_mixin.py:137} INFO - [2026-09-24T18:06:15.391+0000] {dag.py:3427} INFO - Setting next_dagrun for dataset_consumes_1_and_2 to None, run_after=None
[2026-09-24T18:06:15.394+0000] {logging_mixin.py:137} INFO - [2026-09-24T18:06:15.394+0000] {dag.py:3427} INFO - Setting next_dagrun for dataset_consumes_1_never_scheduled to None, run_after=None
[2026-09-24T18:06:15.395+0000] {logging_mixin.py:137} INFO - [2026-09-24T18:06:15.395+0000] {dag.py:3427} INFO - Setting next_dagrun for dataset_consumes_unknown_never_scheduled to None, run_after=None
[2026-09-24T18:06:15.400+0000] {logging_mixin.py:137} INFO - [2026-09-24T18:06:15.399+0000] {dag.py:3427} INFO - Setting next_dagrun for dataset_produces_1 to 2026-09-23T00:00:00+00:00, run_after=2026-09-24T00:00:00+00:00
[2026-09-24T18:06:15.402+0000] {logging_mixin.py:137} INFO - [2026-09-24T18:06:15.401+0000] {dag.py:3427} INFO - Setting next_dagrun for dataset_produces_2 to None, run_after=None
[2026-09-24T18:06:15.467+0000] {processor.py:175} INFO - Processing /home/airflow/.local/lib/python3.7/site-packages/airflow/example_dags/example_datasets.py took 0.257 seconds
[2026-09-24T18:06:45.668+0000] {processor.py:153} INFO - Started process (PID=242) to work on /home/airflow/.local/lib/python3.7/site-packages/airflow/example_dags/example_datasets.py
[2026-09-24T18:06:45.670+0000] {processor.py:743} INFO - Processing file /home/airflow/.local/lib/python3.7/site-packages/airflow/example_dags/example_datasets.py for tasks to queue
[2026-09-24T18:06:45.671+0000] {logging_mixin.py:137} INFO - [2026-09-24T18:06:45.671+0000] {dagbag.py:538} INFO - Filling up the DagBag from /home/airflow/.local/lib/python3.7/site-packages/airflow/example_dags/example_datasets.py
[2026-09-24T18:06:45.698+0000] {processor.py:753} INFO - DAG(s) dict_keys(['dataset_consumes_1_never_scheduled', 'dataset_produces_1', 'dataset_consumes_1_and_2', 'dataset_consumes_1', 'dataset_consumes_unknown_never_scheduled', 'dataset_produces_2']) retrieved from /home/airflow/.local/lib/python3.7/site-packages/airflow/example_dags/example_datasets.py
[2026-09-24T18:06:45.794+0000] {logging_mixin.py:137} INFO - [2026-09-24T18:06:45.794+0000] {dag.py:2676} INFO - Sync 6 DAGs
[2026-09-24T18:06:45.834+0000] {logging_mixin.py:137} INFO - [2026-09-24T18:06:45.833+0000] {dag.py:3427} INFO - Setting next_dagrun for dataset_consumes_1 to None, run_after=None
[2026-09-24T18:06:45.840+0000] {logging_mixin.py:137} INFO - [2026-09-24T18:06:45.840+0000] {dag.py:3427} INFO - Setting next_dagrun for dataset_consumes_1_and_2 to None, run_after=None
[2026-09-24T18:06:45.842+0000] {logging_mixin.py:137} INFO - [2026-09-24T18:06:45.842+0000] {dag.py:3427} INFO - Setting next_dagrun for dataset_consumes_1_never_scheduled to None, run_after=None
[2026-09-24T18:06:45.844+0000] {logging_mixin.py:137} INFO - [2026-09-24T18:06:45.843+0000] {dag.py:3427} INFO - Setting next_dagrun for dataset_consumes_unknown_never_scheduled to None, run_after=None
[2026-09-24T18:06:45.847+0000] {logging_mixin.py:137} INFO - [2026-09-24T18:06:45.846+0000] {dag.py:3427} INFO - Setting next_dagrun for dataset_produces_1 to 2026-09-23T00:00:00+00:00, run_after=2026-09-24T00:00:00+00:00
[2026-09-24T18:06:45.849+0000] {logging_mixin.py:137} INFO - [2026-09-24T18:06:45.848+0000] {dag.py:3427} INFO - Setting next_dagrun for dataset_produces_2 to None, run_after=None
[2026-09-24T18:06:45.912+0000] {processor.py:175} INFO - Processing /home/airflow/.local/lib/python3.7/site-packages/airflow/example_dags/example_datasets.py took 0.251 seconds
[2026-09-24T18:07:16.151+0000] {processor.py:153} INFO - Started process (PID=330) to work on /home/airflow/.local/lib/python3.7/site-packages/airflow/example_dags/example_datasets.py
[2026-09-24T18:07:16.152+0000] {processor.py:743} INFO - Processing file /home/airflow/.local/lib/python3.7/site-packages/airflow/example_dags/example_datasets.py for tasks to queue
[2026-09-24T18:07:16.153+0000] {logging_mixin.py:137} INFO - [2026-09-24T18:07:16.153+0000] {dagbag.py:538} INFO - Filling up the DagBag from /home/airflow/.local/lib/python3.7/site-packages/airflow/example_dags/example_datasets.py
[2026-09-24T18:07:16.170+0000] {processor.py:753} INFO - DAG(s) dict_keys(['dataset_consumes_1', 'dataset_consumes_1_and_2', 'dataset_consumes_unknown_never_scheduled', 'dataset_produces_2', 'dataset_produces_1', 'dataset_consumes_1_never_scheduled']) retrieved from /home/airflow/.local/lib/python3.7/site-packages/airflow/example_dags/example_datasets.py
[2026-09-24T18:07:16.229+0000] {logging_mixin.py:137} INFO - [2026-09-24T18:07:16.229+0000] {dag.py:2676} INFO - Sync 6 DAGs
[2026-09-24T18:07:16.256+0000] {logging_mixin.py:137} INFO - [2026-09-24T18:07:16.256+0000] {dag.py:3427} INFO - Setting next_dagrun for dataset_consumes_1 to None, run_after=None
[2026-09-24T18:07:16.259+0000] {logging_mixin.py:137} INFO - [2026-09-24T18:07:16.259+0000] {dag.py:3427} INFO - Setting next_dagrun for dataset_consumes_1_and_2 to None, run_after=None
[2026-09-24T18:07:16.260+0000] {logging_mixin.py:137} INFO - [2026-09-24T18:07:16.260+0000] {dag.py:3427} INFO - Setting next_dagrun for dataset_consumes_1_never_scheduled to None, run_after=None
[2026-09-24T18:07:16.262+0000] {logging_mixin.py:137} INFO - [2026-09-24T18:07:16.261+0000] {dag.py:3427} INFO - Setting next_dagrun for dataset_consumes_unknown_never_scheduled to None, run_after=None
[2026-09-24T18:07:16.264+0000] {logging_mixin.py:137} INFO - [2026-09-24T18:07:16.264+0000] {dag.py:3427} INFO - Setting next_dagrun for dataset_produces_1 to 2026-09-23T00:00:00+00:00, run_after=2026-09-24T00:00:00+00:00
[2026-09-24T18:07:16.265+0000] {logging_mixin.py:137} INFO - [2026-09-24T18:07:16.265+0000] {dag.py:3427} INFO - Setting next_dagrun for dataset_produces_2 to None, run_after=None
[2026-09-24T18:07:16.306+0000] {processor.py:175} INFO - Processing /home/airflow/.local/lib/python3.7/site-packages/airflow/example_dags/example_datasets.py took 0.161 seconds
[2026-09-24T18:07:46.800+0000] {processor.py:153} INFO - Started process (PID=408) to work on /home/airflow/.local/lib/python3.7/site-packages/airflow/example_dags/example_datasets.py
[2026-09-24T18:07:46.802+0000] {processor.py:743} INFO - Processing file /home/airflow/.local/lib/python3.7/site-packages/airflow/example_dags/example_datasets.py for tasks to queue
[2026-09-24T18:07:46.802+0000] {logging_mixin.py:137} INFO - [2026-09-24T18:07:46.802+0000] {dagbag.py:538} INFO - Filling up the DagBag from /home/airflow/.local/lib/python3.7/site-packages/airflow/example_dags/example_datasets.py
[2026-09-24T18:07:46.825+0000] {processor.py:753} INFO - DAG(s) dict_keys(['dataset_consumes_unknown_never_scheduled', 'dataset_consumes_1_never_scheduled', 'dataset_produces_2', 'dataset_consumes_1', 'dataset_produces_1', 'dataset_consumes_1_and_2']) retrieved from /home/airflow/.local/lib/python3.7/site-packages/airflow/example_dags/example_datasets.py
[2026-09-24T18:07:46.878+0000] {logging_mixin.py:137} INFO - [2026-09-24T18:07:46.878+0000] {dag.py:2676} INFO - Sync 6 DAGs
[2026-09-24T18:07:46.903+0000] {logging_mixin.py:137} INFO - [2026-09-24T18:07:46.903+0000] {dag.py:3427} INFO - Setting next_dagrun for dataset_consumes_1 to None, run_after=None
[2026-09-24T18:07:46.908+0000] {logging_mixin.py:137} INFO - [2026-09-24T18:07:46.907+0000] {dag.py:3427} INFO - Setting next_dagrun for dataset_consumes_1_and_2 to None, run_after=None
[2026-09-24T18:07:46.909+0000] {logging_mixin.py:137} INFO - [2026-09-24T18:07:46.909+0000] {dag.py:3427} INFO - Setting next_dagrun for dataset_consumes_1_never_scheduled to None, run_after=None
[2026-09-24T18:07:46.910+0000] {logging_mixin.py:137} INFO - [2026-09-24T18:07:46.910+0000] {dag.py:3427} INFO - Setting next_dagrun for dataset_consumes_unknown_never_scheduled to None, run_after=None
[2026-09-24T18:07:46.913+0000] {logging_mixin.py:137} INFO - [2026-09-24T18:07:46.913+0000] {dag.py:3427} INFO - Setting next_dagrun for dataset_produces_1 to 2026-09-23T00:00:00+00:00, run_after=2026-09-24T00:00:00+00:00
[2026-09-24T18:07:46.914+0000] {logging_mixin.py:137} INFO - [2026-09-24T18:07:46.914+0000] {dag.py:3427} INFO - Setting next_dagrun for dataset_produces_2 to None, run_after=None
[2026-09-24T18:07:46.955+0000] {processor.py:175} INFO - Processing /home/airflow/.local/lib/python3.7/site-packages/airflow/example_dags/example_datasets.py took 0.158 seconds
[2026-09-24T18:08:17.093+0000] {processor.py:153} INFO - Started process (PID=507) to work on /home/airflow/.local/lib/python3.7/site-packages/airflow/example_dags/example_datasets.py
[2026-09-24T18:08:17.093+0000] {processor.py:743} INFO - Processing file /home/airflow/.local/lib/python3.7/site-packages/airflow/example_dags/example_datasets.py for tasks to queue
[2026-09-24T18:08:17.094+0000] {logging_mixin.py:137} INFO - [2026-09-24T18:08:17.094+0000] {dagbag.py:538} INFO - Filling up the DagBag from /home/airflow/.local/lib/python3.7/site-packages/airflow/example_dags/example_datasets.py
[2026-09-24T18:08:17.113+0000] {processor.py:753} INFO - DAG(s) dict_keys(['dataset_consumes_1', 'dataset_consumes_unknown_never_scheduled', 'dataset_produces_2', 'dataset_produces_1', 'dataset_consumes_1_and_2', 'dataset_consumes_1_never_scheduled']) retrieved from /home/airflow/.local/lib/python3.7/site-packages/airflow/example_dags/example_datasets.py
[2026-09-24T18:08:17.166+0000] {logging_mixin.py:137} INFO - [2026-09-24T18:08:17.166+0000] {dag.py:2676} INFO - Sync 6 DAGs
[2026-09-24T18:08:17.193+0000] {logging_mixin.py:137} INFO - [2026-09-24T18:08:17.193+0000] {dag.py:3427} INFO - Setting next_dagrun for dataset_consumes_1 to None, run_after=None
[2026-09-24T18:08:17.197+0000] {logging_mixin.py:137} INFO - [2026-09-24T18:08:17.197+0000] {dag.py:3427} INFO - Setting next_dagrun for dataset_consumes_1_and_2 to None, run_after=None
[2026-09-24T18:08:17.198+0000] {logging_mixin.py:137} INFO - [2026-09-24T18:08:17.198+0000] {dag.py:3427} INFO - Setting next_dagrun for dataset_consumes_1_never_scheduled to None, run_after=None
[2026-09-24T18:08:17.199+0000] {logging_mixin.py:137} INFO - [2026-09-24T18:08:17.199+0000] {dag.py:3427} INFO - Setting next_dagrun for dataset_consumes_unknown_never_scheduled to None, run_after=None
[2026-09-24T18:08:17.201+0000] {logging_mixin.py:137} INFO - [2026-09-24T18:08:17.201+0000] {dag.py:3427} INFO - Setting next_dagrun for dataset_produces_1 to 2026-09-23T00:00:00+00:00, run_after=2026-09-24T00:00:00+00:00
[2026-09-24T18:08:17.202+0000] {logging_mixin.py:137} INFO - [2026-09-24T18:08:17.202+0000] {dag.py:3427} INFO - Setting next_dagrun for dataset_produces_2 to None, run_after=None
[2026-09-24T18:08:17.237+0000] {processor.py:175} INFO - Processing /home/airflow/.local/lib/python3.7/site-packages/airflow/example_dags/example_datasets.py took 0.148 seconds
[2026-09-24T18:08:47.904+0000] {processor.py:153} INFO - Started process (PID=584) to work on /home/airflow/.local/lib/python3.7/site-packages/airflow/example_dags/example_datasets.py
[2026-09-24T18:08:47.905+0000] {processor.py:743} INFO - Processing file /home/airflow/.local/lib/python3.7/site-packages/airflow/example_dags/example_datasets.py for tasks to queue
[2026-09-24T18:08:47.906+0000] {logging_mixin.py:137} INFO - [2026-09-24T18:08:47.906+0000] {dagbag.py:538} INFO - Filling up the DagBag from /home/airflow/.local/lib/python3.7/site-packages/airflow/example_dags/example_datasets.py
[2026-09-24T18:08:47.929+0000] {processor.py:753} INFO - DAG(s) dict_keys(['dataset_consumes_1_and_2', 'dataset_consumes_unknown_never_scheduled', 'dataset_consumes_1', 'dataset_consumes_1_never_scheduled', 'dataset_produces_1', 'dataset_produces_2']) retrieved from /home/airflow/.local/lib/python3.7/site-packages/airflow/example_dags/example_datasets.py
[2026-09-24T18:08:48.017+0000] {logging_mixin.py:137} INFO - [2026-09-24T18:08:48.017+0000] {dag.py:2676} INFO - Sync 6 DAGs
[2026-09-24T18:08:48.048+0000] {logging_mixin.py:137} INFO - [2026-09-24T18:08:48.047+0000] {dag.py:3427} INFO - Setting next_dagrun for dataset_consumes_1 to None, run_after=None
[2026-09-24T18:08:48.052+0000] {logging_mixin.py:137} INFO - [2026-09-24T18:08:48.052+0000] {dag.py:3427} INFO - Setting next_dagrun for dataset_consumes_1_and_2 to None, run_after=None
[2026-09-24T18:08:48.053+0000] {logging_mixin.py:137} INFO - [2026-09-24T18:08:48.053+0000] {dag.py:3427} INFO - Setting next_dagrun for dataset_consumes_1_never_scheduled to None, run_after=None
[2026-09-24T18:08:48.055+0000] {logging_mixin.py:137} INFO - [2026-09-24T18:08:48.054+0000] {dag.py:3427} INFO - Setting next_dagrun for dataset_consumes_unknown_never_scheduled to None, run_after=None
[2026-09-24T18:08:48.057+0000] {logging_mixin.py:137} INFO - [2026-09-24T18:08:48.057+0000] {dag.py:3427} INFO - Setting next_dagrun for dataset_produces_1 to 2026-09-23T00:00:00+00:00, run_after=2026-09-24T00:00:00+00:00
[2026-09-24T18:08:48.058+0000] {logging_mixin.py:137} INFO - [2026-09-24T18:08:48.058+0000] {dag.py:3427} INFO - Setting next_dagrun for dataset_produces_2 to None, run_after=None
[2026-09-24T18:08:48.102+0000] {processor.py:175} INFO - Processing /home/airflow/.local/lib/python3.7/site-packages/airflow/example_dags/example_datasets.py took 0.201 seconds
[2026-09-24T18:09:18.461+0000] {processor.py:153} INFO - Started process (PID=682) to work on /home/airflow/.local/lib/python3.7/site-packages/airflow/example_dags/example_datasets.py
[2026-09-24T18:09:18.462+0000] {processor.py:743} INFO - Processing file /home/airflow/.local/lib/python3.7/site-packages/airflow/example_dags/example_datasets.py for tasks to queue
[2026-09-24T18:09:18.463+0000] {logging_mixin.py:137} INFO - [2026-09-24T18:09:18.463+0000] {dagbag.py:538} INFO - Filling up the DagBag from /home/airflow/.local/lib/python3.7/site-packages/airflow/example_dags/example_datasets.py
[2026-09-24T18:09:18.487+0000] {processor.py:753} INFO - DAG(s) dict_keys(['dataset_consumes_1_and_2', 'dataset_produces_2', 'dataset_consumes_unknown_never_scheduled', 'dataset_consumes_1_never_scheduled', 'dataset_consumes_1', 'dataset_produces_1']) retrieved from /home/airflow/.local/lib/python3.7/site-packages/airflow/example_dags/example_datasets.py
[2026-09-24T18:09:18.579+0000] {logging_mixin.py:137} INFO - [2026-09-24T18:09:18.579+0000] {dag.py:2676} INFO - Sync 6 DAGs
[2026-09-24T18:09:18.618+0000] {logging_mixin.py:137} INFO - [2026-09-24T18:09:18.618+0000] {dag.py:3427} INFO - Setting next_dagrun for dataset_consumes_1 to None, run_after=None
[2026-09-24T18:09:18.624+0000] {logging_mixin.py:137} INFO - [2026-09-24T18:09:18.623+0000] {dag.py:3427} INFO - Setting next_dagrun for dataset_consumes_1_and_2 to None, run_after=None
[2026-09-24T18:09:18.628+0000] {logging_mixin.py:137} INFO - [2026-09-24T18:09:18.628+0000] {dag.py:3427} INFO - Setting next_dagrun for dataset_consumes_1_never_scheduled to None, run_after=None
[2026-09-24T18:09:18.633+0000] {logging_mixin.py:137} INFO - [2026-09-24T18:09:18.632+0000] {dag.py:3427} INFO - Setting next_dagrun for dataset_consumes_unknown_never_scheduled to None, run_after=None
[2026-09-24T18:09:18.639+0000] {logging_mixin.py:137} INFO - [2026-09-24T18:09:18.639+0000] {dag.py:3427} INFO - Setting next_dagrun for dataset_produces_1 to 2026-09-23T00:00:00+00:00, run_after=2026-09-24T00:00:00+00:00
[2026-09-24T18:09:18.641+0000] {logging_mixin.py:137} INFO - [2026-09-24T18:09:18.641+0000] {dag.py:3427} INFO - Setting next_dagrun for dataset_produces_2 to None, run_after=None
[2026-09-24T18:09:18.725+0000] {processor.py:175} INFO - Processing /home/airflow/.local/lib/python3.7/site-packages/airflow/example_dags/example_datasets.py took 0.267 seconds
[2026-09-24T18:09:49.672+0000] {processor.py:153} INFO - Started process (PID=761) to work on /home/airflow/.local/lib/python3.7/site-packages/airflow/example_dags/example_datasets.py
[2026-09-24T18:09:49.676+0000] {processor.py:743} INFO - Processing file /home/airflow/.local/lib/python3.7/site-packages/airflow/example_dags/example_datasets.py for tasks to queue
[2026-09-24T18:09:49.677+0000] {logging_mixin.py:137} INFO - [2026-09-24T18:09:49.677+0000] {dagbag.py:538} INFO - Filling up the DagBag from /home/airflow/.local/lib/python3.7/site-packages/airflow/example_dags/example_datasets.py
[2026-09-24T18:09:49.709+0000] {processor.py:753} INFO - DAG(s) dict_keys(['dataset_consumes_1_never_scheduled', 'dataset_produces_1', 'dataset_consumes_1_and_2', 'dataset_consumes_unknown_never_scheduled', 'dataset_consumes_1', 'dataset_produces_2']) retrieved from /home/airflow/.local/lib/python3.7/site-packages/airflow/example_dags/example_datasets.py
[2026-09-24T18:09:49.813+0000] {logging_mixin.py:137} INFO - [2026-09-24T18:09:49.813+0000] {dag.py:2676} INFO - Sync 6 DAGs
[2026-09-24T18:09:49.860+0000] {logging_mixin.py:137} INFO - [2026-09-24T18:09:49.860+0000] {dag.py:3427} INFO - Setting next_dagrun for dataset_consumes_1 to None, run_after=None
[2026-09-24T18:09:49.867+0000] {logging_mixin.py:137} INFO - [2026-09-24T18:09:49.866+0000] {dag.py:3427} INFO - Setting next_dagrun for dataset_consumes_1_and_2 to None, run_after=None
[2026-09-24T18:09:49.869+0000] {logging_mixin.py:137} INFO - [2026-09-24T18:09:49.869+0000] {dag.py:3427} INFO - Setting next_dagrun for dataset_consumes_1_never_scheduled to None, run_after=None
[2026-09-24T18:09:49.871+0000] {logging_mixin.py:137} INFO - [2026-09-24T18:09:49.871+0000] {dag.py:3427} INFO - Setting next_dagrun for dataset_consumes_unknown_never_scheduled to None, run_after=None
[2026-09-24T18:09:49.874+0000] {logging_mixin.py:137} INFO - [2026-09-24T18:09:49.874+0000] {dag.py:3427} INFO - Setting next_dagrun for dataset_produces_1 to 2026-09-23T00:00:00+00:00, run_after=2026-09-24T00:00:00+00:00
[2026-09-24T18:09:49.876+0000] {logging_mixin.py:137} INFO - [2026-09-24T18:09:49.876+0000] {dag.py:3427} INFO - Setting next_dagrun for dataset_produces_2 to None, run_after=None
[2026-09-24T18:09:50.033+0000] {processor.py:175} INFO - Processing /home/airflow/.local/lib/python3.7/site-packages/airflow/example_dags/example_datasets.py took 0.370 seconds
[2026-09-24T18:10:20.222+0000] {processor.py:153} INFO - Started process (PID=839) to work on /home/airflow/.local/lib/python3.7/site-packages/airflow/example_dags/example_datasets.py
[2026-09-24T18:10:20.223+0000] {processor.py:743} INFO - Processing file /home/airflow/.local/lib/python3.7/site-packages/airflow/example_dags/example_datasets.py for tasks to queue
[2026-09-24T18:10:20.223+0000] {logging_mixin.py:137} INFO - [2026-09-24T18:10:20.223+0000] {dagbag.py:538} INFO - Filling up the DagBag from /home/airflow/.local/lib/python3.7/site-packages/airflow/example_dags/example_datasets.py
[2026-09-24T18:10:20.239+0000] {processor.py:753} INFO - DAG(s) dict_keys(['dataset_produces_1', 'dataset_consumes_1_and_2', 'dataset_consumes_1_never_scheduled', 'dataset_produces_2', 'dataset_consumes_unknown_never_scheduled', 'dataset_consumes_1']) retrieved from /home/airflow/.local/lib/python3.7/site-packages/airflow/example_dags/example_datasets.py
[2026-09-24T18:10:20.293+0000] {logging_mixin.py:137} INFO - [2026-09-24T18:10:20.293+0000] {dag.py:2676} INFO - Sync 6 DAGs
[2026-09-24T18:10:20.332+0000] {logging_mixin.py:137} INFO - [2026-09-24T18:10:20.332+0000] {dag.py:3427} INFO - Setting next_dagrun for dataset_consumes_1 to None, run_after=None
[2026-09-24T18:10:20.336+0000] {logging_mixin.py:137} INFO - [2026-09-24T18:10:20.336+0000] {dag.py:3427} INFO - Setting next_dagrun for dataset_consumes_1_and_2 to None, run_after=None
[2026-09-24T18:10:20.337+0000] {logging_mixin.py:137} INFO - [2026-09-24T18:10:20.337+0000] {dag.py:3427} INFO - Setting next_dagrun for dataset_consumes_1_never_scheduled to None, run_after=None
[2026-09-24T18:10:20.339+0000] {logging_mixin.py:137} INFO - [2026-09-24T18:10:20.339+0000] {dag.py:3427} INFO - Setting next_dagrun for dataset_consumes_unknown_never_scheduled to None, run_after=None
[2026-09-24T18:10:20.342+0000] {logging_mixin.py:137} INFO - [2026-09-24T18:10:20.342+0000] {dag.py:3427} INFO - Setting next_dagrun for dataset_produces_1 to 2026-09-23T00:00:00+00:00, run_after=2026-09-24T00:00:00+00:00
[2026-09-24T18:10:20.344+0000] {logging_mixin.py:137} INFO - [2026-09-24T18:10:20.344+0000] {dag.py:3427} INFO - Setting next_dagrun for dataset_produces_2 to None, run_after=None
[2026-09-24T18:10:20.399+0000] {processor.py:175} INFO - Processing /home/airflow/.local/lib/python3.7/site-packages/airflow/example_dags/example_datasets.py took 0.180 seconds
[2026-09-24T18:10:50.879+0000] {processor.py:153} INFO - Started process (PID=937) to work on /home/airflow/.local/lib/python3.7/site-packages/airflow/example_dags/example_datasets.py
[2026-09-24T18:10:50.880+0000] {processor.py:743} INFO - Processing file /home/airflow/.local/lib/python3.7/site-packages/airflow/example_dags/example_datasets.py for tasks to queue
[2026-09-24T18:10:50.881+0000] {logging_mixin.py:137} INFO - [2026-09-24T18:10:50.881+0000] {dagbag.py:538} INFO - Filling up the DagBag from /home/airflow/.local/lib/python3.7/site-packages/airflow/example_dags/example_datasets.py
[2026-09-24T18:10:50.903+0000] {processor.py:753} INFO - DAG(s) dict_keys(['dataset_consumes_1_and_2', 'dataset_consumes_1', 'dataset_consumes_unknown_never_scheduled', 'dataset_consumes_1_never_scheduled', 'dataset_produces_2', 'dataset_produces_1']) retrieved from /home/airflow/.local/lib/python3.7/site-packages/airflow/example_dags/example_datasets.py
[2026-09-24T18:10:50.976+0000] {logging_mixin.py:137} INFO - [2026-09-24T18:10:50.975+0000] {dag.py:2676} INFO - Sync 6 DAGs
[2026-09-24T18:10:51.012+0000] {logging_mixin.py:137} INFO - [2026-09-24T18:10:51.012+0000] {dag.py:3427} INFO - Setting next_dagrun for dataset_consumes_1 to None, run_after=None
[2026-09-24T18:10:51.017+0000] {logging_mixin.py:137} INFO - [2026-09-24T18:10:51.017+0000] {dag.py:3427} INFO - Setting next_dagrun for dataset_consumes_1_and_2 to None, run_after=None
[2026-09-24T18:10:51.019+0000] {logging_mixin.py:137} INFO - [2026-09-24T18:10:51.019+0000] {dag.py:3427} INFO - Setting next_dagrun for dataset_consumes_1_never_scheduled to None, run_after=None
[2026-09-24T18:10:51.021+0000] {logging_mixin.py:137} INFO - [2026-09-24T18:10:51.021+0000] {dag.py:3427} INFO - Setting next_dagrun for dataset_consumes_unknown_never_scheduled to None, run_after=None
[2026-09-24T18:10:51.024+0000] {logging_mixin.py:137} INFO - [2026-09-24T18:10:51.024+0000] {dag.py:3427} INFO - Setting next_dagrun for dataset_produces_1 to 2026-09-23T00:00:00+00:00, run_after=2026-09-24T00:00:00+00:00
[2026-09-24T18:10:51.025+0000] {logging_mixin.py:137} INFO - [2026-09-24T18:10:51.025+0000] {dag.py:3427} INFO - Setting next_dagrun for dataset_produces_2 to None, run_after=None
[2026-09-24T18:10:51.083+0000] {processor.py:175} INFO - Processing /home/airflow/.local/lib/python3.7/site-packages/airflow/example_dags/example_datasets.py took 0.209 seconds
[2026-09-24T18:11:21.230+0000] {processor.py:153} INFO - Started process (PID=1015) to work on /home/airflow/.local/lib/python3.7/site-packages/airflow/example_dags/example_datasets.py
[2026-09-24T18:11:21.231+0000] {processor.py:743} INFO - Processing file /home/airflow/.local/lib/python3.7/site-packages/airflow/example_dags/example_datasets.py for tasks to queue
[2026-09-24T18:11:21.232+0000] {logging_mixin.py:137} INFO - [2026-09-24T18:11:21.231+0000] {dagbag.py:538} INFO - Filling up the DagBag from /home/airflow/.local/lib/python3.7/site-packages/airflow/example_dags/example_datasets.py
[2026-09-24T18:11:21.250+0000] {processor.py:753} INFO - DAG(s) dict_keys(['dataset_produces_2', 'dataset_consumes_1_and_2', 'dataset_consumes_1', 'dataset_produces_1', 'dataset_consumes_1_never_scheduled', 'dataset_consumes_unknown_never_scheduled']) retrieved from /home/airflow/.local/lib/python3.7/site-packages/airflow/example_dags/example_datasets.py
[2026-09-24T18:11:21.311+0000] {logging_mixin.py:137} INFO - [2026-09-24T18:11:21.310+0000] {dag.py:2676} INFO - Sync 6 DAGs
[2026-09-24T18:11:21.340+0000] {logging_mixin.py:137} INFO - [2026-09-24T18:11:21.340+0000] {dag.py:3427} INFO - Setting next_dagrun for dataset_consumes_1 to None, run_after=None
[2026-09-24T18:11:21.345+0000] {logging_mixin.py:137} INFO - [2026-09-24T18:11:21.345+0000] {dag.py:3427} INFO - Setting next_dagrun for dataset_consumes_1_and_2 to None, run_after=None
[2026-09-24T18:11:21.348+0000] {logging_mixin.py:137} INFO - [2026-09-24T18:11:21.348+0000] {dag.py:3427} INFO - Setting next_dagrun for dataset_consumes_1_never_scheduled to None, run_after=None
[2026-09-24T18:11:21.349+0000] {logging_mixin.py:137} INFO - [2026-09-24T18:11:21.349+0000] {dag.py:3427} INFO - Setting next_dagrun for dataset_consumes_unknown_never_scheduled to None, run_after=None
[2026-09-24T18:11:21.353+0000] {logging_mixin.py:137} INFO - [2026-09-24T18:11:21.353+0000] {dag.py:3427} INFO - Setting next_dagrun for dataset_produces_1 to 2026-09-23T00:00:00+00:00, run_after=2026-09-24T00:00:00+00:00
[2026-09-24T18:11:21.355+0000] {logging_mixin.py:137} INFO - [2026-09-24T18:11:21.354+0000] {dag.py:3427} INFO - Setting next_dagrun for dataset_produces_2 to None, run_after=None
[2026-09-24T18:11:21.395+0000] {processor.py:175} INFO - Processing /home/airflow/.local/lib/python3.7/site-packages/airflow/example_dags/example_datasets.py took 0.169 seconds
[2026-09-24T18:11:52.260+0000] {processor.py:153} INFO - Started process (PID=1113) to work on /home/airflow/.local/lib/python3.7/site-packages/airflow/example_dags/example_datasets.py
[2026-09-24T18:11:52.262+0000] {processor.py:743} INFO - Processing file /home/airflow/.local/lib/python3.7/site-packages/airflow/example_dags/example_datasets.py for tasks to queue
[2026-09-24T18:11:52.263+0000] {logging_mixin.py:137} INFO - [2026-09-24T18:11:52.263+0000] {dagbag.py:538} INFO - Filling up the DagBag from /home/airflow/.local/lib/python3.7/site-packages/airflow/example_dags/example_datasets.py
[2026-09-24T18:11:52.293+0000] {processor.py:753} INFO - DAG(s) dict_keys(['dataset_consumes_1_never_scheduled', 'dataset_produces_2', 'dataset_consumes_unknown_never_scheduled', 'dataset_consumes_1_and_2', 'dataset_consumes_1', 'dataset_produces_1']) retrieved from /home/airflow/.local/lib/python3.7/site-packages/airflow/example_dags/example_datasets.py
[2026-09-24T18:11:52.413+0000] {logging_mixin.py:137} INFO - [2026-09-24T18:11:52.412+0000] {dag.py:2676} INFO - Sync 6 DAGs
[2026-09-24T18:11:52.462+0000] {logging_mixin.py:137} INFO - [2026-09-24T18:11:52.462+0000] {dag.py:3427} INFO - Setting next_dagrun for dataset_consumes_1 to None, run_after=None
[2026-09-24T18:11:52.470+0000] {logging_mixin.py:137} INFO - [2026-09-24T18:11:52.470+0000] {dag.py:3427} INFO - Setting next_dagrun for dataset_consumes_1_and_2 to None, run_after=None
[2026-09-24T18:11:52.473+0000] {logging_mixin.py:137} INFO - [2026-09-24T18:11:52.473+0000] {dag.py:3427} INFO - Setting next_dagrun for dataset_consumes_1_never_scheduled to None, run_after=None
[2026-09-24T18:11:52.476+0000] {logging_mixin.py:137} INFO - [2026-09-24T18:11:52.476+0000] {dag.py:3427} INFO - Setting next_dagrun for dataset_consumes_unknown_never_scheduled to None, run_after=None
[2026-09-24T18:11:52.483+0000] {logging_mixin.py:137} INFO - [2026-09-24T18:11:52.483+0000] {dag.py:3427} INFO - Setting next_dagrun for dataset_produces_1 to 2026-09-23T00:00:00+00:00, run_after=2026-09-24T00:00:00+00:00
[2026-09-24T18:11:52.486+0000] {logging_mixin.py:137} INFO - [2026-09-24T18:11:52.486+0000] {dag.py:3427} INFO - Setting next_dagrun for dataset_produces_2 to None, run_after=None
[2026-09-24T18:11:52.560+0000] {processor.py:175} INFO - Processing /home/airflow/.local/lib/python3.7/site-packages/airflow/example_dags/example_datasets.py took 0.305 seconds
[2026-09-24T18:12:22.725+0000] {processor.py:153} INFO - Started process (PID=1191) to work on /home/airflow/.local/lib/python3.7/site-packages/airflow/example_dags/example_datasets.py
[2026-09-24T18:12:22.726+0000] {processor.py:743} INFO - Processing file /home/airflow/.local/lib/python3.7/site-packages/airflow/example_dags/example_datasets.py for tasks to queue
[2026-09-24T18:12:22.727+0000] {logging_mixin.py:137} INFO - [2026-09-24T18:12:22.726+0000] {dagbag.py:538} INFO - Filling up the DagBag from /home/airflow/.local/lib/python3.7/site-packages/airflow/example_dags/example_datasets.py
[2026-09-24T18:12:22.748+0000] {processor.py:753} INFO - DAG(s) dict_keys(['dataset_produces_2', 'dataset_consumes_1_never_scheduled', 'dataset_consumes_unknown_never_scheduled', 'dataset_consumes_1', 'dataset_produces_1', 'dataset_consumes_1_and_2']) retrieved from /home/airflow/.local/lib/python3.7/site-packages/airflow/example_dags/example_datasets.py
[2026-09-24T18:12:22.831+0000] {logging_mixin.py:137} INFO - [2026-09-24T18:12:22.831+0000] {dag.py:2676} INFO - Sync 6 DAGs
[2026-09-24T18:12:22.868+0000] {logging_mixin.py:137} INFO - [2026-09-24T18:12:22.867+0000] {dag.py:3427} INFO - Setting next_dagrun for dataset_consumes_1 to None, run_after=None
[2026-09-24T18:12:22.872+0000] {logging_mixin.py:137} INFO - [2026-09-24T18:12:22.872+0000] {dag.py:3427} INFO - Setting next_dagrun for dataset_consumes_1_and_2 to None, run_after=None
[2026-09-24T18:12:22.874+0000] {logging_mixin.py:137} INFO - [2026-09-24T18:12:22.874+0000] {dag.py:3427} INFO - Setting next_dagrun for dataset_consumes_1_never_scheduled to None, run_after=None
[2026-09-24T18:12:22.876+0000] {logging_mixin.py:137} INFO - [2026-09-24T18:12:22.876+0000] {dag.py:3427} INFO - Setting next_dagrun for dataset_consumes_unknown_never_scheduled to None, run_after=None
[2026-09-24T18:12:22.879+0000] {logging_mixin.py:137} INFO - [2026-09-24T18:12:22.879+0000] {dag.py:3427} INFO - Setting next_dagrun for dataset_produces_1 to 2026-09-23T00:00:00+00:00, run_after=2026-09-24T00:00:00+00:00
[2026-09-24T18:12:22.881+0000] {logging_mixin.py:137} INFO - [2026-09-24T18:12:22.881+0000] {dag.py:3427} INFO - Setting next_dagrun for dataset_produces_2 to None, run_after=None
[2026-09-24T18:12:22.932+0000] {processor.py:175} INFO - Processing /home/airflow/.local/lib/python3.7/site-packages/airflow/example_dags/example_datasets.py took 0.215 seconds
[2026-09-24T18:12:53.062+0000] {processor.py:153} INFO - Started process (PID=1269) to work on /home/airflow/.local/lib/python3.7/site-packages/airflow/example_dags/example_datasets.py
[2026-09-24T18:12:53.063+0000] {processor.py:743} INFO - Processing file /home/airflow/.local/lib/python3.7/site-packages/airflow/example_dags/example_datasets.py for tasks to queue
[2026-09-24T18:12:53.065+0000] {logging_mixin.py:137} INFO - [2026-09-24T18:12:53.065+0000] {dagbag.py:538} INFO - Filling up the DagBag from /home/airflow/.local/lib/python3.7/site-packages/airflow/example_dags/example_datasets.py
[2026-09-24T18:12:53.092+0000] {processor.py:753} INFO - DAG(s) dict_keys(['dataset_consumes_1', 'dataset_produces_1', 'dataset_consumes_1_and_2', 'dataset_consumes_unknown_never_scheduled', 'dataset_produces_2', 'dataset_consumes_1_never_scheduled']) retrieved from /home/airflow/.local/lib/python3.7/site-packages/airflow/example_dags/example_datasets.py
[2026-09-24T18:12:53.180+0000] {logging_mixin.py:137} INFO - [2026-09-24T18:12:53.180+0000] {dag.py:2676} INFO - Sync 6 DAGs
[2026-09-24T18:12:53.215+0000] {logging_mixin.py:137} INFO - [2026-09-24T18:12:53.215+0000] {dag.py:3427} INFO - Setting next_dagrun for dataset_consumes_1 to None, run_after=None
[2026-09-24T18:12:53.219+0000] {logging_mixin.py:137} INFO - [2026-09-24T18:12:53.219+0000] {dag.py:3427} INFO - Setting next_dagrun for dataset_consumes_1_and_2 to None, run_after=None
[2026-09-24T18:12:53.222+0000] {logging_mixin.py:137} INFO - [2026-09-24T18:12:53.222+0000] {dag.py:3427} INFO - Setting next_dagrun for dataset_consumes_1_never_scheduled to None, run_after=None
[2026-09-24T18:12:53.224+0000] {logging_mixin.py:137} INFO - [2026-09-24T18:12:53.224+0000] {dag.py:3427} INFO - Setting next_dagrun for dataset_consumes_unknown_never_scheduled to None, run_after=None
[2026-09-24T18:12:53.227+0000] {logging_mixin.py:137} INFO - [2026-09-24T18:12:53.227+0000] {dag.py:3427} INFO - Setting next_dagrun for dataset_produces_1 to 2026-09-23T00:00:00+00:00, run_after=2026-09-24T00:00:00+00:00
[2026-09-24T18:12:53.229+0000] {logging_mixin.py:137} INFO - [2026-09-24T18:12:53.229+0000] {dag.py:3427} INFO - Setting next_dagrun for dataset_produces_2 to None, run_after=None
[2026-09-24T18:12:53.287+0000] {processor.py:175} INFO - Processing /home/airflow/.local/lib/python3.7/site-packages/airflow/example_dags/example_datasets.py took 0.228 seconds
[2026-09-24T18:13:23.887+0000] {processor.py:153} INFO - Started process (PID=1367) to work on /home/airflow/.local/lib/python3.7/site-packages/airflow/example_dags/example_datasets.py
[2026-09-24T18:13:23.889+0000] {processor.py:743} INFO - Processing file /home/airflow/.local/lib/python3.7/site-packages/airflow/example_dags/example_datasets.py for tasks to queue
[2026-09-24T18:13:23.890+0000] {logging_mixin.py:137} INFO - [2026-09-24T18:13:23.890+0000] {dagbag.py:538} INFO - Filling up the DagBag from /home/airflow/.local/lib/python3.7/site-packages/airflow/example_dags/example_datasets.py
[2026-09-24T18:13:23.919+0000] {processor.py:753} INFO - DAG(s) dict_keys(['dataset_produces_2', 'dataset_produces_1', 'dataset_consumes_1', 'dataset_consumes_1_never_scheduled', 'dataset_consumes_unknown_never_scheduled', 'dataset_consumes_1_and_2']) retrieved from /home/airflow/.local/lib/python3.7/site-packages/airflow/example_dags/example_datasets.py
[2026-09-24T18:13:24.154+0000] {logging_mixin.py:137} INFO - [2026-09-24T18:13:24.153+0000] {dag.py:2676} INFO - Sync 6 DAGs
[2026-09-24T18:13:24.201+0000] {logging_mixin.py:137} INFO - [2026-09-24T18:13:24.200+0000] {dag.py:3427} INFO - Setting next_dagrun for dataset_consumes_1 to None, run_after=None
[2026-09-24T18:13:24.218+0000] {logging_mixin.py:137} INFO - [2026-09-24T18:13:24.217+0000] {dag.py:3427} INFO - Setting next_dagrun for dataset_consumes_1_and_2 to None, run_after=None
[2026-09-24T18:13:24.223+0000] {logging_mixin.py:137} INFO - [2026-09-24T18:13:24.223+0000] {dag.py:3427} INFO - Setting next_dagrun for dataset_consumes_1_never_scheduled to None, run_after=None
[2026-09-24T18:13:24.229+0000] {logging_mixin.py:137} INFO - [2026-09-24T18:13:24.228+0000] {dag.py:3427} INFO - Setting next_dagrun for dataset_consumes_unknown_never_scheduled to None, run_after=None
[2026-09-24T18:13:24.245+0000] {logging_mixin.py:137} INFO - [2026-09-24T18:13:24.244+0000] {dag.py:3427} INFO - Setting next_dagrun for dataset_produces_1 to 2026-09-23T00:00:00+00:00, run_after=2026-09-24T00:00:00+00:00
[2026-09-24T18:13:24.251+0000] {logging_mixin.py:137} INFO - [2026-09-24T18:13:24.250+0000] {dag.py:3427} INFO - Setting next_dagrun for dataset_produces_2 to None, run_after=None
[2026-09-24T18:13:24.368+0000] {processor.py:175} INFO - Processing /home/airflow/.local/lib/python3.7/site-packages/airflow/example_dags/example_datasets.py took 0.487 seconds
[2026-09-24T18:13:54.514+0000] {processor.py:153} INFO - Started process (PID=1446) to work on /home/airflow/.local/lib/python3.7/site-packages/airflow/example_dags/example_datasets.py
[2026-09-24T18:13:54.521+0000] {processor.py:743} INFO - Processing file /home/airflow/.local/lib/python3.7/site-packages/airflow/example_dags/example_datasets.py for tasks to queue
[2026-09-24T18:13:54.525+0000] {logging_mixin.py:137} INFO - [2026-09-24T18:13:54.524+0000] {dagbag.py:538} INFO - Filling up the DagBag from /home/airflow/.local/lib/python3.7/site-packages/airflow/example_dags/example_datasets.py
[2026-09-24T18:13:54.570+0000] {processor.py:753} INFO - DAG(s) dict_keys(['dataset_consumes_1', 'dataset_consumes_unknown_never_scheduled', 'dataset_produces_1', 'dataset_consumes_1_never_scheduled', 'dataset_consumes_1_and_2', 'dataset_produces_2']) retrieved from /home/airflow/.local/lib/python3.7/site-packages/airflow/example_dags/example_datasets.py
[2026-09-24T18:13:54.660+0000] {logging_mixin.py:137} INFO - [2026-09-24T18:13:54.659+0000] {dag.py:2676} INFO - Sync 6 DAGs
[2026-09-24T18:13:54.729+0000] {logging_mixin.py:137} INFO - [2026-09-24T18:13:54.729+0000] {dag.py:3427} INFO - Setting next_dagrun for dataset_consumes_1 to None, run_after=None
[2026-09-24T18:13:54.742+0000] {logging_mixin.py:137} INFO - [2026-09-24T18:13:54.742+0000] {dag.py:3427} INFO - Setting next_dagrun for dataset_consumes_1_and_2 to None, run_after=None
[2026-09-24T18:13:54.748+0000] {logging_mixin.py:137} INFO - [2026-09-24T18:13:54.747+0000] {dag.py:3427} INFO - Setting next_dagrun for dataset_consumes_1_never_scheduled to None, run_after=None
[2026-09-24T18:13:54.753+0000] {logging_mixin.py:137} INFO - [2026-09-24T18:13:54.753+0000] {dag.py:3427} INFO - Setting next_dagrun for dataset_consumes_unknown_never_scheduled to None, run_after=None
[2026-09-24T18:13:54.762+0000] {logging_mixin.py:137} INFO - [2026-09-24T18:13:54.761+0000] {dag.py:3427} INFO - Setting next_dagrun for dataset_produces_1 to 2026-09-23T00:00:00+00:00, run_after=2026-09-24T00:00:00+00:00
[2026-09-24T18:13:54.765+0000] {logging_mixin.py:137} INFO - [2026-09-24T18:13:54.765+0000] {dag.py:3427} INFO - Setting next_dagrun for dataset_produces_2 to None, run_after=None
[2026-09-24T18:13:54.979+0000] {processor.py:175} INFO - Processing /home/airflow/.local/lib/python3.7/site-packages/airflow/example_dags/example_datasets.py took 0.480 seconds
