[2026-09-24T18:05:45.739+0000] {processor.py:153} INFO - Started process (PID=89) to work on /home/airflow/.local/lib/python3.7/site-packages/airflow/example_dags/example_local_kubernetes_executor.py
[2026-09-24T18:05:45.740+0000] {processor.py:743} INFO - Processing file /home/airflow/.local/lib/python3.7/site-packages/airflow/example_dags/example_local_kubernetes_executor.py for tasks to queue
[2026-09-24T18:05:45.741+0000] {logging_mixin.py:137} INFO - [2026-09-24T18:05:45.741+0000] {dagbag.py:538} INFO - Filling up the DagBag from /home/airflow/.local/lib/python3.7/site-packages/airflow/example_dags/example_local_kubernetes_executor.py
[2026-09-24T18:05:45.810+0000] {processor.py:753} INFO - DAG(s) dict_keys(['example_local_kubernetes_executor']) retrieved from /home/airflow/.local/lib/python3.7/site-packages/airflow/example_dags/example_local_kubernetes_executor.py
[2026-09-24T18:05:45.917+0000] {logging_mixin.py:137} INFO - [2026-09-24T18:05:45.916+0000] {dag.py:2676} INFO - Sync 1 DAGs
[2026-09-24T18:05:45.969+0000] {logging_mixin.py:137} INFO - [2026-09-24T18:05:45.968+0000] {dag.py:3427} INFO - Setting next_dagrun for example_local_kubernetes_executor to None, run_after=None
[2026-09-24T18:05:46.021+0000] {processor.py:175} INFO - Processing /home/airflow/.local/lib/python3.7/site-packages/airflow/example_dags/example_local_kubernetes_executor.py took 0.292 seconds
[2026-09-24T18:06:16.662+0000] {processor.py:153} INFO - Started process (PID=167) to work on /home/airflow/.local/lib/python3.7/site-packages/airflow/example_dags/example_local_kubernetes_executor.py
[2026-09-24T18:06:16.663+0000] {processor.py:743} INFO - Processing file /home/airflow/.local/lib/python3.7/site-packages/airflow/example_dags/example_local_kubernetes_executor.py for tasks to queue
[2026-09-24T18:06:16.664+0000] {logging_mixin.py:137} INFO - [2026-09-24T18:06:16.664+0000] {dagbag.py:538} INFO - Filling up the DagBag from /home/airflow/.local/lib/python3.7/site-packages/airflow/example_dags/example_local_kubernetes_executor.py
[2026-09-24T18:06:16.706+0000] {processor.py:753} INFO - DAG(s) dict_keys(['example_local_kubernetes_executor']) retrieved from /home/airflow/.local/lib/python3.7/site-packages/airflow/example_dags/example_local_kubernetes_executor.py
[2026-09-24T18:06:16.767+0000] {logging_mixin.py:137} INFO - [2026-09-24T18:06:16.767+0000] {dag.py:2676} INFO - Sync 1 DAGs
[2026-09-24T18:06:16.810+0000] {logging_mixin.py:137} INFO - [2026-09-24T18:06:16.809+0000] {dag.py:3427} INFO - Setting next_dagrun for example_local_kubernetes_executor to None, run_after=None
[2026-09-24T18:06:16.853+0000] {processor.py:175} INFO - Processing /home/airflow/.local/lib/python3.7/site-packages/airflow/example_dags/example_local_kubernetes_executor.py took 0.197 seconds
[2026-09-24T18:06:46.993+0000] {processor.py:153} INFO - Started process (PID=265) to work on /home/airflow/.local/lib/python3.7/site-packages/airflow/example_dags/example_local_kubernetes_executor.py
[2026-09-24T18:06:46.994+0000] {processor.py:743} INFO - Processing file /home/airflow/.local/lib/python3.7/site-packages/airflow/example_dags/example_local_kubernetes_executor.py for tasks to queue
[2026-09-24T18:06:46.996+0000] {logging_mixin.py:137} INFO - [2026-09-24T18:06:46.996+0000] {dagbag.py:538} INFO - Filling up the DagBag from /home/airflow/.local/lib/python3.7/site-packages/airflow/example_dags/example_local_kubernetes_executor.py
[2026-09-24T18:06:47.017+0000] {processor.py:753} INFO - DAG(s) dict_keys(['example_local_kubernetes_executor']) retrieved from /home/airflow/.local/lib/python3.7/site-packages/airflow/example_dags/example_local_kubernetes_executor.py
[2026-09-24T18:06:47.067+0000] {logging_mixin.py:137} INFO - [2026-09-24T18:06:47.067+0000] {dag.py:2676} INFO - Sync 1 DAGs
[2026-09-24T18:06:47.096+0000] {logging_mixin.py:137} INFO - [2026-09-24T18:06:47.095+0000] {dag.py:3427} INFO - Setting next_dagrun for example_local_kubernetes_executor to None, run_after=None
[2026-09-24T18:06:47.126+0000] {processor.py:175} INFO - Processing /home/airflow/.local/lib/python3.7/site-packages/airflow/example_dags/example_local_kubernetes_executor.py took 0.135 seconds
[2026-09-24T18:07:17.284+0000] {processor.py:153} INFO - Started process (PID=343) to work on /home/airflow/.local/lib/python3.7/site-packages/airflow/example_dags/example_local_kubernetes_executor.py
[2026-09-24T18:07:17.285+0000] {processor.py:743} INFO - Processing file /home/airflow/.local/lib/python3.7/site-packages/airflow/example_dags/example_local_kubernetes_executor.py for tasks to queue
[2026-09-24T18:07:17.286+0000] {logging_mixin.py:137} INFO - [2026-09-24T18:07:17.286+0000] {dagbag.py:538} INFO - Filling up the DagBag from /home/airflow/.local/lib/python3.7/site-packages/airflow/example_dags/example_local_kubernetes_executor.py
[2026-09-24T18:07:17.310+0000] {processor.py:753} INFO - DAG(s) dict_keys(['example_local_kubernetes_executor']) retrieved from /home/airflow/.local/lib/python3.7/site-packages/airflow/example_dags/example_local_kubernetes_executor.py
[2026-09-24T18:07:17.351+0000] {logging_mixin.py:137} INFO - [2026-09-24T18:07:17.351+0000] {dag.py:2676} INFO - Sync 1 DAGs
[2026-09-24T18:07:17.377+0000] {logging_mixin.py:137} INFO - [2026-09-24T18:07:17.377+0000] {dag.py:3427} INFO - Setting next_dagrun for example_local_kubernetes_executor to None, run_after=None
[2026-09-24T18:07:17.401+0000] {processor.py:175} INFO - Processing /home/airflow/.local/lib/python3.7/site-packages/airflow/example_dags/example_local_kubernetes_executor.py took 0.120 seconds
[2026-09-24T18:07:48.235+0000] {processor.py:153} INFO - Started process (PID=430) to work on /home/airflow/.local/lib/python3.7/site-packages/airflow/example_dags/example_local_kubernetes_executor.py
[2026-09-24T18:07:48.237+0000] {processor.py:743} INFO - Processing file /home/airflow/.local/lib/python3.7/site-packages/airflow/example_dags/example_local_kubernetes_executor.py for tasks to queue
[2026-09-24T18:07:48.239+0000] {logging_mixin.py:137} INFO - [2026-09-24T18:07:48.239+0000] {dagbag.py:538} INFO - Filling up the DagBag from /home/airflow/.local/lib/python3.7/site-packages/airflow/example_dags/example_local_kubernetes_executor.py
[2026-09-24T18:07:48.272+0000] {processor.py:753} INFO - DAG(s) dict_keys(['example_local_kubernetes_executor']) retrieved from /home/airflow/.local/lib/python3.7/site-packages/airflow/example_dags/example_local_kubernetes_executor.py
[2026-09-24T18:07:48.335+0000] {logging_mixin.py:137} INFO - [2026-09-24T18:07:48.335+0000] {dag.py:2676} INFO - Sync 1 DAGs
[2026-09-24T18:07:48.381+0000] {logging_mixin.py:137} INFO - [2026-09-24T18:07:48.381+0000] {dag.py:3427} INFO - Setting next_dagrun for example_local_kubernetes_executor to None, run_after=None
[2026-09-24T18:07:48.422+0000] {processor.py:175} INFO - Processing /home/airflow/.local/lib/python3.7/site-packages/airflow/example_dags/example_local_kubernetes_executor.py took 0.191 seconds
[2026-09-24T18:08:19.263+0000] {processor.py:153} INFO - Started process (PID=519) to work on /home/airflow/.local/lib/python3.7/site-packages/airflow/example_dags/example_local_kubernetes_executor.py
[2026-09-24T18:08:19.265+0000] {processor.py:743} INFO - Processing file /home/airflow/.local/lib/python3.7/site-packages/airflow/example_dags/example_local_kubernetes_executor.py for tasks to queue
[2026-09-24T18:08:19.267+0000] {logging_mixin.py:137} INFO - [2026-09-24T18:08:19.267+0000] {dagbag.py:538} INFO - Filling up the DagBag from /home/airflow/.local/lib/python3.7/site-packages/airflow/example_dags/example_local_kubernetes_executor.py
[2026-09-24T18:08:19.296+0000] {processor.py:753} INFO - DAG(s) dict_keys(['example_local_kubernetes_executor']) retrieved from /home/airflow/.local/lib/python3.7/site-packages/airflow/example_dags/example_local_kubernetes_executor.py
[2026-09-24T18:08:19.347+0000] {logging_mixin.py:137} INFO - [2026-09-24T18:08:19.347+0000] {dag.py:2676} INFO - Sync 1 DAGs
[2026-09-24T18:08:19.381+0000] {logging_mixin.py:137} INFO - [2026-09-24T18:08:19.381+0000] {dag.py:3427} INFO - Setting next_dagrun for example_local_kubernetes_executor to None, run_after=None
[2026-09-24T18:08:19.408+0000] {processor.py:175} INFO - Processing /home/airflow/.local/lib/python3.7/site-packages/airflow/example_dags/example_local_kubernetes_executor.py took 0.154 seconds
[2026-09-24T18:08:50.105+0000] {processor.py:153} INFO - Started process (PID=603) to work on /home/airflow/.local/lib/python3.7/site-packages/airflow/example_dags/example_local_kubernetes_executor.py
[2026-09-24T18:08:50.109+0000] {processor.py:743} INFO - Processing file /home/airflow/.local/lib/python3.7/site-packages/airflow/example_dags/example_local_kubernetes_executor.py for tasks to queue
[2026-09-24T18:08:50.112+0000] {logging_mixin.py:137} INFO - [2026-09-24T18:08:50.111+0000] {dagbag.py:538} INFO - Filling up the DagBag from /home/airflow/.local/lib/python3.7/site-packages/airflow/example_dags/example_local_kubernetes_executor.py
[2026-09-24T18:08:50.147+0000] {processor.py:753} INFO - DAG(s) dict_keys(['example_local_kubernetes_executor']) retrieved from /home/airflow/.local/lib/python3.7/site-packages/airflow/example_dags/example_local_kubernetes_executor.py
[2026-09-24T18:08:50.257+0000] {logging_mixin.py:137} INFO - [2026-09-24T18:08:50.257+0000] {dag.py:2676} INFO - Sync 1 DAGs
[2026-09-24T18:08:50.303+0000] {logging_mixin.py:137} INFO - [2026-09-24T18:08:50.303+0000] {dag.py:3427} INFO - Setting next_dagrun for example_local_kubernetes_executor to None, run_after=None
[2026-09-24T18:08:50.363+0000] {processor.py:175} INFO - Processing /home/airflow/.local/lib/python3.7/site-packages/airflow/example_dags/example_local_kubernetes_executor.py took 0.261 seconds
[2026-09-24T18:09:21.152+0000] {processor.py:153} INFO - Started process (PID=695) to work on /home/airflow/.local/lib/python3.7/site-packages/airflow/example_dags/example_local_kubernetes_executor.py
[2026-09-24T18:09:21.154+0000] {processor.py:743} INFO - Processing file /home/airflow/.local/lib/python3.7/site-packages/airflow/example_dags/example_local_kubernetes_executor.py for tasks to queue
[2026-09-24T18:09:21.156+0000] {logging_mixin.py:137} INFO - [2026-09-24T18:09:21.156+0000] {dagbag.py:538} INFO - Filling up the DagBag from /home/airflow/.local/lib/python3.7/site-packages/airflow/example_dags/example_local_kubernetes_executor.py
[2026-09-24T18:09:21.211+0000] {processor.py:753} INFO - DAG(s) dict_keys(['example_local_kubernetes_executor']) retrieved from /home/airflow/.local/lib/python3.7/site-packages/airflow/example_dags/example_local_kubernetes_executor.py
[2026-09-24T18:09:21.346+0000] {logging_mixin.py:137} INFO - [2026-09-24T18:09:21.346+0000] {dag.py:2676} INFO - Sync 1 DAGs
[2026-09-24T18:09:21.391+0000] {logging_mixin.py:137} INFO - [2026-09-24T18:09:21.391+0000] {dag.py:3427} INFO - Setting next_dagrun for example_local_kubernetes_executor to None, run_after=None
[2026-09-24T18:09:21.424+0000] {processor.py:175} INFO - Processing /home/airflow/.local/lib/python3.7/site-packages/airflow/example_dags/example_local_kubernetes_executor.py took 0.282 seconds
[2026-09-24T18:09:51.671+0000] {processor.py:153} INFO - Started process (PID=774) to work on /home/airflow/.local/lib/python3.7/site-packages/airflow/example_dags/example_local_kubernetes_executor.py
[2026-09-24T18:09:51.674+0000] {processor.py:743} INFO - Processing file /home/airflow/.local/lib/python3.7/site-packages/airflow/example_dags/example_local_kubernetes_executor.py for tasks to queue
[2026-09-24T18:09:51.675+0000] {logging_mixin.py:137} INFO - [2026-09-24T18:09:51.675+0000] {dagbag.py:538} INFO - Filling up the DagBag from /home/airflow/.local/lib/python3.7/site-packages/airflow/example_dags/example_local_kubernetes_executor.py
[2026-09-24T18:09:51.726+0000] {processor.py:753} INFO - DAG(s) dict_keys(['example_local_kubernetes_executor']) retrieved from /home/airflow/.local/lib/python3.7/site-packages/airflow/example_dags/example_local_kubernetes_executor.py
[2026-09-24T18:09:51.805+0000] {logging_mixin.py:137} INFO - [2026-09-24T18:09:51.804+0000] {dag.py:2676} INFO - Sync 1 DAGs
[2026-09-24T18:09:51.865+0000] {logging_mixin.py:137} INFO - [2026-09-24T18:09:51.865+0000] {dag.py:3427} INFO - Setting next_dagrun for example_local_kubernetes_executor to None, run_after=None
[2026-09-24T18:09:51.897+0000] {processor.py:175} INFO - Processing /home/airflow/.local/lib/python3.7/site-packages/airflow/example_dags/example_local_kubernetes_executor.py took 0.241 seconds
[2026-09-24T18:10:22.468+0000] {processor.py:153} INFO - Started process (PID=861) to work on /home/airflow/.local/lib/python3.7/site-packages/airflow/example_dags/example_local_kubernetes_executor.py
[2026-09-24T18:10:22.470+0000] {processor.py:743} INFO - Processing file /home/airflow/.local/lib/python3.7/site-packages/airflow/example_dags/example_local_kubernetes_executor.py for tasks to queue
[2026-09-24T18:10:22.470+0000] {logging_mixin.py:137} INFO - [2026-09-24T18:10:22.470+0000] {dagbag.py:538} INFO - Filling up the DagBag from /home/airflow/.local/lib/python3.7/site-packages/airflow/example_dags/example_local_kubernetes_executor.py
[2026-09-24T18:10:22.505+0000] {processor.py:753} INFO - DAG(s) dict_keys(['example_local_kubernetes_executor']) retrieved from /home/airflow/.local/lib/python3.7/site-packages/airflow/example_dags/example_local_kubernetes_executor.py
[2026-09-24T18:10:22.588+0000] {logging_mixin.py:137} INFO - [2026-09-24T18:10:22.587+0000] {dag.py:2676} INFO - Sync 1 DAGs
[2026-09-24T18:10:22.639+0000] {logging_mixin.py:137} INFO - [2026-09-24T18:10:22.639+0000] {dag.py:3427} INFO - Setting next_dagrun for example_local_kubernetes_executor to None, run_after=None
[2026-09-24T18:10:22.679+0000] {processor.py:175} INFO - Processing /home/airflow/.local/lib/python3.7/site-packages/airflow/example_dags/example_local_kubernetes_executor.py took 0.214 seconds
[2026-09-24T18:10:53.263+0000] {processor.py:153} INFO - Started process (PID=950) to work on /home/airflow/.local/lib/python3.7/site-packages/airflow/example_dags/example_local_kubernetes_executor.py
[2026-09-24T18:10:53.265+0000] {processor.py:743} INFO - Processing file /home/airflow/.local/lib/python3.7/site-packages/airflow/example_dags/example_local_kubernetes_executor.py for tasks to queue
[2026-09-24T18:10:53.266+0000] {logging_mixin.py:137} INFO - [2026-09-24T18:10:53.265+0000] {dagbag.py:538} INFO - Filling up the DagBag from /home/airflow/.local/lib/python3.7/site-packages/airflow/example_dags/example_local_kubernetes_executor.py
[2026-09-24T18:10:53.292+0000] {processor.py:753} INFO - DAG(s) dict_keys(['example_local_kubernetes_executor']) retrieved from /home/airflow/.local/lib/python3.7/site-packages/airflow/example_dags/example_local_kubernetes_executor.py
[2026-09-24T18:10:53.335+0000] {logging_mixin.py:137} INFO - [2026-09-24T18:10:53.334+0000] {dag.py:2676} INFO - Sync 1 DAGs
[2026-09-24T18:10:53.362+0000] {logging_mixin.py:137} INFO - [2026-09-24T18:10:53.362+0000] {dag.py:3427} INFO - Setting next_dagrun for example_local_kubernetes_executor to None, run_after=None
[2026-09-24T18:10:53.385+0000] {processor.py:175} INFO - Processing /home/airflow/.local/lib/python3.7/site-packages/airflow/example_dags/example_local_kubernetes_executor.py took 0.126 seconds
[2026-09-24T18:11:23.529+0000] {processor.py:153} INFO - Started process (PID=1028) to work on /home/airflow/.local/lib/python3.7/site-packages/airflow/example_dags/example_local_kubernetes_executor.py
[2026-09-24T18:11:23.530+0000] {processor.py:743} INFO - Processing file /home/airflow/.local/lib/python3.7/site-packages/airflow/example_dags/example_local_kubernetes_executor.py for tasks to queue
[2026-09-24T18:11:23.531+0000] {logging_mixin.py:137} INFO - [2026-09-24T18:11:23.531+0000] {dagbag.py:538} INFO - Filling up the DagBag from /home/airflow/.local/lib/python3.7/site-packages/airflow/example_dags/example_local_kubernetes_executor.py
[2026-09-24T18:11:23.567+0000] {processor.py:753} INFO - DAG(s) dict_keys(['example_local_kubernetes_executor']) retrieved from /home/airflow/.local/lib/python3.7/site-packages/airflow/example_dags/example_local_kubernetes_executor.py
[2026-09-24T18:11:23.635+0000] {logging_mixin.py:137} INFO - [2026-09-24T18:11:23.635+0000] {dag.py:2676} INFO - Sync 1 DAGs
[2026-09-24T18:11:23.670+0000] {logging_mixin.py:137} INFO - [2026-09-24T18:11:23.670+0000] {dag.py:3427} INFO - Setting next_dagrun for example_local_kubernetes_executor to None, run_after=None
[2026-09-24T18:11:23.703+0000] {processor.py:175} INFO - Processing /home/airflow/.local/lib/python3.7/site-packages/airflow/example_dags/example_local_kubernetes_executor.py took 0.177 seconds
[2026-09-24T18:11:54.373+0000] {processor.py:153} INFO - Started process (PID=1126) to work on /home/airflow/.local/lib/python3.7/site-packages/airflow/example_dags/example_local_kubernetes_executor.py
[2026-09-24T18:11:54.376+0000] {processor.py:743} INFO - Processing file /home/airflow/.local/lib/python3.7/site-packages/airflow/example_dags/example_local_kubernetes_executor.py for tasks to queue
[2026-09-24T18:11:54.379+0000] {logging_mixin.py:137} INFO - [2026-09-24T18:11:54.378+0000] {dagbag.py:538} INFO - Filling up the DagBag from /home/airflow/.local/lib/python3.7/site-packages/airflow/example_dags/example_local_kubernetes_executor.py
[2026-09-24T18:11:54.426+0000] {processor.py:753} INFO - DAG(s) dict_keys(['example_local_kubernetes_executor']) retrieved from /home/airflow/.local/lib/python3.7/site-packages/airflow/example_dags/example_local_kubernetes_executor.py
[2026-09-24T18:11:54.527+0000] {logging_mixin.py:137} INFO - [2026-09-24T18:11:54.527+0000] {dag.py:2676} INFO - Sync 1 DAGs
[2026-09-24T18:11:54.588+0000] {logging_mixin.py:137} INFO - [2026-09-24T18:11:54.587+0000] {dag.py:3427} INFO - Setting next_dagrun for example_local_kubernetes_executor to None, run_after=None
[2026-09-24T18:11:54.641+0000] {processor.py:175} INFO - Processing /home/airflow/.local/lib/python3.7/site-packages/airflow/example_dags/example_local_kubernetes_executor.py took 0.272 seconds
[2026-09-24T18:12:24.990+0000] {processor.py:153} INFO - Started process (PID=1204) to work on /home/airflow/.local/lib/python3.7/site-packages/airflow/example_dags/example_local_kubernetes_executor.py
[2026-09-24T18:12:24.991+0000] {processor.py:743} INFO - Processing file /home/airflow/.local/lib/python3.7/site-packages/airflow/example_dags/example_local_kubernetes_executor.py for tasks to queue
[2026-09-24T18:12:24.992+0000] {logging_mixin.py:137} INFO - [2026-09-24T18:12:24.992+0000] {dagbag.py:538} INFO - Filling up the DagBag from /home/airflow/.local/lib/python3.7/site-packages/airflow/example_dags/example_local_kubernetes_executor.py
[2026-09-24T18:12:25.024+0000] {processor.py:753} INFO - DAG(s) dict_keys(['example_local_kubernetes_executor']) retrieved from /home/airflow/.local/lib/python3.7/site-packages/airflow/example_dags/example_local_kubernetes_executor.py
[2026-09-24T18:12:25.096+0000] {logging_mixin.py:137} INFO - [2026-09-24T18:12:25.096+0000] {dag.py:2676} INFO - Sync 1 DAGs
[2026-09-24T18:12:25.141+0000] {logging_mixin.py:137} INFO - [2026-09-24T18:12:25.141+0000] {dag.py:3427} INFO - Setting next_dagrun for example_local_kubernetes_executor to None, run_after=None
[2026-09-24T18:12:25.179+0000] {processor.py:175} INFO - Processing /home/airflow/.local/lib/python3.7/site-packages/airflow/example_dags/example_local_kubernetes_executor.py took 0.196 seconds
[2026-09-24T18:12:55.459+0000] {processor.py:153} INFO - Started process (PID=1291) to work on /home/airflow/.local/lib/python3.7/site-packages/airflow/example_dags/example_local_kubernetes_executor.py
[2026-09-24T18:12:55.462+0000] {processor.py:743} INFO - Processing file /home/airflow/.local/lib/python3.7/site-packages/airflow/example_dags/example_local_kubernetes_executor.py for tasks to queue
[2026-09-24T18:12:55.464+0000] {logging_mixin.py:137} INFO - [2026-09-24T18:12:55.463+0000] {dagbag.py:538} INFO - Filling up the DagBag from /home/airflow/.local/lib/python3.7/site-packages/airflow/example_dags/example_local_kubernetes_executor.py
[2026-09-24T18:12:55.516+0000] {processor.py:753} INFO - DAG(s) dict_keys(['example_local_kubernetes_executor']) retrieved from /home/airflow/.local/lib/python3.7/site-packages/airflow/example_dags/example_local_kubernetes_executor.py
[2026-09-24T18:12:55.593+0000] {logging_mixin.py:137} INFO - [2026-09-24T18:12:55.593+0000] {dag.py:2676} INFO - Sync 1 DAGs
[2026-09-24T18:12:55.643+0000] {logging_mixin.py:137} INFO - [2026-09-24T18:12:55.642+0000] {dag.py:3427} INFO - Setting next_dagrun for example_local_kubernetes_executor to None, run_after=None
[2026-09-24T18:12:55.689+0000] {processor.py:175} INFO - Processing /home/airflow/.local/lib/python3.7/site-packages/airflow/example_dags/example_local_kubernetes_executor.py took 0.240 seconds
[2026-09-24T18:13:26.161+0000] {processor.py:153} INFO - Started process (PID=1380) to work on /home/airflow/.local/lib/python3.7/site-packages/airflow/example_dags/example_local_kubernetes_executor.py
[2026-09-24T18:13:26.162+0000] {processor.py:743} INFO - Processing file /home/airflow/.local/lib/python3.7/site-packages/airflow/example_dags/example_local_kubernetes_executor.py for tasks to queue
[2026-09-24T18:13:26.162+0000] {logging_mixin.py:137} INFO - [2026-09-24T18:13:26.162+0000] {dagbag.py:538} INFO - Filling up the DagBag from /home/airflow/.local/lib/python3.7/site-packages/airflow/example_dags/example_local_kubernetes_executor.py
[2026-09-24T18:13:26.190+0000] {processor.py:753} INFO - DAG(s) dict_keys(['example_local_kubernetes_executor']) retrieved from /home/airflow/.local/lib/python3.7/site-packages/airflow/example_dags/example_local_kubernetes_executor.py
[2026-09-24T18:13:26.266+0000] {logging_mixin.py:137} INFO - [2026-09-24T18:13:26.265+0000] {dag.py:2676} INFO - Sync 1 DAGs
[2026-09-24T18:13:26.306+0000] {logging_mixin.py:137} INFO - [2026-09-24T18:13:26.305+0000] {dag.py:3427} INFO - Setting next_dagrun for example_local_kubernetes_executor to None, run_after=None
[2026-09-24T18:13:26.347+0000] {processor.py:175} INFO - Processing /home/airflow/.local/lib/python3.7/site-packages/airflow/example_dags/example_local_kubernetes_executor.py took 0.193 seconds
[2026-09-24T18:13:56.615+0000] {processor.py:153} INFO - Started process (PID=1459) to work on /home/airflow/.local/lib/python3.7/site-packages/airflow/example_dags/example_local_kubernetes_executor.py
[2026-09-24T18:13:56.617+0000] {processor.py:743} INFO - Processing file /home/airflow/.local/lib/python3.7/site-packages/airflow/example_dags/example_local_kubernetes_executor.py for tasks to queue
[2026-09-24T18:13:56.620+0000] {logging_mixin.py:137} INFO - [2026-09-24T18:13:56.620+0000] {dagbag.py:538} INFO - Filling up the DagBag from /home/airflow/.local/lib/python3.7/site-packages/airflow/example_dags/example_local_kubernetes_executor.py
[2026-09-24T18:13:56.667+0000] {processor.py:753} INFO - DAG(s) dict_keys(['example_local_kubernetes_executor']) retrieved from /home/airflow/.local/lib/python3.7/site-packages/airflow/example_dags/example_local_kubernetes_executor.py
[2026-09-24T18:13:56.833+0000] {logging_mixin.py:137} INFO - [2026-09-24T18:13:56.833+0000] {dag.py:2676} INFO - Sync 1 DAGs
[2026-09-24T18:13:56.908+0000] {logging_mixin.py:137} INFO - [2026-09-24T18:13:56.908+0000] {dag.py:3427} INFO - Setting next_dagrun for example_local_kubernetes_executor to None, run_after=None
[2026-09-24T18:13:56.961+0000] {processor.py:175} INFO - Processing /home/airflow/.local/lib/python3.7/site-packages/airflow/example_dags/example_local_kubernetes_executor.py took 0.351 seconds
