[2026-09-24T18:05:46.058+0000] {processor.py:153} INFO - Started process (PID=90) to work on /home/airflow/.local/lib/python3.7/site-packages/airflow/example_dags/example_complex.py
[2026-09-24T18:05:46.060+0000] {processor.py:743} INFO - Processing file /home/airflow/.local/lib/python3.7/site-packages/airflow/example_dags/example_complex.py for tasks to queue
[2026-09-24T18:05:46.061+0000] {logging_mixin.py:137} INFO - [2026-09-24T18:05:46.061+0000] {dagbag.py:538} INFO - Filling up the DagBag from /home/airflow/.local/lib/python3.7/site-packages/airflow/example_dags/example_complex.py
[2026-09-24T18:05:46.082+0000] {logging_mixin.py:137} INFO - [2026-09-24T18:05:46.082+0000] {taskmixin.py:205} WARNING - Dependency <Task(BashOperator): create_entry_group>, delete_entry_group already registered for DAG: example_complex
[2026-09-24T18:05:46.082+0000] {logging_mixin.py:137} INFO - [2026-09-24T18:05:46.082+0000] {taskmixin.py:205} WARNING - Dependency <Task(BashOperator): delete_entry_group>, create_entry_group already registered for DAG: example_complex
[2026-09-24T18:05:46.083+0000] {logging_mixin.py:137} INFO - [2026-09-24T18:05:46.083+0000] {taskmixin.py:205} WARNING - Dependency <Task(BashOperator): create_entry_gcs>, delete_entry already registered for DAG: example_complex
[2026-09-24T18:05:46.083+0000] {logging_mixin.py:137} INFO - [2026-09-24T18:05:46.083+0000] {taskmixin.py:205} WARNING - Dependency <Task(BashOperator): delete_entry>, create_entry_gcs already registered for DAG: example_complex
[2026-09-24T18:05:46.083+0000] {logging_mixin.py:137} INFO - [2026-09-24T18:05:46.083+0000] {taskmixin.py:205} WARNING - Dependency <Task(BashOperator): create_tag>, delete_tag already registered for DAG: example_complex
[2026-09-24T18:05:46.084+0000] {logging_mixin.py:137} INFO - [2026-09-24T18:05:46.083+0000] {taskmixin.py:205} WARNING - Dependency <Task(BashOperator): delete_tag>, create_tag already registered for DAG: example_complex
[2026-09-24T18:05:46.096+0000] {processor.py:753} INFO - DAG(s) dict_keys(['example_complex']) retrieved from /home/airflow/.local/lib/python3.7/site-packages/airflow/example_dags/example_complex.py
[2026-09-24T18:05:46.159+0000] {logging_mixin.py:137} INFO - [2026-09-24T18:05:46.159+0000] {dag.py:2676} INFO - Sync 1 DAGs
[2026-09-24T18:05:46.190+0000] {logging_mixin.py:137} INFO - [2026-09-24T18:05:46.190+0000] {dag.py:3427} INFO - Setting next_dagrun for example_complex to None, run_after=None
[2026-09-24T18:05:46.228+0000] {processor.py:175} INFO - Processing /home/airflow/.local/lib/python3.7/site-packages/airflow/example_dags/example_complex.py took 0.174 seconds
[2026-09-24T18:06:16.897+0000] {processor.py:153} INFO - Started process (PID=168) to work on /home/airflow/.local/lib/python3.7/site-packages/airflow/example_dags/example_complex.py
[2026-09-24T18:06:16.898+0000] {processor.py:743} INFO - Processing file /home/airflow/.local/lib/python3.7/site-packages/airflow/example_dags/example_complex.py for tasks to queue
[2026-09-24T18:06:16.899+0000] {logging_mixin.py:137} INFO - [2026-09-24T18:06:16.899+0000] {dagbag.py:538} INFO - Filling up the DagBag from /home/airflow/.local/lib/python3.7/site-packages/airflow/example_dags/example_complex.py
[2026-09-24T18:06:16.953+0000] {logging_mixin.py:137} INFO - [2026-09-24T18:06:16.952+0000] {taskmixin.py:205} WARNING - Dependency <Task(BashOperator): create_entry_group>, delete_entry_group already registered for DAG: example_complex
[2026-09-24T18:06:16.953+0000] {logging_mixin.py:137} INFO - [2026-09-24T18:06:16.953+0000] {taskmixin.py:205} WARNING - Dependency <Task(BashOperator): delete_entry_group>, create_entry_group already registered for DAG: example_complex
[2026-09-24T18:06:16.953+0000] {logging_mixin.py:137} INFO - [2026-09-24T18:06:16.953+0000] {taskmixin.py:205} WARNING - Dependency <Task(BashOperator): create_entry_gcs>, delete_entry already registered for DAG: example_complex
[2026-09-24T18:06:16.953+0000] {logging_mixin.py:137} INFO - [2026-09-24T18:06:16.953+0000] {taskmixin.py:205} WARNING - Dependency <Task(BashOperator): delete_entry>, create_entry_gcs already registered for DAG: example_complex
[2026-09-24T18:06:16.954+0000] {logging_mixin.py:137} INFO - [2026-09-24T18:06:16.954+0000] {taskmixin.py:205} WARNING - Dependency <Task(BashOperator): create_tag>, delete_tag already registered for DAG: example_complex
[2026-09-24T18:06:16.954+0000] {logging_mixin.py:137} INFO - [2026-09-24T18:06:16.954+0000] {taskmixin.py:205} WARNING - Dependency <Task(BashOperator): delete_tag>, create_tag already registered for DAG: example_complex
[2026-09-24T18:06:16.968+0000] {processor.py:753} INFO - DAG(s) dict_keys(['example_complex']) retrieved from /home/airflow/.local/lib/python3.7/site-packages/airflow/example_dags/example_complex.py
[2026-09-24T18:06:17.023+0000] {logging_mixin.py:137} INFO - [2026-09-24T18:06:17.023+0000] {dag.py:2676} INFO - Sync 1 DAGs
[2026-09-24T18:06:17.059+0000] {logging_mixin.py:137} INFO - [2026-09-24T18:06:17.059+0000] {dag.py:3427} INFO - Setting next_dagrun for example_complex to None, run_after=None
[2026-09-24T18:06:17.089+0000] {processor.py:175} INFO - Processing /home/airflow/.local/lib/python3.7/site-packages/airflow/example_dags/example_complex.py took 0.203 seconds
[2026-09-24T18:06:47.153+0000] {processor.py:153} INFO - Started process (PID=266) to work on /home/airflow/.local/lib/python3.7/site-packages/airflow/example_dags/example_complex.py
[2026-09-24T18:06:47.154+0000] {processor.py:743} INFO - Processing file /home/airflow/.local/lib/python3.7/site-packages/airflow/example_dags/example_complex.py for tasks to queue
[2026-09-24T18:06:47.155+0000] {logging_mixin.py:137} INFO - [2026-09-24T18:06:47.155+0000] {dagbag.py:538} INFO - Filling up the DagBag from /home/airflow/.local/lib/python3.7/site-packages/airflow/example_dags/example_complex.py
[2026-09-24T18:06:47.174+0000] {logging_mixin.py:137} INFO - [2026-09-24T18:06:47.174+0000] {taskmixin.py:205} WARNING - Dependency <Task(BashOperator): create_entry_group>, delete_entry_group already registered for DAG: example_complex
[2026-09-24T18:06:47.175+0000] {logging_mixin.py:137} INFO - [2026-09-24T18:06:47.174+0000] {taskmixin.py:205} WARNING - Dependency <Task(BashOperator): delete_entry_group>, create_entry_group already registered for DAG: example_complex
[2026-09-24T18:06:47.175+0000] {logging_mixin.py:137} INFO - [2026-09-24T18:06:47.175+0000] {taskmixin.py:205} WARNING - Dependency <Task(BashOperator): create_entry_gcs>, delete_entry already registered for DAG: example_complex
[2026-09-24T18:06:47.175+0000] {logging_mixin.py:137} INFO - [2026-09-24T18:06:47.175+0000] {taskmixin.py:205} WARNING - Dependency <Task(BashOperator): delete_entry>, create_entry_gcs already registered for DAG: example_complex
[2026-09-24T18:06:47.176+0000] {logging_mixin.py:137} INFO - [2026-09-24T18:06:47.176+0000] {taskmixin.py:205} WARNING - Dependency <Task(BashOperator): create_tag>, delete_tag already registered for DAG: example_complex
[2026-09-24T18:06:47.176+0000] {logging_mixin.py:137} INFO - [2026-09-24T18:06:47.176+0000] {taskmixin.py:205} WARNING - Dependency <Task(BashOperator): delete_tag>, create_tag already registered for DAG: example_complex
[2026-09-24T18:06:47.184+0000] {processor.py:753} INFO - DAG(s) dict_keys(['example_complex']) retrieved from /home/airflow/.local/lib/python3.7/site-packages/airflow/example_dags/example_complex.py
[2026-09-24T18:06:47.238+0000] {logging_mixin.py:137} INFO - [2026-09-24T18:06:47.238+0000] {dag.py:2676} INFO - Sync 1 DAGs
[2026-09-24T18:06:47.268+0000] {logging_mixin.py:137} INFO - [2026-09-24T18:06:47.267+0000] {dag.py:3427} INFO - Setting next_dagrun for example_complex to None, run_after=None
[2026-09-24T18:06:47.297+0000] {processor.py:175} INFO - Processing /home/airflow/.local/lib/python3.7/site-packages/airflow/example_dags/example_complex.py took 0.150 seconds
[2026-09-24T18:07:17.422+0000] {processor.py:153} INFO - Started process (PID=344) to work on /home/airflow/.local/lib/python3.7/site-packages/airflow/example_dags/example_complex.py
[2026-09-24T18:07:17.423+0000] {processor.py:743} INFO - Processing file /home/airflow/.local/lib/python3.7/site-packages/airflow/example_dags/example_complex.py for tasks to queue
[2026-09-24T18:07:17.424+0000] {logging_mixin.py:137} INFO - [2026-09-24T18:07:17.424+0000] {dagbag.py:538} INFO - Filling up the DagBag from /home/airflow/.local/lib/python3.7/site-packages/airflow/example_dags/example_complex.py
[2026-09-24T18:07:17.437+0000] {logging_mixin.py:137} INFO - [2026-09-24T18:07:17.437+0000] {taskmixin.py:205} WARNING - Dependency <Task(BashOperator): create_entry_group>, delete_entry_group already registered for DAG: example_complex
[2026-09-24T18:07:17.437+0000] {logging_mixin.py:137} INFO - [2026-09-24T18:07:17.437+0000] {taskmixin.py:205} WARNING - Dependency <Task(BashOperator): delete_entry_group>, create_entry_group already registered for DAG: example_complex
[2026-09-24T18:07:17.438+0000] {logging_mixin.py:137} INFO - [2026-09-24T18:07:17.438+0000] {taskmixin.py:205} WARNING - Dependency <Task(BashOperator): create_entry_gcs>, delete_entry already registered for DAG: example_complex
[2026-09-24T18:07:17.438+0000] {logging_mixin.py:137} INFO - [2026-09-24T18:07:17.438+0000] {taskmixin.py:205} WARNING - Dependency <Task(BashOperator): delete_entry>, create_entry_gcs already registered for DAG: example_complex
[2026-09-24T18:07:17.438+0000] {logging_mixin.py:137} INFO - [2026-09-24T18:07:17.438+0000] {taskmixin.py:205} WARNING - Dependency <Task(BashOperator): create_tag>, delete_tag already registered for DAG: example_complex
[2026-09-24T18:07:17.438+0000] {logging_mixin.py:137} INFO - [2026-09-24T18:07:17.438+0000] {taskmixin.py:205} WARNING - Dependency <Task(BashOperator): delete_tag>, create_tag already registered for DAG: example_complex
[2026-09-24T18:07:17.446+0000] {processor.py:753} INFO - DAG(s) dict_keys(['example_complex']) retrieved from /home/airflow/.local/lib/python3.7/site-packages/airflow/example_dags/example_complex.py
[2026-09-24T18:07:17.499+0000] {logging_mixin.py:137} INFO - [2026-09-24T18:07:17.499+0000] {dag.py:2676} INFO - Sync 1 DAGs
[2026-09-24T18:07:17.534+0000] {logging_mixin.py:137} INFO - [2026-09-24T18:07:17.534+0000] {dag.py:3427} INFO - Setting next_dagrun for example_complex to None, run_after=None
[2026-09-24T18:07:17.558+0000] {processor.py:175} INFO - Processing /home/airflow/.local/lib/python3.7/site-packages/airflow/example_dags/example_complex.py took 0.140 seconds
[2026-09-24T18:07:48.454+0000] {processor.py:153} INFO - Started process (PID=431) to work on /home/airflow/.local/lib/python3.7/site-packages/airflow/example_dags/example_complex.py
[2026-09-24T18:07:48.456+0000] {processor.py:743} INFO - Processing file /home/airflow/.local/lib/python3.7/site-packages/airflow/example_dags/example_complex.py for tasks to queue
[2026-09-24T18:07:48.457+0000] {logging_mixin.py:137} INFO - [2026-09-24T18:07:48.457+0000] {dagbag.py:538} INFO - Filling up the DagBag from /home/airflow/.local/lib/python3.7/site-packages/airflow/example_dags/example_complex.py
[2026-09-24T18:07:48.481+0000] {logging_mixin.py:137} INFO - [2026-09-24T18:07:48.480+0000] {taskmixin.py:205} WARNING - Dependency <Task(BashOperator): create_entry_group>, delete_entry_group already registered for DAG: example_complex
[2026-09-24T18:07:48.481+0000] {logging_mixin.py:137} INFO - [2026-09-24T18:07:48.481+0000] {taskmixin.py:205} WARNING - Dependency <Task(BashOperator): delete_entry_group>, create_entry_group already registered for DAG: example_complex
[2026-09-24T18:07:48.482+0000] {logging_mixin.py:137} INFO - [2026-09-24T18:07:48.481+0000] {taskmixin.py:205} WARNING - Dependency <Task(BashOperator): create_entry_gcs>, delete_entry already registered for DAG: example_complex
[2026-09-24T18:07:48.482+0000] {logging_mixin.py:137} INFO - [2026-09-24T18:07:48.482+0000] {taskmixin.py:205} WARNING - Dependency <Task(BashOperator): delete_entry>, create_entry_gcs already registered for DAG: example_complex
[2026-09-24T18:07:48.482+0000] {logging_mixin.py:137} INFO - [2026-09-24T18:07:48.482+0000] {taskmixin.py:205} WARNING - Dependency <Task(BashOperator): create_tag>, delete_tag already registered for DAG: example_complex
[2026-09-24T18:07:48.483+0000] {logging_mixin.py:137} INFO - [2026-09-24T18:07:48.482+0000] {taskmixin.py:205} WARNING - Dependency <Task(BashOperator): delete_tag>, create_tag already registered for DAG: example_complex
[2026-09-24T18:07:48.492+0000] {processor.py:753} INFO - DAG(s) dict_keys(['example_complex']) retrieved from /home/airflow/.local/lib/python3.7/site-packages/airflow/example_dags/example_complex.py
[2026-09-24T18:07:48.553+0000] {logging_mixin.py:137} INFO - [2026-09-24T18:07:48.553+0000] {dag.py:2676} INFO - Sync 1 DAGs
[2026-09-24T18:07:48.595+0000] {logging_mixin.py:137} INFO - [2026-09-24T18:07:48.595+0000] {dag.py:3427} INFO - Setting next_dagrun for example_complex to None, run_after=None
[2026-09-24T18:07:48.631+0000] {processor.py:175} INFO - Processing /home/airflow/.local/lib/python3.7/site-packages/airflow/example_dags/example_complex.py took 0.183 seconds
[2026-09-24T18:08:19.270+0000] {processor.py:153} INFO - Started process (PID=520) to work on /home/airflow/.local/lib/python3.7/site-packages/airflow/example_dags/example_complex.py
[2026-09-24T18:08:19.273+0000] {processor.py:743} INFO - Processing file /home/airflow/.local/lib/python3.7/site-packages/airflow/example_dags/example_complex.py for tasks to queue
[2026-09-24T18:08:19.274+0000] {logging_mixin.py:137} INFO - [2026-09-24T18:08:19.274+0000] {dagbag.py:538} INFO - Filling up the DagBag from /home/airflow/.local/lib/python3.7/site-packages/airflow/example_dags/example_complex.py
[2026-09-24T18:08:19.285+0000] {logging_mixin.py:137} INFO - [2026-09-24T18:08:19.285+0000] {taskmixin.py:205} WARNING - Dependency <Task(BashOperator): create_entry_group>, delete_entry_group already registered for DAG: example_complex
[2026-09-24T18:08:19.285+0000] {logging_mixin.py:137} INFO - [2026-09-24T18:08:19.285+0000] {taskmixin.py:205} WARNING - Dependency <Task(BashOperator): delete_entry_group>, create_entry_group already registered for DAG: example_complex
[2026-09-24T18:08:19.287+0000] {logging_mixin.py:137} INFO - [2026-09-24T18:08:19.285+0000] {taskmixin.py:205} WARNING - Dependency <Task(BashOperator): create_entry_gcs>, delete_entry already registered for DAG: example_complex
[2026-09-24T18:08:19.288+0000] {logging_mixin.py:137} INFO - [2026-09-24T18:08:19.287+0000] {taskmixin.py:205} WARNING - Dependency <Task(BashOperator): delete_entry>, create_entry_gcs already registered for DAG: example_complex
[2026-09-24T18:08:19.289+0000] {logging_mixin.py:137} INFO - [2026-09-24T18:08:19.289+0000] {taskmixin.py:205} WARNING - Dependency <Task(BashOperator): create_tag>, delete_tag already registered for DAG: example_complex
[2026-09-24T18:08:19.289+0000] {logging_mixin.py:137} INFO - [2026-09-24T18:08:19.289+0000] {taskmixin.py:205} WARNING - Dependency <Task(BashOperator): delete_tag>, create_tag already registered for DAG: example_complex
[2026-09-24T18:08:19.297+0000] {processor.py:753} INFO - DAG(s) dict_keys(['example_complex']) retrieved from /home/airflow/.local/lib/python3.7/site-packages/airflow/example_dags/example_complex.py
[2026-09-24T18:08:19.348+0000] {logging_mixin.py:137} INFO - [2026-09-24T18:08:19.348+0000] {dag.py:2676} INFO - Sync 1 DAGs
[2026-09-24T18:08:19.379+0000] {logging_mixin.py:137} INFO - [2026-09-24T18:08:19.378+0000] {dag.py:3427} INFO - Setting next_dagrun for example_complex to None, run_after=None
[2026-09-24T18:08:19.407+0000] {processor.py:175} INFO - Processing /home/airflow/.local/lib/python3.7/site-packages/airflow/example_dags/example_complex.py took 0.141 seconds
[2026-09-24T18:08:50.120+0000] {processor.py:153} INFO - Started process (PID=604) to work on /home/airflow/.local/lib/python3.7/site-packages/airflow/example_dags/example_complex.py
[2026-09-24T18:08:50.122+0000] {processor.py:743} INFO - Processing file /home/airflow/.local/lib/python3.7/site-packages/airflow/example_dags/example_complex.py for tasks to queue
[2026-09-24T18:08:50.123+0000] {logging_mixin.py:137} INFO - [2026-09-24T18:08:50.123+0000] {dagbag.py:538} INFO - Filling up the DagBag from /home/airflow/.local/lib/python3.7/site-packages/airflow/example_dags/example_complex.py
[2026-09-24T18:08:50.135+0000] {logging_mixin.py:137} INFO - [2026-09-24T18:08:50.135+0000] {taskmixin.py:205} WARNING - Dependency <Task(BashOperator): create_entry_group>, delete_entry_group already registered for DAG: example_complex
[2026-09-24T18:08:50.136+0000] {logging_mixin.py:137} INFO - [2026-09-24T18:08:50.136+0000] {taskmixin.py:205} WARNING - Dependency <Task(BashOperator): delete_entry_group>, create_entry_group already registered for DAG: example_complex
[2026-09-24T18:08:50.136+0000] {logging_mixin.py:137} INFO - [2026-09-24T18:08:50.136+0000] {taskmixin.py:205} WARNING - Dependency <Task(BashOperator): create_entry_gcs>, delete_entry already registered for DAG: example_complex
[2026-09-24T18:08:50.137+0000] {logging_mixin.py:137} INFO - [2026-09-24T18:08:50.136+0000] {taskmixin.py:205} WARNING - Dependency <Task(BashOperator): delete_entry>, create_entry_gcs already registered for DAG: example_complex
[2026-09-24T18:08:50.137+0000] {logging_mixin.py:137} INFO - [2026-09-24T18:08:50.137+0000] {taskmixin.py:205} WARNING - Dependency <Task(BashOperator): create_tag>, delete_tag already registered for DAG: example_complex
[2026-09-24T18:08:50.137+0000] {logging_mixin.py:137} INFO - [2026-09-24T18:08:50.137+0000] {taskmixin.py:205} WARNING - Dependency <Task(BashOperator): delete_tag>, create_tag already registered for DAG: example_complex
[2026-09-24T18:08:50.145+0000] {processor.py:753} INFO - DAG(s) dict_keys(['example_complex']) retrieved from /home/airflow/.local/lib/python3.7/site-packages/airflow/example_dags/example_complex.py
[2026-09-24T18:08:50.251+0000] {logging_mixin.py:137} INFO - [2026-09-24T18:08:50.250+0000] {dag.py:2676} INFO - Sync 1 DAGs
[2026-09-24T18:08:50.308+0000] {logging_mixin.py:137} INFO - [2026-09-24T18:08:50.308+0000] {dag.py:3427} INFO - Setting next_dagrun for example_complex to None, run_after=None
[2026-09-24T18:08:50.362+0000] {processor.py:175} INFO - Processing /home/airflow/.local/lib/python3.7/site-packages/airflow/example_dags/example_complex.py took 0.246 seconds
[2026-09-24T18:09:21.169+0000] {processor.py:153} INFO - Started process (PID=696) to work on /home/airflow/.local/lib/python3.7/site-packages/airflow/example_dags/example_complex.py
[2026-09-24T18:09:21.171+0000] {processor.py:743} INFO - Processing file /home/airflow/.local/lib/python3.7/site-packages/airflow/example_dags/example_complex.py for tasks to queue
[2026-09-24T18:09:21.173+0000] {logging_mixin.py:137} INFO - [2026-09-24T18:09:21.172+0000] {dagbag.py:538} INFO - Filling up the DagBag from /home/airflow/.local/lib/python3.7/site-packages/airflow/example_dags/example_complex.py
[2026-09-24T18:09:21.192+0000] {logging_mixin.py:137} INFO - [2026-09-24T18:09:21.192+0000] {taskmixin.py:205} WARNING - Dependency <Task(BashOperator): create_entry_group>, delete_entry_group already registered for DAG: example_complex
[2026-09-24T18:09:21.193+0000] {logging_mixin.py:137} INFO - [2026-09-24T18:09:21.193+0000] {taskmixin.py:205} WARNING - Dependency <Task(BashOperator): delete_entry_group>, create_entry_group already registered for DAG: example_complex
[2026-09-24T18:09:21.193+0000] {logging_mixin.py:137} INFO - [2026-09-24T18:09:21.193+0000] {taskmixin.py:205} WARNING - Dependency <Task(BashOperator): create_entry_gcs>, delete_entry already registered for DAG: example_complex
[2026-09-24T18:09:21.193+0000] {logging_mixin.py:137} INFO - [2026-09-24T18:09:21.193+0000] {taskmixin.py:205} WARNING - Dependency <Task(BashOperator): delete_entry>, create_entry_gcs already registered for DAG: example_complex
[2026-09-24T18:09:21.193+0000] {logging_mixin.py:137} INFO - [2026-09-24T18:09:21.193+0000] {taskmixin.py:205} WARNING - Dependency <Task(BashOperator): create_tag>, delete_tag already registered for DAG: example_complex
[2026-09-24T18:09:21.193+0000] {logging_mixin.py:137} INFO - [2026-09-24T18:09:21.193+0000] {taskmixin.py:205} WARNING - Dependency <Task(BashOperator): delete_tag>, create_tag already registered for DAG: example_complex
[2026-09-24T18:09:21.213+0000] {processor.py:753} INFO - DAG(s) dict_keys(['example_complex']) retrieved from /home/airflow/.local/lib/python3.7/site-packages/airflow/example_dags/example_complex.py
[2026-09-24T18:09:21.350+0000] {logging_mixin.py:137} INFO - [2026-09-24T18:09:21.348+0000] {dag.py:2676} INFO - Sync 1 DAGs
[2026-09-24T18:09:21.389+0000] {logging_mixin.py:137} INFO - [2026-09-24T18:09:21.389+0000] {dag.py:3427} INFO - Setting next_dagrun for example_complex to None, run_after=None
[2026-09-24T18:09:21.422+0000] {processor.py:175} INFO - Processing /home/airflow/.local/lib/python3.7/site-packages/airflow/example_dags/example_complex.py took 0.261 seconds
[2026-09-24T18:09:51.740+0000] {processor.py:153} INFO - Started process (PID=775) to work on /home/airflow/.local/lib/python3.7/site-packages/airflow/example_dags/example_complex.py
[2026-09-24T18:09:51.742+0000] {processor.py:743} INFO - Processing file /home/airflow/.local/lib/python3.7/site-packages/airflow/example_dags/example_complex.py for tasks to queue
[2026-09-24T18:09:51.744+0000] {logging_mixin.py:137} INFO - [2026-09-24T18:09:51.743+0000] {dagbag.py:538} INFO - Filling up the DagBag from /home/airflow/.local/lib/python3.7/site-packages/airflow/example_dags/example_complex.py
[2026-09-24T18:09:51.778+0000] {logging_mixin.py:137} INFO - [2026-09-24T18:09:51.778+0000] {taskmixin.py:205} WARNING - Dependency <Task(BashOperator): create_entry_group>, delete_entry_group already registered for DAG: example_complex
[2026-09-24T18:09:51.778+0000] {logging_mixin.py:137} INFO - [2026-09-24T18:09:51.778+0000] {taskmixin.py:205} WARNING - Dependency <Task(BashOperator): delete_entry_group>, create_entry_group already registered for DAG: example_complex
[2026-09-24T18:09:51.779+0000] {logging_mixin.py:137} INFO - [2026-09-24T18:09:51.778+0000] {taskmixin.py:205} WARNING - Dependency <Task(BashOperator): create_entry_gcs>, delete_entry already registered for DAG: example_complex
[2026-09-24T18:09:51.780+0000] {logging_mixin.py:137} INFO - [2026-09-24T18:09:51.779+0000] {taskmixin.py:205} WARNING - Dependency <Task(BashOperator): delete_entry>, create_entry_gcs already registered for DAG: example_complex
[2026-09-24T18:09:51.781+0000] {logging_mixin.py:137} INFO - [2026-09-24T18:09:51.781+0000] {taskmixin.py:205} WARNING - Dependency <Task(BashOperator): create_tag>, delete_tag already registered for DAG: example_complex
[2026-09-24T18:09:51.781+0000] {logging_mixin.py:137} INFO - [2026-09-24T18:09:51.781+0000] {taskmixin.py:205} WARNING - Dependency <Task(BashOperator): delete_tag>, create_tag already registered for DAG: example_complex
[2026-09-24T18:09:51.798+0000] {processor.py:753} INFO - DAG(s) dict_keys(['example_complex']) retrieved from /home/airflow/.local/lib/python3.7/site-packages/airflow/example_dags/example_complex.py
[2026-09-24T18:09:51.891+0000] {logging_mixin.py:137} INFO - [2026-09-24T18:09:51.890+0000] {dag.py:2676} INFO - Sync 1 DAGs
[2026-09-24T18:09:51.934+0000] {logging_mixin.py:137} INFO - [2026-09-24T18:09:51.934+0000] {dag.py:3427} INFO - Setting next_dagrun for example_complex to None, run_after=None
[2026-09-24T18:09:51.970+0000] {processor.py:175} INFO - Processing /home/airflow/.local/lib/python3.7/site-packages/airflow/example_dags/example_complex.py took 0.233 seconds
[2026-09-24T18:10:22.620+0000] {processor.py:153} INFO - Started process (PID=862) to work on /home/airflow/.local/lib/python3.7/site-packages/airflow/example_dags/example_complex.py
[2026-09-24T18:10:22.621+0000] {processor.py:743} INFO - Processing file /home/airflow/.local/lib/python3.7/site-packages/airflow/example_dags/example_complex.py for tasks to queue
[2026-09-24T18:10:22.621+0000] {logging_mixin.py:137} INFO - [2026-09-24T18:10:22.621+0000] {dagbag.py:538} INFO - Filling up the DagBag from /home/airflow/.local/lib/python3.7/site-packages/airflow/example_dags/example_complex.py
[2026-09-24T18:10:22.642+0000] {logging_mixin.py:137} INFO - [2026-09-24T18:10:22.641+0000] {taskmixin.py:205} WARNING - Dependency <Task(BashOperator): create_entry_group>, delete_entry_group already registered for DAG: example_complex
[2026-09-24T18:10:22.642+0000] {logging_mixin.py:137} INFO - [2026-09-24T18:10:22.642+0000] {taskmixin.py:205} WARNING - Dependency <Task(BashOperator): delete_entry_group>, create_entry_group already registered for DAG: example_complex
[2026-09-24T18:10:22.642+0000] {logging_mixin.py:137} INFO - [2026-09-24T18:10:22.642+0000] {taskmixin.py:205} WARNING - Dependency <Task(BashOperator): create_entry_gcs>, delete_entry already registered for DAG: example_complex
[2026-09-24T18:10:22.643+0000] {logging_mixin.py:137} INFO - [2026-09-24T18:10:22.643+0000] {taskmixin.py:205} WARNING - Dependency <Task(BashOperator): delete_entry>, create_entry_gcs already registered for DAG: example_complex
[2026-09-24T18:10:22.644+0000] {logging_mixin.py:137} INFO - [2026-09-24T18:10:22.644+0000] {taskmixin.py:205} WARNING - Dependency <Task(BashOperator): create_tag>, delete_tag already registered for DAG: example_complex
[2026-09-24T18:10:22.644+0000] {logging_mixin.py:137} INFO - [2026-09-24T18:10:22.644+0000] {taskmixin.py:205} WARNING - Dependency <Task(BashOperator): delete_tag>, create_tag already registered for DAG: example_complex
[2026-09-24T18:10:22.653+0000] {processor.py:753} INFO - DAG(s) dict_keys(['example_complex']) retrieved from /home/airflow/.local/lib/python3.7/site-packages/airflow/example_dags/example_complex.py
[2026-09-24T18:10:22.748+0000] {logging_mixin.py:137} INFO - [2026-09-24T18:10:22.748+0000] {dag.py:2676} INFO - Sync 1 DAGs
[2026-09-24T18:10:22.796+0000] {logging_mixin.py:137} INFO - [2026-09-24T18:10:22.795+0000] {dag.py:3427} INFO - Setting next_dagrun for example_complex to None, run_after=None
[2026-09-24T18:10:22.832+0000] {processor.py:175} INFO - Processing /home/airflow/.local/lib/python3.7/site-packages/airflow/example_dags/example_complex.py took 0.218 seconds
[2026-09-24T18:10:53.283+0000] {processor.py:153} INFO - Started process (PID=951) to work on /home/airflow/.local/lib/python3.7/site-packages/airflow/example_dags/example_complex.py
[2026-09-24T18:10:53.285+0000] {processor.py:743} INFO - Processing file /home/airflow/.local/lib/python3.7/site-packages/airflow/example_dags/example_complex.py for tasks to queue
[2026-09-24T18:10:53.286+0000] {logging_mixin.py:137} INFO - [2026-09-24T18:10:53.286+0000] {dagbag.py:538} INFO - Filling up the DagBag from /home/airflow/.local/lib/python3.7/site-packages/airflow/example_dags/example_complex.py
[2026-09-24T18:10:53.297+0000] {logging_mixin.py:137} INFO - [2026-09-24T18:10:53.297+0000] {taskmixin.py:205} WARNING - Dependency <Task(BashOperator): create_entry_group>, delete_entry_group already registered for DAG: example_complex
[2026-09-24T18:10:53.298+0000] {logging_mixin.py:137} INFO - [2026-09-24T18:10:53.298+0000] {taskmixin.py:205} WARNING - Dependency <Task(BashOperator): delete_entry_group>, create_entry_group already registered for DAG: example_complex
[2026-09-24T18:10:53.298+0000] {logging_mixin.py:137} INFO - [2026-09-24T18:10:53.298+0000] {taskmixin.py:205} WARNING - Dependency <Task(BashOperator): create_entry_gcs>, delete_entry already registered for DAG: example_complex
[2026-09-24T18:10:53.298+0000] {logging_mixin.py:137} INFO - [2026-09-24T18:10:53.298+0000] {taskmixin.py:205} WARNING - Dependency <Task(BashOperator): delete_entry>, create_entry_gcs already registered for DAG: example_complex
[2026-09-24T18:10:53.298+0000] {logging_mixin.py:137} INFO - [2026-09-24T18:10:53.298+0000] {taskmixin.py:205} WARNING - Dependency <Task(BashOperator): create_tag>, delete_tag already registered for DAG: example_complex
[2026-09-24T18:10:53.298+0000] {logging_mixin.py:137} INFO - [2026-09-24T18:10:53.298+0000] {taskmixin.py:205} WARNING - Dependency <Task(BashOperator): delete_tag>, create_tag already registered for DAG: example_complex
[2026-09-24T18:10:53.305+0000] {processor.py:753} INFO - DAG(s) dict_keys(['example_complex']) retrieved from /home/airflow/.local/lib/python3.7/site-packages/airflow/example_dags/example_complex.py
[2026-09-24T18:10:53.353+0000] {logging_mixin.py:137} INFO - [2026-09-24T18:10:53.352+0000] {dag.py:2676} INFO - Sync 1 DAGs
[2026-09-24T18:10:53.378+0000] {logging_mixin.py:137} INFO - [2026-09-24T18:10:53.378+0000] {dag.py:3427} INFO - Setting next_dagrun for example_complex to None, run_after=None
[2026-09-24T18:10:53.405+0000] {processor.py:175} INFO - Processing /home/airflow/.local/lib/python3.7/site-packages/airflow/example_dags/example_complex.py took 0.125 seconds
[2026-09-24T18:11:23.548+0000] {processor.py:153} INFO - Started process (PID=1029) to work on /home/airflow/.local/lib/python3.7/site-packages/airflow/example_dags/example_complex.py
[2026-09-24T18:11:23.548+0000] {processor.py:743} INFO - Processing file /home/airflow/.local/lib/python3.7/site-packages/airflow/example_dags/example_complex.py for tasks to queue
[2026-09-24T18:11:23.549+0000] {logging_mixin.py:137} INFO - [2026-09-24T18:11:23.549+0000] {dagbag.py:538} INFO - Filling up the DagBag from /home/airflow/.local/lib/python3.7/site-packages/airflow/example_dags/example_complex.py
[2026-09-24T18:11:23.560+0000] {logging_mixin.py:137} INFO - [2026-09-24T18:11:23.560+0000] {taskmixin.py:205} WARNING - Dependency <Task(BashOperator): create_entry_group>, delete_entry_group already registered for DAG: example_complex
[2026-09-24T18:11:23.561+0000] {logging_mixin.py:137} INFO - [2026-09-24T18:11:23.561+0000] {taskmixin.py:205} WARNING - Dependency <Task(BashOperator): delete_entry_group>, create_entry_group already registered for DAG: example_complex
[2026-09-24T18:11:23.561+0000] {logging_mixin.py:137} INFO - [2026-09-24T18:11:23.561+0000] {taskmixin.py:205} WARNING - Dependency <Task(BashOperator): create_entry_gcs>, delete_entry already registered for DAG: example_complex
[2026-09-24T18:11:23.561+0000] {logging_mixin.py:137} INFO - [2026-09-24T18:11:23.561+0000] {taskmixin.py:205} WARNING - Dependency <Task(BashOperator): delete_entry>, create_entry_gcs already registered for DAG: example_complex
[2026-09-24T18:11:23.562+0000] {logging_mixin.py:137} INFO - [2026-09-24T18:11:23.562+0000] {taskmixin.py:205} WARNING - Dependency <Task(BashOperator): create_tag>, delete_tag already registered for DAG: example_complex
[2026-09-24T18:11:23.562+0000] {logging_mixin.py:137} INFO - [2026-09-24T18:11:23.562+0000] {taskmixin.py:205} WARNING - Dependency <Task(BashOperator): delete_tag>, create_tag already registered for DAG: example_complex
[2026-09-24T18:11:23.572+0000] {processor.py:753} INFO - DAG(s) dict_keys(['example_complex']) retrieved from /home/airflow/.local/lib/python3.7/site-packages/airflow/example_dags/example_complex.py
[2026-09-24T18:11:23.629+0000] {logging_mixin.py:137} INFO - [2026-09-24T18:11:23.629+0000] {dag.py:2676} INFO - Sync 1 DAGs
[2026-09-24T18:11:23.662+0000] {logging_mixin.py:137} INFO - [2026-09-24T18:11:23.662+0000] {dag.py:3427} INFO - Setting next_dagrun for example_complex to None, run_after=None
[2026-09-24T18:11:23.694+0000] {processor.py:175} INFO - Processing /home/airflow/.local/lib/python3.7/site-packages/airflow/example_dags/example_complex.py took 0.150 seconds
[2026-09-24T18:11:54.574+0000] {processor.py:153} INFO - Started process (PID=1127) to work on /home/airflow/.local/lib/python3.7/site-packages/airflow/example_dags/example_complex.py
[2026-09-24T18:11:54.576+0000] {processor.py:743} INFO - Processing file /home/airflow/.local/lib/python3.7/site-packages/airflow/example_dags/example_complex.py for tasks to queue
[2026-09-24T18:11:54.577+0000] {logging_mixin.py:137} INFO - [2026-09-24T18:11:54.577+0000] {dagbag.py:538} INFO - Filling up the DagBag from /home/airflow/.local/lib/python3.7/site-packages/airflow/example_dags/example_complex.py
[2026-09-24T18:11:54.596+0000] {logging_mixin.py:137} INFO - [2026-09-24T18:11:54.596+0000] {taskmixin.py:205} WARNING - Dependency <Task(BashOperator): create_entry_group>, delete_entry_group already registered for DAG: example_complex
[2026-09-24T18:11:54.597+0000] {logging_mixin.py:137} INFO - [2026-09-24T18:11:54.596+0000] {taskmixin.py:205} WARNING - Dependency <Task(BashOperator): delete_entry_group>, create_entry_group already registered for DAG: example_complex
[2026-09-24T18:11:54.597+0000] {logging_mixin.py:137} INFO - [2026-09-24T18:11:54.597+0000] {taskmixin.py:205} WARNING - Dependency <Task(BashOperator): create_entry_gcs>, delete_entry already registered for DAG: example_complex
[2026-09-24T18:11:54.597+0000] {logging_mixin.py:137} INFO - [2026-09-24T18:11:54.597+0000] {taskmixin.py:205} WARNING - Dependency <Task(BashOperator): delete_entry>, create_entry_gcs already registered for DAG: example_complex
[2026-09-24T18:11:54.597+0000] {logging_mixin.py:137} INFO - [2026-09-24T18:11:54.597+0000] {taskmixin.py:205} WARNING - Dependency <Task(BashOperator): create_tag>, delete_tag already registered for DAG: example_complex
[2026-09-24T18:11:54.597+0000] {logging_mixin.py:137} INFO - [2026-09-24T18:11:54.597+0000] {taskmixin.py:205} WARNING - Dependency <Task(BashOperator): delete_tag>, create_tag already registered for DAG: example_complex
[2026-09-24T18:11:54.608+0000] {processor.py:753} INFO - DAG(s) dict_keys(['example_complex']) retrieved from /home/airflow/.local/lib/python3.7/site-packages/airflow/example_dags/example_complex.py
[2026-09-24T18:11:54.720+0000] {logging_mixin.py:137} INFO - [2026-09-24T18:11:54.720+0000] {dag.py:2676} INFO - Sync 1 DAGs
[2026-09-24T18:11:54.840+0000] {logging_mixin.py:137} INFO - [2026-09-24T18:11:54.840+0000] {dag.py:3427} INFO - Setting next_dagrun for example_complex to None, run_after=None
[2026-09-24T18:11:54.900+0000] {processor.py:175} INFO - Processing /home/airflow/.local/lib/python3.7/site-packages/airflow/example_dags/example_complex.py took 0.331 seconds
[2026-09-24T18:12:25.171+0000] {processor.py:153} INFO - Started process (PID=1205) to work on /home/airflow/.local/lib/python3.7/site-packages/airflow/example_dags/example_complex.py
[2026-09-24T18:12:25.172+0000] {processor.py:743} INFO - Processing file /home/airflow/.local/lib/python3.7/site-packages/airflow/example_dags/example_complex.py for tasks to queue
[2026-09-24T18:12:25.173+0000] {logging_mixin.py:137} INFO - [2026-09-24T18:12:25.173+0000] {dagbag.py:538} INFO - Filling up the DagBag from /home/airflow/.local/lib/python3.7/site-packages/airflow/example_dags/example_complex.py
[2026-09-24T18:12:25.195+0000] {logging_mixin.py:137} INFO - [2026-09-24T18:12:25.195+0000] {taskmixin.py:205} WARNING - Dependency <Task(BashOperator): create_entry_group>, delete_entry_group already registered for DAG: example_complex
[2026-09-24T18:12:25.195+0000] {logging_mixin.py:137} INFO - [2026-09-24T18:12:25.195+0000] {taskmixin.py:205} WARNING - Dependency <Task(BashOperator): delete_entry_group>, create_entry_group already registered for DAG: example_complex
[2026-09-24T18:12:25.196+0000] {logging_mixin.py:137} INFO - [2026-09-24T18:12:25.195+0000] {taskmixin.py:205} WARNING - Dependency <Task(BashOperator): create_entry_gcs>, delete_entry already registered for DAG: example_complex
[2026-09-24T18:12:25.196+0000] {logging_mixin.py:137} INFO - [2026-09-24T18:12:25.196+0000] {taskmixin.py:205} WARNING - Dependency <Task(BashOperator): delete_entry>, create_entry_gcs already registered for DAG: example_complex
[2026-09-24T18:12:25.196+0000] {logging_mixin.py:137} INFO - [2026-09-24T18:12:25.196+0000] {taskmixin.py:205} WARNING - Dependency <Task(BashOperator): create_tag>, delete_tag already registered for DAG: example_complex
[2026-09-24T18:12:25.196+0000] {logging_mixin.py:137} INFO - [2026-09-24T18:12:25.196+0000] {taskmixin.py:205} WARNING - Dependency <Task(BashOperator): delete_tag>, create_tag already registered for DAG: example_complex
[2026-09-24T18:12:25.212+0000] {processor.py:753} INFO - DAG(s) dict_keys(['example_complex']) retrieved from /home/airflow/.local/lib/python3.7/site-packages/airflow/example_dags/example_complex.py
[2026-09-24T18:12:25.295+0000] {logging_mixin.py:137} INFO - [2026-09-24T18:12:25.295+0000] {dag.py:2676} INFO - Sync 1 DAGs
[2026-09-24T18:12:25.363+0000] {logging_mixin.py:137} INFO - [2026-09-24T18:12:25.363+0000] {dag.py:3427} INFO - Setting next_dagrun for example_complex to None, run_after=None
[2026-09-24T18:12:25.396+0000] {processor.py:175} INFO - Processing /home/airflow/.local/lib/python3.7/site-packages/airflow/example_dags/example_complex.py took 0.228 seconds
[2026-09-24T18:12:55.698+0000] {processor.py:153} INFO - Started process (PID=1292) to work on /home/airflow/.local/lib/python3.7/site-packages/airflow/example_dags/example_complex.py
[2026-09-24T18:12:55.700+0000] {processor.py:743} INFO - Processing file /home/airflow/.local/lib/python3.7/site-packages/airflow/example_dags/example_complex.py for tasks to queue
[2026-09-24T18:12:55.702+0000] {logging_mixin.py:137} INFO - [2026-09-24T18:12:55.702+0000] {dagbag.py:538} INFO - Filling up the DagBag from /home/airflow/.local/lib/python3.7/site-packages/airflow/example_dags/example_complex.py
[2026-09-24T18:12:55.735+0000] {logging_mixin.py:137} INFO - [2026-09-24T18:12:55.735+0000] {taskmixin.py:205} WARNING - Dependency <Task(BashOperator): create_entry_group>, delete_entry_group already registered for DAG: example_complex
[2026-09-24T18:12:55.736+0000] {logging_mixin.py:137} INFO - [2026-09-24T18:12:55.736+0000] {taskmixin.py:205} WARNING - Dependency <Task(BashOperator): delete_entry_group>, create_entry_group already registered for DAG: example_complex
[2026-09-24T18:12:55.736+0000] {logging_mixin.py:137} INFO - [2026-09-24T18:12:55.736+0000] {taskmixin.py:205} WARNING - Dependency <Task(BashOperator): create_entry_gcs>, delete_entry already registered for DAG: example_complex
[2026-09-24T18:12:55.736+0000] {logging_mixin.py:137} INFO - [2026-09-24T18:12:55.736+0000] {taskmixin.py:205} WARNING - Dependency <Task(BashOperator): delete_entry>, create_entry_gcs already registered for DAG: example_complex
[2026-09-24T18:12:55.736+0000] {logging_mixin.py:137} INFO - [2026-09-24T18:12:55.736+0000] {taskmixin.py:205} WARNING - Dependency <Task(BashOperator): create_tag>, delete_tag already registered for DAG: example_complex
[2026-09-24T18:12:55.736+0000] {logging_mixin.py:137} INFO - [2026-09-24T18:12:55.736+0000] {taskmixin.py:205} WARNING - Dependency <Task(BashOperator): delete_tag>, create_tag already registered for DAG: example_complex
[2026-09-24T18:12:55.753+0000] {processor.py:753} INFO - DAG(s) dict_keys(['example_complex']) retrieved from /home/airflow/.local/lib/python3.7/site-packages/airflow/example_dags/example_complex.py
[2026-09-24T18:12:55.843+0000] {logging_mixin.py:137} INFO - [2026-09-24T18:12:55.843+0000] {dag.py:2676} INFO - Sync 1 DAGs
[2026-09-24T18:12:55.910+0000] {logging_mixin.py:137} INFO - [2026-09-24T18:12:55.910+0000] {dag.py:3427} INFO - Setting next_dagrun for example_complex to None, run_after=None
[2026-09-24T18:12:55.965+0000] {processor.py:175} INFO - Processing /home/airflow/.local/lib/python3.7/site-packages/airflow/example_dags/example_complex.py took 0.270 seconds
[2026-09-24T18:13:26.332+0000] {processor.py:153} INFO - Started process (PID=1381) to work on /home/airflow/.local/lib/python3.7/site-packages/airflow/example_dags/example_complex.py
[2026-09-24T18:13:26.333+0000] {processor.py:743} INFO - Processing file /home/airflow/.local/lib/python3.7/site-packages/airflow/example_dags/example_complex.py for tasks to queue
[2026-09-24T18:13:26.334+0000] {logging_mixin.py:137} INFO - [2026-09-24T18:13:26.333+0000] {dagbag.py:538} INFO - Filling up the DagBag from /home/airflow/.local/lib/python3.7/site-packages/airflow/example_dags/example_complex.py
[2026-09-24T18:13:26.352+0000] {logging_mixin.py:137} INFO - [2026-09-24T18:13:26.352+0000] {taskmixin.py:205} WARNING - Dependency <Task(BashOperator): create_entry_group>, delete_entry_group already registered for DAG: example_complex
[2026-09-24T18:13:26.352+0000] {logging_mixin.py:137} INFO - [2026-09-24T18:13:26.352+0000] {taskmixin.py:205} WARNING - Dependency <Task(BashOperator): delete_entry_group>, create_entry_group already registered for DAG: example_complex
[2026-09-24T18:13:26.352+0000] {logging_mixin.py:137} INFO - [2026-09-24T18:13:26.352+0000] {taskmixin.py:205} WARNING - Dependency <Task(BashOperator): create_entry_gcs>, delete_entry already registered for DAG: example_complex
[2026-09-24T18:13:26.353+0000] {logging_mixin.py:137} INFO - [2026-09-24T18:13:26.352+0000] {taskmixin.py:205} WARNING - Dependency <Task(BashOperator): delete_entry>, create_entry_gcs already registered for DAG: example_complex
[2026-09-24T18:13:26.353+0000] {logging_mixin.py:137} INFO - [2026-09-24T18:13:26.353+0000] {taskmixin.py:205} WARNING - Dependency <Task(BashOperator): create_tag>, delete_tag already registered for DAG: example_complex
[2026-09-24T18:13:26.353+0000] {logging_mixin.py:137} INFO - [2026-09-24T18:13:26.353+0000] {taskmixin.py:205} WARNING - Dependency <Task(BashOperator): delete_tag>, create_tag already registered for DAG: example_complex
[2026-09-24T18:13:26.365+0000] {processor.py:753} INFO - DAG(s) dict_keys(['example_complex']) retrieved from /home/airflow/.local/lib/python3.7/site-packages/airflow/example_dags/example_complex.py
[2026-09-24T18:13:26.436+0000] {logging_mixin.py:137} INFO - [2026-09-24T18:13:26.436+0000] {dag.py:2676} INFO - Sync 1 DAGs
[2026-09-24T18:13:26.467+0000] {logging_mixin.py:137} INFO - [2026-09-24T18:13:26.467+0000] {dag.py:3427} INFO - Setting next_dagrun for example_complex to None, run_after=None
[2026-09-24T18:13:26.501+0000] {processor.py:175} INFO - Processing /home/airflow/.local/lib/python3.7/site-packages/airflow/example_dags/example_complex.py took 0.175 seconds
[2026-09-24T18:13:57.006+0000] {processor.py:153} INFO - Started process (PID=1460) to work on /home/airflow/.local/lib/python3.7/site-packages/airflow/example_dags/example_complex.py
[2026-09-24T18:13:57.009+0000] {processor.py:743} INFO - Processing file /home/airflow/.local/lib/python3.7/site-packages/airflow/example_dags/example_complex.py for tasks to queue
[2026-09-24T18:13:57.012+0000] {logging_mixin.py:137} INFO - [2026-09-24T18:13:57.011+0000] {dagbag.py:538} INFO - Filling up the DagBag from /home/airflow/.local/lib/python3.7/site-packages/airflow/example_dags/example_complex.py
[2026-09-24T18:13:57.074+0000] {logging_mixin.py:137} INFO - [2026-09-24T18:13:57.073+0000] {taskmixin.py:205} WARNING - Dependency <Task(BashOperator): create_entry_group>, delete_entry_group already registered for DAG: example_complex
[2026-09-24T18:13:57.075+0000] {logging_mixin.py:137} INFO - [2026-09-24T18:13:57.075+0000] {taskmixin.py:205} WARNING - Dependency <Task(BashOperator): delete_entry_group>, create_entry_group already registered for DAG: example_complex
[2026-09-24T18:13:57.077+0000] {logging_mixin.py:137} INFO - [2026-09-24T18:13:57.076+0000] {taskmixin.py:205} WARNING - Dependency <Task(BashOperator): create_entry_gcs>, delete_entry already registered for DAG: example_complex
[2026-09-24T18:13:57.077+0000] {logging_mixin.py:137} INFO - [2026-09-24T18:13:57.077+0000] {taskmixin.py:205} WARNING - Dependency <Task(BashOperator): delete_entry>, create_entry_gcs already registered for DAG: example_complex
[2026-09-24T18:13:57.078+0000] {logging_mixin.py:137} INFO - [2026-09-24T18:13:57.078+0000] {taskmixin.py:205} WARNING - Dependency <Task(BashOperator): create_tag>, delete_tag already registered for DAG: example_complex
[2026-09-24T18:13:57.078+0000] {logging_mixin.py:137} INFO - [2026-09-24T18:13:57.078+0000] {taskmixin.py:205} WARNING - Dependency <Task(BashOperator): delete_tag>, create_tag already registered for DAG: example_complex
[2026-09-24T18:13:57.110+0000] {processor.py:753} INFO - DAG(s) dict_keys(['example_complex']) retrieved from /home/airflow/.local/lib/python3.7/site-packages/airflow/example_dags/example_complex.py
[2026-09-24T18:13:57.263+0000] {logging_mixin.py:137} INFO - [2026-09-24T18:13:57.262+0000] {dag.py:2676} INFO - Sync 1 DAGs
[2026-09-24T18:13:57.340+0000] {logging_mixin.py:137} INFO - [2026-09-24T18:13:57.340+0000] {dag.py:3427} INFO - Setting next_dagrun for example_complex to None, run_after=None
[2026-09-24T18:13:57.425+0000] {processor.py:175} INFO - Processing /home/airflow/.local/lib/python3.7/site-packages/airflow/example_dags/example_complex.py took 0.433 seconds
