[2026-09-24T18:05:43.631+0000] {processor.py:153} INFO - Started process (PID=75) to work on /home/airflow/.local/lib/python3.7/site-packages/airflow/example_dags/example_skip_dag.py
[2026-09-24T18:05:43.632+0000] {processor.py:743} INFO - Processing file /home/airflow/.local/lib/python3.7/site-packages/airflow/example_dags/example_skip_dag.py for tasks to queue
[2026-09-24T18:05:43.633+0000] {logging_mixin.py:137} INFO - [2026-09-24T18:05:43.633+0000] {dagbag.py:538} INFO - Filling up the DagBag from /home/airflow/.local/lib/python3.7/site-packages/airflow/example_dags/example_skip_dag.py
[2026-09-24T18:05:43.653+0000] {processor.py:753} INFO - DAG(s) dict_keys(['example_skip_dag']) retrieved from /home/airflow/.local/lib/python3.7/site-packages/airflow/example_dags/example_skip_dag.py
[2026-09-24T18:05:43.756+0000] {logging_mixin.py:137} INFO - [2026-09-24T18:05:43.756+0000] {dag.py:2676} INFO - Sync 1 DAGs
[2026-09-24T18:05:43.851+0000] {logging_mixin.py:137} INFO - [2026-09-24T18:05:43.850+0000] {dag.py:3427} INFO - Setting next_dagrun for example_skip_dag to 2026-09-23T18:05:43.849976+00:00, run_after=2026-09-24T18:05:43.849976+00:00
[2026-09-24T18:05:43.938+0000] {processor.py:175} INFO - Processing /home/airflow/.local/lib/python3.7/site-packages/airflow/example_dags/example_skip_dag.py took 0.313 seconds
[2026-09-24T18:06:14.052+0000] {processor.py:153} INFO - Started process (PID=153) to work on /home/airflow/.local/lib/python3.7/site-packages/airflow/example_dags/example_skip_dag.py
[2026-09-24T18:06:14.055+0000] {processor.py:743} INFO - Processing file /home/airflow/.local/lib/python3.7/site-packages/airflow/example_dags/example_skip_dag.py for tasks to queue
[2026-09-24T18:06:14.058+0000] {logging_mixin.py:137} INFO - [2026-09-24T18:06:14.058+0000] {dagbag.py:538} INFO - Filling up the DagBag from /home/airflow/.local/lib/python3.7/site-packages/airflow/example_dags/example_skip_dag.py
[2026-09-24T18:06:14.102+0000] {processor.py:753} INFO - DAG(s) dict_keys(['example_skip_dag']) retrieved from /home/airflow/.local/lib/python3.7/site-packages/airflow/example_dags/example_skip_dag.py
[2026-09-24T18:06:14.158+0000] {logging_mixin.py:137} INFO - [2026-09-24T18:06:14.158+0000] {dag.py:2676} INFO - Sync 1 DAGs
[2026-09-24T18:06:14.193+0000] {logging_mixin.py:137} INFO - [2026-09-24T18:06:14.193+0000] {dag.py:3427} INFO - Setting next_dagrun for example_skip_dag to 2026-09-23T18:06:14.193060+00:00, run_after=2026-09-24T18:06:14.193060+00:00
[2026-09-24T18:06:14.219+0000] {processor.py:175} INFO - Processing /home/airflow/.local/lib/python3.7/site-packages/airflow/example_dags/example_skip_dag.py took 0.177 seconds
[2026-09-24T18:06:44.310+0000] {processor.py:153} INFO - Started process (PID=231) to work on /home/airflow/.local/lib/python3.7/site-packages/airflow/example_dags/example_skip_dag.py
[2026-09-24T18:06:44.311+0000] {processor.py:743} INFO - Processing file /home/airflow/.local/lib/python3.7/site-packages/airflow/example_dags/example_skip_dag.py for tasks to queue
[2026-09-24T18:06:44.312+0000] {logging_mixin.py:137} INFO - [2026-09-24T18:06:44.311+0000] {dagbag.py:538} INFO - Filling up the DagBag from /home/airflow/.local/lib/python3.7/site-packages/airflow/example_dags/example_skip_dag.py
[2026-09-24T18:06:44.328+0000] {processor.py:753} INFO - DAG(s) dict_keys(['example_skip_dag']) retrieved from /home/airflow/.local/lib/python3.7/site-packages/airflow/example_dags/example_skip_dag.py
[2026-09-24T18:06:44.380+0000] {logging_mixin.py:137} INFO - [2026-09-24T18:06:44.380+0000] {dag.py:2676} INFO - Sync 1 DAGs
[2026-09-24T18:06:44.410+0000] {logging_mixin.py:137} INFO - [2026-09-24T18:06:44.409+0000] {dag.py:3427} INFO - Setting next_dagrun for example_skip_dag to 2026-09-23T18:06:44.409266+00:00, run_after=2026-09-24T18:06:44.409266+00:00
[2026-09-24T18:06:44.437+0000] {processor.py:175} INFO - Processing /home/airflow/.local/lib/python3.7/site-packages/airflow/example_dags/example_skip_dag.py took 0.130 seconds
[2026-09-24T18:07:15.094+0000] {processor.py:153} INFO - Started process (PID=329) to work on /home/airflow/.local/lib/python3.7/site-packages/airflow/example_dags/example_skip_dag.py
[2026-09-24T18:07:15.095+0000] {processor.py:743} INFO - Processing file /home/airflow/.local/lib/python3.7/site-packages/airflow/example_dags/example_skip_dag.py for tasks to queue
[2026-09-24T18:07:15.096+0000] {logging_mixin.py:137} INFO - [2026-09-24T18:07:15.096+0000] {dagbag.py:538} INFO - Filling up the DagBag from /home/airflow/.local/lib/python3.7/site-packages/airflow/example_dags/example_skip_dag.py
[2026-09-24T18:07:15.110+0000] {processor.py:753} INFO - DAG(s) dict_keys(['example_skip_dag']) retrieved from /home/airflow/.local/lib/python3.7/site-packages/airflow/example_dags/example_skip_dag.py
[2026-09-24T18:07:15.149+0000] {logging_mixin.py:137} INFO - [2026-09-24T18:07:15.149+0000] {dag.py:2676} INFO - Sync 1 DAGs
[2026-09-24T18:07:15.182+0000] {logging_mixin.py:137} INFO - [2026-09-24T18:07:15.182+0000] {dag.py:3427} INFO - Setting next_dagrun for example_skip_dag to 2026-09-23T18:07:15.182061+00:00, run_after=2026-09-24T18:07:15.182061+00:00
[2026-09-24T18:07:15.208+0000] {processor.py:175} INFO - Processing /home/airflow/.local/lib/python3.7/site-packages/airflow/example_dags/example_skip_dag.py took 0.117 seconds
[2026-09-24T18:07:45.752+0000] {processor.py:153} INFO - Started process (PID=407) to work on /home/airflow/.local/lib/python3.7/site-packages/airflow/example_dags/example_skip_dag.py
[2026-09-24T18:07:45.754+0000] {processor.py:743} INFO - Processing file /home/airflow/.local/lib/python3.7/site-packages/airflow/example_dags/example_skip_dag.py for tasks to queue
[2026-09-24T18:07:45.755+0000] {logging_mixin.py:137} INFO - [2026-09-24T18:07:45.755+0000] {dagbag.py:538} INFO - Filling up the DagBag from /home/airflow/.local/lib/python3.7/site-packages/airflow/example_dags/example_skip_dag.py
[2026-09-24T18:07:45.774+0000] {processor.py:753} INFO - DAG(s) dict_keys(['example_skip_dag']) retrieved from /home/airflow/.local/lib/python3.7/site-packages/airflow/example_dags/example_skip_dag.py
[2026-09-24T18:07:45.820+0000] {logging_mixin.py:137} INFO - [2026-09-24T18:07:45.820+0000] {dag.py:2676} INFO - Sync 1 DAGs
[2026-09-24T18:07:45.852+0000] {logging_mixin.py:137} INFO - [2026-09-24T18:07:45.852+0000] {dag.py:3427} INFO - Setting next_dagrun for example_skip_dag to 2026-09-23T18:07:45.852190+00:00, run_after=2026-09-24T18:07:45.852190+00:00
[2026-09-24T18:07:45.880+0000] {processor.py:175} INFO - Processing /home/airflow/.local/lib/python3.7/site-packages/airflow/example_dags/example_skip_dag.py took 0.131 seconds
[2026-09-24T18:08:16.819+0000] {processor.py:153} INFO - Started process (PID=505) to work on /home/airflow/.local/lib/python3.7/site-packages/airflow/example_dags/example_skip_dag.py
[2026-09-24T18:08:16.821+0000] {processor.py:743} INFO - Processing file /home/airflow/.local/lib/python3.7/site-packages/airflow/example_dags/example_skip_dag.py for tasks to queue
[2026-09-24T18:08:16.822+0000] {logging_mixin.py:137} INFO - [2026-09-24T18:08:16.821+0000] {dagbag.py:538} INFO - Filling up the DagBag from /home/airflow/.local/lib/python3.7/site-packages/airflow/example_dags/example_skip_dag.py
[2026-09-24T18:08:16.836+0000] {processor.py:753} INFO - DAG(s) dict_keys(['example_skip_dag']) retrieved from /home/airflow/.local/lib/python3.7/site-packages/airflow/example_dags/example_skip_dag.py
[2026-09-24T18:08:16.877+0000] {logging_mixin.py:137} INFO - [2026-09-24T18:08:16.877+0000] {dag.py:2676} INFO - Sync 1 DAGs
[2026-09-24T18:08:16.902+0000] {logging_mixin.py:137} INFO - [2026-09-24T18:08:16.902+0000] {dag.py:3427} INFO - Setting next_dagrun for example_skip_dag to 2026-09-23T18:08:16.902453+00:00, run_after=2026-09-24T18:08:16.902453+00:00
[2026-09-24T18:08:16.931+0000] {processor.py:175} INFO - Processing /home/airflow/.local/lib/python3.7/site-packages/airflow/example_dags/example_skip_dag.py took 0.115 seconds
[2026-09-24T18:08:47.865+0000] {processor.py:153} INFO - Started process (PID=583) to work on /home/airflow/.local/lib/python3.7/site-packages/airflow/example_dags/example_skip_dag.py
[2026-09-24T18:08:47.867+0000] {processor.py:743} INFO - Processing file /home/airflow/.local/lib/python3.7/site-packages/airflow/example_dags/example_skip_dag.py for tasks to queue
[2026-09-24T18:08:47.868+0000] {logging_mixin.py:137} INFO - [2026-09-24T18:08:47.868+0000] {dagbag.py:538} INFO - Filling up the DagBag from /home/airflow/.local/lib/python3.7/site-packages/airflow/example_dags/example_skip_dag.py
[2026-09-24T18:08:47.889+0000] {processor.py:753} INFO - DAG(s) dict_keys(['example_skip_dag']) retrieved from /home/airflow/.local/lib/python3.7/site-packages/airflow/example_dags/example_skip_dag.py
[2026-09-24T18:08:47.946+0000] {logging_mixin.py:137} INFO - [2026-09-24T18:08:47.946+0000] {dag.py:2676} INFO - Sync 1 DAGs
[2026-09-24T18:08:47.979+0000] {logging_mixin.py:137} INFO - [2026-09-24T18:08:47.979+0000] {dag.py:3427} INFO - Setting next_dagrun for example_skip_dag to 2026-09-23T18:08:47.978900+00:00, run_after=2026-09-24T18:08:47.978900+00:00
[2026-09-24T18:08:48.014+0000] {processor.py:175} INFO - Processing /home/airflow/.local/lib/python3.7/site-packages/airflow/example_dags/example_skip_dag.py took 0.152 seconds
[2026-09-24T18:09:18.402+0000] {processor.py:153} INFO - Started process (PID=681) to work on /home/airflow/.local/lib/python3.7/site-packages/airflow/example_dags/example_skip_dag.py
[2026-09-24T18:09:18.405+0000] {processor.py:743} INFO - Processing file /home/airflow/.local/lib/python3.7/site-packages/airflow/example_dags/example_skip_dag.py for tasks to queue
[2026-09-24T18:09:18.407+0000] {logging_mixin.py:137} INFO - [2026-09-24T18:09:18.406+0000] {dagbag.py:538} INFO - Filling up the DagBag from /home/airflow/.local/lib/python3.7/site-packages/airflow/example_dags/example_skip_dag.py
[2026-09-24T18:09:18.444+0000] {processor.py:753} INFO - DAG(s) dict_keys(['example_skip_dag']) retrieved from /home/airflow/.local/lib/python3.7/site-packages/airflow/example_dags/example_skip_dag.py
[2026-09-24T18:09:18.521+0000] {logging_mixin.py:137} INFO - [2026-09-24T18:09:18.520+0000] {dag.py:2676} INFO - Sync 1 DAGs
[2026-09-24T18:09:18.569+0000] {logging_mixin.py:137} INFO - [2026-09-24T18:09:18.568+0000] {dag.py:3427} INFO - Setting next_dagrun for example_skip_dag to 2026-09-23T18:09:18.568280+00:00, run_after=2026-09-24T18:09:18.568280+00:00
[2026-09-24T18:09:18.610+0000] {processor.py:175} INFO - Processing /home/airflow/.local/lib/python3.7/site-packages/airflow/example_dags/example_skip_dag.py took 0.219 seconds
[2026-09-24T18:09:49.519+0000] {processor.py:153} INFO - Started process (PID=760) to work on /home/airflow/.local/lib/python3.7/site-packages/airflow/example_dags/example_skip_dag.py
[2026-09-24T18:09:49.524+0000] {processor.py:743} INFO - Processing file /home/airflow/.local/lib/python3.7/site-packages/airflow/example_dags/example_skip_dag.py for tasks to queue
[2026-09-24T18:09:49.530+0000] {logging_mixin.py:137} INFO - [2026-09-24T18:09:49.529+0000] {dagbag.py:538} INFO - Filling up the DagBag from /home/airflow/.local/lib/python3.7/site-packages/airflow/example_dags/example_skip_dag.py
[2026-09-24T18:09:49.649+0000] {processor.py:753} INFO - DAG(s) dict_keys(['example_skip_dag']) retrieved from /home/airflow/.local/lib/python3.7/site-packages/airflow/example_dags/example_skip_dag.py
[2026-09-24T18:09:49.730+0000] {logging_mixin.py:137} INFO - [2026-09-24T18:09:49.729+0000] {dag.py:2676} INFO - Sync 1 DAGs
[2026-09-24T18:09:49.779+0000] {logging_mixin.py:137} INFO - [2026-09-24T18:09:49.778+0000] {dag.py:3427} INFO - Setting next_dagrun for example_skip_dag to 2026-09-23T18:09:49.777897+00:00, run_after=2026-09-24T18:09:49.777897+00:00
[2026-09-24T18:09:49.829+0000] {processor.py:175} INFO - Processing /home/airflow/.local/lib/python3.7/site-packages/airflow/example_dags/example_skip_dag.py took 0.322 seconds
[2026-09-24T18:10:20.193+0000] {processor.py:153} INFO - Started process (PID=838) to work on /home/airflow/.local/lib/python3.7/site-packages/airflow/example_dags/example_skip_dag.py
[2026-09-24T18:10:20.193+0000] {processor.py:743} INFO - Processing file /home/airflow/.local/lib/python3.7/site-packages/airflow/example_dags/example_skip_dag.py for tasks to queue
[2026-09-24T18:10:20.194+0000] {logging_mixin.py:137} INFO - [2026-09-24T18:10:20.194+0000] {dagbag.py:538} INFO - Filling up the DagBag from /home/airflow/.local/lib/python3.7/site-packages/airflow/example_dags/example_skip_dag.py
[2026-09-24T18:10:20.210+0000] {processor.py:753} INFO - DAG(s) dict_keys(['example_skip_dag']) retrieved from /home/airflow/.local/lib/python3.7/site-packages/airflow/example_dags/example_skip_dag.py
[2026-09-24T18:10:20.247+0000] {logging_mixin.py:137} INFO - [2026-09-24T18:10:20.246+0000] {dag.py:2676} INFO - Sync 1 DAGs
[2026-09-24T18:10:20.269+0000] {logging_mixin.py:137} INFO - [2026-09-24T18:10:20.269+0000] {dag.py:3427} INFO - Setting next_dagrun for example_skip_dag to 2026-09-23T18:10:20.269512+00:00, run_after=2026-09-24T18:10:20.269512+00:00
[2026-09-24T18:10:20.293+0000] {processor.py:175} INFO - Processing /home/airflow/.local/lib/python3.7/site-packages/airflow/example_dags/example_skip_dag.py took 0.103 seconds
[2026-09-24T18:10:50.855+0000] {processor.py:153} INFO - Started process (PID=936) to work on /home/airflow/.local/lib/python3.7/site-packages/airflow/example_dags/example_skip_dag.py
[2026-09-24T18:10:50.857+0000] {processor.py:743} INFO - Processing file /home/airflow/.local/lib/python3.7/site-packages/airflow/example_dags/example_skip_dag.py for tasks to queue
[2026-09-24T18:10:50.858+0000] {logging_mixin.py:137} INFO - [2026-09-24T18:10:50.858+0000] {dagbag.py:538} INFO - Filling up the DagBag from /home/airflow/.local/lib/python3.7/site-packages/airflow/example_dags/example_skip_dag.py
[2026-09-24T18:10:50.879+0000] {processor.py:753} INFO - DAG(s) dict_keys(['example_skip_dag']) retrieved from /home/airflow/.local/lib/python3.7/site-packages/airflow/example_dags/example_skip_dag.py
[2026-09-24T18:10:50.927+0000] {logging_mixin.py:137} INFO - [2026-09-24T18:10:50.926+0000] {dag.py:2676} INFO - Sync 1 DAGs
[2026-09-24T18:10:50.959+0000] {logging_mixin.py:137} INFO - [2026-09-24T18:10:50.959+0000] {dag.py:3427} INFO - Setting next_dagrun for example_skip_dag to 2026-09-23T18:10:50.958948+00:00, run_after=2026-09-24T18:10:50.958948+00:00
[2026-09-24T18:10:50.988+0000] {processor.py:175} INFO - Processing /home/airflow/.local/lib/python3.7/site-packages/airflow/example_dags/example_skip_dag.py took 0.138 seconds
[2026-09-24T18:11:21.195+0000] {processor.py:153} INFO - Started process (PID=1014) to work on /home/airflow/.local/lib/python3.7/site-packages/airflow/example_dags/example_skip_dag.py
[2026-09-24T18:11:21.195+0000] {processor.py:743} INFO - Processing file /home/airflow/.local/lib/python3.7/site-packages/airflow/example_dags/example_skip_dag.py for tasks to queue
[2026-09-24T18:11:21.196+0000] {logging_mixin.py:137} INFO - [2026-09-24T18:11:21.196+0000] {dagbag.py:538} INFO - Filling up the DagBag from /home/airflow/.local/lib/python3.7/site-packages/airflow/example_dags/example_skip_dag.py
[2026-09-24T18:11:21.216+0000] {processor.py:753} INFO - DAG(s) dict_keys(['example_skip_dag']) retrieved from /home/airflow/.local/lib/python3.7/site-packages/airflow/example_dags/example_skip_dag.py
[2026-09-24T18:11:21.271+0000] {logging_mixin.py:137} INFO - [2026-09-24T18:11:21.271+0000] {dag.py:2676} INFO - Sync 1 DAGs
[2026-09-24T18:11:21.300+0000] {logging_mixin.py:137} INFO - [2026-09-24T18:11:21.299+0000] {dag.py:3427} INFO - Setting next_dagrun for example_skip_dag to 2026-09-23T18:11:21.299553+00:00, run_after=2026-09-24T18:11:21.299553+00:00
[2026-09-24T18:11:21.325+0000] {processor.py:175} INFO - Processing /home/airflow/.local/lib/python3.7/site-packages/airflow/example_dags/example_skip_dag.py took 0.135 seconds
[2026-09-24T18:11:52.209+0000] {processor.py:153} INFO - Started process (PID=1112) to work on /home/airflow/.local/lib/python3.7/site-packages/airflow/example_dags/example_skip_dag.py
[2026-09-24T18:11:52.211+0000] {processor.py:743} INFO - Processing file /home/airflow/.local/lib/python3.7/site-packages/airflow/example_dags/example_skip_dag.py for tasks to queue
[2026-09-24T18:11:52.212+0000] {logging_mixin.py:137} INFO - [2026-09-24T18:11:52.212+0000] {dagbag.py:538} INFO - Filling up the DagBag from /home/airflow/.local/lib/python3.7/site-packages/airflow/example_dags/example_skip_dag.py
[2026-09-24T18:11:52.240+0000] {processor.py:753} INFO - DAG(s) dict_keys(['example_skip_dag']) retrieved from /home/airflow/.local/lib/python3.7/site-packages/airflow/example_dags/example_skip_dag.py
[2026-09-24T18:11:52.310+0000] {logging_mixin.py:137} INFO - [2026-09-24T18:11:52.310+0000] {dag.py:2676} INFO - Sync 1 DAGs
[2026-09-24T18:11:52.368+0000] {logging_mixin.py:137} INFO - [2026-09-24T18:11:52.368+0000] {dag.py:3427} INFO - Setting next_dagrun for example_skip_dag to 2026-09-23T18:11:52.367782+00:00, run_after=2026-09-24T18:11:52.367782+00:00
[2026-09-24T18:11:52.420+0000] {processor.py:175} INFO - Processing /home/airflow/.local/lib/python3.7/site-packages/airflow/example_dags/example_skip_dag.py took 0.215 seconds
[2026-09-24T18:12:22.541+0000] {processor.py:153} INFO - Started process (PID=1190) to work on /home/airflow/.local/lib/python3.7/site-packages/airflow/example_dags/example_skip_dag.py
[2026-09-24T18:12:22.542+0000] {processor.py:743} INFO - Processing file /home/airflow/.local/lib/python3.7/site-packages/airflow/example_dags/example_skip_dag.py for tasks to queue
[2026-09-24T18:12:22.543+0000] {logging_mixin.py:137} INFO - [2026-09-24T18:12:22.542+0000] {dagbag.py:538} INFO - Filling up the DagBag from /home/airflow/.local/lib/python3.7/site-packages/airflow/example_dags/example_skip_dag.py
[2026-09-24T18:12:22.568+0000] {processor.py:753} INFO - DAG(s) dict_keys(['example_skip_dag']) retrieved from /home/airflow/.local/lib/python3.7/site-packages/airflow/example_dags/example_skip_dag.py
[2026-09-24T18:12:22.626+0000] {logging_mixin.py:137} INFO - [2026-09-24T18:12:22.626+0000] {dag.py:2676} INFO - Sync 1 DAGs
[2026-09-24T18:12:22.662+0000] {logging_mixin.py:137} INFO - [2026-09-24T18:12:22.662+0000] {dag.py:3427} INFO - Setting next_dagrun for example_skip_dag to 2026-09-23T18:12:22.661841+00:00, run_after=2026-09-24T18:12:22.661841+00:00
[2026-09-24T18:12:22.695+0000] {processor.py:175} INFO - Processing /home/airflow/.local/lib/python3.7/site-packages/airflow/example_dags/example_skip_dag.py took 0.158 seconds
[2026-09-24T18:12:52.819+0000] {processor.py:153} INFO - Started process (PID=1268) to work on /home/airflow/.local/lib/python3.7/site-packages/airflow/example_dags/example_skip_dag.py
[2026-09-24T18:12:52.820+0000] {processor.py:743} INFO - Processing file /home/airflow/.local/lib/python3.7/site-packages/airflow/example_dags/example_skip_dag.py for tasks to queue
[2026-09-24T18:12:52.821+0000] {logging_mixin.py:137} INFO - [2026-09-24T18:12:52.820+0000] {dagbag.py:538} INFO - Filling up the DagBag from /home/airflow/.local/lib/python3.7/site-packages/airflow/example_dags/example_skip_dag.py
[2026-09-24T18:12:52.847+0000] {processor.py:753} INFO - DAG(s) dict_keys(['example_skip_dag']) retrieved from /home/airflow/.local/lib/python3.7/site-packages/airflow/example_dags/example_skip_dag.py
[2026-09-24T18:12:52.914+0000] {logging_mixin.py:137} INFO - [2026-09-24T18:12:52.914+0000] {dag.py:2676} INFO - Sync 1 DAGs
[2026-09-24T18:12:52.980+0000] {logging_mixin.py:137} INFO - [2026-09-24T18:12:52.980+0000] {dag.py:3427} INFO - Setting next_dagrun for example_skip_dag to 2026-09-23T18:12:52.979922+00:00, run_after=2026-09-24T18:12:52.979922+00:00
[2026-09-24T18:12:53.035+0000] {processor.py:175} INFO - Processing /home/airflow/.local/lib/python3.7/site-packages/airflow/example_dags/example_skip_dag.py took 0.219 seconds
[2026-09-24T18:13:23.846+0000] {processor.py:153} INFO - Started process (PID=1366) to work on /home/airflow/.local/lib/python3.7/site-packages/airflow/example_dags/example_skip_dag.py
[2026-09-24T18:13:23.849+0000] {processor.py:743} INFO - Processing file /home/airflow/.local/lib/python3.7/site-packages/airflow/example_dags/example_skip_dag.py for tasks to queue
[2026-09-24T18:13:23.852+0000] {logging_mixin.py:137} INFO - [2026-09-24T18:13:23.851+0000] {dagbag.py:538} INFO - Filling up the DagBag from /home/airflow/.local/lib/python3.7/site-packages/airflow/example_dags/example_skip_dag.py
[2026-09-24T18:13:23.878+0000] {processor.py:753} INFO - DAG(s) dict_keys(['example_skip_dag']) retrieved from /home/airflow/.local/lib/python3.7/site-packages/airflow/example_dags/example_skip_dag.py
[2026-09-24T18:13:23.950+0000] {logging_mixin.py:137} INFO - [2026-09-24T18:13:23.949+0000] {dag.py:2676} INFO - Sync 1 DAGs
[2026-09-24T18:13:24.091+0000] {logging_mixin.py:137} INFO - [2026-09-24T18:13:24.090+0000] {dag.py:3427} INFO - Setting next_dagrun for example_skip_dag to 2026-09-23T18:13:24.087756+00:00, run_after=2026-09-24T18:13:24.087756+00:00
[2026-09-24T18:13:24.168+0000] {processor.py:175} INFO - Processing /home/airflow/.local/lib/python3.7/site-packages/airflow/example_dags/example_skip_dag.py took 0.326 seconds
[2026-09-24T18:13:54.201+0000] {processor.py:153} INFO - Started process (PID=1445) to work on /home/airflow/.local/lib/python3.7/site-packages/airflow/example_dags/example_skip_dag.py
[2026-09-24T18:13:54.202+0000] {processor.py:743} INFO - Processing file /home/airflow/.local/lib/python3.7/site-packages/airflow/example_dags/example_skip_dag.py for tasks to queue
[2026-09-24T18:13:54.203+0000] {logging_mixin.py:137} INFO - [2026-09-24T18:13:54.203+0000] {dagbag.py:538} INFO - Filling up the DagBag from /home/airflow/.local/lib/python3.7/site-packages/airflow/example_dags/example_skip_dag.py
[2026-09-24T18:13:54.223+0000] {processor.py:753} INFO - DAG(s) dict_keys(['example_skip_dag']) retrieved from /home/airflow/.local/lib/python3.7/site-packages/airflow/example_dags/example_skip_dag.py
[2026-09-24T18:13:54.296+0000] {logging_mixin.py:137} INFO - [2026-09-24T18:13:54.296+0000] {dag.py:2676} INFO - Sync 1 DAGs
[2026-09-24T18:13:54.358+0000] {logging_mixin.py:137} INFO - [2026-09-24T18:13:54.357+0000] {dag.py:3427} INFO - Setting next_dagrun for example_skip_dag to 2026-09-23T18:13:54.356373+00:00, run_after=2026-09-24T18:13:54.356373+00:00
[2026-09-24T18:13:54.441+0000] {processor.py:175} INFO - Processing /home/airflow/.local/lib/python3.7/site-packages/airflow/example_dags/example_skip_dag.py took 0.244 seconds
