[2026-09-24T18:05:41.528+0000] {processor.py:153} INFO - Started process (PID=63) to work on /home/airflow/.local/lib/python3.7/site-packages/airflow/example_dags/example_bash_operator.py
[2026-09-24T18:05:41.529+0000] {processor.py:743} INFO - Processing file /home/airflow/.local/lib/python3.7/site-packages/airflow/example_dags/example_bash_operator.py for tasks to queue
[2026-09-24T18:05:41.530+0000] {logging_mixin.py:137} INFO - [2026-09-24T18:05:41.529+0000] {dagbag.py:538} INFO - Filling up the DagBag from /home/airflow/.local/lib/python3.7/site-packages/airflow/example_dags/example_bash_operator.py
[2026-09-24T18:05:41.608+0000] {processor.py:753} INFO - DAG(s) dict_keys(['example_bash_operator']) retrieved from /home/airflow/.local/lib/python3.7/site-packages/airflow/example_dags/example_bash_operator.py
[2026-09-24T18:05:41.704+0000] {logging_mixin.py:137} INFO - [2026-09-24T18:05:41.704+0000] {dag.py:2676} INFO - Sync 1 DAGs
[2026-09-24T18:05:41.749+0000] {logging_mixin.py:137} INFO - [2026-09-24T18:05:41.749+0000] {dag.py:3427} INFO - Setting next_dagrun for example_bash_operator to 2026-09-23T00:00:00+00:00, run_after=2026-09-24T00:00:00+00:00
[2026-09-24T18:05:41.786+0000] {processor.py:175} INFO - Processing /home/airflow/.local/lib/python3.7/site-packages/airflow/example_dags/example_bash_operator.py took 0.262 seconds
[2026-09-24T18:06:12.377+0000] {processor.py:153} INFO - Started process (PID=141) to work on /home/airflow/.local/lib/python3.7/site-packages/airflow/example_dags/example_bash_operator.py
[2026-09-24T18:06:12.381+0000] {processor.py:743} INFO - Processing file /home/airflow/.local/lib/python3.7/site-packages/airflow/example_dags/example_bash_operator.py for tasks to queue
[2026-09-24T18:06:12.387+0000] {logging_mixin.py:137} INFO - [2026-09-24T18:06:12.386+0000] {dagbag.py:538} INFO - Filling up the DagBag from /home/airflow/.local/lib/python3.7/site-packages/airflow/example_dags/example_bash_operator.py
[2026-09-24T18:06:12.471+0000] {processor.py:753} INFO - DAG(s) dict_keys(['example_bash_operator']) retrieved from /home/airflow/.local/lib/python3.7/site-packages/airflow/example_dags/example_bash_operator.py
[2026-09-24T18:06:12.661+0000] {logging_mixin.py:137} INFO - [2026-09-24T18:06:12.659+0000] {dag.py:2676} INFO - Sync 1 DAGs
[2026-09-24T18:06:12.777+0000] {logging_mixin.py:137} INFO - [2026-09-24T18:06:12.777+0000] {dag.py:3427} INFO - Setting next_dagrun for example_bash_operator to 2026-09-23T00:00:00+00:00, run_after=2026-09-24T00:00:00+00:00
[2026-09-24T18:06:12.865+0000] {processor.py:175} INFO - Processing /home/airflow/.local/lib/python3.7/site-packages/airflow/example_dags/example_bash_operator.py took 0.503 seconds
[2026-09-24T18:06:43.114+0000] {processor.py:153} INFO - Started process (PID=219) to work on /home/airflow/.local/lib/python3.7/site-packages/airflow/example_dags/example_bash_operator.py
[2026-09-24T18:06:43.116+0000] {processor.py:743} INFO - Processing file /home/airflow/.local/lib/python3.7/site-packages/airflow/example_dags/example_bash_operator.py for tasks to queue
[2026-09-24T18:06:43.119+0000] {logging_mixin.py:137} INFO - [2026-09-24T18:06:43.118+0000] {dagbag.py:538} INFO - Filling up the DagBag from /home/airflow/.local/lib/python3.7/site-packages/airflow/example_dags/example_bash_operator.py
[2026-09-24T18:06:43.156+0000] {processor.py:753} INFO - DAG(s) dict_keys(['example_bash_operator']) retrieved from /home/airflow/.local/lib/python3.7/site-packages/airflow/example_dags/example_bash_operator.py
[2026-09-24T18:06:43.222+0000] {logging_mixin.py:137} INFO - [2026-09-24T18:06:43.222+0000] {dag.py:2676} INFO - Sync 1 DAGs
[2026-09-24T18:06:43.260+0000] {logging_mixin.py:137} INFO - [2026-09-24T18:06:43.259+0000] {dag.py:3427} INFO - Setting next_dagrun for example_bash_operator to 2026-09-23T00:00:00+00:00, run_after=2026-09-24T00:00:00+00:00
[2026-09-24T18:06:43.288+0000] {processor.py:175} INFO - Processing /home/airflow/.local/lib/python3.7/site-packages/airflow/example_dags/example_bash_operator.py took 0.180 seconds
[2026-09-24T18:07:14.103+0000] {processor.py:153} INFO - Started process (PID=317) to work on /home/airflow/.local/lib/python3.7/site-packages/airflow/example_dags/example_bash_operator.py
[2026-09-24T18:07:14.104+0000] {processor.py:743} INFO - Processing file /home/airflow/.local/lib/python3.7/site-packages/airflow/example_dags/example_bash_operator.py for tasks to queue
[2026-09-24T18:07:14.105+0000] {logging_mixin.py:137} INFO - [2026-09-24T18:07:14.105+0000] {dagbag.py:538} INFO - Filling up the DagBag from /home/airflow/.local/lib/python3.7/site-packages/airflow/example_dags/example_bash_operator.py
[2026-09-24T18:07:14.131+0000] {processor.py:753} INFO - DAG(s) dict_keys(['example_bash_operator']) retrieved from /home/airflow/.local/lib/python3.7/site-packages/airflow/example_dags/example_bash_operator.py
[2026-09-24T18:07:14.198+0000] {logging_mixin.py:137} INFO - [2026-09-24T18:07:14.198+0000] {dag.py:2676} INFO - Sync 1 DAGs
[2026-09-24T18:07:14.230+0000] {logging_mixin.py:137} INFO - [2026-09-24T18:07:14.230+0000] {dag.py:3427} INFO - Setting next_dagrun for example_bash_operator to 2026-09-23T00:00:00+00:00, run_after=2026-09-24T00:00:00+00:00
[2026-09-24T18:07:14.255+0000] {processor.py:175} INFO - Processing /home/airflow/.local/lib/python3.7/site-packages/airflow/example_dags/example_bash_operator.py took 0.155 seconds
[2026-09-24T18:07:44.417+0000] {processor.py:153} INFO - Started process (PID=395) to work on /home/airflow/.local/lib/python3.7/site-packages/airflow/example_dags/example_bash_operator.py
[2026-09-24T18:07:44.419+0000] {processor.py:743} INFO - Processing file /home/airflow/.local/lib/python3.7/site-packages/airflow/example_dags/example_bash_operator.py for tasks to queue
[2026-09-24T18:07:44.420+0000] {logging_mixin.py:137} INFO - [2026-09-24T18:07:44.420+0000] {dagbag.py:538} INFO - Filling up the DagBag from /home/airflow/.local/lib/python3.7/site-packages/airflow/example_dags/example_bash_operator.py
[2026-09-24T18:07:44.454+0000] {processor.py:753} INFO - DAG(s) dict_keys(['example_bash_operator']) retrieved from /home/airflow/.local/lib/python3.7/site-packages/airflow/example_dags/example_bash_operator.py
[2026-09-24T18:07:44.521+0000] {logging_mixin.py:137} INFO - [2026-09-24T18:07:44.520+0000] {dag.py:2676} INFO - Sync 1 DAGs
[2026-09-24T18:07:44.566+0000] {logging_mixin.py:137} INFO - [2026-09-24T18:07:44.565+0000] {dag.py:3427} INFO - Setting next_dagrun for example_bash_operator to 2026-09-23T00:00:00+00:00, run_after=2026-09-24T00:00:00+00:00
[2026-09-24T18:07:44.599+0000] {processor.py:175} INFO - Processing /home/airflow/.local/lib/python3.7/site-packages/airflow/example_dags/example_bash_operator.py took 0.186 seconds
[2026-09-24T18:08:14.678+0000] {processor.py:153} INFO - Started process (PID=493) to work on /home/airflow/.local/lib/python3.7/site-packages/airflow/example_dags/example_bash_operator.py
[2026-09-24T18:08:14.679+0000] {processor.py:743} INFO - Processing file /home/airflow/.local/lib/python3.7/site-packages/airflow/example_dags/example_bash_operator.py for tasks to queue
[2026-09-24T18:08:14.680+0000] {logging_mixin.py:137} INFO - [2026-09-24T18:08:14.680+0000] {dagbag.py:538} INFO - Filling up the DagBag from /home/airflow/.local/lib/python3.7/site-packages/airflow/example_dags/example_bash_operator.py
[2026-09-24T18:08:14.719+0000] {processor.py:753} INFO - DAG(s) dict_keys(['example_bash_operator']) retrieved from /home/airflow/.local/lib/python3.7/site-packages/airflow/example_dags/example_bash_operator.py
[2026-09-24T18:08:14.784+0000] {logging_mixin.py:137} INFO - [2026-09-24T18:08:14.784+0000] {dag.py:2676} INFO - Sync 1 DAGs
[2026-09-24T18:08:14.816+0000] {logging_mixin.py:137} INFO - [2026-09-24T18:08:14.816+0000] {dag.py:3427} INFO - Setting next_dagrun for example_bash_operator to 2026-09-23T00:00:00+00:00, run_after=2026-09-24T00:00:00+00:00
[2026-09-24T18:08:14.842+0000] {processor.py:175} INFO - Processing /home/airflow/.local/lib/python3.7/site-packages/airflow/example_dags/example_bash_operator.py took 0.176 seconds
[2026-09-24T18:08:45.381+0000] {processor.py:153} INFO - Started process (PID=571) to work on /home/airflow/.local/lib/python3.7/site-packages/airflow/example_dags/example_bash_operator.py
[2026-09-24T18:08:45.383+0000] {processor.py:743} INFO - Processing file /home/airflow/.local/lib/python3.7/site-packages/airflow/example_dags/example_bash_operator.py for tasks to queue
[2026-09-24T18:08:45.385+0000] {logging_mixin.py:137} INFO - [2026-09-24T18:08:45.385+0000] {dagbag.py:538} INFO - Filling up the DagBag from /home/airflow/.local/lib/python3.7/site-packages/airflow/example_dags/example_bash_operator.py
[2026-09-24T18:08:45.434+0000] {processor.py:753} INFO - DAG(s) dict_keys(['example_bash_operator']) retrieved from /home/airflow/.local/lib/python3.7/site-packages/airflow/example_dags/example_bash_operator.py
[2026-09-24T18:08:45.511+0000] {logging_mixin.py:137} INFO - [2026-09-24T18:08:45.511+0000] {dag.py:2676} INFO - Sync 1 DAGs
[2026-09-24T18:08:45.542+0000] {logging_mixin.py:137} INFO - [2026-09-24T18:08:45.542+0000] {dag.py:3427} INFO - Setting next_dagrun for example_bash_operator to 2026-09-23T00:00:00+00:00, run_after=2026-09-24T00:00:00+00:00
[2026-09-24T18:08:45.574+0000] {processor.py:175} INFO - Processing /home/airflow/.local/lib/python3.7/site-packages/airflow/example_dags/example_bash_operator.py took 0.204 seconds
[2026-09-24T18:09:15.607+0000] {processor.py:153} INFO - Started process (PID=648) to work on /home/airflow/.local/lib/python3.7/site-packages/airflow/example_dags/example_bash_operator.py
[2026-09-24T18:09:15.608+0000] {processor.py:743} INFO - Processing file /home/airflow/.local/lib/python3.7/site-packages/airflow/example_dags/example_bash_operator.py for tasks to queue
[2026-09-24T18:09:15.609+0000] {logging_mixin.py:137} INFO - [2026-09-24T18:09:15.609+0000] {dagbag.py:538} INFO - Filling up the DagBag from /home/airflow/.local/lib/python3.7/site-packages/airflow/example_dags/example_bash_operator.py
[2026-09-24T18:09:15.639+0000] {processor.py:753} INFO - DAG(s) dict_keys(['example_bash_operator']) retrieved from /home/airflow/.local/lib/python3.7/site-packages/airflow/example_dags/example_bash_operator.py
[2026-09-24T18:09:15.743+0000] {logging_mixin.py:137} INFO - [2026-09-24T18:09:15.743+0000] {dag.py:2676} INFO - Sync 1 DAGs
[2026-09-24T18:09:15.819+0000] {logging_mixin.py:137} INFO - [2026-09-24T18:09:15.819+0000] {dag.py:3427} INFO - Setting next_dagrun for example_bash_operator to 2026-09-23T00:00:00+00:00, run_after=2026-09-24T00:00:00+00:00
[2026-09-24T18:09:15.862+0000] {processor.py:175} INFO - Processing /home/airflow/.local/lib/python3.7/site-packages/airflow/example_dags/example_bash_operator.py took 0.261 seconds
[2026-09-24T18:09:46.677+0000] {processor.py:153} INFO - Started process (PID=748) to work on /home/airflow/.local/lib/python3.7/site-packages/airflow/example_dags/example_bash_operator.py
[2026-09-24T18:09:46.681+0000] {processor.py:743} INFO - Processing file /home/airflow/.local/lib/python3.7/site-packages/airflow/example_dags/example_bash_operator.py for tasks to queue
[2026-09-24T18:09:46.684+0000] {logging_mixin.py:137} INFO - [2026-09-24T18:09:46.683+0000] {dagbag.py:538} INFO - Filling up the DagBag from /home/airflow/.local/lib/python3.7/site-packages/airflow/example_dags/example_bash_operator.py
[2026-09-24T18:09:46.761+0000] {processor.py:753} INFO - DAG(s) dict_keys(['example_bash_operator']) retrieved from /home/airflow/.local/lib/python3.7/site-packages/airflow/example_dags/example_bash_operator.py
[2026-09-24T18:09:46.841+0000] {logging_mixin.py:137} INFO - [2026-09-24T18:09:46.841+0000] {dag.py:2676} INFO - Sync 1 DAGs
[2026-09-24T18:09:46.874+0000] {logging_mixin.py:137} INFO - [2026-09-24T18:09:46.874+0000] {dag.py:3427} INFO - Setting next_dagrun for example_bash_operator to 2026-09-23T00:00:00+00:00, run_after=2026-09-24T00:00:00+00:00
[2026-09-24T18:09:46.908+0000] {processor.py:175} INFO - Processing /home/airflow/.local/lib/python3.7/site-packages/airflow/example_dags/example_bash_operator.py took 0.240 seconds
[2026-09-24T18:10:16.963+0000] {processor.py:153} INFO - Started process (PID=826) to work on /home/airflow/.local/lib/python3.7/site-packages/airflow/example_dags/example_bash_operator.py
[2026-09-24T18:10:16.963+0000] {processor.py:743} INFO - Processing file /home/airflow/.local/lib/python3.7/site-packages/airflow/example_dags/example_bash_operator.py for tasks to queue
[2026-09-24T18:10:16.964+0000] {logging_mixin.py:137} INFO - [2026-09-24T18:10:16.964+0000] {dagbag.py:538} INFO - Filling up the DagBag from /home/airflow/.local/lib/python3.7/site-packages/airflow/example_dags/example_bash_operator.py
[2026-09-24T18:10:16.996+0000] {processor.py:753} INFO - DAG(s) dict_keys(['example_bash_operator']) retrieved from /home/airflow/.local/lib/python3.7/site-packages/airflow/example_dags/example_bash_operator.py
[2026-09-24T18:10:17.046+0000] {logging_mixin.py:137} INFO - [2026-09-24T18:10:17.046+0000] {dag.py:2676} INFO - Sync 1 DAGs
[2026-09-24T18:10:17.081+0000] {logging_mixin.py:137} INFO - [2026-09-24T18:10:17.081+0000] {dag.py:3427} INFO - Setting next_dagrun for example_bash_operator to 2026-09-23T00:00:00+00:00, run_after=2026-09-24T00:00:00+00:00
[2026-09-24T18:10:17.109+0000] {processor.py:175} INFO - Processing /home/airflow/.local/lib/python3.7/site-packages/airflow/example_dags/example_bash_operator.py took 0.149 seconds
[2026-09-24T18:10:47.654+0000] {processor.py:153} INFO - Started process (PID=913) to work on /home/airflow/.local/lib/python3.7/site-packages/airflow/example_dags/example_bash_operator.py
[2026-09-24T18:10:47.656+0000] {processor.py:743} INFO - Processing file /home/airflow/.local/lib/python3.7/site-packages/airflow/example_dags/example_bash_operator.py for tasks to queue
[2026-09-24T18:10:47.657+0000] {logging_mixin.py:137} INFO - [2026-09-24T18:10:47.657+0000] {dagbag.py:538} INFO - Filling up the DagBag from /home/airflow/.local/lib/python3.7/site-packages/airflow/example_dags/example_bash_operator.py
[2026-09-24T18:10:47.681+0000] {processor.py:753} INFO - DAG(s) dict_keys(['example_bash_operator']) retrieved from /home/airflow/.local/lib/python3.7/site-packages/airflow/example_dags/example_bash_operator.py
[2026-09-24T18:10:47.742+0000] {logging_mixin.py:137} INFO - [2026-09-24T18:10:47.741+0000] {dag.py:2676} INFO - Sync 1 DAGs
[2026-09-24T18:10:47.776+0000] {logging_mixin.py:137} INFO - [2026-09-24T18:10:47.775+0000] {dag.py:3427} INFO - Setting next_dagrun for example_bash_operator to 2026-09-23T00:00:00+00:00, run_after=2026-09-24T00:00:00+00:00
[2026-09-24T18:10:47.805+0000] {processor.py:175} INFO - Processing /home/airflow/.local/lib/python3.7/site-packages/airflow/example_dags/example_bash_operator.py took 0.159 seconds
[2026-09-24T18:11:18.119+0000] {processor.py:153} INFO - Started process (PID=1002) to work on /home/airflow/.local/lib/python3.7/site-packages/airflow/example_dags/example_bash_operator.py
[2026-09-24T18:11:18.120+0000] {processor.py:743} INFO - Processing file /home/airflow/.local/lib/python3.7/site-packages/airflow/example_dags/example_bash_operator.py for tasks to queue
[2026-09-24T18:11:18.121+0000] {logging_mixin.py:137} INFO - [2026-09-24T18:11:18.121+0000] {dagbag.py:538} INFO - Filling up the DagBag from /home/airflow/.local/lib/python3.7/site-packages/airflow/example_dags/example_bash_operator.py
[2026-09-24T18:11:18.145+0000] {processor.py:753} INFO - DAG(s) dict_keys(['example_bash_operator']) retrieved from /home/airflow/.local/lib/python3.7/site-packages/airflow/example_dags/example_bash_operator.py
[2026-09-24T18:11:18.216+0000] {logging_mixin.py:137} INFO - [2026-09-24T18:11:18.216+0000] {dag.py:2676} INFO - Sync 1 DAGs
[2026-09-24T18:11:18.248+0000] {logging_mixin.py:137} INFO - [2026-09-24T18:11:18.248+0000] {dag.py:3427} INFO - Setting next_dagrun for example_bash_operator to 2026-09-23T00:00:00+00:00, run_after=2026-09-24T00:00:00+00:00
[2026-09-24T18:11:18.281+0000] {processor.py:175} INFO - Processing /home/airflow/.local/lib/python3.7/site-packages/airflow/example_dags/example_bash_operator.py took 0.165 seconds
[2026-09-24T18:11:48.647+0000] {processor.py:153} INFO - Started process (PID=1080) to work on /home/airflow/.local/lib/python3.7/site-packages/airflow/example_dags/example_bash_operator.py
[2026-09-24T18:11:48.651+0000] {processor.py:743} INFO - Processing file /home/airflow/.local/lib/python3.7/site-packages/airflow/example_dags/example_bash_operator.py for tasks to queue
[2026-09-24T18:11:48.653+0000] {logging_mixin.py:137} INFO - [2026-09-24T18:11:48.652+0000] {dagbag.py:538} INFO - Filling up the DagBag from /home/airflow/.local/lib/python3.7/site-packages/airflow/example_dags/example_bash_operator.py
[2026-09-24T18:11:48.685+0000] {processor.py:753} INFO - DAG(s) dict_keys(['example_bash_operator']) retrieved from /home/airflow/.local/lib/python3.7/site-packages/airflow/example_dags/example_bash_operator.py
[2026-09-24T18:11:48.796+0000] {logging_mixin.py:137} INFO - [2026-09-24T18:11:48.796+0000] {dag.py:2676} INFO - Sync 1 DAGs
[2026-09-24T18:11:48.845+0000] {logging_mixin.py:137} INFO - [2026-09-24T18:11:48.845+0000] {dag.py:3427} INFO - Setting next_dagrun for example_bash_operator to 2026-09-23T00:00:00+00:00, run_after=2026-09-24T00:00:00+00:00
[2026-09-24T18:11:48.884+0000] {processor.py:175} INFO - Processing /home/airflow/.local/lib/python3.7/site-packages/airflow/example_dags/example_bash_operator.py took 0.245 seconds
[2026-09-24T18:12:19.025+0000] {processor.py:153} INFO - Started process (PID=1178) to work on /home/airflow/.local/lib/python3.7/site-packages/airflow/example_dags/example_bash_operator.py
[2026-09-24T18:12:19.026+0000] {processor.py:743} INFO - Processing file /home/airflow/.local/lib/python3.7/site-packages/airflow/example_dags/example_bash_operator.py for tasks to queue
[2026-09-24T18:12:19.027+0000] {logging_mixin.py:137} INFO - [2026-09-24T18:12:19.027+0000] {dagbag.py:538} INFO - Filling up the DagBag from /home/airflow/.local/lib/python3.7/site-packages/airflow/example_dags/example_bash_operator.py
[2026-09-24T18:12:19.079+0000] {processor.py:753} INFO - DAG(s) dict_keys(['example_bash_operator']) retrieved from /home/airflow/.local/lib/python3.7/site-packages/airflow/example_dags/example_bash_operator.py
[2026-09-24T18:12:19.186+0000] {logging_mixin.py:137} INFO - [2026-09-24T18:12:19.186+0000] {dag.py:2676} INFO - Sync 1 DAGs
[2026-09-24T18:12:19.244+0000] {logging_mixin.py:137} INFO - [2026-09-24T18:12:19.244+0000] {dag.py:3427} INFO - Setting next_dagrun for example_bash_operator to 2026-09-23T00:00:00+00:00, run_after=2026-09-24T00:00:00+00:00
[2026-09-24T18:12:19.291+0000] {processor.py:175} INFO - Processing /home/airflow/.local/lib/python3.7/site-packages/airflow/example_dags/example_bash_operator.py took 0.271 seconds
[2026-09-24T18:12:49.389+0000] {processor.py:153} INFO - Started process (PID=1256) to work on /home/airflow/.local/lib/python3.7/site-packages/airflow/example_dags/example_bash_operator.py
[2026-09-24T18:12:49.392+0000] {processor.py:743} INFO - Processing file /home/airflow/.local/lib/python3.7/site-packages/airflow/example_dags/example_bash_operator.py for tasks to queue
[2026-09-24T18:12:49.393+0000] {logging_mixin.py:137} INFO - [2026-09-24T18:12:49.393+0000] {dagbag.py:538} INFO - Filling up the DagBag from /home/airflow/.local/lib/python3.7/site-packages/airflow/example_dags/example_bash_operator.py
[2026-09-24T18:12:49.430+0000] {processor.py:753} INFO - DAG(s) dict_keys(['example_bash_operator']) retrieved from /home/airflow/.local/lib/python3.7/site-packages/airflow/example_dags/example_bash_operator.py
[2026-09-24T18:12:49.503+0000] {logging_mixin.py:137} INFO - [2026-09-24T18:12:49.502+0000] {dag.py:2676} INFO - Sync 1 DAGs
[2026-09-24T18:12:49.549+0000] {logging_mixin.py:137} INFO - [2026-09-24T18:12:49.548+0000] {dag.py:3427} INFO - Setting next_dagrun for example_bash_operator to 2026-09-23T00:00:00+00:00, run_after=2026-09-24T00:00:00+00:00
[2026-09-24T18:12:49.580+0000] {processor.py:175} INFO - Processing /home/airflow/.local/lib/python3.7/site-packages/airflow/example_dags/example_bash_operator.py took 0.202 seconds
[2026-09-24T18:13:19.998+0000] {processor.py:153} INFO - Started process (PID=1334) to work on /home/airflow/.local/lib/python3.7/site-packages/airflow/example_dags/example_bash_operator.py
[2026-09-24T18:13:20.000+0000] {processor.py:743} INFO - Processing file /home/airflow/.local/lib/python3.7/site-packages/airflow/example_dags/example_bash_operator.py for tasks to queue
[2026-09-24T18:13:20.001+0000] {logging_mixin.py:137} INFO - [2026-09-24T18:13:20.001+0000] {dagbag.py:538} INFO - Filling up the DagBag from /home/airflow/.local/lib/python3.7/site-packages/airflow/example_dags/example_bash_operator.py
[2026-09-24T18:13:20.045+0000] {processor.py:753} INFO - DAG(s) dict_keys(['example_bash_operator']) retrieved from /home/airflow/.local/lib/python3.7/site-packages/airflow/example_dags/example_bash_operator.py
[2026-09-24T18:13:20.128+0000] {logging_mixin.py:137} INFO - [2026-09-24T18:13:20.128+0000] {dag.py:2676} INFO - Sync 1 DAGs
[2026-09-24T18:13:20.184+0000] {logging_mixin.py:137} INFO - [2026-09-24T18:13:20.183+0000] {dag.py:3427} INFO - Setting next_dagrun for example_bash_operator to 2026-09-23T00:00:00+00:00, run_after=2026-09-24T00:00:00+00:00
[2026-09-24T18:13:20.235+0000] {processor.py:175} INFO - Processing /home/airflow/.local/lib/python3.7/site-packages/airflow/example_dags/example_bash_operator.py took 0.256 seconds
[2026-09-24T18:13:50.491+0000] {processor.py:153} INFO - Started process (PID=1433) to work on /home/airflow/.local/lib/python3.7/site-packages/airflow/example_dags/example_bash_operator.py
[2026-09-24T18:13:50.493+0000] {processor.py:743} INFO - Processing file /home/airflow/.local/lib/python3.7/site-packages/airflow/example_dags/example_bash_operator.py for tasks to queue
[2026-09-24T18:13:50.494+0000] {logging_mixin.py:137} INFO - [2026-09-24T18:13:50.494+0000] {dagbag.py:538} INFO - Filling up the DagBag from /home/airflow/.local/lib/python3.7/site-packages/airflow/example_dags/example_bash_operator.py
[2026-09-24T18:13:50.533+0000] {processor.py:753} INFO - DAG(s) dict_keys(['example_bash_operator']) retrieved from /home/airflow/.local/lib/python3.7/site-packages/airflow/example_dags/example_bash_operator.py
[2026-09-24T18:13:50.621+0000] {logging_mixin.py:137} INFO - [2026-09-24T18:13:50.621+0000] {dag.py:2676} INFO - Sync 1 DAGs
[2026-09-24T18:13:50.668+0000] {logging_mixin.py:137} INFO - [2026-09-24T18:13:50.668+0000] {dag.py:3427} INFO - Setting next_dagrun for example_bash_operator to 2026-09-23T00:00:00+00:00, run_after=2026-09-24T00:00:00+00:00
[2026-09-24T18:13:50.710+0000] {processor.py:175} INFO - Processing /home/airflow/.local/lib/python3.7/site-packages/airflow/example_dags/example_bash_operator.py took 0.229 seconds
