[2026-09-24T18:05:44.555+0000] {processor.py:153} INFO - Started process (PID=80) to work on /home/airflow/.local/lib/python3.7/site-packages/airflow/example_dags/example_kubernetes_executor.py
[2026-09-24T18:05:44.555+0000] {processor.py:743} INFO - Processing file /home/airflow/.local/lib/python3.7/site-packages/airflow/example_dags/example_kubernetes_executor.py for tasks to queue
[2026-09-24T18:05:44.556+0000] {logging_mixin.py:137} INFO - [2026-09-24T18:05:44.556+0000] {dagbag.py:538} INFO - Filling up the DagBag from /home/airflow/.local/lib/python3.7/site-packages/airflow/example_dags/example_kubernetes_executor.py
[2026-09-24T18:05:44.598+0000] {processor.py:753} INFO - DAG(s) dict_keys(['example_kubernetes_executor']) retrieved from /home/airflow/.local/lib/python3.7/site-packages/airflow/example_dags/example_kubernetes_executor.py
[2026-09-24T18:05:44.683+0000] {logging_mixin.py:137} INFO - [2026-09-24T18:05:44.683+0000] {dag.py:2676} INFO - Sync 1 DAGs
[2026-09-24T18:05:44.726+0000] {logging_mixin.py:137} INFO - [2026-09-24T18:05:44.726+0000] {dag.py:3427} INFO - Setting next_dagrun for example_kubernetes_executor to None, run_after=None
[2026-09-24T18:05:44.762+0000] {processor.py:175} INFO - Processing /home/airflow/.local/lib/python3.7/site-packages/airflow/example_dags/example_kubernetes_executor.py took 0.212 seconds
[2026-09-24T18:06:15.684+0000] {processor.py:153} INFO - Started process (PID=158) to work on /home/airflow/.local/lib/python3.7/site-packages/airflow/example_dags/example_kubernetes_executor.py
[2026-09-24T18:06:15.685+0000] {processor.py:743} INFO - Processing file /home/airflow/.local/lib/python3.7/site-packages/airflow/example_dags/example_kubernetes_executor.py for tasks to queue
[2026-09-24T18:06:15.686+0000] {logging_mixin.py:137} INFO - [2026-09-24T18:06:15.686+0000] {dagbag.py:538} INFO - Filling up the DagBag from /home/airflow/.local/lib/python3.7/site-packages/airflow/example_dags/example_kubernetes_executor.py
[2026-09-24T18:06:15.729+0000] {processor.py:753} INFO - DAG(s) dict_keys(['example_kubernetes_executor']) retrieved from /home/airflow/.local/lib/python3.7/site-packages/airflow/example_dags/example_kubernetes_executor.py
[2026-09-24T18:06:15.783+0000] {logging_mixin.py:137} INFO - [2026-09-24T18:06:15.783+0000] {dag.py:2676} INFO - Sync 1 DAGs
[2026-09-24T18:06:15.816+0000] {logging_mixin.py:137} INFO - [2026-09-24T18:06:15.816+0000] {dag.py:3427} INFO - Setting next_dagrun for example_kubernetes_executor to None, run_after=None
[2026-09-24T18:06:15.845+0000] {processor.py:175} INFO - Processing /home/airflow/.local/lib/python3.7/site-packages/airflow/example_dags/example_kubernetes_executor.py took 0.166 seconds
[2026-09-24T18:06:46.172+0000] {processor.py:153} INFO - Started process (PID=245) to work on /home/airflow/.local/lib/python3.7/site-packages/airflow/example_dags/example_kubernetes_executor.py
[2026-09-24T18:06:46.175+0000] {processor.py:743} INFO - Processing file /home/airflow/.local/lib/python3.7/site-packages/airflow/example_dags/example_kubernetes_executor.py for tasks to queue
[2026-09-24T18:06:46.176+0000] {logging_mixin.py:137} INFO - [2026-09-24T18:06:46.176+0000] {dagbag.py:538} INFO - Filling up the DagBag from /home/airflow/.local/lib/python3.7/site-packages/airflow/example_dags/example_kubernetes_executor.py
[2026-09-24T18:06:46.227+0000] {processor.py:753} INFO - DAG(s) dict_keys(['example_kubernetes_executor']) retrieved from /home/airflow/.local/lib/python3.7/site-packages/airflow/example_dags/example_kubernetes_executor.py
[2026-09-24T18:06:46.271+0000] {logging_mixin.py:137} INFO - [2026-09-24T18:06:46.271+0000] {dag.py:2676} INFO - Sync 1 DAGs
[2026-09-24T18:06:46.302+0000] {logging_mixin.py:137} INFO - [2026-09-24T18:06:46.301+0000] {dag.py:3427} INFO - Setting next_dagrun for example_kubernetes_executor to None, run_after=None
[2026-09-24T18:06:46.328+0000] {processor.py:175} INFO - Processing /home/airflow/.local/lib/python3.7/site-packages/airflow/example_dags/example_kubernetes_executor.py took 0.162 seconds
[2026-09-24T18:07:16.466+0000] {processor.py:153} INFO - Started process (PID=334) to work on /home/airflow/.local/lib/python3.7/site-packages/airflow/example_dags/example_kubernetes_executor.py
[2026-09-24T18:07:16.466+0000] {processor.py:743} INFO - Processing file /home/airflow/.local/lib/python3.7/site-packages/airflow/example_dags/example_kubernetes_executor.py for tasks to queue
[2026-09-24T18:07:16.467+0000] {logging_mixin.py:137} INFO - [2026-09-24T18:07:16.467+0000] {dagbag.py:538} INFO - Filling up the DagBag from /home/airflow/.local/lib/python3.7/site-packages/airflow/example_dags/example_kubernetes_executor.py
[2026-09-24T18:07:16.497+0000] {processor.py:753} INFO - DAG(s) dict_keys(['example_kubernetes_executor']) retrieved from /home/airflow/.local/lib/python3.7/site-packages/airflow/example_dags/example_kubernetes_executor.py
[2026-09-24T18:07:16.540+0000] {logging_mixin.py:137} INFO - [2026-09-24T18:07:16.540+0000] {dag.py:2676} INFO - Sync 1 DAGs
[2026-09-24T18:07:16.566+0000] {logging_mixin.py:137} INFO - [2026-09-24T18:07:16.566+0000] {dag.py:3427} INFO - Setting next_dagrun for example_kubernetes_executor to None, run_after=None
[2026-09-24T18:07:16.591+0000] {processor.py:175} INFO - Processing /home/airflow/.local/lib/python3.7/site-packages/airflow/example_dags/example_kubernetes_executor.py took 0.129 seconds
[2026-09-24T18:07:47.137+0000] {processor.py:153} INFO - Started process (PID=412) to work on /home/airflow/.local/lib/python3.7/site-packages/airflow/example_dags/example_kubernetes_executor.py
[2026-09-24T18:07:47.138+0000] {processor.py:743} INFO - Processing file /home/airflow/.local/lib/python3.7/site-packages/airflow/example_dags/example_kubernetes_executor.py for tasks to queue
[2026-09-24T18:07:47.139+0000] {logging_mixin.py:137} INFO - [2026-09-24T18:07:47.139+0000] {dagbag.py:538} INFO - Filling up the DagBag from /home/airflow/.local/lib/python3.7/site-packages/airflow/example_dags/example_kubernetes_executor.py
[2026-09-24T18:07:47.175+0000] {processor.py:753} INFO - DAG(s) dict_keys(['example_kubernetes_executor']) retrieved from /home/airflow/.local/lib/python3.7/site-packages/airflow/example_dags/example_kubernetes_executor.py
[2026-09-24T18:07:47.227+0000] {logging_mixin.py:137} INFO - [2026-09-24T18:07:47.226+0000] {dag.py:2676} INFO - Sync 1 DAGs
[2026-09-24T18:07:47.263+0000] {logging_mixin.py:137} INFO - [2026-09-24T18:07:47.263+0000] {dag.py:3427} INFO - Setting next_dagrun for example_kubernetes_executor to None, run_after=None
[2026-09-24T18:07:47.293+0000] {processor.py:175} INFO - Processing /home/airflow/.local/lib/python3.7/site-packages/airflow/example_dags/example_kubernetes_executor.py took 0.158 seconds
[2026-09-24T18:08:17.403+0000] {processor.py:153} INFO - Started process (PID=510) to work on /home/airflow/.local/lib/python3.7/site-packages/airflow/example_dags/example_kubernetes_executor.py
[2026-09-24T18:08:17.404+0000] {processor.py:743} INFO - Processing file /home/airflow/.local/lib/python3.7/site-packages/airflow/example_dags/example_kubernetes_executor.py for tasks to queue
[2026-09-24T18:08:17.405+0000] {logging_mixin.py:137} INFO - [2026-09-24T18:08:17.405+0000] {dagbag.py:538} INFO - Filling up the DagBag from /home/airflow/.local/lib/python3.7/site-packages/airflow/example_dags/example_kubernetes_executor.py
[2026-09-24T18:08:17.438+0000] {processor.py:753} INFO - DAG(s) dict_keys(['example_kubernetes_executor']) retrieved from /home/airflow/.local/lib/python3.7/site-packages/airflow/example_dags/example_kubernetes_executor.py
[2026-09-24T18:08:17.486+0000] {logging_mixin.py:137} INFO - [2026-09-24T18:08:17.486+0000] {dag.py:2676} INFO - Sync 1 DAGs
[2026-09-24T18:08:17.519+0000] {logging_mixin.py:137} INFO - [2026-09-24T18:08:17.519+0000] {dag.py:3427} INFO - Setting next_dagrun for example_kubernetes_executor to None, run_after=None
[2026-09-24T18:08:17.555+0000] {processor.py:175} INFO - Processing /home/airflow/.local/lib/python3.7/site-packages/airflow/example_dags/example_kubernetes_executor.py took 0.155 seconds
[2026-09-24T18:08:48.329+0000] {processor.py:153} INFO - Started process (PID=588) to work on /home/airflow/.local/lib/python3.7/site-packages/airflow/example_dags/example_kubernetes_executor.py
[2026-09-24T18:08:48.331+0000] {processor.py:743} INFO - Processing file /home/airflow/.local/lib/python3.7/site-packages/airflow/example_dags/example_kubernetes_executor.py for tasks to queue
[2026-09-24T18:08:48.332+0000] {logging_mixin.py:137} INFO - [2026-09-24T18:08:48.332+0000] {dagbag.py:538} INFO - Filling up the DagBag from /home/airflow/.local/lib/python3.7/site-packages/airflow/example_dags/example_kubernetes_executor.py
[2026-09-24T18:08:48.363+0000] {processor.py:753} INFO - DAG(s) dict_keys(['example_kubernetes_executor']) retrieved from /home/airflow/.local/lib/python3.7/site-packages/airflow/example_dags/example_kubernetes_executor.py
[2026-09-24T18:08:48.413+0000] {logging_mixin.py:137} INFO - [2026-09-24T18:08:48.413+0000] {dag.py:2676} INFO - Sync 1 DAGs
[2026-09-24T18:08:48.442+0000] {logging_mixin.py:137} INFO - [2026-09-24T18:08:48.442+0000] {dag.py:3427} INFO - Setting next_dagrun for example_kubernetes_executor to None, run_after=None
[2026-09-24T18:08:48.466+0000] {processor.py:175} INFO - Processing /home/airflow/.local/lib/python3.7/site-packages/airflow/example_dags/example_kubernetes_executor.py took 0.141 seconds
[2026-09-24T18:09:19.102+0000] {processor.py:153} INFO - Started process (PID=686) to work on /home/airflow/.local/lib/python3.7/site-packages/airflow/example_dags/example_kubernetes_executor.py
[2026-09-24T18:09:19.104+0000] {processor.py:743} INFO - Processing file /home/airflow/.local/lib/python3.7/site-packages/airflow/example_dags/example_kubernetes_executor.py for tasks to queue
[2026-09-24T18:09:19.104+0000] {logging_mixin.py:137} INFO - [2026-09-24T18:09:19.104+0000] {dagbag.py:538} INFO - Filling up the DagBag from /home/airflow/.local/lib/python3.7/site-packages/airflow/example_dags/example_kubernetes_executor.py
[2026-09-24T18:09:19.178+0000] {processor.py:753} INFO - DAG(s) dict_keys(['example_kubernetes_executor']) retrieved from /home/airflow/.local/lib/python3.7/site-packages/airflow/example_dags/example_kubernetes_executor.py
[2026-09-24T18:09:19.261+0000] {logging_mixin.py:137} INFO - [2026-09-24T18:09:19.261+0000] {dag.py:2676} INFO - Sync 1 DAGs
[2026-09-24T18:09:19.312+0000] {logging_mixin.py:137} INFO - [2026-09-24T18:09:19.312+0000] {dag.py:3427} INFO - Setting next_dagrun for example_kubernetes_executor to None, run_after=None
[2026-09-24T18:09:19.353+0000] {processor.py:175} INFO - Processing /home/airflow/.local/lib/python3.7/site-packages/airflow/example_dags/example_kubernetes_executor.py took 0.261 seconds
[2026-09-24T18:09:50.532+0000] {processor.py:153} INFO - Started process (PID=765) to work on /home/airflow/.local/lib/python3.7/site-packages/airflow/example_dags/example_kubernetes_executor.py
[2026-09-24T18:09:50.534+0000] {processor.py:743} INFO - Processing file /home/airflow/.local/lib/python3.7/site-packages/airflow/example_dags/example_kubernetes_executor.py for tasks to queue
[2026-09-24T18:09:50.534+0000] {logging_mixin.py:137} INFO - [2026-09-24T18:09:50.534+0000] {dagbag.py:538} INFO - Filling up the DagBag from /home/airflow/.local/lib/python3.7/site-packages/airflow/example_dags/example_kubernetes_executor.py
[2026-09-24T18:09:50.568+0000] {processor.py:753} INFO - DAG(s) dict_keys(['example_kubernetes_executor']) retrieved from /home/airflow/.local/lib/python3.7/site-packages/airflow/example_dags/example_kubernetes_executor.py
[2026-09-24T18:09:50.630+0000] {logging_mixin.py:137} INFO - [2026-09-24T18:09:50.629+0000] {dag.py:2676} INFO - Sync 1 DAGs
[2026-09-24T18:09:50.663+0000] {logging_mixin.py:137} INFO - [2026-09-24T18:09:50.663+0000] {dag.py:3427} INFO - Setting next_dagrun for example_kubernetes_executor to None, run_after=None
[2026-09-24T18:09:50.694+0000] {processor.py:175} INFO - Processing /home/airflow/.local/lib/python3.7/site-packages/airflow/example_dags/example_kubernetes_executor.py took 0.166 seconds
[2026-09-24T18:10:21.604+0000] {processor.py:153} INFO - Started process (PID=843) to work on /home/airflow/.local/lib/python3.7/site-packages/airflow/example_dags/example_kubernetes_executor.py
[2026-09-24T18:10:21.605+0000] {processor.py:743} INFO - Processing file /home/airflow/.local/lib/python3.7/site-packages/airflow/example_dags/example_kubernetes_executor.py for tasks to queue
[2026-09-24T18:10:21.606+0000] {logging_mixin.py:137} INFO - [2026-09-24T18:10:21.605+0000] {dagbag.py:538} INFO - Filling up the DagBag from /home/airflow/.local/lib/python3.7/site-packages/airflow/example_dags/example_kubernetes_executor.py
[2026-09-24T18:10:21.638+0000] {processor.py:753} INFO - DAG(s) dict_keys(['example_kubernetes_executor']) retrieved from /home/airflow/.local/lib/python3.7/site-packages/airflow/example_dags/example_kubernetes_executor.py
[2026-09-24T18:10:21.701+0000] {logging_mixin.py:137} INFO - [2026-09-24T18:10:21.701+0000] {dag.py:2676} INFO - Sync 1 DAGs
[2026-09-24T18:10:21.741+0000] {logging_mixin.py:137} INFO - [2026-09-24T18:10:21.740+0000] {dag.py:3427} INFO - Setting next_dagrun for example_kubernetes_executor to None, run_after=None
[2026-09-24T18:10:21.776+0000] {processor.py:175} INFO - Processing /home/airflow/.local/lib/python3.7/site-packages/airflow/example_dags/example_kubernetes_executor.py took 0.175 seconds
[2026-09-24T18:10:52.316+0000] {processor.py:153} INFO - Started process (PID=941) to work on /home/airflow/.local/lib/python3.7/site-packages/airflow/example_dags/example_kubernetes_executor.py
[2026-09-24T18:10:52.317+0000] {processor.py:743} INFO - Processing file /home/airflow/.local/lib/python3.7/site-packages/airflow/example_dags/example_kubernetes_executor.py for tasks to queue
[2026-09-24T18:10:52.318+0000] {logging_mixin.py:137} INFO - [2026-09-24T18:10:52.318+0000] {dagbag.py:538} INFO - Filling up the DagBag from /home/airflow/.local/lib/python3.7/site-packages/airflow/example_dags/example_kubernetes_executor.py
[2026-09-24T18:10:52.363+0000] {processor.py:753} INFO - DAG(s) dict_keys(['example_kubernetes_executor']) retrieved from /home/airflow/.local/lib/python3.7/site-packages/airflow/example_dags/example_kubernetes_executor.py
[2026-09-24T18:10:52.428+0000] {logging_mixin.py:137} INFO - [2026-09-24T18:10:52.427+0000] {dag.py:2676} INFO - Sync 1 DAGs
[2026-09-24T18:10:52.464+0000] {logging_mixin.py:137} INFO - [2026-09-24T18:10:52.463+0000] {dag.py:3427} INFO - Setting next_dagrun for example_kubernetes_executor to None, run_after=None
[2026-09-24T18:10:52.492+0000] {processor.py:175} INFO - Processing /home/airflow/.local/lib/python3.7/site-packages/airflow/example_dags/example_kubernetes_executor.py took 0.180 seconds
[2026-09-24T18:11:22.632+0000] {processor.py:153} INFO - Started process (PID=1019) to work on /home/airflow/.local/lib/python3.7/site-packages/airflow/example_dags/example_kubernetes_executor.py
[2026-09-24T18:11:22.632+0000] {processor.py:743} INFO - Processing file /home/airflow/.local/lib/python3.7/site-packages/airflow/example_dags/example_kubernetes_executor.py for tasks to queue
[2026-09-24T18:11:22.633+0000] {logging_mixin.py:137} INFO - [2026-09-24T18:11:22.633+0000] {dagbag.py:538} INFO - Filling up the DagBag from /home/airflow/.local/lib/python3.7/site-packages/airflow/example_dags/example_kubernetes_executor.py
[2026-09-24T18:11:22.663+0000] {processor.py:753} INFO - DAG(s) dict_keys(['example_kubernetes_executor']) retrieved from /home/airflow/.local/lib/python3.7/site-packages/airflow/example_dags/example_kubernetes_executor.py
[2026-09-24T18:11:22.715+0000] {logging_mixin.py:137} INFO - [2026-09-24T18:11:22.714+0000] {dag.py:2676} INFO - Sync 1 DAGs
[2026-09-24T18:11:22.742+0000] {logging_mixin.py:137} INFO - [2026-09-24T18:11:22.742+0000] {dag.py:3427} INFO - Setting next_dagrun for example_kubernetes_executor to None, run_after=None
[2026-09-24T18:11:22.773+0000] {processor.py:175} INFO - Processing /home/airflow/.local/lib/python3.7/site-packages/airflow/example_dags/example_kubernetes_executor.py took 0.144 seconds
[2026-09-24T18:11:53.063+0000] {processor.py:153} INFO - Started process (PID=1117) to work on /home/airflow/.local/lib/python3.7/site-packages/airflow/example_dags/example_kubernetes_executor.py
[2026-09-24T18:11:53.066+0000] {processor.py:743} INFO - Processing file /home/airflow/.local/lib/python3.7/site-packages/airflow/example_dags/example_kubernetes_executor.py for tasks to queue
[2026-09-24T18:11:53.067+0000] {logging_mixin.py:137} INFO - [2026-09-24T18:11:53.067+0000] {dagbag.py:538} INFO - Filling up the DagBag from /home/airflow/.local/lib/python3.7/site-packages/airflow/example_dags/example_kubernetes_executor.py
[2026-09-24T18:11:53.121+0000] {processor.py:753} INFO - DAG(s) dict_keys(['example_kubernetes_executor']) retrieved from /home/airflow/.local/lib/python3.7/site-packages/airflow/example_dags/example_kubernetes_executor.py
[2026-09-24T18:11:53.202+0000] {logging_mixin.py:137} INFO - [2026-09-24T18:11:53.201+0000] {dag.py:2676} INFO - Sync 1 DAGs
[2026-09-24T18:11:53.254+0000] {logging_mixin.py:137} INFO - [2026-09-24T18:11:53.254+0000] {dag.py:3427} INFO - Setting next_dagrun for example_kubernetes_executor to None, run_after=None
[2026-09-24T18:11:53.328+0000] {processor.py:175} INFO - Processing /home/airflow/.local/lib/python3.7/site-packages/airflow/example_dags/example_kubernetes_executor.py took 0.275 seconds
[2026-09-24T18:12:24.168+0000] {processor.py:153} INFO - Started process (PID=1195) to work on /home/airflow/.local/lib/python3.7/site-packages/airflow/example_dags/example_kubernetes_executor.py
[2026-09-24T18:12:24.168+0000] {processor.py:743} INFO - Processing file /home/airflow/.local/lib/python3.7/site-packages/airflow/example_dags/example_kubernetes_executor.py for tasks to queue
[2026-09-24T18:12:24.169+0000] {logging_mixin.py:137} INFO - [2026-09-24T18:12:24.169+0000] {dagbag.py:538} INFO - Filling up the DagBag from /home/airflow/.local/lib/python3.7/site-packages/airflow/example_dags/example_kubernetes_executor.py
[2026-09-24T18:12:24.211+0000] {processor.py:753} INFO - DAG(s) dict_keys(['example_kubernetes_executor']) retrieved from /home/airflow/.local/lib/python3.7/site-packages/airflow/example_dags/example_kubernetes_executor.py
[2026-09-24T18:12:24.276+0000] {logging_mixin.py:137} INFO - [2026-09-24T18:12:24.276+0000] {dag.py:2676} INFO - Sync 1 DAGs
[2026-09-24T18:12:24.320+0000] {logging_mixin.py:137} INFO - [2026-09-24T18:12:24.320+0000] {dag.py:3427} INFO - Setting next_dagrun for example_kubernetes_executor to None, run_after=None
[2026-09-24T18:12:24.353+0000] {processor.py:175} INFO - Processing /home/airflow/.local/lib/python3.7/site-packages/airflow/example_dags/example_kubernetes_executor.py took 0.189 seconds
[2026-09-24T18:12:54.449+0000] {processor.py:153} INFO - Started process (PID=1273) to work on /home/airflow/.local/lib/python3.7/site-packages/airflow/example_dags/example_kubernetes_executor.py
[2026-09-24T18:12:54.451+0000] {processor.py:743} INFO - Processing file /home/airflow/.local/lib/python3.7/site-packages/airflow/example_dags/example_kubernetes_executor.py for tasks to queue
[2026-09-24T18:12:54.452+0000] {logging_mixin.py:137} INFO - [2026-09-24T18:12:54.451+0000] {dagbag.py:538} INFO - Filling up the DagBag from /home/airflow/.local/lib/python3.7/site-packages/airflow/example_dags/example_kubernetes_executor.py
[2026-09-24T18:12:54.489+0000] {processor.py:753} INFO - DAG(s) dict_keys(['example_kubernetes_executor']) retrieved from /home/airflow/.local/lib/python3.7/site-packages/airflow/example_dags/example_kubernetes_executor.py
[2026-09-24T18:12:54.560+0000] {logging_mixin.py:137} INFO - [2026-09-24T18:12:54.560+0000] {dag.py:2676} INFO - Sync 1 DAGs
[2026-09-24T18:12:54.607+0000] {logging_mixin.py:137} INFO - [2026-09-24T18:12:54.607+0000] {dag.py:3427} INFO - Setting next_dagrun for example_kubernetes_executor to None, run_after=None
[2026-09-24T18:12:54.638+0000] {processor.py:175} INFO - Processing /home/airflow/.local/lib/python3.7/site-packages/airflow/example_dags/example_kubernetes_executor.py took 0.192 seconds
[2026-09-24T18:13:25.139+0000] {processor.py:153} INFO - Started process (PID=1371) to work on /home/airflow/.local/lib/python3.7/site-packages/airflow/example_dags/example_kubernetes_executor.py
[2026-09-24T18:13:25.141+0000] {processor.py:743} INFO - Processing file /home/airflow/.local/lib/python3.7/site-packages/airflow/example_dags/example_kubernetes_executor.py for tasks to queue
[2026-09-24T18:13:25.142+0000] {logging_mixin.py:137} INFO - [2026-09-24T18:13:25.142+0000] {dagbag.py:538} INFO - Filling up the DagBag from /home/airflow/.local/lib/python3.7/site-packages/airflow/example_dags/example_kubernetes_executor.py
[2026-09-24T18:13:25.213+0000] {processor.py:753} INFO - DAG(s) dict_keys(['example_kubernetes_executor']) retrieved from /home/airflow/.local/lib/python3.7/site-packages/airflow/example_dags/example_kubernetes_executor.py
[2026-09-24T18:13:25.340+0000] {logging_mixin.py:137} INFO - [2026-09-24T18:13:25.340+0000] {dag.py:2676} INFO - Sync 1 DAGs
[2026-09-24T18:13:25.386+0000] {logging_mixin.py:137} INFO - [2026-09-24T18:13:25.386+0000] {dag.py:3427} INFO - Setting next_dagrun for example_kubernetes_executor to None, run_after=None
[2026-09-24T18:13:25.427+0000] {processor.py:175} INFO - Processing /home/airflow/.local/lib/python3.7/site-packages/airflow/example_dags/example_kubernetes_executor.py took 0.293 seconds
[2026-09-24T18:13:55.750+0000] {processor.py:153} INFO - Started process (PID=1450) to work on /home/airflow/.local/lib/python3.7/site-packages/airflow/example_dags/example_kubernetes_executor.py
[2026-09-24T18:13:55.753+0000] {processor.py:743} INFO - Processing file /home/airflow/.local/lib/python3.7/site-packages/airflow/example_dags/example_kubernetes_executor.py for tasks to queue
[2026-09-24T18:13:55.755+0000] {logging_mixin.py:137} INFO - [2026-09-24T18:13:55.754+0000] {dagbag.py:538} INFO - Filling up the DagBag from /home/airflow/.local/lib/python3.7/site-packages/airflow/example_dags/example_kubernetes_executor.py
[2026-09-24T18:13:55.810+0000] {processor.py:753} INFO - DAG(s) dict_keys(['example_kubernetes_executor']) retrieved from /home/airflow/.local/lib/python3.7/site-packages/airflow/example_dags/example_kubernetes_executor.py
[2026-09-24T18:13:55.864+0000] {logging_mixin.py:137} INFO - [2026-09-24T18:13:55.864+0000] {dag.py:2676} INFO - Sync 1 DAGs
[2026-09-24T18:13:55.898+0000] {logging_mixin.py:137} INFO - [2026-09-24T18:13:55.898+0000] {dag.py:3427} INFO - Setting next_dagrun for example_kubernetes_executor to None, run_after=None
[2026-09-24T18:13:55.924+0000] {processor.py:175} INFO - Processing /home/airflow/.local/lib/python3.7/site-packages/airflow/example_dags/example_kubernetes_executor.py took 0.184 seconds
