[2026-09-24T18:05:46.654+0000] {processor.py:153} INFO - Started process (PID=95) to work on /home/airflow/.local/lib/python3.7/site-packages/airflow/example_dags/example_trigger_controller_dag.py
[2026-09-24T18:05:46.656+0000] {processor.py:743} INFO - Processing file /home/airflow/.local/lib/python3.7/site-packages/airflow/example_dags/example_trigger_controller_dag.py for tasks to queue
[2026-09-24T18:05:46.658+0000] {logging_mixin.py:137} INFO - [2026-09-24T18:05:46.658+0000] {dagbag.py:538} INFO - Filling up the DagBag from /home/airflow/.local/lib/python3.7/site-packages/airflow/example_dags/example_trigger_controller_dag.py
[2026-09-24T18:05:46.683+0000] {processor.py:753} INFO - DAG(s) dict_keys(['example_trigger_controller_dag']) retrieved from /home/airflow/.local/lib/python3.7/site-packages/airflow/example_dags/example_trigger_controller_dag.py
[2026-09-24T18:05:46.763+0000] {logging_mixin.py:137} INFO - [2026-09-24T18:05:46.762+0000] {dag.py:2676} INFO - Sync 1 DAGs
[2026-09-24T18:05:46.801+0000] {logging_mixin.py:137} INFO - [2026-09-24T18:05:46.801+0000] {dag.py:3427} INFO - Setting next_dagrun for example_trigger_controller_dag to 2021-01-01T00:00:00+00:00, run_after=2021-01-01T00:00:00+00:00
[2026-09-24T18:05:46.843+0000] {processor.py:175} INFO - Processing /home/airflow/.local/lib/python3.7/site-packages/airflow/example_dags/example_trigger_controller_dag.py took 0.192 seconds
[2026-09-24T18:06:17.314+0000] {processor.py:153} INFO - Started process (PID=172) to work on /home/airflow/.local/lib/python3.7/site-packages/airflow/example_dags/example_trigger_controller_dag.py
[2026-09-24T18:06:17.315+0000] {processor.py:743} INFO - Processing file /home/airflow/.local/lib/python3.7/site-packages/airflow/example_dags/example_trigger_controller_dag.py for tasks to queue
[2026-09-24T18:06:17.316+0000] {logging_mixin.py:137} INFO - [2026-09-24T18:06:17.316+0000] {dagbag.py:538} INFO - Filling up the DagBag from /home/airflow/.local/lib/python3.7/site-packages/airflow/example_dags/example_trigger_controller_dag.py
[2026-09-24T18:06:17.334+0000] {processor.py:753} INFO - DAG(s) dict_keys(['example_trigger_controller_dag']) retrieved from /home/airflow/.local/lib/python3.7/site-packages/airflow/example_dags/example_trigger_controller_dag.py
[2026-09-24T18:06:17.385+0000] {logging_mixin.py:137} INFO - [2026-09-24T18:06:17.385+0000] {dag.py:2676} INFO - Sync 1 DAGs
[2026-09-24T18:06:17.429+0000] {logging_mixin.py:137} INFO - [2026-09-24T18:06:17.429+0000] {dag.py:3427} INFO - Setting next_dagrun for example_trigger_controller_dag to 2021-01-01T00:00:00+00:00, run_after=2021-01-01T00:00:00+00:00
[2026-09-24T18:06:17.472+0000] {processor.py:175} INFO - Processing /home/airflow/.local/lib/python3.7/site-packages/airflow/example_dags/example_trigger_controller_dag.py took 0.163 seconds
[2026-09-24T18:06:48.546+0000] {processor.py:153} INFO - Started process (PID=271) to work on /home/airflow/.local/lib/python3.7/site-packages/airflow/example_dags/example_trigger_controller_dag.py
[2026-09-24T18:06:48.548+0000] {processor.py:743} INFO - Processing file /home/airflow/.local/lib/python3.7/site-packages/airflow/example_dags/example_trigger_controller_dag.py for tasks to queue
[2026-09-24T18:06:48.549+0000] {logging_mixin.py:137} INFO - [2026-09-24T18:06:48.549+0000] {dagbag.py:538} INFO - Filling up the DagBag from /home/airflow/.local/lib/python3.7/site-packages/airflow/example_dags/example_trigger_controller_dag.py
[2026-09-24T18:06:48.565+0000] {processor.py:753} INFO - DAG(s) dict_keys(['example_trigger_controller_dag']) retrieved from /home/airflow/.local/lib/python3.7/site-packages/airflow/example_dags/example_trigger_controller_dag.py
[2026-09-24T18:06:48.631+0000] {logging_mixin.py:137} INFO - [2026-09-24T18:06:48.631+0000] {dag.py:2676} INFO - Sync 1 DAGs
[2026-09-24T18:06:48.674+0000] {logging_mixin.py:137} INFO - [2026-09-24T18:06:48.674+0000] {dag.py:3427} INFO - Setting next_dagrun for example_trigger_controller_dag to 2021-01-01T00:00:00+00:00, run_after=2021-01-01T00:00:00+00:00
[2026-09-24T18:06:48.727+0000] {processor.py:175} INFO - Processing /home/airflow/.local/lib/python3.7/site-packages/airflow/example_dags/example_trigger_controller_dag.py took 0.187 seconds
[2026-09-24T18:07:18.775+0000] {processor.py:153} INFO - Started process (PID=349) to work on /home/airflow/.local/lib/python3.7/site-packages/airflow/example_dags/example_trigger_controller_dag.py
[2026-09-24T18:07:18.776+0000] {processor.py:743} INFO - Processing file /home/airflow/.local/lib/python3.7/site-packages/airflow/example_dags/example_trigger_controller_dag.py for tasks to queue
[2026-09-24T18:07:18.777+0000] {logging_mixin.py:137} INFO - [2026-09-24T18:07:18.777+0000] {dagbag.py:538} INFO - Filling up the DagBag from /home/airflow/.local/lib/python3.7/site-packages/airflow/example_dags/example_trigger_controller_dag.py
[2026-09-24T18:07:18.792+0000] {processor.py:753} INFO - DAG(s) dict_keys(['example_trigger_controller_dag']) retrieved from /home/airflow/.local/lib/python3.7/site-packages/airflow/example_dags/example_trigger_controller_dag.py
[2026-09-24T18:07:18.843+0000] {logging_mixin.py:137} INFO - [2026-09-24T18:07:18.842+0000] {dag.py:2676} INFO - Sync 1 DAGs
[2026-09-24T18:07:18.870+0000] {logging_mixin.py:137} INFO - [2026-09-24T18:07:18.870+0000] {dag.py:3427} INFO - Setting next_dagrun for example_trigger_controller_dag to 2021-01-01T00:00:00+00:00, run_after=2021-01-01T00:00:00+00:00
[2026-09-24T18:07:18.897+0000] {processor.py:175} INFO - Processing /home/airflow/.local/lib/python3.7/site-packages/airflow/example_dags/example_trigger_controller_dag.py took 0.125 seconds
[2026-09-24T18:07:49.029+0000] {processor.py:153} INFO - Started process (PID=447) to work on /home/airflow/.local/lib/python3.7/site-packages/airflow/example_dags/example_trigger_controller_dag.py
[2026-09-24T18:07:49.031+0000] {processor.py:743} INFO - Processing file /home/airflow/.local/lib/python3.7/site-packages/airflow/example_dags/example_trigger_controller_dag.py for tasks to queue
[2026-09-24T18:07:49.032+0000] {logging_mixin.py:137} INFO - [2026-09-24T18:07:49.032+0000] {dagbag.py:538} INFO - Filling up the DagBag from /home/airflow/.local/lib/python3.7/site-packages/airflow/example_dags/example_trigger_controller_dag.py
[2026-09-24T18:07:49.060+0000] {processor.py:753} INFO - DAG(s) dict_keys(['example_trigger_controller_dag']) retrieved from /home/airflow/.local/lib/python3.7/site-packages/airflow/example_dags/example_trigger_controller_dag.py
[2026-09-24T18:07:49.133+0000] {logging_mixin.py:137} INFO - [2026-09-24T18:07:49.132+0000] {dag.py:2676} INFO - Sync 1 DAGs
[2026-09-24T18:07:49.172+0000] {logging_mixin.py:137} INFO - [2026-09-24T18:07:49.172+0000] {dag.py:3427} INFO - Setting next_dagrun for example_trigger_controller_dag to 2021-01-01T00:00:00+00:00, run_after=2021-01-01T00:00:00+00:00
[2026-09-24T18:07:49.214+0000] {processor.py:175} INFO - Processing /home/airflow/.local/lib/python3.7/site-packages/airflow/example_dags/example_trigger_controller_dag.py took 0.188 seconds
[2026-09-24T18:08:19.843+0000] {processor.py:153} INFO - Started process (PID=525) to work on /home/airflow/.local/lib/python3.7/site-packages/airflow/example_dags/example_trigger_controller_dag.py
[2026-09-24T18:08:19.844+0000] {processor.py:743} INFO - Processing file /home/airflow/.local/lib/python3.7/site-packages/airflow/example_dags/example_trigger_controller_dag.py for tasks to queue
[2026-09-24T18:08:19.844+0000] {logging_mixin.py:137} INFO - [2026-09-24T18:08:19.844+0000] {dagbag.py:538} INFO - Filling up the DagBag from /home/airflow/.local/lib/python3.7/site-packages/airflow/example_dags/example_trigger_controller_dag.py
[2026-09-24T18:08:19.857+0000] {processor.py:753} INFO - DAG(s) dict_keys(['example_trigger_controller_dag']) retrieved from /home/airflow/.local/lib/python3.7/site-packages/airflow/example_dags/example_trigger_controller_dag.py
[2026-09-24T18:08:19.904+0000] {logging_mixin.py:137} INFO - [2026-09-24T18:08:19.904+0000] {dag.py:2676} INFO - Sync 1 DAGs
[2026-09-24T18:08:19.934+0000] {logging_mixin.py:137} INFO - [2026-09-24T18:08:19.934+0000] {dag.py:3427} INFO - Setting next_dagrun for example_trigger_controller_dag to 2021-01-01T00:00:00+00:00, run_after=2021-01-01T00:00:00+00:00
[2026-09-24T18:08:19.970+0000] {processor.py:175} INFO - Processing /home/airflow/.local/lib/python3.7/site-packages/airflow/example_dags/example_trigger_controller_dag.py took 0.130 seconds
[2026-09-24T18:08:51.016+0000] {processor.py:153} INFO - Started process (PID=612) to work on /home/airflow/.local/lib/python3.7/site-packages/airflow/example_dags/example_trigger_controller_dag.py
[2026-09-24T18:08:51.018+0000] {processor.py:743} INFO - Processing file /home/airflow/.local/lib/python3.7/site-packages/airflow/example_dags/example_trigger_controller_dag.py for tasks to queue
[2026-09-24T18:08:51.020+0000] {logging_mixin.py:137} INFO - [2026-09-24T18:08:51.019+0000] {dagbag.py:538} INFO - Filling up the DagBag from /home/airflow/.local/lib/python3.7/site-packages/airflow/example_dags/example_trigger_controller_dag.py
[2026-09-24T18:08:51.034+0000] {processor.py:753} INFO - DAG(s) dict_keys(['example_trigger_controller_dag']) retrieved from /home/airflow/.local/lib/python3.7/site-packages/airflow/example_dags/example_trigger_controller_dag.py
[2026-09-24T18:08:51.082+0000] {logging_mixin.py:137} INFO - [2026-09-24T18:08:51.082+0000] {dag.py:2676} INFO - Sync 1 DAGs
[2026-09-24T18:08:51.118+0000] {logging_mixin.py:137} INFO - [2026-09-24T18:08:51.118+0000] {dag.py:3427} INFO - Setting next_dagrun for example_trigger_controller_dag to 2021-01-01T00:00:00+00:00, run_after=2021-01-01T00:00:00+00:00
[2026-09-24T18:08:51.153+0000] {processor.py:175} INFO - Processing /home/airflow/.local/lib/python3.7/site-packages/airflow/example_dags/example_trigger_controller_dag.py took 0.140 seconds
[2026-09-24T18:09:22.078+0000] {processor.py:153} INFO - Started process (PID=701) to work on /home/airflow/.local/lib/python3.7/site-packages/airflow/example_dags/example_trigger_controller_dag.py
[2026-09-24T18:09:22.079+0000] {processor.py:743} INFO - Processing file /home/airflow/.local/lib/python3.7/site-packages/airflow/example_dags/example_trigger_controller_dag.py for tasks to queue
[2026-09-24T18:09:22.082+0000] {logging_mixin.py:137} INFO - [2026-09-24T18:09:22.081+0000] {dagbag.py:538} INFO - Filling up the DagBag from /home/airflow/.local/lib/python3.7/site-packages/airflow/example_dags/example_trigger_controller_dag.py
[2026-09-24T18:09:22.106+0000] {processor.py:753} INFO - DAG(s) dict_keys(['example_trigger_controller_dag']) retrieved from /home/airflow/.local/lib/python3.7/site-packages/airflow/example_dags/example_trigger_controller_dag.py
[2026-09-24T18:09:22.167+0000] {logging_mixin.py:137} INFO - [2026-09-24T18:09:22.166+0000] {dag.py:2676} INFO - Sync 1 DAGs
[2026-09-24T18:09:22.199+0000] {logging_mixin.py:137} INFO - [2026-09-24T18:09:22.198+0000] {dag.py:3427} INFO - Setting next_dagrun for example_trigger_controller_dag to 2021-01-01T00:00:00+00:00, run_after=2021-01-01T00:00:00+00:00
[2026-09-24T18:09:22.231+0000] {processor.py:175} INFO - Processing /home/airflow/.local/lib/python3.7/site-packages/airflow/example_dags/example_trigger_controller_dag.py took 0.162 seconds
[2026-09-24T18:09:52.344+0000] {processor.py:153} INFO - Started process (PID=780) to work on /home/airflow/.local/lib/python3.7/site-packages/airflow/example_dags/example_trigger_controller_dag.py
[2026-09-24T18:09:52.347+0000] {processor.py:743} INFO - Processing file /home/airflow/.local/lib/python3.7/site-packages/airflow/example_dags/example_trigger_controller_dag.py for tasks to queue
[2026-09-24T18:09:52.349+0000] {logging_mixin.py:137} INFO - [2026-09-24T18:09:52.348+0000] {dagbag.py:538} INFO - Filling up the DagBag from /home/airflow/.local/lib/python3.7/site-packages/airflow/example_dags/example_trigger_controller_dag.py
[2026-09-24T18:09:52.365+0000] {processor.py:753} INFO - DAG(s) dict_keys(['example_trigger_controller_dag']) retrieved from /home/airflow/.local/lib/python3.7/site-packages/airflow/example_dags/example_trigger_controller_dag.py
[2026-09-24T18:09:52.439+0000] {logging_mixin.py:137} INFO - [2026-09-24T18:09:52.439+0000] {dag.py:2676} INFO - Sync 1 DAGs
[2026-09-24T18:09:52.490+0000] {logging_mixin.py:137} INFO - [2026-09-24T18:09:52.490+0000] {dag.py:3427} INFO - Setting next_dagrun for example_trigger_controller_dag to 2021-01-01T00:00:00+00:00, run_after=2021-01-01T00:00:00+00:00
[2026-09-24T18:09:52.536+0000] {processor.py:175} INFO - Processing /home/airflow/.local/lib/python3.7/site-packages/airflow/example_dags/example_trigger_controller_dag.py took 0.195 seconds
[2026-09-24T18:10:23.081+0000] {processor.py:153} INFO - Started process (PID=867) to work on /home/airflow/.local/lib/python3.7/site-packages/airflow/example_dags/example_trigger_controller_dag.py
[2026-09-24T18:10:23.082+0000] {processor.py:743} INFO - Processing file /home/airflow/.local/lib/python3.7/site-packages/airflow/example_dags/example_trigger_controller_dag.py for tasks to queue
[2026-09-24T18:10:23.083+0000] {logging_mixin.py:137} INFO - [2026-09-24T18:10:23.082+0000] {dagbag.py:538} INFO - Filling up the DagBag from /home/airflow/.local/lib/python3.7/site-packages/airflow/example_dags/example_trigger_controller_dag.py
[2026-09-24T18:10:23.101+0000] {processor.py:753} INFO - DAG(s) dict_keys(['example_trigger_controller_dag']) retrieved from /home/airflow/.local/lib/python3.7/site-packages/airflow/example_dags/example_trigger_controller_dag.py
[2026-09-24T18:10:23.148+0000] {logging_mixin.py:137} INFO - [2026-09-24T18:10:23.148+0000] {dag.py:2676} INFO - Sync 1 DAGs
[2026-09-24T18:10:23.184+0000] {logging_mixin.py:137} INFO - [2026-09-24T18:10:23.184+0000] {dag.py:3427} INFO - Setting next_dagrun for example_trigger_controller_dag to 2021-01-01T00:00:00+00:00, run_after=2021-01-01T00:00:00+00:00
[2026-09-24T18:10:23.222+0000] {processor.py:175} INFO - Processing /home/airflow/.local/lib/python3.7/site-packages/airflow/example_dags/example_trigger_controller_dag.py took 0.144 seconds
[2026-09-24T18:10:53.690+0000] {processor.py:153} INFO - Started process (PID=956) to work on /home/airflow/.local/lib/python3.7/site-packages/airflow/example_dags/example_trigger_controller_dag.py
[2026-09-24T18:10:53.693+0000] {processor.py:743} INFO - Processing file /home/airflow/.local/lib/python3.7/site-packages/airflow/example_dags/example_trigger_controller_dag.py for tasks to queue
[2026-09-24T18:10:53.694+0000] {logging_mixin.py:137} INFO - [2026-09-24T18:10:53.693+0000] {dagbag.py:538} INFO - Filling up the DagBag from /home/airflow/.local/lib/python3.7/site-packages/airflow/example_dags/example_trigger_controller_dag.py
[2026-09-24T18:10:53.708+0000] {processor.py:753} INFO - DAG(s) dict_keys(['example_trigger_controller_dag']) retrieved from /home/airflow/.local/lib/python3.7/site-packages/airflow/example_dags/example_trigger_controller_dag.py
[2026-09-24T18:10:53.748+0000] {logging_mixin.py:137} INFO - [2026-09-24T18:10:53.748+0000] {dag.py:2676} INFO - Sync 1 DAGs
[2026-09-24T18:10:53.775+0000] {logging_mixin.py:137} INFO - [2026-09-24T18:10:53.774+0000] {dag.py:3427} INFO - Setting next_dagrun for example_trigger_controller_dag to 2021-01-01T00:00:00+00:00, run_after=2021-01-01T00:00:00+00:00
[2026-09-24T18:10:53.798+0000] {processor.py:175} INFO - Processing /home/airflow/.local/lib/python3.7/site-packages/airflow/example_dags/example_trigger_controller_dag.py took 0.111 seconds
[2026-09-24T18:11:24.040+0000] {processor.py:153} INFO - Started process (PID=1034) to work on /home/airflow/.local/lib/python3.7/site-packages/airflow/example_dags/example_trigger_controller_dag.py
[2026-09-24T18:11:24.040+0000] {processor.py:743} INFO - Processing file /home/airflow/.local/lib/python3.7/site-packages/airflow/example_dags/example_trigger_controller_dag.py for tasks to queue
[2026-09-24T18:11:24.041+0000] {logging_mixin.py:137} INFO - [2026-09-24T18:11:24.041+0000] {dagbag.py:538} INFO - Filling up the DagBag from /home/airflow/.local/lib/python3.7/site-packages/airflow/example_dags/example_trigger_controller_dag.py
[2026-09-24T18:11:24.052+0000] {processor.py:753} INFO - DAG(s) dict_keys(['example_trigger_controller_dag']) retrieved from /home/airflow/.local/lib/python3.7/site-packages/airflow/example_dags/example_trigger_controller_dag.py
[2026-09-24T18:11:24.108+0000] {logging_mixin.py:137} INFO - [2026-09-24T18:11:24.108+0000] {dag.py:2676} INFO - Sync 1 DAGs
[2026-09-24T18:11:24.144+0000] {logging_mixin.py:137} INFO - [2026-09-24T18:11:24.143+0000] {dag.py:3427} INFO - Setting next_dagrun for example_trigger_controller_dag to 2021-01-01T00:00:00+00:00, run_after=2021-01-01T00:00:00+00:00
[2026-09-24T18:11:24.168+0000] {processor.py:175} INFO - Processing /home/airflow/.local/lib/python3.7/site-packages/airflow/example_dags/example_trigger_controller_dag.py took 0.131 seconds
[2026-09-24T18:11:55.367+0000] {processor.py:153} INFO - Started process (PID=1132) to work on /home/airflow/.local/lib/python3.7/site-packages/airflow/example_dags/example_trigger_controller_dag.py
[2026-09-24T18:11:55.369+0000] {processor.py:743} INFO - Processing file /home/airflow/.local/lib/python3.7/site-packages/airflow/example_dags/example_trigger_controller_dag.py for tasks to queue
[2026-09-24T18:11:55.370+0000] {logging_mixin.py:137} INFO - [2026-09-24T18:11:55.370+0000] {dagbag.py:538} INFO - Filling up the DagBag from /home/airflow/.local/lib/python3.7/site-packages/airflow/example_dags/example_trigger_controller_dag.py
[2026-09-24T18:11:55.385+0000] {processor.py:753} INFO - DAG(s) dict_keys(['example_trigger_controller_dag']) retrieved from /home/airflow/.local/lib/python3.7/site-packages/airflow/example_dags/example_trigger_controller_dag.py
[2026-09-24T18:11:55.442+0000] {logging_mixin.py:137} INFO - [2026-09-24T18:11:55.442+0000] {dag.py:2676} INFO - Sync 1 DAGs
[2026-09-24T18:11:55.478+0000] {logging_mixin.py:137} INFO - [2026-09-24T18:11:55.477+0000] {dag.py:3427} INFO - Setting next_dagrun for example_trigger_controller_dag to 2021-01-01T00:00:00+00:00, run_after=2021-01-01T00:00:00+00:00
[2026-09-24T18:11:55.507+0000] {processor.py:175} INFO - Processing /home/airflow/.local/lib/python3.7/site-packages/airflow/example_dags/example_trigger_controller_dag.py took 0.144 seconds
[2026-09-24T18:12:25.656+0000] {processor.py:153} INFO - Started process (PID=1210) to work on /home/airflow/.local/lib/python3.7/site-packages/airflow/example_dags/example_trigger_controller_dag.py
[2026-09-24T18:12:25.657+0000] {processor.py:743} INFO - Processing file /home/airflow/.local/lib/python3.7/site-packages/airflow/example_dags/example_trigger_controller_dag.py for tasks to queue
[2026-09-24T18:12:25.657+0000] {logging_mixin.py:137} INFO - [2026-09-24T18:12:25.657+0000] {dagbag.py:538} INFO - Filling up the DagBag from /home/airflow/.local/lib/python3.7/site-packages/airflow/example_dags/example_trigger_controller_dag.py
[2026-09-24T18:12:25.673+0000] {processor.py:753} INFO - DAG(s) dict_keys(['example_trigger_controller_dag']) retrieved from /home/airflow/.local/lib/python3.7/site-packages/airflow/example_dags/example_trigger_controller_dag.py
[2026-09-24T18:12:25.732+0000] {logging_mixin.py:137} INFO - [2026-09-24T18:12:25.732+0000] {dag.py:2676} INFO - Sync 1 DAGs
[2026-09-24T18:12:25.769+0000] {logging_mixin.py:137} INFO - [2026-09-24T18:12:25.768+0000] {dag.py:3427} INFO - Setting next_dagrun for example_trigger_controller_dag to 2021-01-01T00:00:00+00:00, run_after=2021-01-01T00:00:00+00:00
[2026-09-24T18:12:25.802+0000] {processor.py:175} INFO - Processing /home/airflow/.local/lib/python3.7/site-packages/airflow/example_dags/example_trigger_controller_dag.py took 0.152 seconds
[2026-09-24T18:12:56.403+0000] {processor.py:153} INFO - Started process (PID=1308) to work on /home/airflow/.local/lib/python3.7/site-packages/airflow/example_dags/example_trigger_controller_dag.py
[2026-09-24T18:12:56.405+0000] {processor.py:743} INFO - Processing file /home/airflow/.local/lib/python3.7/site-packages/airflow/example_dags/example_trigger_controller_dag.py for tasks to queue
[2026-09-24T18:12:56.407+0000] {logging_mixin.py:137} INFO - [2026-09-24T18:12:56.407+0000] {dagbag.py:538} INFO - Filling up the DagBag from /home/airflow/.local/lib/python3.7/site-packages/airflow/example_dags/example_trigger_controller_dag.py
[2026-09-24T18:12:56.422+0000] {processor.py:753} INFO - DAG(s) dict_keys(['example_trigger_controller_dag']) retrieved from /home/airflow/.local/lib/python3.7/site-packages/airflow/example_dags/example_trigger_controller_dag.py
[2026-09-24T18:12:56.467+0000] {logging_mixin.py:137} INFO - [2026-09-24T18:12:56.467+0000] {dag.py:2676} INFO - Sync 1 DAGs
[2026-09-24T18:12:56.503+0000] {logging_mixin.py:137} INFO - [2026-09-24T18:12:56.502+0000] {dag.py:3427} INFO - Setting next_dagrun for example_trigger_controller_dag to 2021-01-01T00:00:00+00:00, run_after=2021-01-01T00:00:00+00:00
[2026-09-24T18:12:56.538+0000] {processor.py:175} INFO - Processing /home/airflow/.local/lib/python3.7/site-packages/airflow/example_dags/example_trigger_controller_dag.py took 0.145 seconds
[2026-09-24T18:13:26.785+0000] {processor.py:153} INFO - Started process (PID=1386) to work on /home/airflow/.local/lib/python3.7/site-packages/airflow/example_dags/example_trigger_controller_dag.py
[2026-09-24T18:13:26.787+0000] {processor.py:743} INFO - Processing file /home/airflow/.local/lib/python3.7/site-packages/airflow/example_dags/example_trigger_controller_dag.py for tasks to queue
[2026-09-24T18:13:26.788+0000] {logging_mixin.py:137} INFO - [2026-09-24T18:13:26.788+0000] {dagbag.py:538} INFO - Filling up the DagBag from /home/airflow/.local/lib/python3.7/site-packages/airflow/example_dags/example_trigger_controller_dag.py
[2026-09-24T18:13:26.806+0000] {processor.py:753} INFO - DAG(s) dict_keys(['example_trigger_controller_dag']) retrieved from /home/airflow/.local/lib/python3.7/site-packages/airflow/example_dags/example_trigger_controller_dag.py
[2026-09-24T18:13:26.859+0000] {logging_mixin.py:137} INFO - [2026-09-24T18:13:26.859+0000] {dag.py:2676} INFO - Sync 1 DAGs
[2026-09-24T18:13:26.897+0000] {logging_mixin.py:137} INFO - [2026-09-24T18:13:26.897+0000] {dag.py:3427} INFO - Setting next_dagrun for example_trigger_controller_dag to 2021-01-01T00:00:00+00:00, run_after=2021-01-01T00:00:00+00:00
[2026-09-24T18:13:26.944+0000] {processor.py:175} INFO - Processing /home/airflow/.local/lib/python3.7/site-packages/airflow/example_dags/example_trigger_controller_dag.py took 0.164 seconds
[2026-09-24T18:13:58.075+0000] {processor.py:153} INFO - Started process (PID=1465) to work on /home/airflow/.local/lib/python3.7/site-packages/airflow/example_dags/example_trigger_controller_dag.py
[2026-09-24T18:13:58.079+0000] {processor.py:743} INFO - Processing file /home/airflow/.local/lib/python3.7/site-packages/airflow/example_dags/example_trigger_controller_dag.py for tasks to queue
[2026-09-24T18:13:58.084+0000] {logging_mixin.py:137} INFO - [2026-09-24T18:13:58.083+0000] {dagbag.py:538} INFO - Filling up the DagBag from /home/airflow/.local/lib/python3.7/site-packages/airflow/example_dags/example_trigger_controller_dag.py
[2026-09-24T18:13:58.124+0000] {processor.py:753} INFO - DAG(s) dict_keys(['example_trigger_controller_dag']) retrieved from /home/airflow/.local/lib/python3.7/site-packages/airflow/example_dags/example_trigger_controller_dag.py
[2026-09-24T18:13:58.213+0000] {logging_mixin.py:137} INFO - [2026-09-24T18:13:58.212+0000] {dag.py:2676} INFO - Sync 1 DAGs
[2026-09-24T18:13:58.266+0000] {logging_mixin.py:137} INFO - [2026-09-24T18:13:58.265+0000] {dag.py:3427} INFO - Setting next_dagrun for example_trigger_controller_dag to 2021-01-01T00:00:00+00:00, run_after=2021-01-01T00:00:00+00:00
[2026-09-24T18:13:58.312+0000] {processor.py:175} INFO - Processing /home/airflow/.local/lib/python3.7/site-packages/airflow/example_dags/example_trigger_controller_dag.py took 0.246 seconds
