[2026-09-24T18:05:42.549+0000] {processor.py:153} INFO - Started process (PID=69) to work on /home/airflow/.local/lib/python3.7/site-packages/airflow/example_dags/example_sensors.py
[2026-09-24T18:05:42.550+0000] {processor.py:743} INFO - Processing file /home/airflow/.local/lib/python3.7/site-packages/airflow/example_dags/example_sensors.py for tasks to queue
[2026-09-24T18:05:42.551+0000] {logging_mixin.py:137} INFO - [2026-09-24T18:05:42.550+0000] {dagbag.py:538} INFO - Filling up the DagBag from /home/airflow/.local/lib/python3.7/site-packages/airflow/example_dags/example_sensors.py
[2026-09-24T18:05:42.597+0000] {processor.py:753} INFO - DAG(s) dict_keys(['example_sensors']) retrieved from /home/airflow/.local/lib/python3.7/site-packages/airflow/example_dags/example_sensors.py
[2026-09-24T18:05:42.666+0000] {logging_mixin.py:137} INFO - [2026-09-24T18:05:42.666+0000] {dag.py:2676} INFO - Sync 1 DAGs
[2026-09-24T18:05:42.738+0000] {logging_mixin.py:137} INFO - [2026-09-24T18:05:42.738+0000] {dag.py:3427} INFO - Setting next_dagrun for example_sensors to None, run_after=None
[2026-09-24T18:05:42.788+0000] {processor.py:175} INFO - Processing /home/airflow/.local/lib/python3.7/site-packages/airflow/example_dags/example_sensors.py took 0.248 seconds
[2026-09-24T18:06:13.423+0000] {processor.py:153} INFO - Started process (PID=147) to work on /home/airflow/.local/lib/python3.7/site-packages/airflow/example_dags/example_sensors.py
[2026-09-24T18:06:13.424+0000] {processor.py:743} INFO - Processing file /home/airflow/.local/lib/python3.7/site-packages/airflow/example_dags/example_sensors.py for tasks to queue
[2026-09-24T18:06:13.425+0000] {logging_mixin.py:137} INFO - [2026-09-24T18:06:13.425+0000] {dagbag.py:538} INFO - Filling up the DagBag from /home/airflow/.local/lib/python3.7/site-packages/airflow/example_dags/example_sensors.py
[2026-09-24T18:06:13.454+0000] {processor.py:753} INFO - DAG(s) dict_keys(['example_sensors']) retrieved from /home/airflow/.local/lib/python3.7/site-packages/airflow/example_dags/example_sensors.py
[2026-09-24T18:06:13.509+0000] {logging_mixin.py:137} INFO - [2026-09-24T18:06:13.509+0000] {dag.py:2676} INFO - Sync 1 DAGs
[2026-09-24T18:06:13.547+0000] {logging_mixin.py:137} INFO - [2026-09-24T18:06:13.547+0000] {dag.py:3427} INFO - Setting next_dagrun for example_sensors to None, run_after=None
[2026-09-24T18:06:13.580+0000] {processor.py:175} INFO - Processing /home/airflow/.local/lib/python3.7/site-packages/airflow/example_dags/example_sensors.py took 0.161 seconds
[2026-09-24T18:06:43.776+0000] {processor.py:153} INFO - Started process (PID=225) to work on /home/airflow/.local/lib/python3.7/site-packages/airflow/example_dags/example_sensors.py
[2026-09-24T18:06:43.777+0000] {processor.py:743} INFO - Processing file /home/airflow/.local/lib/python3.7/site-packages/airflow/example_dags/example_sensors.py for tasks to queue
[2026-09-24T18:06:43.778+0000] {logging_mixin.py:137} INFO - [2026-09-24T18:06:43.778+0000] {dagbag.py:538} INFO - Filling up the DagBag from /home/airflow/.local/lib/python3.7/site-packages/airflow/example_dags/example_sensors.py
[2026-09-24T18:06:43.799+0000] {processor.py:753} INFO - DAG(s) dict_keys(['example_sensors']) retrieved from /home/airflow/.local/lib/python3.7/site-packages/airflow/example_dags/example_sensors.py
[2026-09-24T18:06:43.863+0000] {logging_mixin.py:137} INFO - [2026-09-24T18:06:43.862+0000] {dag.py:2676} INFO - Sync 1 DAGs
[2026-09-24T18:06:43.897+0000] {logging_mixin.py:137} INFO - [2026-09-24T18:06:43.897+0000] {dag.py:3427} INFO - Setting next_dagrun for example_sensors to None, run_after=None
[2026-09-24T18:06:43.930+0000] {processor.py:175} INFO - Processing /home/airflow/.local/lib/python3.7/site-packages/airflow/example_dags/example_sensors.py took 0.156 seconds
[2026-09-24T18:07:14.682+0000] {processor.py:153} INFO - Started process (PID=323) to work on /home/airflow/.local/lib/python3.7/site-packages/airflow/example_dags/example_sensors.py
[2026-09-24T18:07:14.684+0000] {processor.py:743} INFO - Processing file /home/airflow/.local/lib/python3.7/site-packages/airflow/example_dags/example_sensors.py for tasks to queue
[2026-09-24T18:07:14.685+0000] {logging_mixin.py:137} INFO - [2026-09-24T18:07:14.684+0000] {dagbag.py:538} INFO - Filling up the DagBag from /home/airflow/.local/lib/python3.7/site-packages/airflow/example_dags/example_sensors.py
[2026-09-24T18:07:14.705+0000] {processor.py:753} INFO - DAG(s) dict_keys(['example_sensors']) retrieved from /home/airflow/.local/lib/python3.7/site-packages/airflow/example_dags/example_sensors.py
[2026-09-24T18:07:14.744+0000] {logging_mixin.py:137} INFO - [2026-09-24T18:07:14.744+0000] {dag.py:2676} INFO - Sync 1 DAGs
[2026-09-24T18:07:14.770+0000] {logging_mixin.py:137} INFO - [2026-09-24T18:07:14.770+0000] {dag.py:3427} INFO - Setting next_dagrun for example_sensors to None, run_after=None
[2026-09-24T18:07:14.794+0000] {processor.py:175} INFO - Processing /home/airflow/.local/lib/python3.7/site-packages/airflow/example_dags/example_sensors.py took 0.116 seconds
[2026-09-24T18:07:44.959+0000] {processor.py:153} INFO - Started process (PID=401) to work on /home/airflow/.local/lib/python3.7/site-packages/airflow/example_dags/example_sensors.py
[2026-09-24T18:07:44.960+0000] {processor.py:743} INFO - Processing file /home/airflow/.local/lib/python3.7/site-packages/airflow/example_dags/example_sensors.py for tasks to queue
[2026-09-24T18:07:44.960+0000] {logging_mixin.py:137} INFO - [2026-09-24T18:07:44.960+0000] {dagbag.py:538} INFO - Filling up the DagBag from /home/airflow/.local/lib/python3.7/site-packages/airflow/example_dags/example_sensors.py
[2026-09-24T18:07:44.981+0000] {processor.py:753} INFO - DAG(s) dict_keys(['example_sensors']) retrieved from /home/airflow/.local/lib/python3.7/site-packages/airflow/example_dags/example_sensors.py
[2026-09-24T18:07:45.047+0000] {logging_mixin.py:137} INFO - [2026-09-24T18:07:45.047+0000] {dag.py:2676} INFO - Sync 1 DAGs
[2026-09-24T18:07:45.092+0000] {logging_mixin.py:137} INFO - [2026-09-24T18:07:45.091+0000] {dag.py:3427} INFO - Setting next_dagrun for example_sensors to None, run_after=None
[2026-09-24T18:07:45.124+0000] {processor.py:175} INFO - Processing /home/airflow/.local/lib/python3.7/site-packages/airflow/example_dags/example_sensors.py took 0.168 seconds
[2026-09-24T18:08:15.372+0000] {processor.py:153} INFO - Started process (PID=499) to work on /home/airflow/.local/lib/python3.7/site-packages/airflow/example_dags/example_sensors.py
[2026-09-24T18:08:15.374+0000] {processor.py:743} INFO - Processing file /home/airflow/.local/lib/python3.7/site-packages/airflow/example_dags/example_sensors.py for tasks to queue
[2026-09-24T18:08:15.374+0000] {logging_mixin.py:137} INFO - [2026-09-24T18:08:15.374+0000] {dagbag.py:538} INFO - Filling up the DagBag from /home/airflow/.local/lib/python3.7/site-packages/airflow/example_dags/example_sensors.py
[2026-09-24T18:08:15.399+0000] {processor.py:753} INFO - DAG(s) dict_keys(['example_sensors']) retrieved from /home/airflow/.local/lib/python3.7/site-packages/airflow/example_dags/example_sensors.py
[2026-09-24T18:08:15.441+0000] {logging_mixin.py:137} INFO - [2026-09-24T18:08:15.441+0000] {dag.py:2676} INFO - Sync 1 DAGs
[2026-09-24T18:08:15.467+0000] {logging_mixin.py:137} INFO - [2026-09-24T18:08:15.467+0000] {dag.py:3427} INFO - Setting next_dagrun for example_sensors to None, run_after=None
[2026-09-24T18:08:15.491+0000] {processor.py:175} INFO - Processing /home/airflow/.local/lib/python3.7/site-packages/airflow/example_dags/example_sensors.py took 0.123 seconds
[2026-09-24T18:08:46.191+0000] {processor.py:153} INFO - Started process (PID=577) to work on /home/airflow/.local/lib/python3.7/site-packages/airflow/example_dags/example_sensors.py
[2026-09-24T18:08:46.192+0000] {processor.py:743} INFO - Processing file /home/airflow/.local/lib/python3.7/site-packages/airflow/example_dags/example_sensors.py for tasks to queue
[2026-09-24T18:08:46.193+0000] {logging_mixin.py:137} INFO - [2026-09-24T18:08:46.193+0000] {dagbag.py:538} INFO - Filling up the DagBag from /home/airflow/.local/lib/python3.7/site-packages/airflow/example_dags/example_sensors.py
[2026-09-24T18:08:46.222+0000] {processor.py:753} INFO - DAG(s) dict_keys(['example_sensors']) retrieved from /home/airflow/.local/lib/python3.7/site-packages/airflow/example_dags/example_sensors.py
[2026-09-24T18:08:46.282+0000] {logging_mixin.py:137} INFO - [2026-09-24T18:08:46.281+0000] {dag.py:2676} INFO - Sync 1 DAGs
[2026-09-24T18:08:46.328+0000] {logging_mixin.py:137} INFO - [2026-09-24T18:08:46.327+0000] {dag.py:3427} INFO - Setting next_dagrun for example_sensors to None, run_after=None
[2026-09-24T18:08:46.367+0000] {processor.py:175} INFO - Processing /home/airflow/.local/lib/python3.7/site-packages/airflow/example_dags/example_sensors.py took 0.181 seconds
[2026-09-24T18:09:16.521+0000] {processor.py:153} INFO - Started process (PID=664) to work on /home/airflow/.local/lib/python3.7/site-packages/airflow/example_dags/example_sensors.py
[2026-09-24T18:09:16.525+0000] {processor.py:743} INFO - Processing file /home/airflow/.local/lib/python3.7/site-packages/airflow/example_dags/example_sensors.py for tasks to queue
[2026-09-24T18:09:16.527+0000] {logging_mixin.py:137} INFO - [2026-09-24T18:09:16.526+0000] {dagbag.py:538} INFO - Filling up the DagBag from /home/airflow/.local/lib/python3.7/site-packages/airflow/example_dags/example_sensors.py
[2026-09-24T18:09:16.573+0000] {processor.py:753} INFO - DAG(s) dict_keys(['example_sensors']) retrieved from /home/airflow/.local/lib/python3.7/site-packages/airflow/example_dags/example_sensors.py
[2026-09-24T18:09:16.653+0000] {logging_mixin.py:137} INFO - [2026-09-24T18:09:16.652+0000] {dag.py:2676} INFO - Sync 1 DAGs
[2026-09-24T18:09:16.701+0000] {logging_mixin.py:137} INFO - [2026-09-24T18:09:16.700+0000] {dag.py:3427} INFO - Setting next_dagrun for example_sensors to None, run_after=None
[2026-09-24T18:09:16.748+0000] {processor.py:175} INFO - Processing /home/airflow/.local/lib/python3.7/site-packages/airflow/example_dags/example_sensors.py took 0.233 seconds
[2026-09-24T18:09:47.353+0000] {processor.py:153} INFO - Started process (PID=754) to work on /home/airflow/.local/lib/python3.7/site-packages/airflow/example_dags/example_sensors.py
[2026-09-24T18:09:47.354+0000] {processor.py:743} INFO - Processing file /home/airflow/.local/lib/python3.7/site-packages/airflow/example_dags/example_sensors.py for tasks to queue
[2026-09-24T18:09:47.354+0000] {logging_mixin.py:137} INFO - [2026-09-24T18:09:47.354+0000] {dagbag.py:538} INFO - Filling up the DagBag from /home/airflow/.local/lib/python3.7/site-packages/airflow/example_dags/example_sensors.py
[2026-09-24T18:09:47.384+0000] {processor.py:753} INFO - DAG(s) dict_keys(['example_sensors']) retrieved from /home/airflow/.local/lib/python3.7/site-packages/airflow/example_dags/example_sensors.py
[2026-09-24T18:09:47.439+0000] {logging_mixin.py:137} INFO - [2026-09-24T18:09:47.438+0000] {dag.py:2676} INFO - Sync 1 DAGs
[2026-09-24T18:09:47.468+0000] {logging_mixin.py:137} INFO - [2026-09-24T18:09:47.468+0000] {dag.py:3427} INFO - Setting next_dagrun for example_sensors to None, run_after=None
[2026-09-24T18:09:47.498+0000] {processor.py:175} INFO - Processing /home/airflow/.local/lib/python3.7/site-packages/airflow/example_dags/example_sensors.py took 0.149 seconds
[2026-09-24T18:10:17.734+0000] {processor.py:153} INFO - Started process (PID=832) to work on /home/airflow/.local/lib/python3.7/site-packages/airflow/example_dags/example_sensors.py
[2026-09-24T18:10:17.735+0000] {processor.py:743} INFO - Processing file /home/airflow/.local/lib/python3.7/site-packages/airflow/example_dags/example_sensors.py for tasks to queue
[2026-09-24T18:10:17.736+0000] {logging_mixin.py:137} INFO - [2026-09-24T18:10:17.736+0000] {dagbag.py:538} INFO - Filling up the DagBag from /home/airflow/.local/lib/python3.7/site-packages/airflow/example_dags/example_sensors.py
[2026-09-24T18:10:17.760+0000] {processor.py:753} INFO - DAG(s) dict_keys(['example_sensors']) retrieved from /home/airflow/.local/lib/python3.7/site-packages/airflow/example_dags/example_sensors.py
[2026-09-24T18:10:17.816+0000] {logging_mixin.py:137} INFO - [2026-09-24T18:10:17.816+0000] {dag.py:2676} INFO - Sync 1 DAGs
[2026-09-24T18:10:17.846+0000] {logging_mixin.py:137} INFO - [2026-09-24T18:10:17.846+0000] {dag.py:3427} INFO - Setting next_dagrun for example_sensors to None, run_after=None
[2026-09-24T18:10:17.871+0000] {processor.py:175} INFO - Processing /home/airflow/.local/lib/python3.7/site-packages/airflow/example_dags/example_sensors.py took 0.141 seconds
[2026-09-24T18:10:48.359+0000] {processor.py:153} INFO - Started process (PID=930) to work on /home/airflow/.local/lib/python3.7/site-packages/airflow/example_dags/example_sensors.py
[2026-09-24T18:10:48.360+0000] {processor.py:743} INFO - Processing file /home/airflow/.local/lib/python3.7/site-packages/airflow/example_dags/example_sensors.py for tasks to queue
[2026-09-24T18:10:48.360+0000] {logging_mixin.py:137} INFO - [2026-09-24T18:10:48.360+0000] {dagbag.py:538} INFO - Filling up the DagBag from /home/airflow/.local/lib/python3.7/site-packages/airflow/example_dags/example_sensors.py
[2026-09-24T18:10:48.381+0000] {processor.py:753} INFO - DAG(s) dict_keys(['example_sensors']) retrieved from /home/airflow/.local/lib/python3.7/site-packages/airflow/example_dags/example_sensors.py
[2026-09-24T18:10:48.428+0000] {logging_mixin.py:137} INFO - [2026-09-24T18:10:48.427+0000] {dag.py:2676} INFO - Sync 1 DAGs
[2026-09-24T18:10:48.458+0000] {logging_mixin.py:137} INFO - [2026-09-24T18:10:48.458+0000] {dag.py:3427} INFO - Setting next_dagrun for example_sensors to None, run_after=None
[2026-09-24T18:10:48.482+0000] {processor.py:175} INFO - Processing /home/airflow/.local/lib/python3.7/site-packages/airflow/example_dags/example_sensors.py took 0.127 seconds
[2026-09-24T18:11:18.746+0000] {processor.py:153} INFO - Started process (PID=1008) to work on /home/airflow/.local/lib/python3.7/site-packages/airflow/example_dags/example_sensors.py
[2026-09-24T18:11:18.747+0000] {processor.py:743} INFO - Processing file /home/airflow/.local/lib/python3.7/site-packages/airflow/example_dags/example_sensors.py for tasks to queue
[2026-09-24T18:11:18.748+0000] {logging_mixin.py:137} INFO - [2026-09-24T18:11:18.747+0000] {dagbag.py:538} INFO - Filling up the DagBag from /home/airflow/.local/lib/python3.7/site-packages/airflow/example_dags/example_sensors.py
[2026-09-24T18:11:18.769+0000] {processor.py:753} INFO - DAG(s) dict_keys(['example_sensors']) retrieved from /home/airflow/.local/lib/python3.7/site-packages/airflow/example_dags/example_sensors.py
[2026-09-24T18:11:18.814+0000] {logging_mixin.py:137} INFO - [2026-09-24T18:11:18.814+0000] {dag.py:2676} INFO - Sync 1 DAGs
[2026-09-24T18:11:18.842+0000] {logging_mixin.py:137} INFO - [2026-09-24T18:11:18.842+0000] {dag.py:3427} INFO - Setting next_dagrun for example_sensors to None, run_after=None
[2026-09-24T18:11:18.869+0000] {processor.py:175} INFO - Processing /home/airflow/.local/lib/python3.7/site-packages/airflow/example_dags/example_sensors.py took 0.126 seconds
[2026-09-24T18:11:49.385+0000] {processor.py:153} INFO - Started process (PID=1086) to work on /home/airflow/.local/lib/python3.7/site-packages/airflow/example_dags/example_sensors.py
[2026-09-24T18:11:49.387+0000] {processor.py:743} INFO - Processing file /home/airflow/.local/lib/python3.7/site-packages/airflow/example_dags/example_sensors.py for tasks to queue
[2026-09-24T18:11:49.390+0000] {logging_mixin.py:137} INFO - [2026-09-24T18:11:49.389+0000] {dagbag.py:538} INFO - Filling up the DagBag from /home/airflow/.local/lib/python3.7/site-packages/airflow/example_dags/example_sensors.py
[2026-09-24T18:11:49.437+0000] {processor.py:753} INFO - DAG(s) dict_keys(['example_sensors']) retrieved from /home/airflow/.local/lib/python3.7/site-packages/airflow/example_dags/example_sensors.py
[2026-09-24T18:11:49.507+0000] {logging_mixin.py:137} INFO - [2026-09-24T18:11:49.506+0000] {dag.py:2676} INFO - Sync 1 DAGs
[2026-09-24T18:11:49.554+0000] {logging_mixin.py:137} INFO - [2026-09-24T18:11:49.554+0000] {dag.py:3427} INFO - Setting next_dagrun for example_sensors to None, run_after=None
[2026-09-24T18:11:49.598+0000] {processor.py:175} INFO - Processing /home/airflow/.local/lib/python3.7/site-packages/airflow/example_dags/example_sensors.py took 0.217 seconds
[2026-09-24T18:12:19.821+0000] {processor.py:153} INFO - Started process (PID=1184) to work on /home/airflow/.local/lib/python3.7/site-packages/airflow/example_dags/example_sensors.py
[2026-09-24T18:12:19.825+0000] {processor.py:743} INFO - Processing file /home/airflow/.local/lib/python3.7/site-packages/airflow/example_dags/example_sensors.py for tasks to queue
[2026-09-24T18:12:19.827+0000] {logging_mixin.py:137} INFO - [2026-09-24T18:12:19.827+0000] {dagbag.py:538} INFO - Filling up the DagBag from /home/airflow/.local/lib/python3.7/site-packages/airflow/example_dags/example_sensors.py
[2026-09-24T18:12:19.874+0000] {processor.py:753} INFO - DAG(s) dict_keys(['example_sensors']) retrieved from /home/airflow/.local/lib/python3.7/site-packages/airflow/example_dags/example_sensors.py
[2026-09-24T18:12:19.942+0000] {logging_mixin.py:137} INFO - [2026-09-24T18:12:19.941+0000] {dag.py:2676} INFO - Sync 1 DAGs
[2026-09-24T18:12:19.983+0000] {logging_mixin.py:137} INFO - [2026-09-24T18:12:19.983+0000] {dag.py:3427} INFO - Setting next_dagrun for example_sensors to None, run_after=None
[2026-09-24T18:12:20.024+0000] {processor.py:175} INFO - Processing /home/airflow/.local/lib/python3.7/site-packages/airflow/example_dags/example_sensors.py took 0.216 seconds
[2026-09-24T18:12:50.278+0000] {processor.py:153} INFO - Started process (PID=1262) to work on /home/airflow/.local/lib/python3.7/site-packages/airflow/example_dags/example_sensors.py
[2026-09-24T18:12:50.283+0000] {processor.py:743} INFO - Processing file /home/airflow/.local/lib/python3.7/site-packages/airflow/example_dags/example_sensors.py for tasks to queue
[2026-09-24T18:12:50.285+0000] {logging_mixin.py:137} INFO - [2026-09-24T18:12:50.285+0000] {dagbag.py:538} INFO - Filling up the DagBag from /home/airflow/.local/lib/python3.7/site-packages/airflow/example_dags/example_sensors.py
[2026-09-24T18:12:50.340+0000] {processor.py:753} INFO - DAG(s) dict_keys(['example_sensors']) retrieved from /home/airflow/.local/lib/python3.7/site-packages/airflow/example_dags/example_sensors.py
[2026-09-24T18:12:50.400+0000] {logging_mixin.py:137} INFO - [2026-09-24T18:12:50.400+0000] {dag.py:2676} INFO - Sync 1 DAGs
[2026-09-24T18:12:50.444+0000] {logging_mixin.py:137} INFO - [2026-09-24T18:12:50.444+0000] {dag.py:3427} INFO - Setting next_dagrun for example_sensors to None, run_after=None
[2026-09-24T18:12:50.478+0000] {processor.py:175} INFO - Processing /home/airflow/.local/lib/python3.7/site-packages/airflow/example_dags/example_sensors.py took 0.209 seconds
[2026-09-24T18:13:20.893+0000] {processor.py:153} INFO - Started process (PID=1349) to work on /home/airflow/.local/lib/python3.7/site-packages/airflow/example_dags/example_sensors.py
[2026-09-24T18:13:20.896+0000] {processor.py:743} INFO - Processing file /home/airflow/.local/lib/python3.7/site-packages/airflow/example_dags/example_sensors.py for tasks to queue
[2026-09-24T18:13:20.898+0000] {logging_mixin.py:137} INFO - [2026-09-24T18:13:20.898+0000] {dagbag.py:538} INFO - Filling up the DagBag from /home/airflow/.local/lib/python3.7/site-packages/airflow/example_dags/example_sensors.py
[2026-09-24T18:13:20.939+0000] {processor.py:753} INFO - DAG(s) dict_keys(['example_sensors']) retrieved from /home/airflow/.local/lib/python3.7/site-packages/airflow/example_dags/example_sensors.py
[2026-09-24T18:13:21.042+0000] {logging_mixin.py:137} INFO - [2026-09-24T18:13:21.042+0000] {dag.py:2676} INFO - Sync 1 DAGs
[2026-09-24T18:13:21.091+0000] {logging_mixin.py:137} INFO - [2026-09-24T18:13:21.090+0000] {dag.py:3427} INFO - Setting next_dagrun for example_sensors to None, run_after=None
[2026-09-24T18:13:21.141+0000] {processor.py:175} INFO - Processing /home/airflow/.local/lib/python3.7/site-packages/airflow/example_dags/example_sensors.py took 0.257 seconds
[2026-09-24T18:13:51.383+0000] {processor.py:153} INFO - Started process (PID=1439) to work on /home/airflow/.local/lib/python3.7/site-packages/airflow/example_dags/example_sensors.py
[2026-09-24T18:13:51.384+0000] {processor.py:743} INFO - Processing file /home/airflow/.local/lib/python3.7/site-packages/airflow/example_dags/example_sensors.py for tasks to queue
[2026-09-24T18:13:51.384+0000] {logging_mixin.py:137} INFO - [2026-09-24T18:13:51.384+0000] {dagbag.py:538} INFO - Filling up the DagBag from /home/airflow/.local/lib/python3.7/site-packages/airflow/example_dags/example_sensors.py
[2026-09-24T18:13:51.411+0000] {processor.py:753} INFO - DAG(s) dict_keys(['example_sensors']) retrieved from /home/airflow/.local/lib/python3.7/site-packages/airflow/example_dags/example_sensors.py
[2026-09-24T18:13:51.473+0000] {logging_mixin.py:137} INFO - [2026-09-24T18:13:51.473+0000] {dag.py:2676} INFO - Sync 1 DAGs
[2026-09-24T18:13:51.523+0000] {logging_mixin.py:137} INFO - [2026-09-24T18:13:51.523+0000] {dag.py:3427} INFO - Setting next_dagrun for example_sensors to None, run_after=None
[2026-09-24T18:13:51.567+0000] {processor.py:175} INFO - Processing /home/airflow/.local/lib/python3.7/site-packages/airflow/example_dags/example_sensors.py took 0.189 seconds
