[2026-09-24T18:05:41.799+0000] {processor.py:153} INFO - Started process (PID=64) to work on /home/airflow/.local/lib/python3.7/site-packages/airflow/example_dags/example_branch_day_of_week_operator.py
[2026-09-24T18:05:41.800+0000] {processor.py:743} INFO - Processing file /home/airflow/.local/lib/python3.7/site-packages/airflow/example_dags/example_branch_day_of_week_operator.py for tasks to queue
[2026-09-24T18:05:41.800+0000] {logging_mixin.py:137} INFO - [2026-09-24T18:05:41.800+0000] {dagbag.py:538} INFO - Filling up the DagBag from /home/airflow/.local/lib/python3.7/site-packages/airflow/example_dags/example_branch_day_of_week_operator.py
[2026-09-24T18:05:41.844+0000] {processor.py:753} INFO - DAG(s) dict_keys(['example_weekday_branch_operator']) retrieved from /home/airflow/.local/lib/python3.7/site-packages/airflow/example_dags/example_branch_day_of_week_operator.py
[2026-09-24T18:05:41.930+0000] {logging_mixin.py:137} INFO - [2026-09-24T18:05:41.930+0000] {dag.py:2676} INFO - Sync 1 DAGs
[2026-09-24T18:05:41.983+0000] {logging_mixin.py:137} INFO - [2026-09-24T18:05:41.983+0000] {dag.py:3427} INFO - Setting next_dagrun for example_weekday_branch_operator to 2026-09-23T00:00:00+00:00, run_after=2026-09-24T00:00:00+00:00
[2026-09-24T18:05:42.018+0000] {processor.py:175} INFO - Processing /home/airflow/.local/lib/python3.7/site-packages/airflow/example_dags/example_branch_day_of_week_operator.py took 0.222 seconds
[2026-09-24T18:06:12.858+0000] {processor.py:153} INFO - Started process (PID=142) to work on /home/airflow/.local/lib/python3.7/site-packages/airflow/example_dags/example_branch_day_of_week_operator.py
[2026-09-24T18:06:12.859+0000] {processor.py:743} INFO - Processing file /home/airflow/.local/lib/python3.7/site-packages/airflow/example_dags/example_branch_day_of_week_operator.py for tasks to queue
[2026-09-24T18:06:12.860+0000] {logging_mixin.py:137} INFO - [2026-09-24T18:06:12.859+0000] {dagbag.py:538} INFO - Filling up the DagBag from /home/airflow/.local/lib/python3.7/site-packages/airflow/example_dags/example_branch_day_of_week_operator.py
[2026-09-24T18:06:12.907+0000] {processor.py:753} INFO - DAG(s) dict_keys(['example_weekday_branch_operator']) retrieved from /home/airflow/.local/lib/python3.7/site-packages/airflow/example_dags/example_branch_day_of_week_operator.py
[2026-09-24T18:06:12.985+0000] {logging_mixin.py:137} INFO - [2026-09-24T18:06:12.984+0000] {dag.py:2676} INFO - Sync 1 DAGs
[2026-09-24T18:06:13.025+0000] {logging_mixin.py:137} INFO - [2026-09-24T18:06:13.025+0000] {dag.py:3427} INFO - Setting next_dagrun for example_weekday_branch_operator to 2026-09-23T00:00:00+00:00, run_after=2026-09-24T00:00:00+00:00
[2026-09-24T18:06:13.079+0000] {processor.py:175} INFO - Processing /home/airflow/.local/lib/python3.7/site-packages/airflow/example_dags/example_branch_day_of_week_operator.py took 0.226 seconds
[2026-09-24T18:06:43.302+0000] {processor.py:153} INFO - Started process (PID=220) to work on /home/airflow/.local/lib/python3.7/site-packages/airflow/example_dags/example_branch_day_of_week_operator.py
[2026-09-24T18:06:43.303+0000] {processor.py:743} INFO - Processing file /home/airflow/.local/lib/python3.7/site-packages/airflow/example_dags/example_branch_day_of_week_operator.py for tasks to queue
[2026-09-24T18:06:43.305+0000] {logging_mixin.py:137} INFO - [2026-09-24T18:06:43.304+0000] {dagbag.py:538} INFO - Filling up the DagBag from /home/airflow/.local/lib/python3.7/site-packages/airflow/example_dags/example_branch_day_of_week_operator.py
[2026-09-24T18:06:43.321+0000] {processor.py:753} INFO - DAG(s) dict_keys(['example_weekday_branch_operator']) retrieved from /home/airflow/.local/lib/python3.7/site-packages/airflow/example_dags/example_branch_day_of_week_operator.py
[2026-09-24T18:06:43.366+0000] {logging_mixin.py:137} INFO - [2026-09-24T18:06:43.366+0000] {dag.py:2676} INFO - Sync 1 DAGs
[2026-09-24T18:06:43.401+0000] {logging_mixin.py:137} INFO - [2026-09-24T18:06:43.401+0000] {dag.py:3427} INFO - Setting next_dagrun for example_weekday_branch_operator to 2026-09-23T00:00:00+00:00, run_after=2026-09-24T00:00:00+00:00
[2026-09-24T18:06:43.427+0000] {processor.py:175} INFO - Processing /home/airflow/.local/lib/python3.7/site-packages/airflow/example_dags/example_branch_day_of_week_operator.py took 0.129 seconds
[2026-09-24T18:07:14.261+0000] {processor.py:153} INFO - Started process (PID=318) to work on /home/airflow/.local/lib/python3.7/site-packages/airflow/example_dags/example_branch_day_of_week_operator.py
[2026-09-24T18:07:14.262+0000] {processor.py:743} INFO - Processing file /home/airflow/.local/lib/python3.7/site-packages/airflow/example_dags/example_branch_day_of_week_operator.py for tasks to queue
[2026-09-24T18:07:14.263+0000] {logging_mixin.py:137} INFO - [2026-09-24T18:07:14.263+0000] {dagbag.py:538} INFO - Filling up the DagBag from /home/airflow/.local/lib/python3.7/site-packages/airflow/example_dags/example_branch_day_of_week_operator.py
[2026-09-24T18:07:14.282+0000] {processor.py:753} INFO - DAG(s) dict_keys(['example_weekday_branch_operator']) retrieved from /home/airflow/.local/lib/python3.7/site-packages/airflow/example_dags/example_branch_day_of_week_operator.py
[2026-09-24T18:07:14.329+0000] {logging_mixin.py:137} INFO - [2026-09-24T18:07:14.328+0000] {dag.py:2676} INFO - Sync 1 DAGs
[2026-09-24T18:07:14.357+0000] {logging_mixin.py:137} INFO - [2026-09-24T18:07:14.357+0000] {dag.py:3427} INFO - Setting next_dagrun for example_weekday_branch_operator to 2026-09-23T00:00:00+00:00, run_after=2026-09-24T00:00:00+00:00
[2026-09-24T18:07:14.380+0000] {processor.py:175} INFO - Processing /home/airflow/.local/lib/python3.7/site-packages/airflow/example_dags/example_branch_day_of_week_operator.py took 0.123 seconds
[2026-09-24T18:07:44.425+0000] {processor.py:153} INFO - Started process (PID=396) to work on /home/airflow/.local/lib/python3.7/site-packages/airflow/example_dags/example_branch_day_of_week_operator.py
[2026-09-24T18:07:44.427+0000] {processor.py:743} INFO - Processing file /home/airflow/.local/lib/python3.7/site-packages/airflow/example_dags/example_branch_day_of_week_operator.py for tasks to queue
[2026-09-24T18:07:44.429+0000] {logging_mixin.py:137} INFO - [2026-09-24T18:07:44.428+0000] {dagbag.py:538} INFO - Filling up the DagBag from /home/airflow/.local/lib/python3.7/site-packages/airflow/example_dags/example_branch_day_of_week_operator.py
[2026-09-24T18:07:44.447+0000] {processor.py:753} INFO - DAG(s) dict_keys(['example_weekday_branch_operator']) retrieved from /home/airflow/.local/lib/python3.7/site-packages/airflow/example_dags/example_branch_day_of_week_operator.py
[2026-09-24T18:07:44.511+0000] {logging_mixin.py:137} INFO - [2026-09-24T18:07:44.510+0000] {dag.py:2676} INFO - Sync 1 DAGs
[2026-09-24T18:07:44.558+0000] {logging_mixin.py:137} INFO - [2026-09-24T18:07:44.558+0000] {dag.py:3427} INFO - Setting next_dagrun for example_weekday_branch_operator to 2026-09-23T00:00:00+00:00, run_after=2026-09-24T00:00:00+00:00
[2026-09-24T18:07:44.592+0000] {processor.py:175} INFO - Processing /home/airflow/.local/lib/python3.7/site-packages/airflow/example_dags/example_branch_day_of_week_operator.py took 0.171 seconds
[2026-09-24T18:08:14.865+0000] {processor.py:153} INFO - Started process (PID=494) to work on /home/airflow/.local/lib/python3.7/site-packages/airflow/example_dags/example_branch_day_of_week_operator.py
[2026-09-24T18:08:14.866+0000] {processor.py:743} INFO - Processing file /home/airflow/.local/lib/python3.7/site-packages/airflow/example_dags/example_branch_day_of_week_operator.py for tasks to queue
[2026-09-24T18:08:14.866+0000] {logging_mixin.py:137} INFO - [2026-09-24T18:08:14.866+0000] {dagbag.py:538} INFO - Filling up the DagBag from /home/airflow/.local/lib/python3.7/site-packages/airflow/example_dags/example_branch_day_of_week_operator.py
[2026-09-24T18:08:14.884+0000] {processor.py:753} INFO - DAG(s) dict_keys(['example_weekday_branch_operator']) retrieved from /home/airflow/.local/lib/python3.7/site-packages/airflow/example_dags/example_branch_day_of_week_operator.py
[2026-09-24T18:08:14.947+0000] {logging_mixin.py:137} INFO - [2026-09-24T18:08:14.946+0000] {dag.py:2676} INFO - Sync 1 DAGs
[2026-09-24T18:08:14.978+0000] {logging_mixin.py:137} INFO - [2026-09-24T18:08:14.978+0000] {dag.py:3427} INFO - Setting next_dagrun for example_weekday_branch_operator to 2026-09-23T00:00:00+00:00, run_after=2026-09-24T00:00:00+00:00
[2026-09-24T18:08:15.011+0000] {processor.py:175} INFO - Processing /home/airflow/.local/lib/python3.7/site-packages/airflow/example_dags/example_branch_day_of_week_operator.py took 0.150 seconds
[2026-09-24T18:08:45.598+0000] {processor.py:153} INFO - Started process (PID=572) to work on /home/airflow/.local/lib/python3.7/site-packages/airflow/example_dags/example_branch_day_of_week_operator.py
[2026-09-24T18:08:45.599+0000] {processor.py:743} INFO - Processing file /home/airflow/.local/lib/python3.7/site-packages/airflow/example_dags/example_branch_day_of_week_operator.py for tasks to queue
[2026-09-24T18:08:45.599+0000] {logging_mixin.py:137} INFO - [2026-09-24T18:08:45.599+0000] {dagbag.py:538} INFO - Filling up the DagBag from /home/airflow/.local/lib/python3.7/site-packages/airflow/example_dags/example_branch_day_of_week_operator.py
[2026-09-24T18:08:45.618+0000] {processor.py:753} INFO - DAG(s) dict_keys(['example_weekday_branch_operator']) retrieved from /home/airflow/.local/lib/python3.7/site-packages/airflow/example_dags/example_branch_day_of_week_operator.py
[2026-09-24T18:08:45.661+0000] {logging_mixin.py:137} INFO - [2026-09-24T18:08:45.661+0000] {dag.py:2676} INFO - Sync 1 DAGs
[2026-09-24T18:08:45.693+0000] {logging_mixin.py:137} INFO - [2026-09-24T18:08:45.693+0000] {dag.py:3427} INFO - Setting next_dagrun for example_weekday_branch_operator to 2026-09-23T00:00:00+00:00, run_after=2026-09-24T00:00:00+00:00
[2026-09-24T18:08:45.721+0000] {processor.py:175} INFO - Processing /home/airflow/.local/lib/python3.7/site-packages/airflow/example_dags/example_branch_day_of_week_operator.py took 0.126 seconds
[2026-09-24T18:09:15.894+0000] {processor.py:153} INFO - Started process (PID=650) to work on /home/airflow/.local/lib/python3.7/site-packages/airflow/example_dags/example_branch_day_of_week_operator.py
[2026-09-24T18:09:15.895+0000] {processor.py:743} INFO - Processing file /home/airflow/.local/lib/python3.7/site-packages/airflow/example_dags/example_branch_day_of_week_operator.py for tasks to queue
[2026-09-24T18:09:15.895+0000] {logging_mixin.py:137} INFO - [2026-09-24T18:09:15.895+0000] {dagbag.py:538} INFO - Filling up the DagBag from /home/airflow/.local/lib/python3.7/site-packages/airflow/example_dags/example_branch_day_of_week_operator.py
[2026-09-24T18:09:15.918+0000] {processor.py:753} INFO - DAG(s) dict_keys(['example_weekday_branch_operator']) retrieved from /home/airflow/.local/lib/python3.7/site-packages/airflow/example_dags/example_branch_day_of_week_operator.py
[2026-09-24T18:09:16.006+0000] {logging_mixin.py:137} INFO - [2026-09-24T18:09:16.006+0000] {dag.py:2676} INFO - Sync 1 DAGs
[2026-09-24T18:09:16.060+0000] {logging_mixin.py:137} INFO - [2026-09-24T18:09:16.060+0000] {dag.py:3427} INFO - Setting next_dagrun for example_weekday_branch_operator to 2026-09-23T00:00:00+00:00, run_after=2026-09-24T00:00:00+00:00
[2026-09-24T18:09:16.106+0000] {processor.py:175} INFO - Processing /home/airflow/.local/lib/python3.7/site-packages/airflow/example_dags/example_branch_day_of_week_operator.py took 0.216 seconds
[2026-09-24T18:09:46.917+0000] {processor.py:153} INFO - Started process (PID=749) to work on /home/airflow/.local/lib/python3.7/site-packages/airflow/example_dags/example_branch_day_of_week_operator.py
[2026-09-24T18:09:46.919+0000] {processor.py:743} INFO - Processing file /home/airflow/.local/lib/python3.7/site-packages/airflow/example_dags/example_branch_day_of_week_operator.py for tasks to queue
[2026-09-24T18:09:46.920+0000] {logging_mixin.py:137} INFO - [2026-09-24T18:09:46.920+0000] {dagbag.py:538} INFO - Filling up the DagBag from /home/airflow/.local/lib/python3.7/site-packages/airflow/example_dags/example_branch_day_of_week_operator.py
[2026-09-24T18:09:46.943+0000] {processor.py:753} INFO - DAG(s) dict_keys(['example_weekday_branch_operator']) retrieved from /home/airflow/.local/lib/python3.7/site-packages/airflow/example_dags/example_branch_day_of_week_operator.py
[2026-09-24T18:09:47.027+0000] {logging_mixin.py:137} INFO - [2026-09-24T18:09:47.027+0000] {dag.py:2676} INFO - Sync 1 DAGs
[2026-09-24T18:09:47.065+0000] {logging_mixin.py:137} INFO - [2026-09-24T18:09:47.065+0000] {dag.py:3427} INFO - Setting next_dagrun for example_weekday_branch_operator to 2026-09-23T00:00:00+00:00, run_after=2026-09-24T00:00:00+00:00
[2026-09-24T18:09:47.101+0000] {processor.py:175} INFO - Processing /home/airflow/.local/lib/python3.7/site-packages/airflow/example_dags/example_branch_day_of_week_operator.py took 0.190 seconds
[2026-09-24T18:10:17.128+0000] {processor.py:153} INFO - Started process (PID=827) to work on /home/airflow/.local/lib/python3.7/site-packages/airflow/example_dags/example_branch_day_of_week_operator.py
[2026-09-24T18:10:17.129+0000] {processor.py:743} INFO - Processing file /home/airflow/.local/lib/python3.7/site-packages/airflow/example_dags/example_branch_day_of_week_operator.py for tasks to queue
[2026-09-24T18:10:17.129+0000] {logging_mixin.py:137} INFO - [2026-09-24T18:10:17.129+0000] {dagbag.py:538} INFO - Filling up the DagBag from /home/airflow/.local/lib/python3.7/site-packages/airflow/example_dags/example_branch_day_of_week_operator.py
[2026-09-24T18:10:17.147+0000] {processor.py:753} INFO - DAG(s) dict_keys(['example_weekday_branch_operator']) retrieved from /home/airflow/.local/lib/python3.7/site-packages/airflow/example_dags/example_branch_day_of_week_operator.py
[2026-09-24T18:10:17.189+0000] {logging_mixin.py:137} INFO - [2026-09-24T18:10:17.189+0000] {dag.py:2676} INFO - Sync 1 DAGs
[2026-09-24T18:10:17.219+0000] {logging_mixin.py:137} INFO - [2026-09-24T18:10:17.219+0000] {dag.py:3427} INFO - Setting next_dagrun for example_weekday_branch_operator to 2026-09-23T00:00:00+00:00, run_after=2026-09-24T00:00:00+00:00
[2026-09-24T18:10:17.245+0000] {processor.py:175} INFO - Processing /home/airflow/.local/lib/python3.7/site-packages/airflow/example_dags/example_branch_day_of_week_operator.py took 0.121 seconds
[2026-09-24T18:10:47.818+0000] {processor.py:153} INFO - Started process (PID=914) to work on /home/airflow/.local/lib/python3.7/site-packages/airflow/example_dags/example_branch_day_of_week_operator.py
[2026-09-24T18:10:47.820+0000] {processor.py:743} INFO - Processing file /home/airflow/.local/lib/python3.7/site-packages/airflow/example_dags/example_branch_day_of_week_operator.py for tasks to queue
[2026-09-24T18:10:47.821+0000] {logging_mixin.py:137} INFO - [2026-09-24T18:10:47.821+0000] {dagbag.py:538} INFO - Filling up the DagBag from /home/airflow/.local/lib/python3.7/site-packages/airflow/example_dags/example_branch_day_of_week_operator.py
[2026-09-24T18:10:47.837+0000] {processor.py:753} INFO - DAG(s) dict_keys(['example_weekday_branch_operator']) retrieved from /home/airflow/.local/lib/python3.7/site-packages/airflow/example_dags/example_branch_day_of_week_operator.py
[2026-09-24T18:10:47.910+0000] {logging_mixin.py:137} INFO - [2026-09-24T18:10:47.909+0000] {dag.py:2676} INFO - Sync 1 DAGs
[2026-09-24T18:10:47.962+0000] {logging_mixin.py:137} INFO - [2026-09-24T18:10:47.962+0000] {dag.py:3427} INFO - Setting next_dagrun for example_weekday_branch_operator to 2026-09-23T00:00:00+00:00, run_after=2026-09-24T00:00:00+00:00
[2026-09-24T18:10:47.986+0000] {processor.py:175} INFO - Processing /home/airflow/.local/lib/python3.7/site-packages/airflow/example_dags/example_branch_day_of_week_operator.py took 0.171 seconds
[2026-09-24T18:11:18.297+0000] {processor.py:153} INFO - Started process (PID=1003) to work on /home/airflow/.local/lib/python3.7/site-packages/airflow/example_dags/example_branch_day_of_week_operator.py
[2026-09-24T18:11:18.298+0000] {processor.py:743} INFO - Processing file /home/airflow/.local/lib/python3.7/site-packages/airflow/example_dags/example_branch_day_of_week_operator.py for tasks to queue
[2026-09-24T18:11:18.299+0000] {logging_mixin.py:137} INFO - [2026-09-24T18:11:18.299+0000] {dagbag.py:538} INFO - Filling up the DagBag from /home/airflow/.local/lib/python3.7/site-packages/airflow/example_dags/example_branch_day_of_week_operator.py
[2026-09-24T18:11:18.314+0000] {processor.py:753} INFO - DAG(s) dict_keys(['example_weekday_branch_operator']) retrieved from /home/airflow/.local/lib/python3.7/site-packages/airflow/example_dags/example_branch_day_of_week_operator.py
[2026-09-24T18:11:18.353+0000] {logging_mixin.py:137} INFO - [2026-09-24T18:11:18.353+0000] {dag.py:2676} INFO - Sync 1 DAGs
[2026-09-24T18:11:18.383+0000] {logging_mixin.py:137} INFO - [2026-09-24T18:11:18.383+0000] {dag.py:3427} INFO - Setting next_dagrun for example_weekday_branch_operator to 2026-09-23T00:00:00+00:00, run_after=2026-09-24T00:00:00+00:00
[2026-09-24T18:11:18.405+0000] {processor.py:175} INFO - Processing /home/airflow/.local/lib/python3.7/site-packages/airflow/example_dags/example_branch_day_of_week_operator.py took 0.111 seconds
[2026-09-24T18:11:48.917+0000] {processor.py:153} INFO - Started process (PID=1081) to work on /home/airflow/.local/lib/python3.7/site-packages/airflow/example_dags/example_branch_day_of_week_operator.py
[2026-09-24T18:11:48.919+0000] {processor.py:743} INFO - Processing file /home/airflow/.local/lib/python3.7/site-packages/airflow/example_dags/example_branch_day_of_week_operator.py for tasks to queue
[2026-09-24T18:11:48.920+0000] {logging_mixin.py:137} INFO - [2026-09-24T18:11:48.920+0000] {dagbag.py:538} INFO - Filling up the DagBag from /home/airflow/.local/lib/python3.7/site-packages/airflow/example_dags/example_branch_day_of_week_operator.py
[2026-09-24T18:11:48.945+0000] {processor.py:753} INFO - DAG(s) dict_keys(['example_weekday_branch_operator']) retrieved from /home/airflow/.local/lib/python3.7/site-packages/airflow/example_dags/example_branch_day_of_week_operator.py
[2026-09-24T18:11:49.014+0000] {logging_mixin.py:137} INFO - [2026-09-24T18:11:49.013+0000] {dag.py:2676} INFO - Sync 1 DAGs
[2026-09-24T18:11:49.052+0000] {logging_mixin.py:137} INFO - [2026-09-24T18:11:49.052+0000] {dag.py:3427} INFO - Setting next_dagrun for example_weekday_branch_operator to 2026-09-23T00:00:00+00:00, run_after=2026-09-24T00:00:00+00:00
[2026-09-24T18:11:49.096+0000] {processor.py:175} INFO - Processing /home/airflow/.local/lib/python3.7/site-packages/airflow/example_dags/example_branch_day_of_week_operator.py took 0.185 seconds
[2026-09-24T18:12:19.274+0000] {processor.py:153} INFO - Started process (PID=1179) to work on /home/airflow/.local/lib/python3.7/site-packages/airflow/example_dags/example_branch_day_of_week_operator.py
[2026-09-24T18:12:19.276+0000] {processor.py:743} INFO - Processing file /home/airflow/.local/lib/python3.7/site-packages/airflow/example_dags/example_branch_day_of_week_operator.py for tasks to queue
[2026-09-24T18:12:19.278+0000] {logging_mixin.py:137} INFO - [2026-09-24T18:12:19.278+0000] {dagbag.py:538} INFO - Filling up the DagBag from /home/airflow/.local/lib/python3.7/site-packages/airflow/example_dags/example_branch_day_of_week_operator.py
[2026-09-24T18:12:19.308+0000] {processor.py:753} INFO - DAG(s) dict_keys(['example_weekday_branch_operator']) retrieved from /home/airflow/.local/lib/python3.7/site-packages/airflow/example_dags/example_branch_day_of_week_operator.py
[2026-09-24T18:12:19.374+0000] {logging_mixin.py:137} INFO - [2026-09-24T18:12:19.373+0000] {dag.py:2676} INFO - Sync 1 DAGs
[2026-09-24T18:12:19.418+0000] {logging_mixin.py:137} INFO - [2026-09-24T18:12:19.418+0000] {dag.py:3427} INFO - Setting next_dagrun for example_weekday_branch_operator to 2026-09-23T00:00:00+00:00, run_after=2026-09-24T00:00:00+00:00
[2026-09-24T18:12:19.455+0000] {processor.py:175} INFO - Processing /home/airflow/.local/lib/python3.7/site-packages/airflow/example_dags/example_branch_day_of_week_operator.py took 0.190 seconds
[2026-09-24T18:12:49.564+0000] {processor.py:153} INFO - Started process (PID=1257) to work on /home/airflow/.local/lib/python3.7/site-packages/airflow/example_dags/example_branch_day_of_week_operator.py
[2026-09-24T18:12:49.565+0000] {processor.py:743} INFO - Processing file /home/airflow/.local/lib/python3.7/site-packages/airflow/example_dags/example_branch_day_of_week_operator.py for tasks to queue
[2026-09-24T18:12:49.566+0000] {logging_mixin.py:137} INFO - [2026-09-24T18:12:49.566+0000] {dagbag.py:538} INFO - Filling up the DagBag from /home/airflow/.local/lib/python3.7/site-packages/airflow/example_dags/example_branch_day_of_week_operator.py
[2026-09-24T18:12:49.586+0000] {processor.py:753} INFO - DAG(s) dict_keys(['example_weekday_branch_operator']) retrieved from /home/airflow/.local/lib/python3.7/site-packages/airflow/example_dags/example_branch_day_of_week_operator.py
[2026-09-24T18:12:49.646+0000] {logging_mixin.py:137} INFO - [2026-09-24T18:12:49.645+0000] {dag.py:2676} INFO - Sync 1 DAGs
[2026-09-24T18:12:49.689+0000] {logging_mixin.py:137} INFO - [2026-09-24T18:12:49.689+0000] {dag.py:3427} INFO - Setting next_dagrun for example_weekday_branch_operator to 2026-09-23T00:00:00+00:00, run_after=2026-09-24T00:00:00+00:00
[2026-09-24T18:12:49.726+0000] {processor.py:175} INFO - Processing /home/airflow/.local/lib/python3.7/site-packages/airflow/example_dags/example_branch_day_of_week_operator.py took 0.166 seconds
[2026-09-24T18:13:20.220+0000] {processor.py:153} INFO - Started process (PID=1342) to work on /home/airflow/.local/lib/python3.7/site-packages/airflow/example_dags/example_branch_day_of_week_operator.py
[2026-09-24T18:13:20.221+0000] {processor.py:743} INFO - Processing file /home/airflow/.local/lib/python3.7/site-packages/airflow/example_dags/example_branch_day_of_week_operator.py for tasks to queue
[2026-09-24T18:13:20.222+0000] {logging_mixin.py:137} INFO - [2026-09-24T18:13:20.221+0000] {dagbag.py:538} INFO - Filling up the DagBag from /home/airflow/.local/lib/python3.7/site-packages/airflow/example_dags/example_branch_day_of_week_operator.py
[2026-09-24T18:13:20.245+0000] {processor.py:753} INFO - DAG(s) dict_keys(['example_weekday_branch_operator']) retrieved from /home/airflow/.local/lib/python3.7/site-packages/airflow/example_dags/example_branch_day_of_week_operator.py
[2026-09-24T18:13:20.333+0000] {logging_mixin.py:137} INFO - [2026-09-24T18:13:20.332+0000] {dag.py:2676} INFO - Sync 1 DAGs
[2026-09-24T18:13:20.396+0000] {logging_mixin.py:137} INFO - [2026-09-24T18:13:20.396+0000] {dag.py:3427} INFO - Setting next_dagrun for example_weekday_branch_operator to 2026-09-23T00:00:00+00:00, run_after=2026-09-24T00:00:00+00:00
[2026-09-24T18:13:20.445+0000] {processor.py:175} INFO - Processing /home/airflow/.local/lib/python3.7/site-packages/airflow/example_dags/example_branch_day_of_week_operator.py took 0.234 seconds
[2026-09-24T18:13:50.721+0000] {processor.py:153} INFO - Started process (PID=1434) to work on /home/airflow/.local/lib/python3.7/site-packages/airflow/example_dags/example_branch_day_of_week_operator.py
[2026-09-24T18:13:50.724+0000] {processor.py:743} INFO - Processing file /home/airflow/.local/lib/python3.7/site-packages/airflow/example_dags/example_branch_day_of_week_operator.py for tasks to queue
[2026-09-24T18:13:50.725+0000] {logging_mixin.py:137} INFO - [2026-09-24T18:13:50.725+0000] {dagbag.py:538} INFO - Filling up the DagBag from /home/airflow/.local/lib/python3.7/site-packages/airflow/example_dags/example_branch_day_of_week_operator.py
[2026-09-24T18:13:50.758+0000] {processor.py:753} INFO - DAG(s) dict_keys(['example_weekday_branch_operator']) retrieved from /home/airflow/.local/lib/python3.7/site-packages/airflow/example_dags/example_branch_day_of_week_operator.py
[2026-09-24T18:13:50.865+0000] {logging_mixin.py:137} INFO - [2026-09-24T18:13:50.864+0000] {dag.py:2676} INFO - Sync 1 DAGs
[2026-09-24T18:13:50.902+0000] {logging_mixin.py:137} INFO - [2026-09-24T18:13:50.902+0000] {dag.py:3427} INFO - Setting next_dagrun for example_weekday_branch_operator to 2026-09-23T00:00:00+00:00, run_after=2026-09-24T00:00:00+00:00
[2026-09-24T18:13:50.934+0000] {processor.py:175} INFO - Processing /home/airflow/.local/lib/python3.7/site-packages/airflow/example_dags/example_branch_day_of_week_operator.py took 0.222 seconds
