[2026-09-24T18:05:44.278+0000] {processor.py:153} INFO - Started process (PID=78) to work on /home/airflow/.local/lib/python3.7/site-packages/airflow/example_dags/example_dag_decorator.py
[2026-09-24T18:05:44.279+0000] {processor.py:743} INFO - Processing file /home/airflow/.local/lib/python3.7/site-packages/airflow/example_dags/example_dag_decorator.py for tasks to queue
[2026-09-24T18:05:44.280+0000] {logging_mixin.py:137} INFO - [2026-09-24T18:05:44.280+0000] {dagbag.py:538} INFO - Filling up the DagBag from /home/airflow/.local/lib/python3.7/site-packages/airflow/example_dags/example_dag_decorator.py
[2026-09-24T18:05:44.305+0000] {logging_mixin.py:137} INFO - [2026-09-24T18:05:44.304+0000] {taskmixin.py:205} WARNING - Dependency <Task(_PythonDecoratedOperator): prepare_email>, send_email already registered for DAG: example_dag_decorator
[2026-09-24T18:05:44.305+0000] {logging_mixin.py:137} INFO - [2026-09-24T18:05:44.305+0000] {taskmixin.py:205} WARNING - Dependency <Task(EmailOperator): send_email>, prepare_email already registered for DAG: example_dag_decorator
[2026-09-24T18:05:44.323+0000] {processor.py:753} INFO - DAG(s) dict_keys(['example_dag_decorator']) retrieved from /home/airflow/.local/lib/python3.7/site-packages/airflow/example_dags/example_dag_decorator.py
[2026-09-24T18:05:44.458+0000] {logging_mixin.py:137} INFO - [2026-09-24T18:05:44.457+0000] {dag.py:2676} INFO - Sync 1 DAGs
[2026-09-24T18:05:44.493+0000] {logging_mixin.py:137} INFO - [2026-09-24T18:05:44.492+0000] {dag.py:3427} INFO - Setting next_dagrun for example_dag_decorator to None, run_after=None
[2026-09-24T18:05:44.533+0000] {processor.py:175} INFO - Processing /home/airflow/.local/lib/python3.7/site-packages/airflow/example_dags/example_dag_decorator.py took 0.260 seconds
[2026-09-24T18:06:15.433+0000] {processor.py:153} INFO - Started process (PID=156) to work on /home/airflow/.local/lib/python3.7/site-packages/airflow/example_dags/example_dag_decorator.py
[2026-09-24T18:06:15.434+0000] {processor.py:743} INFO - Processing file /home/airflow/.local/lib/python3.7/site-packages/airflow/example_dags/example_dag_decorator.py for tasks to queue
[2026-09-24T18:06:15.435+0000] {logging_mixin.py:137} INFO - [2026-09-24T18:06:15.435+0000] {dagbag.py:538} INFO - Filling up the DagBag from /home/airflow/.local/lib/python3.7/site-packages/airflow/example_dags/example_dag_decorator.py
[2026-09-24T18:06:15.462+0000] {logging_mixin.py:137} INFO - [2026-09-24T18:06:15.461+0000] {taskmixin.py:205} WARNING - Dependency <Task(_PythonDecoratedOperator): prepare_email>, send_email already registered for DAG: example_dag_decorator
[2026-09-24T18:06:15.462+0000] {logging_mixin.py:137} INFO - [2026-09-24T18:06:15.462+0000] {taskmixin.py:205} WARNING - Dependency <Task(EmailOperator): send_email>, prepare_email already registered for DAG: example_dag_decorator
[2026-09-24T18:06:15.480+0000] {processor.py:753} INFO - DAG(s) dict_keys(['example_dag_decorator']) retrieved from /home/airflow/.local/lib/python3.7/site-packages/airflow/example_dags/example_dag_decorator.py
[2026-09-24T18:06:15.600+0000] {logging_mixin.py:137} INFO - [2026-09-24T18:06:15.599+0000] {dag.py:2676} INFO - Sync 1 DAGs
[2026-09-24T18:06:15.631+0000] {logging_mixin.py:137} INFO - [2026-09-24T18:06:15.631+0000] {dag.py:3427} INFO - Setting next_dagrun for example_dag_decorator to None, run_after=None
[2026-09-24T18:06:15.658+0000] {processor.py:175} INFO - Processing /home/airflow/.local/lib/python3.7/site-packages/airflow/example_dags/example_dag_decorator.py took 0.233 seconds
[2026-09-24T18:06:45.935+0000] {processor.py:153} INFO - Started process (PID=243) to work on /home/airflow/.local/lib/python3.7/site-packages/airflow/example_dags/example_dag_decorator.py
[2026-09-24T18:06:45.936+0000] {processor.py:743} INFO - Processing file /home/airflow/.local/lib/python3.7/site-packages/airflow/example_dags/example_dag_decorator.py for tasks to queue
[2026-09-24T18:06:45.937+0000] {logging_mixin.py:137} INFO - [2026-09-24T18:06:45.937+0000] {dagbag.py:538} INFO - Filling up the DagBag from /home/airflow/.local/lib/python3.7/site-packages/airflow/example_dags/example_dag_decorator.py
[2026-09-24T18:06:45.966+0000] {logging_mixin.py:137} INFO - [2026-09-24T18:06:45.966+0000] {taskmixin.py:205} WARNING - Dependency <Task(_PythonDecoratedOperator): prepare_email>, send_email already registered for DAG: example_dag_decorator
[2026-09-24T18:06:45.966+0000] {logging_mixin.py:137} INFO - [2026-09-24T18:06:45.966+0000] {taskmixin.py:205} WARNING - Dependency <Task(EmailOperator): send_email>, prepare_email already registered for DAG: example_dag_decorator
[2026-09-24T18:06:45.990+0000] {processor.py:753} INFO - DAG(s) dict_keys(['example_dag_decorator']) retrieved from /home/airflow/.local/lib/python3.7/site-packages/airflow/example_dags/example_dag_decorator.py
[2026-09-24T18:06:46.118+0000] {logging_mixin.py:137} INFO - [2026-09-24T18:06:46.118+0000] {dag.py:2676} INFO - Sync 1 DAGs
[2026-09-24T18:06:46.161+0000] {logging_mixin.py:137} INFO - [2026-09-24T18:06:46.161+0000] {dag.py:3427} INFO - Setting next_dagrun for example_dag_decorator to None, run_after=None
[2026-09-24T18:06:46.193+0000] {processor.py:175} INFO - Processing /home/airflow/.local/lib/python3.7/site-packages/airflow/example_dags/example_dag_decorator.py took 0.263 seconds
[2026-09-24T18:07:16.304+0000] {processor.py:153} INFO - Started process (PID=332) to work on /home/airflow/.local/lib/python3.7/site-packages/airflow/example_dags/example_dag_decorator.py
[2026-09-24T18:07:16.304+0000] {processor.py:743} INFO - Processing file /home/airflow/.local/lib/python3.7/site-packages/airflow/example_dags/example_dag_decorator.py for tasks to queue
[2026-09-24T18:07:16.305+0000] {logging_mixin.py:137} INFO - [2026-09-24T18:07:16.305+0000] {dagbag.py:538} INFO - Filling up the DagBag from /home/airflow/.local/lib/python3.7/site-packages/airflow/example_dags/example_dag_decorator.py
[2026-09-24T18:07:16.326+0000] {logging_mixin.py:137} INFO - [2026-09-24T18:07:16.326+0000] {taskmixin.py:205} WARNING - Dependency <Task(_PythonDecoratedOperator): prepare_email>, send_email already registered for DAG: example_dag_decorator
[2026-09-24T18:07:16.326+0000] {logging_mixin.py:137} INFO - [2026-09-24T18:07:16.326+0000] {taskmixin.py:205} WARNING - Dependency <Task(EmailOperator): send_email>, prepare_email already registered for DAG: example_dag_decorator
[2026-09-24T18:07:16.339+0000] {processor.py:753} INFO - DAG(s) dict_keys(['example_dag_decorator']) retrieved from /home/airflow/.local/lib/python3.7/site-packages/airflow/example_dags/example_dag_decorator.py
[2026-09-24T18:07:16.416+0000] {logging_mixin.py:137} INFO - [2026-09-24T18:07:16.416+0000] {dag.py:2676} INFO - Sync 1 DAGs
[2026-09-24T18:07:16.438+0000] {logging_mixin.py:137} INFO - [2026-09-24T18:07:16.438+0000] {dag.py:3427} INFO - Setting next_dagrun for example_dag_decorator to None, run_after=None
[2026-09-24T18:07:16.463+0000] {processor.py:175} INFO - Processing /home/airflow/.local/lib/python3.7/site-packages/airflow/example_dags/example_dag_decorator.py took 0.163 seconds
[2026-09-24T18:07:46.949+0000] {processor.py:153} INFO - Started process (PID=410) to work on /home/airflow/.local/lib/python3.7/site-packages/airflow/example_dags/example_dag_decorator.py
[2026-09-24T18:07:46.950+0000] {processor.py:743} INFO - Processing file /home/airflow/.local/lib/python3.7/site-packages/airflow/example_dags/example_dag_decorator.py for tasks to queue
[2026-09-24T18:07:46.950+0000] {logging_mixin.py:137} INFO - [2026-09-24T18:07:46.950+0000] {dagbag.py:538} INFO - Filling up the DagBag from /home/airflow/.local/lib/python3.7/site-packages/airflow/example_dags/example_dag_decorator.py
[2026-09-24T18:07:46.974+0000] {logging_mixin.py:137} INFO - [2026-09-24T18:07:46.974+0000] {taskmixin.py:205} WARNING - Dependency <Task(_PythonDecoratedOperator): prepare_email>, send_email already registered for DAG: example_dag_decorator
[2026-09-24T18:07:46.974+0000] {logging_mixin.py:137} INFO - [2026-09-24T18:07:46.974+0000] {taskmixin.py:205} WARNING - Dependency <Task(EmailOperator): send_email>, prepare_email already registered for DAG: example_dag_decorator
[2026-09-24T18:07:46.989+0000] {processor.py:753} INFO - DAG(s) dict_keys(['example_dag_decorator']) retrieved from /home/airflow/.local/lib/python3.7/site-packages/airflow/example_dags/example_dag_decorator.py
[2026-09-24T18:07:47.097+0000] {logging_mixin.py:137} INFO - [2026-09-24T18:07:47.097+0000] {dag.py:2676} INFO - Sync 1 DAGs
[2026-09-24T18:07:47.123+0000] {logging_mixin.py:137} INFO - [2026-09-24T18:07:47.123+0000] {dag.py:3427} INFO - Setting next_dagrun for example_dag_decorator to None, run_after=None
[2026-09-24T18:07:47.153+0000] {processor.py:175} INFO - Processing /home/airflow/.local/lib/python3.7/site-packages/airflow/example_dags/example_dag_decorator.py took 0.207 seconds
[2026-09-24T18:08:17.257+0000] {processor.py:153} INFO - Started process (PID=508) to work on /home/airflow/.local/lib/python3.7/site-packages/airflow/example_dags/example_dag_decorator.py
[2026-09-24T18:08:17.258+0000] {processor.py:743} INFO - Processing file /home/airflow/.local/lib/python3.7/site-packages/airflow/example_dags/example_dag_decorator.py for tasks to queue
[2026-09-24T18:08:17.258+0000] {logging_mixin.py:137} INFO - [2026-09-24T18:08:17.258+0000] {dagbag.py:538} INFO - Filling up the DagBag from /home/airflow/.local/lib/python3.7/site-packages/airflow/example_dags/example_dag_decorator.py
[2026-09-24T18:08:17.275+0000] {logging_mixin.py:137} INFO - [2026-09-24T18:08:17.275+0000] {taskmixin.py:205} WARNING - Dependency <Task(_PythonDecoratedOperator): prepare_email>, send_email already registered for DAG: example_dag_decorator
[2026-09-24T18:08:17.275+0000] {logging_mixin.py:137} INFO - [2026-09-24T18:08:17.275+0000] {taskmixin.py:205} WARNING - Dependency <Task(EmailOperator): send_email>, prepare_email already registered for DAG: example_dag_decorator
[2026-09-24T18:08:17.285+0000] {processor.py:753} INFO - DAG(s) dict_keys(['example_dag_decorator']) retrieved from /home/airflow/.local/lib/python3.7/site-packages/airflow/example_dags/example_dag_decorator.py
[2026-09-24T18:08:17.363+0000] {logging_mixin.py:137} INFO - [2026-09-24T18:08:17.363+0000] {dag.py:2676} INFO - Sync 1 DAGs
[2026-09-24T18:08:17.387+0000] {logging_mixin.py:137} INFO - [2026-09-24T18:08:17.387+0000] {dag.py:3427} INFO - Setting next_dagrun for example_dag_decorator to None, run_after=None
[2026-09-24T18:08:17.414+0000] {processor.py:175} INFO - Processing /home/airflow/.local/lib/python3.7/site-packages/airflow/example_dags/example_dag_decorator.py took 0.161 seconds
[2026-09-24T18:08:48.125+0000] {processor.py:153} INFO - Started process (PID=586) to work on /home/airflow/.local/lib/python3.7/site-packages/airflow/example_dags/example_dag_decorator.py
[2026-09-24T18:08:48.127+0000] {processor.py:743} INFO - Processing file /home/airflow/.local/lib/python3.7/site-packages/airflow/example_dags/example_dag_decorator.py for tasks to queue
[2026-09-24T18:08:48.128+0000] {logging_mixin.py:137} INFO - [2026-09-24T18:08:48.128+0000] {dagbag.py:538} INFO - Filling up the DagBag from /home/airflow/.local/lib/python3.7/site-packages/airflow/example_dags/example_dag_decorator.py
[2026-09-24T18:08:48.146+0000] {logging_mixin.py:137} INFO - [2026-09-24T18:08:48.146+0000] {taskmixin.py:205} WARNING - Dependency <Task(_PythonDecoratedOperator): prepare_email>, send_email already registered for DAG: example_dag_decorator
[2026-09-24T18:08:48.146+0000] {logging_mixin.py:137} INFO - [2026-09-24T18:08:48.146+0000] {taskmixin.py:205} WARNING - Dependency <Task(EmailOperator): send_email>, prepare_email already registered for DAG: example_dag_decorator
[2026-09-24T18:08:48.159+0000] {processor.py:753} INFO - DAG(s) dict_keys(['example_dag_decorator']) retrieved from /home/airflow/.local/lib/python3.7/site-packages/airflow/example_dags/example_dag_decorator.py
[2026-09-24T18:08:48.253+0000] {logging_mixin.py:137} INFO - [2026-09-24T18:08:48.253+0000] {dag.py:2676} INFO - Sync 1 DAGs
[2026-09-24T18:08:48.279+0000] {logging_mixin.py:137} INFO - [2026-09-24T18:08:48.278+0000] {dag.py:3427} INFO - Setting next_dagrun for example_dag_decorator to None, run_after=None
[2026-09-24T18:08:48.306+0000] {processor.py:175} INFO - Processing /home/airflow/.local/lib/python3.7/site-packages/airflow/example_dags/example_dag_decorator.py took 0.184 seconds
[2026-09-24T18:09:18.766+0000] {processor.py:153} INFO - Started process (PID=684) to work on /home/airflow/.local/lib/python3.7/site-packages/airflow/example_dags/example_dag_decorator.py
[2026-09-24T18:09:18.767+0000] {processor.py:743} INFO - Processing file /home/airflow/.local/lib/python3.7/site-packages/airflow/example_dags/example_dag_decorator.py for tasks to queue
[2026-09-24T18:09:18.768+0000] {logging_mixin.py:137} INFO - [2026-09-24T18:09:18.768+0000] {dagbag.py:538} INFO - Filling up the DagBag from /home/airflow/.local/lib/python3.7/site-packages/airflow/example_dags/example_dag_decorator.py
[2026-09-24T18:09:18.814+0000] {logging_mixin.py:137} INFO - [2026-09-24T18:09:18.814+0000] {taskmixin.py:205} WARNING - Dependency <Task(_PythonDecoratedOperator): prepare_email>, send_email already registered for DAG: example_dag_decorator
[2026-09-24T18:09:18.814+0000] {logging_mixin.py:137} INFO - [2026-09-24T18:09:18.814+0000] {taskmixin.py:205} WARNING - Dependency <Task(EmailOperator): send_email>, prepare_email already registered for DAG: example_dag_decorator
[2026-09-24T18:09:18.829+0000] {processor.py:753} INFO - DAG(s) dict_keys(['example_dag_decorator']) retrieved from /home/airflow/.local/lib/python3.7/site-packages/airflow/example_dags/example_dag_decorator.py
[2026-09-24T18:09:18.975+0000] {logging_mixin.py:137} INFO - [2026-09-24T18:09:18.974+0000] {dag.py:2676} INFO - Sync 1 DAGs
[2026-09-24T18:09:19.021+0000] {logging_mixin.py:137} INFO - [2026-09-24T18:09:19.021+0000] {dag.py:3427} INFO - Setting next_dagrun for example_dag_decorator to None, run_after=None
[2026-09-24T18:09:19.063+0000] {processor.py:175} INFO - Processing /home/airflow/.local/lib/python3.7/site-packages/airflow/example_dags/example_dag_decorator.py took 0.303 seconds
[2026-09-24T18:09:50.077+0000] {processor.py:153} INFO - Started process (PID=763) to work on /home/airflow/.local/lib/python3.7/site-packages/airflow/example_dags/example_dag_decorator.py
[2026-09-24T18:09:50.079+0000] {processor.py:743} INFO - Processing file /home/airflow/.local/lib/python3.7/site-packages/airflow/example_dags/example_dag_decorator.py for tasks to queue
[2026-09-24T18:09:50.081+0000] {logging_mixin.py:137} INFO - [2026-09-24T18:09:50.080+0000] {dagbag.py:538} INFO - Filling up the DagBag from /home/airflow/.local/lib/python3.7/site-packages/airflow/example_dags/example_dag_decorator.py
[2026-09-24T18:09:50.137+0000] {logging_mixin.py:137} INFO - [2026-09-24T18:09:50.136+0000] {taskmixin.py:205} WARNING - Dependency <Task(_PythonDecoratedOperator): prepare_email>, send_email already registered for DAG: example_dag_decorator
[2026-09-24T18:09:50.137+0000] {logging_mixin.py:137} INFO - [2026-09-24T18:09:50.137+0000] {taskmixin.py:205} WARNING - Dependency <Task(EmailOperator): send_email>, prepare_email already registered for DAG: example_dag_decorator
[2026-09-24T18:09:50.180+0000] {processor.py:753} INFO - DAG(s) dict_keys(['example_dag_decorator']) retrieved from /home/airflow/.local/lib/python3.7/site-packages/airflow/example_dags/example_dag_decorator.py
[2026-09-24T18:09:50.402+0000] {logging_mixin.py:137} INFO - [2026-09-24T18:09:50.402+0000] {dag.py:2676} INFO - Sync 1 DAGs
[2026-09-24T18:09:50.452+0000] {logging_mixin.py:137} INFO - [2026-09-24T18:09:50.452+0000] {dag.py:3427} INFO - Setting next_dagrun for example_dag_decorator to None, run_after=None
[2026-09-24T18:09:50.500+0000] {processor.py:175} INFO - Processing /home/airflow/.local/lib/python3.7/site-packages/airflow/example_dags/example_dag_decorator.py took 0.428 seconds
[2026-09-24T18:10:21.431+0000] {processor.py:153} INFO - Started process (PID=841) to work on /home/airflow/.local/lib/python3.7/site-packages/airflow/example_dags/example_dag_decorator.py
[2026-09-24T18:10:21.432+0000] {processor.py:743} INFO - Processing file /home/airflow/.local/lib/python3.7/site-packages/airflow/example_dags/example_dag_decorator.py for tasks to queue
[2026-09-24T18:10:21.433+0000] {logging_mixin.py:137} INFO - [2026-09-24T18:10:21.433+0000] {dagbag.py:538} INFO - Filling up the DagBag from /home/airflow/.local/lib/python3.7/site-packages/airflow/example_dags/example_dag_decorator.py
[2026-09-24T18:10:21.458+0000] {logging_mixin.py:137} INFO - [2026-09-24T18:10:21.458+0000] {taskmixin.py:205} WARNING - Dependency <Task(_PythonDecoratedOperator): prepare_email>, send_email already registered for DAG: example_dag_decorator
[2026-09-24T18:10:21.459+0000] {logging_mixin.py:137} INFO - [2026-09-24T18:10:21.459+0000] {taskmixin.py:205} WARNING - Dependency <Task(EmailOperator): send_email>, prepare_email already registered for DAG: example_dag_decorator
[2026-09-24T18:10:21.473+0000] {processor.py:753} INFO - DAG(s) dict_keys(['example_dag_decorator']) retrieved from /home/airflow/.local/lib/python3.7/site-packages/airflow/example_dags/example_dag_decorator.py
[2026-09-24T18:10:21.580+0000] {logging_mixin.py:137} INFO - [2026-09-24T18:10:21.580+0000] {dag.py:2676} INFO - Sync 1 DAGs
[2026-09-24T18:10:21.611+0000] {logging_mixin.py:137} INFO - [2026-09-24T18:10:21.610+0000] {dag.py:3427} INFO - Setting next_dagrun for example_dag_decorator to None, run_after=None
[2026-09-24T18:10:21.647+0000] {processor.py:175} INFO - Processing /home/airflow/.local/lib/python3.7/site-packages/airflow/example_dags/example_dag_decorator.py took 0.219 seconds
[2026-09-24T18:10:52.123+0000] {processor.py:153} INFO - Started process (PID=939) to work on /home/airflow/.local/lib/python3.7/site-packages/airflow/example_dags/example_dag_decorator.py
[2026-09-24T18:10:52.125+0000] {processor.py:743} INFO - Processing file /home/airflow/.local/lib/python3.7/site-packages/airflow/example_dags/example_dag_decorator.py for tasks to queue
[2026-09-24T18:10:52.126+0000] {logging_mixin.py:137} INFO - [2026-09-24T18:10:52.126+0000] {dagbag.py:538} INFO - Filling up the DagBag from /home/airflow/.local/lib/python3.7/site-packages/airflow/example_dags/example_dag_decorator.py
[2026-09-24T18:10:52.147+0000] {logging_mixin.py:137} INFO - [2026-09-24T18:10:52.147+0000] {taskmixin.py:205} WARNING - Dependency <Task(_PythonDecoratedOperator): prepare_email>, send_email already registered for DAG: example_dag_decorator
[2026-09-24T18:10:52.147+0000] {logging_mixin.py:137} INFO - [2026-09-24T18:10:52.147+0000] {taskmixin.py:205} WARNING - Dependency <Task(EmailOperator): send_email>, prepare_email already registered for DAG: example_dag_decorator
[2026-09-24T18:10:52.163+0000] {processor.py:753} INFO - DAG(s) dict_keys(['example_dag_decorator']) retrieved from /home/airflow/.local/lib/python3.7/site-packages/airflow/example_dags/example_dag_decorator.py
[2026-09-24T18:10:52.266+0000] {logging_mixin.py:137} INFO - [2026-09-24T18:10:52.266+0000] {dag.py:2676} INFO - Sync 1 DAGs
[2026-09-24T18:10:52.300+0000] {logging_mixin.py:137} INFO - [2026-09-24T18:10:52.300+0000] {dag.py:3427} INFO - Setting next_dagrun for example_dag_decorator to None, run_after=None
[2026-09-24T18:10:52.332+0000] {processor.py:175} INFO - Processing /home/airflow/.local/lib/python3.7/site-packages/airflow/example_dags/example_dag_decorator.py took 0.216 seconds
[2026-09-24T18:11:22.434+0000] {processor.py:153} INFO - Started process (PID=1017) to work on /home/airflow/.local/lib/python3.7/site-packages/airflow/example_dags/example_dag_decorator.py
[2026-09-24T18:11:22.437+0000] {processor.py:743} INFO - Processing file /home/airflow/.local/lib/python3.7/site-packages/airflow/example_dags/example_dag_decorator.py for tasks to queue
[2026-09-24T18:11:22.438+0000] {logging_mixin.py:137} INFO - [2026-09-24T18:11:22.437+0000] {dagbag.py:538} INFO - Filling up the DagBag from /home/airflow/.local/lib/python3.7/site-packages/airflow/example_dags/example_dag_decorator.py
[2026-09-24T18:11:22.462+0000] {logging_mixin.py:137} INFO - [2026-09-24T18:11:22.462+0000] {taskmixin.py:205} WARNING - Dependency <Task(_PythonDecoratedOperator): prepare_email>, send_email already registered for DAG: example_dag_decorator
[2026-09-24T18:11:22.462+0000] {logging_mixin.py:137} INFO - [2026-09-24T18:11:22.462+0000] {taskmixin.py:205} WARNING - Dependency <Task(EmailOperator): send_email>, prepare_email already registered for DAG: example_dag_decorator
[2026-09-24T18:11:22.474+0000] {processor.py:753} INFO - DAG(s) dict_keys(['example_dag_decorator']) retrieved from /home/airflow/.local/lib/python3.7/site-packages/airflow/example_dags/example_dag_decorator.py
[2026-09-24T18:11:22.597+0000] {logging_mixin.py:137} INFO - [2026-09-24T18:11:22.597+0000] {dag.py:2676} INFO - Sync 1 DAGs
[2026-09-24T18:11:22.627+0000] {logging_mixin.py:137} INFO - [2026-09-24T18:11:22.626+0000] {dag.py:3427} INFO - Setting next_dagrun for example_dag_decorator to None, run_after=None
[2026-09-24T18:11:22.670+0000] {processor.py:175} INFO - Processing /home/airflow/.local/lib/python3.7/site-packages/airflow/example_dags/example_dag_decorator.py took 0.244 seconds
[2026-09-24T18:11:52.715+0000] {processor.py:153} INFO - Started process (PID=1115) to work on /home/airflow/.local/lib/python3.7/site-packages/airflow/example_dags/example_dag_decorator.py
[2026-09-24T18:11:52.717+0000] {processor.py:743} INFO - Processing file /home/airflow/.local/lib/python3.7/site-packages/airflow/example_dags/example_dag_decorator.py for tasks to queue
[2026-09-24T18:11:52.719+0000] {logging_mixin.py:137} INFO - [2026-09-24T18:11:52.718+0000] {dagbag.py:538} INFO - Filling up the DagBag from /home/airflow/.local/lib/python3.7/site-packages/airflow/example_dags/example_dag_decorator.py
[2026-09-24T18:11:52.755+0000] {logging_mixin.py:137} INFO - [2026-09-24T18:11:52.754+0000] {taskmixin.py:205} WARNING - Dependency <Task(_PythonDecoratedOperator): prepare_email>, send_email already registered for DAG: example_dag_decorator
[2026-09-24T18:11:52.755+0000] {logging_mixin.py:137} INFO - [2026-09-24T18:11:52.755+0000] {taskmixin.py:205} WARNING - Dependency <Task(EmailOperator): send_email>, prepare_email already registered for DAG: example_dag_decorator
[2026-09-24T18:11:52.774+0000] {processor.py:753} INFO - DAG(s) dict_keys(['example_dag_decorator']) retrieved from /home/airflow/.local/lib/python3.7/site-packages/airflow/example_dags/example_dag_decorator.py
[2026-09-24T18:11:52.983+0000] {logging_mixin.py:137} INFO - [2026-09-24T18:11:52.982+0000] {dag.py:2676} INFO - Sync 1 DAGs
[2026-09-24T18:11:53.026+0000] {logging_mixin.py:137} INFO - [2026-09-24T18:11:53.025+0000] {dag.py:3427} INFO - Setting next_dagrun for example_dag_decorator to None, run_after=None
[2026-09-24T18:11:53.083+0000] {processor.py:175} INFO - Processing /home/airflow/.local/lib/python3.7/site-packages/airflow/example_dags/example_dag_decorator.py took 0.374 seconds
[2026-09-24T18:12:23.937+0000] {processor.py:153} INFO - Started process (PID=1193) to work on /home/airflow/.local/lib/python3.7/site-packages/airflow/example_dags/example_dag_decorator.py
[2026-09-24T18:12:23.940+0000] {processor.py:743} INFO - Processing file /home/airflow/.local/lib/python3.7/site-packages/airflow/example_dags/example_dag_decorator.py for tasks to queue
[2026-09-24T18:12:23.941+0000] {logging_mixin.py:137} INFO - [2026-09-24T18:12:23.941+0000] {dagbag.py:538} INFO - Filling up the DagBag from /home/airflow/.local/lib/python3.7/site-packages/airflow/example_dags/example_dag_decorator.py
[2026-09-24T18:12:23.974+0000] {logging_mixin.py:137} INFO - [2026-09-24T18:12:23.974+0000] {taskmixin.py:205} WARNING - Dependency <Task(_PythonDecoratedOperator): prepare_email>, send_email already registered for DAG: example_dag_decorator
[2026-09-24T18:12:23.974+0000] {logging_mixin.py:137} INFO - [2026-09-24T18:12:23.974+0000] {taskmixin.py:205} WARNING - Dependency <Task(EmailOperator): send_email>, prepare_email already registered for DAG: example_dag_decorator
[2026-09-24T18:12:23.992+0000] {processor.py:753} INFO - DAG(s) dict_keys(['example_dag_decorator']) retrieved from /home/airflow/.local/lib/python3.7/site-packages/airflow/example_dags/example_dag_decorator.py
[2026-09-24T18:12:24.123+0000] {logging_mixin.py:137} INFO - [2026-09-24T18:12:24.122+0000] {dag.py:2676} INFO - Sync 1 DAGs
[2026-09-24T18:12:24.154+0000] {logging_mixin.py:137} INFO - [2026-09-24T18:12:24.154+0000] {dag.py:3427} INFO - Setting next_dagrun for example_dag_decorator to None, run_after=None
[2026-09-24T18:12:24.188+0000] {processor.py:175} INFO - Processing /home/airflow/.local/lib/python3.7/site-packages/airflow/example_dags/example_dag_decorator.py took 0.260 seconds
[2026-09-24T18:12:54.267+0000] {processor.py:153} INFO - Started process (PID=1271) to work on /home/airflow/.local/lib/python3.7/site-packages/airflow/example_dags/example_dag_decorator.py
[2026-09-24T18:12:54.269+0000] {processor.py:743} INFO - Processing file /home/airflow/.local/lib/python3.7/site-packages/airflow/example_dags/example_dag_decorator.py for tasks to queue
[2026-09-24T18:12:54.271+0000] {logging_mixin.py:137} INFO - [2026-09-24T18:12:54.270+0000] {dagbag.py:538} INFO - Filling up the DagBag from /home/airflow/.local/lib/python3.7/site-packages/airflow/example_dags/example_dag_decorator.py
[2026-09-24T18:12:54.293+0000] {logging_mixin.py:137} INFO - [2026-09-24T18:12:54.293+0000] {taskmixin.py:205} WARNING - Dependency <Task(_PythonDecoratedOperator): prepare_email>, send_email already registered for DAG: example_dag_decorator
[2026-09-24T18:12:54.294+0000] {logging_mixin.py:137} INFO - [2026-09-24T18:12:54.294+0000] {taskmixin.py:205} WARNING - Dependency <Task(EmailOperator): send_email>, prepare_email already registered for DAG: example_dag_decorator
[2026-09-24T18:12:54.314+0000] {processor.py:753} INFO - DAG(s) dict_keys(['example_dag_decorator']) retrieved from /home/airflow/.local/lib/python3.7/site-packages/airflow/example_dags/example_dag_decorator.py
[2026-09-24T18:12:54.408+0000] {logging_mixin.py:137} INFO - [2026-09-24T18:12:54.408+0000] {dag.py:2676} INFO - Sync 1 DAGs
[2026-09-24T18:12:54.430+0000] {logging_mixin.py:137} INFO - [2026-09-24T18:12:54.430+0000] {dag.py:3427} INFO - Setting next_dagrun for example_dag_decorator to None, run_after=None
[2026-09-24T18:12:54.462+0000] {processor.py:175} INFO - Processing /home/airflow/.local/lib/python3.7/site-packages/airflow/example_dags/example_dag_decorator.py took 0.201 seconds
[2026-09-24T18:13:24.761+0000] {processor.py:153} INFO - Started process (PID=1369) to work on /home/airflow/.local/lib/python3.7/site-packages/airflow/example_dags/example_dag_decorator.py
[2026-09-24T18:13:24.763+0000] {processor.py:743} INFO - Processing file /home/airflow/.local/lib/python3.7/site-packages/airflow/example_dags/example_dag_decorator.py for tasks to queue
[2026-09-24T18:13:24.765+0000] {logging_mixin.py:137} INFO - [2026-09-24T18:13:24.765+0000] {dagbag.py:538} INFO - Filling up the DagBag from /home/airflow/.local/lib/python3.7/site-packages/airflow/example_dags/example_dag_decorator.py
[2026-09-24T18:13:24.818+0000] {logging_mixin.py:137} INFO - [2026-09-24T18:13:24.817+0000] {taskmixin.py:205} WARNING - Dependency <Task(_PythonDecoratedOperator): prepare_email>, send_email already registered for DAG: example_dag_decorator
[2026-09-24T18:13:24.818+0000] {logging_mixin.py:137} INFO - [2026-09-24T18:13:24.818+0000] {taskmixin.py:205} WARNING - Dependency <Task(EmailOperator): send_email>, prepare_email already registered for DAG: example_dag_decorator
[2026-09-24T18:13:24.837+0000] {processor.py:753} INFO - DAG(s) dict_keys(['example_dag_decorator']) retrieved from /home/airflow/.local/lib/python3.7/site-packages/airflow/example_dags/example_dag_decorator.py
[2026-09-24T18:13:25.084+0000] {logging_mixin.py:137} INFO - [2026-09-24T18:13:25.084+0000] {dag.py:2676} INFO - Sync 1 DAGs
[2026-09-24T18:13:25.132+0000] {logging_mixin.py:137} INFO - [2026-09-24T18:13:25.132+0000] {dag.py:3427} INFO - Setting next_dagrun for example_dag_decorator to None, run_after=None
[2026-09-24T18:13:25.174+0000] {processor.py:175} INFO - Processing /home/airflow/.local/lib/python3.7/site-packages/airflow/example_dags/example_dag_decorator.py took 0.422 seconds
[2026-09-24T18:13:55.512+0000] {processor.py:153} INFO - Started process (PID=1448) to work on /home/airflow/.local/lib/python3.7/site-packages/airflow/example_dags/example_dag_decorator.py
[2026-09-24T18:13:55.514+0000] {processor.py:743} INFO - Processing file /home/airflow/.local/lib/python3.7/site-packages/airflow/example_dags/example_dag_decorator.py for tasks to queue
[2026-09-24T18:13:55.515+0000] {logging_mixin.py:137} INFO - [2026-09-24T18:13:55.515+0000] {dagbag.py:538} INFO - Filling up the DagBag from /home/airflow/.local/lib/python3.7/site-packages/airflow/example_dags/example_dag_decorator.py
[2026-09-24T18:13:55.536+0000] {logging_mixin.py:137} INFO - [2026-09-24T18:13:55.536+0000] {taskmixin.py:205} WARNING - Dependency <Task(_PythonDecoratedOperator): prepare_email>, send_email already registered for DAG: example_dag_decorator
[2026-09-24T18:13:55.536+0000] {logging_mixin.py:137} INFO - [2026-09-24T18:13:55.536+0000] {taskmixin.py:205} WARNING - Dependency <Task(EmailOperator): send_email>, prepare_email already registered for DAG: example_dag_decorator
[2026-09-24T18:13:55.551+0000] {processor.py:753} INFO - DAG(s) dict_keys(['example_dag_decorator']) retrieved from /home/airflow/.local/lib/python3.7/site-packages/airflow/example_dags/example_dag_decorator.py
[2026-09-24T18:13:55.683+0000] {logging_mixin.py:137} INFO - [2026-09-24T18:13:55.683+0000] {dag.py:2676} INFO - Sync 1 DAGs
[2026-09-24T18:13:55.723+0000] {logging_mixin.py:137} INFO - [2026-09-24T18:13:55.723+0000] {dag.py:3427} INFO - Setting next_dagrun for example_dag_decorator to None, run_after=None
[2026-09-24T18:13:55.778+0000] {processor.py:175} INFO - Processing /home/airflow/.local/lib/python3.7/site-packages/airflow/example_dags/example_dag_decorator.py took 0.272 seconds
