[2026-09-24T18:05:43.247+0000] {processor.py:153} INFO - Started process (PID=72) to work on /home/airflow/.local/lib/python3.7/site-packages/airflow/example_dags/tutorial_dag.py
[2026-09-24T18:05:43.248+0000] {processor.py:743} INFO - Processing file /home/airflow/.local/lib/python3.7/site-packages/airflow/example_dags/tutorial_dag.py for tasks to queue
[2026-09-24T18:05:43.248+0000] {logging_mixin.py:137} INFO - [2026-09-24T18:05:43.248+0000] {dagbag.py:538} INFO - Filling up the DagBag from /home/airflow/.local/lib/python3.7/site-packages/airflow/example_dags/tutorial_dag.py
[2026-09-24T18:05:43.269+0000] {processor.py:753} INFO - DAG(s) dict_keys(['tutorial_dag']) retrieved from /home/airflow/.local/lib/python3.7/site-packages/airflow/example_dags/tutorial_dag.py
[2026-09-24T18:05:43.357+0000] {logging_mixin.py:137} INFO - [2026-09-24T18:05:43.357+0000] {dag.py:2676} INFO - Sync 1 DAGs
[2026-09-24T18:05:43.422+0000] {logging_mixin.py:137} INFO - [2026-09-24T18:05:43.422+0000] {dag.py:3427} INFO - Setting next_dagrun for tutorial_dag to None, run_after=None
[2026-09-24T18:05:43.477+0000] {processor.py:175} INFO - Processing /home/airflow/.local/lib/python3.7/site-packages/airflow/example_dags/tutorial_dag.py took 0.234 seconds
[2026-09-24T18:06:13.754+0000] {processor.py:153} INFO - Started process (PID=150) to work on /home/airflow/.local/lib/python3.7/site-packages/airflow/example_dags/tutorial_dag.py
[2026-09-24T18:06:13.756+0000] {processor.py:743} INFO - Processing file /home/airflow/.local/lib/python3.7/site-packages/airflow/example_dags/tutorial_dag.py for tasks to queue
[2026-09-24T18:06:13.756+0000] {logging_mixin.py:137} INFO - [2026-09-24T18:06:13.756+0000] {dagbag.py:538} INFO - Filling up the DagBag from /home/airflow/.local/lib/python3.7/site-packages/airflow/example_dags/tutorial_dag.py
[2026-09-24T18:06:13.776+0000] {processor.py:753} INFO - DAG(s) dict_keys(['tutorial_dag']) retrieved from /home/airflow/.local/lib/python3.7/site-packages/airflow/example_dags/tutorial_dag.py
[2026-09-24T18:06:13.833+0000] {logging_mixin.py:137} INFO - [2026-09-24T18:06:13.833+0000] {dag.py:2676} INFO - Sync 1 DAGs
[2026-09-24T18:06:13.873+0000] {logging_mixin.py:137} INFO - [2026-09-24T18:06:13.873+0000] {dag.py:3427} INFO - Setting next_dagrun for tutorial_dag to None, run_after=None
[2026-09-24T18:06:13.902+0000] {processor.py:175} INFO - Processing /home/airflow/.local/lib/python3.7/site-packages/airflow/example_dags/tutorial_dag.py took 0.151 seconds
[2026-09-24T18:06:44.009+0000] {processor.py:153} INFO - Started process (PID=228) to work on /home/airflow/.local/lib/python3.7/site-packages/airflow/example_dags/tutorial_dag.py
[2026-09-24T18:06:44.010+0000] {processor.py:743} INFO - Processing file /home/airflow/.local/lib/python3.7/site-packages/airflow/example_dags/tutorial_dag.py for tasks to queue
[2026-09-24T18:06:44.012+0000] {logging_mixin.py:137} INFO - [2026-09-24T18:06:44.011+0000] {dagbag.py:538} INFO - Filling up the DagBag from /home/airflow/.local/lib/python3.7/site-packages/airflow/example_dags/tutorial_dag.py
[2026-09-24T18:06:44.028+0000] {processor.py:753} INFO - DAG(s) dict_keys(['tutorial_dag']) retrieved from /home/airflow/.local/lib/python3.7/site-packages/airflow/example_dags/tutorial_dag.py
[2026-09-24T18:06:44.093+0000] {logging_mixin.py:137} INFO - [2026-09-24T18:06:44.093+0000] {dag.py:2676} INFO - Sync 1 DAGs
[2026-09-24T18:06:44.133+0000] {logging_mixin.py:137} INFO - [2026-09-24T18:06:44.133+0000] {dag.py:3427} INFO - Setting next_dagrun for tutorial_dag to None, run_after=None
[2026-09-24T18:06:44.172+0000] {processor.py:175} INFO - Processing /home/airflow/.local/lib/python3.7/site-packages/airflow/example_dags/tutorial_dag.py took 0.166 seconds
[2026-09-24T18:07:14.845+0000] {processor.py:153} INFO - Started process (PID=326) to work on /home/airflow/.local/lib/python3.7/site-packages/airflow/example_dags/tutorial_dag.py
[2026-09-24T18:07:14.846+0000] {processor.py:743} INFO - Processing file /home/airflow/.local/lib/python3.7/site-packages/airflow/example_dags/tutorial_dag.py for tasks to queue
[2026-09-24T18:07:14.847+0000] {logging_mixin.py:137} INFO - [2026-09-24T18:07:14.847+0000] {dagbag.py:538} INFO - Filling up the DagBag from /home/airflow/.local/lib/python3.7/site-packages/airflow/example_dags/tutorial_dag.py
[2026-09-24T18:07:14.861+0000] {processor.py:753} INFO - DAG(s) dict_keys(['tutorial_dag']) retrieved from /home/airflow/.local/lib/python3.7/site-packages/airflow/example_dags/tutorial_dag.py
[2026-09-24T18:07:14.902+0000] {logging_mixin.py:137} INFO - [2026-09-24T18:07:14.902+0000] {dag.py:2676} INFO - Sync 1 DAGs
[2026-09-24T18:07:14.926+0000] {logging_mixin.py:137} INFO - [2026-09-24T18:07:14.926+0000] {dag.py:3427} INFO - Setting next_dagrun for tutorial_dag to None, run_after=None
[2026-09-24T18:07:14.948+0000] {processor.py:175} INFO - Processing /home/airflow/.local/lib/python3.7/site-packages/airflow/example_dags/tutorial_dag.py took 0.107 seconds
[2026-09-24T18:07:45.337+0000] {processor.py:153} INFO - Started process (PID=404) to work on /home/airflow/.local/lib/python3.7/site-packages/airflow/example_dags/tutorial_dag.py
[2026-09-24T18:07:45.339+0000] {processor.py:743} INFO - Processing file /home/airflow/.local/lib/python3.7/site-packages/airflow/example_dags/tutorial_dag.py for tasks to queue
[2026-09-24T18:07:45.341+0000] {logging_mixin.py:137} INFO - [2026-09-24T18:07:45.340+0000] {dagbag.py:538} INFO - Filling up the DagBag from /home/airflow/.local/lib/python3.7/site-packages/airflow/example_dags/tutorial_dag.py
[2026-09-24T18:07:45.368+0000] {processor.py:753} INFO - DAG(s) dict_keys(['tutorial_dag']) retrieved from /home/airflow/.local/lib/python3.7/site-packages/airflow/example_dags/tutorial_dag.py
[2026-09-24T18:07:45.452+0000] {logging_mixin.py:137} INFO - [2026-09-24T18:07:45.451+0000] {dag.py:2676} INFO - Sync 1 DAGs
[2026-09-24T18:07:45.485+0000] {logging_mixin.py:137} INFO - [2026-09-24T18:07:45.485+0000] {dag.py:3427} INFO - Setting next_dagrun for tutorial_dag to None, run_after=None
[2026-09-24T18:07:45.519+0000] {processor.py:175} INFO - Processing /home/airflow/.local/lib/python3.7/site-packages/airflow/example_dags/tutorial_dag.py took 0.189 seconds
[2026-09-24T18:08:15.552+0000] {processor.py:153} INFO - Started process (PID=502) to work on /home/airflow/.local/lib/python3.7/site-packages/airflow/example_dags/tutorial_dag.py
[2026-09-24T18:08:15.554+0000] {processor.py:743} INFO - Processing file /home/airflow/.local/lib/python3.7/site-packages/airflow/example_dags/tutorial_dag.py for tasks to queue
[2026-09-24T18:08:15.554+0000] {logging_mixin.py:137} INFO - [2026-09-24T18:08:15.554+0000] {dagbag.py:538} INFO - Filling up the DagBag from /home/airflow/.local/lib/python3.7/site-packages/airflow/example_dags/tutorial_dag.py
[2026-09-24T18:08:15.568+0000] {processor.py:753} INFO - DAG(s) dict_keys(['tutorial_dag']) retrieved from /home/airflow/.local/lib/python3.7/site-packages/airflow/example_dags/tutorial_dag.py
[2026-09-24T18:08:15.608+0000] {logging_mixin.py:137} INFO - [2026-09-24T18:08:15.608+0000] {dag.py:2676} INFO - Sync 1 DAGs
[2026-09-24T18:08:15.637+0000] {logging_mixin.py:137} INFO - [2026-09-24T18:08:15.637+0000] {dag.py:3427} INFO - Setting next_dagrun for tutorial_dag to None, run_after=None
[2026-09-24T18:08:15.659+0000] {processor.py:175} INFO - Processing /home/airflow/.local/lib/python3.7/site-packages/airflow/example_dags/tutorial_dag.py took 0.112 seconds
[2026-09-24T18:08:46.476+0000] {processor.py:153} INFO - Started process (PID=580) to work on /home/airflow/.local/lib/python3.7/site-packages/airflow/example_dags/tutorial_dag.py
[2026-09-24T18:08:46.477+0000] {processor.py:743} INFO - Processing file /home/airflow/.local/lib/python3.7/site-packages/airflow/example_dags/tutorial_dag.py for tasks to queue
[2026-09-24T18:08:46.477+0000] {logging_mixin.py:137} INFO - [2026-09-24T18:08:46.477+0000] {dagbag.py:538} INFO - Filling up the DagBag from /home/airflow/.local/lib/python3.7/site-packages/airflow/example_dags/tutorial_dag.py
[2026-09-24T18:08:46.492+0000] {processor.py:753} INFO - DAG(s) dict_keys(['tutorial_dag']) retrieved from /home/airflow/.local/lib/python3.7/site-packages/airflow/example_dags/tutorial_dag.py
[2026-09-24T18:08:46.538+0000] {logging_mixin.py:137} INFO - [2026-09-24T18:08:46.538+0000] {dag.py:2676} INFO - Sync 1 DAGs
[2026-09-24T18:08:46.573+0000] {logging_mixin.py:137} INFO - [2026-09-24T18:08:46.573+0000] {dag.py:3427} INFO - Setting next_dagrun for tutorial_dag to None, run_after=None
[2026-09-24T18:08:46.601+0000] {processor.py:175} INFO - Processing /home/airflow/.local/lib/python3.7/site-packages/airflow/example_dags/tutorial_dag.py took 0.128 seconds
[2026-09-24T18:09:16.981+0000] {processor.py:153} INFO - Started process (PID=667) to work on /home/airflow/.local/lib/python3.7/site-packages/airflow/example_dags/tutorial_dag.py
[2026-09-24T18:09:16.983+0000] {processor.py:743} INFO - Processing file /home/airflow/.local/lib/python3.7/site-packages/airflow/example_dags/tutorial_dag.py for tasks to queue
[2026-09-24T18:09:16.988+0000] {logging_mixin.py:137} INFO - [2026-09-24T18:09:16.988+0000] {dagbag.py:538} INFO - Filling up the DagBag from /home/airflow/.local/lib/python3.7/site-packages/airflow/example_dags/tutorial_dag.py
[2026-09-24T18:09:17.013+0000] {processor.py:753} INFO - DAG(s) dict_keys(['tutorial_dag']) retrieved from /home/airflow/.local/lib/python3.7/site-packages/airflow/example_dags/tutorial_dag.py
[2026-09-24T18:09:17.074+0000] {logging_mixin.py:137} INFO - [2026-09-24T18:09:17.074+0000] {dag.py:2676} INFO - Sync 1 DAGs
[2026-09-24T18:09:17.130+0000] {logging_mixin.py:137} INFO - [2026-09-24T18:09:17.130+0000] {dag.py:3427} INFO - Setting next_dagrun for tutorial_dag to None, run_after=None
[2026-09-24T18:09:17.177+0000] {processor.py:175} INFO - Processing /home/airflow/.local/lib/python3.7/site-packages/airflow/example_dags/tutorial_dag.py took 0.199 seconds
[2026-09-24T18:09:47.746+0000] {processor.py:153} INFO - Started process (PID=757) to work on /home/airflow/.local/lib/python3.7/site-packages/airflow/example_dags/tutorial_dag.py
[2026-09-24T18:09:47.748+0000] {processor.py:743} INFO - Processing file /home/airflow/.local/lib/python3.7/site-packages/airflow/example_dags/tutorial_dag.py for tasks to queue
[2026-09-24T18:09:47.749+0000] {logging_mixin.py:137} INFO - [2026-09-24T18:09:47.749+0000] {dagbag.py:538} INFO - Filling up the DagBag from /home/airflow/.local/lib/python3.7/site-packages/airflow/example_dags/tutorial_dag.py
[2026-09-24T18:09:47.767+0000] {processor.py:753} INFO - DAG(s) dict_keys(['tutorial_dag']) retrieved from /home/airflow/.local/lib/python3.7/site-packages/airflow/example_dags/tutorial_dag.py
[2026-09-24T18:09:47.933+0000] {logging_mixin.py:137} INFO - [2026-09-24T18:09:47.932+0000] {dag.py:2676} INFO - Sync 1 DAGs
[2026-09-24T18:09:47.983+0000] {logging_mixin.py:137} INFO - [2026-09-24T18:09:47.983+0000] {dag.py:3427} INFO - Setting next_dagrun for tutorial_dag to None, run_after=None
[2026-09-24T18:09:48.037+0000] {processor.py:175} INFO - Processing /home/airflow/.local/lib/python3.7/site-packages/airflow/example_dags/tutorial_dag.py took 0.296 seconds
[2026-09-24T18:10:18.913+0000] {processor.py:153} INFO - Started process (PID=835) to work on /home/airflow/.local/lib/python3.7/site-packages/airflow/example_dags/tutorial_dag.py
[2026-09-24T18:10:18.914+0000] {processor.py:743} INFO - Processing file /home/airflow/.local/lib/python3.7/site-packages/airflow/example_dags/tutorial_dag.py for tasks to queue
[2026-09-24T18:10:18.915+0000] {logging_mixin.py:137} INFO - [2026-09-24T18:10:18.915+0000] {dagbag.py:538} INFO - Filling up the DagBag from /home/airflow/.local/lib/python3.7/site-packages/airflow/example_dags/tutorial_dag.py
[2026-09-24T18:10:18.929+0000] {processor.py:753} INFO - DAG(s) dict_keys(['tutorial_dag']) retrieved from /home/airflow/.local/lib/python3.7/site-packages/airflow/example_dags/tutorial_dag.py
[2026-09-24T18:10:18.969+0000] {logging_mixin.py:137} INFO - [2026-09-24T18:10:18.969+0000] {dag.py:2676} INFO - Sync 1 DAGs
[2026-09-24T18:10:18.996+0000] {logging_mixin.py:137} INFO - [2026-09-24T18:10:18.996+0000] {dag.py:3427} INFO - Setting next_dagrun for tutorial_dag to None, run_after=None
[2026-09-24T18:10:19.023+0000] {processor.py:175} INFO - Processing /home/airflow/.local/lib/python3.7/site-packages/airflow/example_dags/tutorial_dag.py took 0.113 seconds
[2026-09-24T18:10:49.532+0000] {processor.py:153} INFO - Started process (PID=933) to work on /home/airflow/.local/lib/python3.7/site-packages/airflow/example_dags/tutorial_dag.py
[2026-09-24T18:10:49.533+0000] {processor.py:743} INFO - Processing file /home/airflow/.local/lib/python3.7/site-packages/airflow/example_dags/tutorial_dag.py for tasks to queue
[2026-09-24T18:10:49.534+0000] {logging_mixin.py:137} INFO - [2026-09-24T18:10:49.534+0000] {dagbag.py:538} INFO - Filling up the DagBag from /home/airflow/.local/lib/python3.7/site-packages/airflow/example_dags/tutorial_dag.py
[2026-09-24T18:10:49.548+0000] {processor.py:753} INFO - DAG(s) dict_keys(['tutorial_dag']) retrieved from /home/airflow/.local/lib/python3.7/site-packages/airflow/example_dags/tutorial_dag.py
[2026-09-24T18:10:49.590+0000] {logging_mixin.py:137} INFO - [2026-09-24T18:10:49.589+0000] {dag.py:2676} INFO - Sync 1 DAGs
[2026-09-24T18:10:49.620+0000] {logging_mixin.py:137} INFO - [2026-09-24T18:10:49.619+0000] {dag.py:3427} INFO - Setting next_dagrun for tutorial_dag to None, run_after=None
[2026-09-24T18:10:49.643+0000] {processor.py:175} INFO - Processing /home/airflow/.local/lib/python3.7/site-packages/airflow/example_dags/tutorial_dag.py took 0.114 seconds
[2026-09-24T18:11:19.916+0000] {processor.py:153} INFO - Started process (PID=1011) to work on /home/airflow/.local/lib/python3.7/site-packages/airflow/example_dags/tutorial_dag.py
[2026-09-24T18:11:19.917+0000] {processor.py:743} INFO - Processing file /home/airflow/.local/lib/python3.7/site-packages/airflow/example_dags/tutorial_dag.py for tasks to queue
[2026-09-24T18:11:19.918+0000] {logging_mixin.py:137} INFO - [2026-09-24T18:11:19.918+0000] {dagbag.py:538} INFO - Filling up the DagBag from /home/airflow/.local/lib/python3.7/site-packages/airflow/example_dags/tutorial_dag.py
[2026-09-24T18:11:19.934+0000] {processor.py:753} INFO - DAG(s) dict_keys(['tutorial_dag']) retrieved from /home/airflow/.local/lib/python3.7/site-packages/airflow/example_dags/tutorial_dag.py
[2026-09-24T18:11:19.974+0000] {logging_mixin.py:137} INFO - [2026-09-24T18:11:19.974+0000] {dag.py:2676} INFO - Sync 1 DAGs
[2026-09-24T18:11:19.998+0000] {logging_mixin.py:137} INFO - [2026-09-24T18:11:19.998+0000] {dag.py:3427} INFO - Setting next_dagrun for tutorial_dag to None, run_after=None
[2026-09-24T18:11:20.022+0000] {processor.py:175} INFO - Processing /home/airflow/.local/lib/python3.7/site-packages/airflow/example_dags/tutorial_dag.py took 0.110 seconds
[2026-09-24T18:11:50.700+0000] {processor.py:153} INFO - Started process (PID=1098) to work on /home/airflow/.local/lib/python3.7/site-packages/airflow/example_dags/tutorial_dag.py
[2026-09-24T18:11:50.701+0000] {processor.py:743} INFO - Processing file /home/airflow/.local/lib/python3.7/site-packages/airflow/example_dags/tutorial_dag.py for tasks to queue
[2026-09-24T18:11:50.702+0000] {logging_mixin.py:137} INFO - [2026-09-24T18:11:50.702+0000] {dagbag.py:538} INFO - Filling up the DagBag from /home/airflow/.local/lib/python3.7/site-packages/airflow/example_dags/tutorial_dag.py
[2026-09-24T18:11:50.740+0000] {processor.py:753} INFO - DAG(s) dict_keys(['tutorial_dag']) retrieved from /home/airflow/.local/lib/python3.7/site-packages/airflow/example_dags/tutorial_dag.py
[2026-09-24T18:11:50.841+0000] {logging_mixin.py:137} INFO - [2026-09-24T18:11:50.841+0000] {dag.py:2676} INFO - Sync 1 DAGs
[2026-09-24T18:11:50.889+0000] {logging_mixin.py:137} INFO - [2026-09-24T18:11:50.888+0000] {dag.py:3427} INFO - Setting next_dagrun for tutorial_dag to None, run_after=None
[2026-09-24T18:11:50.930+0000] {processor.py:175} INFO - Processing /home/airflow/.local/lib/python3.7/site-packages/airflow/example_dags/tutorial_dag.py took 0.236 seconds
[2026-09-24T18:12:21.104+0000] {processor.py:153} INFO - Started process (PID=1187) to work on /home/airflow/.local/lib/python3.7/site-packages/airflow/example_dags/tutorial_dag.py
[2026-09-24T18:12:21.106+0000] {processor.py:743} INFO - Processing file /home/airflow/.local/lib/python3.7/site-packages/airflow/example_dags/tutorial_dag.py for tasks to queue
[2026-09-24T18:12:21.109+0000] {logging_mixin.py:137} INFO - [2026-09-24T18:12:21.109+0000] {dagbag.py:538} INFO - Filling up the DagBag from /home/airflow/.local/lib/python3.7/site-packages/airflow/example_dags/tutorial_dag.py
[2026-09-24T18:12:21.137+0000] {processor.py:753} INFO - DAG(s) dict_keys(['tutorial_dag']) retrieved from /home/airflow/.local/lib/python3.7/site-packages/airflow/example_dags/tutorial_dag.py
[2026-09-24T18:12:21.196+0000] {logging_mixin.py:137} INFO - [2026-09-24T18:12:21.196+0000] {dag.py:2676} INFO - Sync 1 DAGs
[2026-09-24T18:12:21.234+0000] {logging_mixin.py:137} INFO - [2026-09-24T18:12:21.234+0000] {dag.py:3427} INFO - Setting next_dagrun for tutorial_dag to None, run_after=None
[2026-09-24T18:12:21.266+0000] {processor.py:175} INFO - Processing /home/airflow/.local/lib/python3.7/site-packages/airflow/example_dags/tutorial_dag.py took 0.167 seconds
[2026-09-24T18:12:51.523+0000] {processor.py:153} INFO - Started process (PID=1265) to work on /home/airflow/.local/lib/python3.7/site-packages/airflow/example_dags/tutorial_dag.py
[2026-09-24T18:12:51.525+0000] {processor.py:743} INFO - Processing file /home/airflow/.local/lib/python3.7/site-packages/airflow/example_dags/tutorial_dag.py for tasks to queue
[2026-09-24T18:12:51.526+0000] {logging_mixin.py:137} INFO - [2026-09-24T18:12:51.526+0000] {dagbag.py:538} INFO - Filling up the DagBag from /home/airflow/.local/lib/python3.7/site-packages/airflow/example_dags/tutorial_dag.py
[2026-09-24T18:12:51.542+0000] {processor.py:753} INFO - DAG(s) dict_keys(['tutorial_dag']) retrieved from /home/airflow/.local/lib/python3.7/site-packages/airflow/example_dags/tutorial_dag.py
[2026-09-24T18:12:51.613+0000] {logging_mixin.py:137} INFO - [2026-09-24T18:12:51.613+0000] {dag.py:2676} INFO - Sync 1 DAGs
[2026-09-24T18:12:51.640+0000] {logging_mixin.py:137} INFO - [2026-09-24T18:12:51.640+0000] {dag.py:3427} INFO - Setting next_dagrun for tutorial_dag to None, run_after=None
[2026-09-24T18:12:51.669+0000] {processor.py:175} INFO - Processing /home/airflow/.local/lib/python3.7/site-packages/airflow/example_dags/tutorial_dag.py took 0.153 seconds
[2026-09-24T18:13:22.207+0000] {processor.py:153} INFO - Started process (PID=1363) to work on /home/airflow/.local/lib/python3.7/site-packages/airflow/example_dags/tutorial_dag.py
[2026-09-24T18:13:22.212+0000] {processor.py:743} INFO - Processing file /home/airflow/.local/lib/python3.7/site-packages/airflow/example_dags/tutorial_dag.py for tasks to queue
[2026-09-24T18:13:22.215+0000] {logging_mixin.py:137} INFO - [2026-09-24T18:13:22.214+0000] {dagbag.py:538} INFO - Filling up the DagBag from /home/airflow/.local/lib/python3.7/site-packages/airflow/example_dags/tutorial_dag.py
[2026-09-24T18:13:22.235+0000] {processor.py:753} INFO - DAG(s) dict_keys(['tutorial_dag']) retrieved from /home/airflow/.local/lib/python3.7/site-packages/airflow/example_dags/tutorial_dag.py
[2026-09-24T18:13:22.313+0000] {logging_mixin.py:137} INFO - [2026-09-24T18:13:22.312+0000] {dag.py:2676} INFO - Sync 1 DAGs
[2026-09-24T18:13:22.373+0000] {logging_mixin.py:137} INFO - [2026-09-24T18:13:22.373+0000] {dag.py:3427} INFO - Setting next_dagrun for tutorial_dag to None, run_after=None
[2026-09-24T18:13:22.424+0000] {processor.py:175} INFO - Processing /home/airflow/.local/lib/python3.7/site-packages/airflow/example_dags/tutorial_dag.py took 0.224 seconds
[2026-09-24T18:13:52.641+0000] {processor.py:153} INFO - Started process (PID=1442) to work on /home/airflow/.local/lib/python3.7/site-packages/airflow/example_dags/tutorial_dag.py
[2026-09-24T18:13:52.643+0000] {processor.py:743} INFO - Processing file /home/airflow/.local/lib/python3.7/site-packages/airflow/example_dags/tutorial_dag.py for tasks to queue
[2026-09-24T18:13:52.644+0000] {logging_mixin.py:137} INFO - [2026-09-24T18:13:52.643+0000] {dagbag.py:538} INFO - Filling up the DagBag from /home/airflow/.local/lib/python3.7/site-packages/airflow/example_dags/tutorial_dag.py
[2026-09-24T18:13:52.668+0000] {processor.py:753} INFO - DAG(s) dict_keys(['tutorial_dag']) retrieved from /home/airflow/.local/lib/python3.7/site-packages/airflow/example_dags/tutorial_dag.py
[2026-09-24T18:13:52.745+0000] {logging_mixin.py:137} INFO - [2026-09-24T18:13:52.745+0000] {dag.py:2676} INFO - Sync 1 DAGs
[2026-09-24T18:13:52.783+0000] {logging_mixin.py:137} INFO - [2026-09-24T18:13:52.783+0000] {dag.py:3427} INFO - Setting next_dagrun for tutorial_dag to None, run_after=None
[2026-09-24T18:13:52.857+0000] {processor.py:175} INFO - Processing /home/airflow/.local/lib/python3.7/site-packages/airflow/example_dags/tutorial_dag.py took 0.223 seconds
