[2026-09-24T18:05:42.038+0000] {processor.py:153} INFO - Started process (PID=65) to work on /home/airflow/.local/lib/python3.7/site-packages/airflow/example_dags/tutorial.py
[2026-09-24T18:05:42.038+0000] {processor.py:743} INFO - Processing file /home/airflow/.local/lib/python3.7/site-packages/airflow/example_dags/tutorial.py for tasks to queue
[2026-09-24T18:05:42.039+0000] {logging_mixin.py:137} INFO - [2026-09-24T18:05:42.039+0000] {dagbag.py:538} INFO - Filling up the DagBag from /home/airflow/.local/lib/python3.7/site-packages/airflow/example_dags/tutorial.py
[2026-09-24T18:05:42.057+0000] {processor.py:753} INFO - DAG(s) dict_keys(['tutorial']) retrieved from /home/airflow/.local/lib/python3.7/site-packages/airflow/example_dags/tutorial.py
[2026-09-24T18:05:42.127+0000] {logging_mixin.py:137} INFO - [2026-09-24T18:05:42.127+0000] {dag.py:2676} INFO - Sync 1 DAGs
[2026-09-24T18:05:42.181+0000] {logging_mixin.py:137} INFO - [2026-09-24T18:05:42.181+0000] {dag.py:3427} INFO - Setting next_dagrun for tutorial to 2026-09-23T18:05:42.179878+00:00, run_after=2026-09-24T18:05:42.179878+00:00
[2026-09-24T18:05:42.238+0000] {processor.py:175} INFO - Processing /home/airflow/.local/lib/python3.7/site-packages/airflow/example_dags/tutorial.py took 0.203 seconds
[2026-09-24T18:06:12.937+0000] {processor.py:153} INFO - Started process (PID=143) to work on /home/airflow/.local/lib/python3.7/site-packages/airflow/example_dags/tutorial.py
[2026-09-24T18:06:12.940+0000] {processor.py:743} INFO - Processing file /home/airflow/.local/lib/python3.7/site-packages/airflow/example_dags/tutorial.py for tasks to queue
[2026-09-24T18:06:12.941+0000] {logging_mixin.py:137} INFO - [2026-09-24T18:06:12.941+0000] {dagbag.py:538} INFO - Filling up the DagBag from /home/airflow/.local/lib/python3.7/site-packages/airflow/example_dags/tutorial.py
[2026-09-24T18:06:12.972+0000] {processor.py:753} INFO - DAG(s) dict_keys(['tutorial']) retrieved from /home/airflow/.local/lib/python3.7/site-packages/airflow/example_dags/tutorial.py
[2026-09-24T18:06:13.054+0000] {logging_mixin.py:137} INFO - [2026-09-24T18:06:13.053+0000] {dag.py:2676} INFO - Sync 1 DAGs
[2026-09-24T18:06:13.121+0000] {logging_mixin.py:137} INFO - [2026-09-24T18:06:13.121+0000] {dag.py:3427} INFO - Setting next_dagrun for tutorial to 2026-09-23T18:06:13.120677+00:00, run_after=2026-09-24T18:06:13.120677+00:00
[2026-09-24T18:06:13.161+0000] {processor.py:175} INFO - Processing /home/airflow/.local/lib/python3.7/site-packages/airflow/example_dags/tutorial.py took 0.241 seconds
[2026-09-24T18:06:43.452+0000] {processor.py:153} INFO - Started process (PID=221) to work on /home/airflow/.local/lib/python3.7/site-packages/airflow/example_dags/tutorial.py
[2026-09-24T18:06:43.455+0000] {processor.py:743} INFO - Processing file /home/airflow/.local/lib/python3.7/site-packages/airflow/example_dags/tutorial.py for tasks to queue
[2026-09-24T18:06:43.457+0000] {logging_mixin.py:137} INFO - [2026-09-24T18:06:43.457+0000] {dagbag.py:538} INFO - Filling up the DagBag from /home/airflow/.local/lib/python3.7/site-packages/airflow/example_dags/tutorial.py
[2026-09-24T18:06:43.473+0000] {processor.py:753} INFO - DAG(s) dict_keys(['tutorial']) retrieved from /home/airflow/.local/lib/python3.7/site-packages/airflow/example_dags/tutorial.py
[2026-09-24T18:06:43.525+0000] {logging_mixin.py:137} INFO - [2026-09-24T18:06:43.525+0000] {dag.py:2676} INFO - Sync 1 DAGs
[2026-09-24T18:06:43.559+0000] {logging_mixin.py:137} INFO - [2026-09-24T18:06:43.559+0000] {dag.py:3427} INFO - Setting next_dagrun for tutorial to 2026-09-23T18:06:43.558736+00:00, run_after=2026-09-24T18:06:43.558736+00:00
[2026-09-24T18:06:43.591+0000] {processor.py:175} INFO - Processing /home/airflow/.local/lib/python3.7/site-packages/airflow/example_dags/tutorial.py took 0.144 seconds
[2026-09-24T18:07:14.278+0000] {processor.py:153} INFO - Started process (PID=319) to work on /home/airflow/.local/lib/python3.7/site-packages/airflow/example_dags/tutorial.py
[2026-09-24T18:07:14.279+0000] {processor.py:743} INFO - Processing file /home/airflow/.local/lib/python3.7/site-packages/airflow/example_dags/tutorial.py for tasks to queue
[2026-09-24T18:07:14.279+0000] {logging_mixin.py:137} INFO - [2026-09-24T18:07:14.279+0000] {dagbag.py:538} INFO - Filling up the DagBag from /home/airflow/.local/lib/python3.7/site-packages/airflow/example_dags/tutorial.py
[2026-09-24T18:07:14.293+0000] {processor.py:753} INFO - DAG(s) dict_keys(['tutorial']) retrieved from /home/airflow/.local/lib/python3.7/site-packages/airflow/example_dags/tutorial.py
[2026-09-24T18:07:14.335+0000] {logging_mixin.py:137} INFO - [2026-09-24T18:07:14.335+0000] {dag.py:2676} INFO - Sync 1 DAGs
[2026-09-24T18:07:14.360+0000] {logging_mixin.py:137} INFO - [2026-09-24T18:07:14.360+0000] {dag.py:3427} INFO - Setting next_dagrun for tutorial to 2026-09-23T18:07:14.360288+00:00, run_after=2026-09-24T18:07:14.360288+00:00
[2026-09-24T18:07:14.383+0000] {processor.py:175} INFO - Processing /home/airflow/.local/lib/python3.7/site-packages/airflow/example_dags/tutorial.py took 0.108 seconds
[2026-09-24T18:07:44.614+0000] {processor.py:153} INFO - Started process (PID=397) to work on /home/airflow/.local/lib/python3.7/site-packages/airflow/example_dags/tutorial.py
[2026-09-24T18:07:44.615+0000] {processor.py:743} INFO - Processing file /home/airflow/.local/lib/python3.7/site-packages/airflow/example_dags/tutorial.py for tasks to queue
[2026-09-24T18:07:44.616+0000] {logging_mixin.py:137} INFO - [2026-09-24T18:07:44.616+0000] {dagbag.py:538} INFO - Filling up the DagBag from /home/airflow/.local/lib/python3.7/site-packages/airflow/example_dags/tutorial.py
[2026-09-24T18:07:44.630+0000] {processor.py:753} INFO - DAG(s) dict_keys(['tutorial']) retrieved from /home/airflow/.local/lib/python3.7/site-packages/airflow/example_dags/tutorial.py
[2026-09-24T18:07:44.670+0000] {logging_mixin.py:137} INFO - [2026-09-24T18:07:44.670+0000] {dag.py:2676} INFO - Sync 1 DAGs
[2026-09-24T18:07:44.698+0000] {logging_mixin.py:137} INFO - [2026-09-24T18:07:44.698+0000] {dag.py:3427} INFO - Setting next_dagrun for tutorial to 2026-09-23T18:07:44.698066+00:00, run_after=2026-09-24T18:07:44.698066+00:00
[2026-09-24T18:07:44.726+0000] {processor.py:175} INFO - Processing /home/airflow/.local/lib/python3.7/site-packages/airflow/example_dags/tutorial.py took 0.115 seconds
[2026-09-24T18:08:15.039+0000] {processor.py:153} INFO - Started process (PID=495) to work on /home/airflow/.local/lib/python3.7/site-packages/airflow/example_dags/tutorial.py
[2026-09-24T18:08:15.040+0000] {processor.py:743} INFO - Processing file /home/airflow/.local/lib/python3.7/site-packages/airflow/example_dags/tutorial.py for tasks to queue
[2026-09-24T18:08:15.040+0000] {logging_mixin.py:137} INFO - [2026-09-24T18:08:15.040+0000] {dagbag.py:538} INFO - Filling up the DagBag from /home/airflow/.local/lib/python3.7/site-packages/airflow/example_dags/tutorial.py
[2026-09-24T18:08:15.065+0000] {processor.py:753} INFO - DAG(s) dict_keys(['tutorial']) retrieved from /home/airflow/.local/lib/python3.7/site-packages/airflow/example_dags/tutorial.py
[2026-09-24T18:08:15.125+0000] {logging_mixin.py:137} INFO - [2026-09-24T18:08:15.125+0000] {dag.py:2676} INFO - Sync 1 DAGs
[2026-09-24T18:08:15.161+0000] {logging_mixin.py:137} INFO - [2026-09-24T18:08:15.161+0000] {dag.py:3427} INFO - Setting next_dagrun for tutorial to 2026-09-23T18:08:15.160996+00:00, run_after=2026-09-24T18:08:15.160996+00:00
[2026-09-24T18:08:15.189+0000] {processor.py:175} INFO - Processing /home/airflow/.local/lib/python3.7/site-packages/airflow/example_dags/tutorial.py took 0.154 seconds
[2026-09-24T18:08:45.743+0000] {processor.py:153} INFO - Started process (PID=573) to work on /home/airflow/.local/lib/python3.7/site-packages/airflow/example_dags/tutorial.py
[2026-09-24T18:08:45.745+0000] {processor.py:743} INFO - Processing file /home/airflow/.local/lib/python3.7/site-packages/airflow/example_dags/tutorial.py for tasks to queue
[2026-09-24T18:08:45.746+0000] {logging_mixin.py:137} INFO - [2026-09-24T18:08:45.745+0000] {dagbag.py:538} INFO - Filling up the DagBag from /home/airflow/.local/lib/python3.7/site-packages/airflow/example_dags/tutorial.py
[2026-09-24T18:08:45.765+0000] {processor.py:753} INFO - DAG(s) dict_keys(['tutorial']) retrieved from /home/airflow/.local/lib/python3.7/site-packages/airflow/example_dags/tutorial.py
[2026-09-24T18:08:45.823+0000] {logging_mixin.py:137} INFO - [2026-09-24T18:08:45.823+0000] {dag.py:2676} INFO - Sync 1 DAGs
[2026-09-24T18:08:45.863+0000] {logging_mixin.py:137} INFO - [2026-09-24T18:08:45.863+0000] {dag.py:3427} INFO - Setting next_dagrun for tutorial to 2026-09-23T18:08:45.863157+00:00, run_after=2026-09-24T18:08:45.863157+00:00
[2026-09-24T18:08:45.892+0000] {processor.py:175} INFO - Processing /home/airflow/.local/lib/python3.7/site-packages/airflow/example_dags/tutorial.py took 0.153 seconds
[2026-09-24T18:09:15.954+0000] {processor.py:153} INFO - Started process (PID=651) to work on /home/airflow/.local/lib/python3.7/site-packages/airflow/example_dags/tutorial.py
[2026-09-24T18:09:15.955+0000] {processor.py:743} INFO - Processing file /home/airflow/.local/lib/python3.7/site-packages/airflow/example_dags/tutorial.py for tasks to queue
[2026-09-24T18:09:15.957+0000] {logging_mixin.py:137} INFO - [2026-09-24T18:09:15.957+0000] {dagbag.py:538} INFO - Filling up the DagBag from /home/airflow/.local/lib/python3.7/site-packages/airflow/example_dags/tutorial.py
[2026-09-24T18:09:15.989+0000] {processor.py:753} INFO - DAG(s) dict_keys(['tutorial']) retrieved from /home/airflow/.local/lib/python3.7/site-packages/airflow/example_dags/tutorial.py
[2026-09-24T18:09:16.060+0000] {logging_mixin.py:137} INFO - [2026-09-24T18:09:16.059+0000] {dag.py:2676} INFO - Sync 1 DAGs
[2026-09-24T18:09:16.116+0000] {logging_mixin.py:137} INFO - [2026-09-24T18:09:16.116+0000] {dag.py:3427} INFO - Setting next_dagrun for tutorial to 2026-09-23T18:09:16.115872+00:00, run_after=2026-09-24T18:09:16.115872+00:00
[2026-09-24T18:09:16.163+0000] {processor.py:175} INFO - Processing /home/airflow/.local/lib/python3.7/site-packages/airflow/example_dags/tutorial.py took 0.212 seconds
[2026-09-24T18:09:46.941+0000] {processor.py:153} INFO - Started process (PID=750) to work on /home/airflow/.local/lib/python3.7/site-packages/airflow/example_dags/tutorial.py
[2026-09-24T18:09:46.942+0000] {processor.py:743} INFO - Processing file /home/airflow/.local/lib/python3.7/site-packages/airflow/example_dags/tutorial.py for tasks to queue
[2026-09-24T18:09:46.944+0000] {logging_mixin.py:137} INFO - [2026-09-24T18:09:46.943+0000] {dagbag.py:538} INFO - Filling up the DagBag from /home/airflow/.local/lib/python3.7/site-packages/airflow/example_dags/tutorial.py
[2026-09-24T18:09:46.964+0000] {processor.py:753} INFO - DAG(s) dict_keys(['tutorial']) retrieved from /home/airflow/.local/lib/python3.7/site-packages/airflow/example_dags/tutorial.py
[2026-09-24T18:09:47.049+0000] {logging_mixin.py:137} INFO - [2026-09-24T18:09:47.049+0000] {dag.py:2676} INFO - Sync 1 DAGs
[2026-09-24T18:09:47.083+0000] {logging_mixin.py:137} INFO - [2026-09-24T18:09:47.082+0000] {dag.py:3427} INFO - Setting next_dagrun for tutorial to 2026-09-23T18:09:47.082619+00:00, run_after=2026-09-24T18:09:47.082619+00:00
[2026-09-24T18:09:47.120+0000] {processor.py:175} INFO - Processing /home/airflow/.local/lib/python3.7/site-packages/airflow/example_dags/tutorial.py took 0.183 seconds
[2026-09-24T18:10:17.267+0000] {processor.py:153} INFO - Started process (PID=828) to work on /home/airflow/.local/lib/python3.7/site-packages/airflow/example_dags/tutorial.py
[2026-09-24T18:10:17.268+0000] {processor.py:743} INFO - Processing file /home/airflow/.local/lib/python3.7/site-packages/airflow/example_dags/tutorial.py for tasks to queue
[2026-09-24T18:10:17.268+0000] {logging_mixin.py:137} INFO - [2026-09-24T18:10:17.268+0000] {dagbag.py:538} INFO - Filling up the DagBag from /home/airflow/.local/lib/python3.7/site-packages/airflow/example_dags/tutorial.py
[2026-09-24T18:10:17.286+0000] {processor.py:753} INFO - DAG(s) dict_keys(['tutorial']) retrieved from /home/airflow/.local/lib/python3.7/site-packages/airflow/example_dags/tutorial.py
[2026-09-24T18:10:17.329+0000] {logging_mixin.py:137} INFO - [2026-09-24T18:10:17.329+0000] {dag.py:2676} INFO - Sync 1 DAGs
[2026-09-24T18:10:17.356+0000] {logging_mixin.py:137} INFO - [2026-09-24T18:10:17.355+0000] {dag.py:3427} INFO - Setting next_dagrun for tutorial to 2026-09-23T18:10:17.355681+00:00, run_after=2026-09-24T18:10:17.355681+00:00
[2026-09-24T18:10:17.383+0000] {processor.py:175} INFO - Processing /home/airflow/.local/lib/python3.7/site-packages/airflow/example_dags/tutorial.py took 0.120 seconds
[2026-09-24T18:10:48.008+0000] {processor.py:153} INFO - Started process (PID=926) to work on /home/airflow/.local/lib/python3.7/site-packages/airflow/example_dags/tutorial.py
[2026-09-24T18:10:48.010+0000] {processor.py:743} INFO - Processing file /home/airflow/.local/lib/python3.7/site-packages/airflow/example_dags/tutorial.py for tasks to queue
[2026-09-24T18:10:48.011+0000] {logging_mixin.py:137} INFO - [2026-09-24T18:10:48.011+0000] {dagbag.py:538} INFO - Filling up the DagBag from /home/airflow/.local/lib/python3.7/site-packages/airflow/example_dags/tutorial.py
[2026-09-24T18:10:48.033+0000] {processor.py:753} INFO - DAG(s) dict_keys(['tutorial']) retrieved from /home/airflow/.local/lib/python3.7/site-packages/airflow/example_dags/tutorial.py
[2026-09-24T18:10:48.091+0000] {logging_mixin.py:137} INFO - [2026-09-24T18:10:48.091+0000] {dag.py:2676} INFO - Sync 1 DAGs
[2026-09-24T18:10:48.119+0000] {logging_mixin.py:137} INFO - [2026-09-24T18:10:48.119+0000] {dag.py:3427} INFO - Setting next_dagrun for tutorial to 2026-09-23T18:10:48.119235+00:00, run_after=2026-09-24T18:10:48.119235+00:00
[2026-09-24T18:10:48.149+0000] {processor.py:175} INFO - Processing /home/airflow/.local/lib/python3.7/site-packages/airflow/example_dags/tutorial.py took 0.145 seconds
[2026-09-24T18:11:18.440+0000] {processor.py:153} INFO - Started process (PID=1004) to work on /home/airflow/.local/lib/python3.7/site-packages/airflow/example_dags/tutorial.py
[2026-09-24T18:11:18.441+0000] {processor.py:743} INFO - Processing file /home/airflow/.local/lib/python3.7/site-packages/airflow/example_dags/tutorial.py for tasks to queue
[2026-09-24T18:11:18.442+0000] {logging_mixin.py:137} INFO - [2026-09-24T18:11:18.442+0000] {dagbag.py:538} INFO - Filling up the DagBag from /home/airflow/.local/lib/python3.7/site-packages/airflow/example_dags/tutorial.py
[2026-09-24T18:11:18.474+0000] {processor.py:753} INFO - DAG(s) dict_keys(['tutorial']) retrieved from /home/airflow/.local/lib/python3.7/site-packages/airflow/example_dags/tutorial.py
[2026-09-24T18:11:18.526+0000] {logging_mixin.py:137} INFO - [2026-09-24T18:11:18.526+0000] {dag.py:2676} INFO - Sync 1 DAGs
[2026-09-24T18:11:18.555+0000] {logging_mixin.py:137} INFO - [2026-09-24T18:11:18.554+0000] {dag.py:3427} INFO - Setting next_dagrun for tutorial to 2026-09-23T18:11:18.554557+00:00, run_after=2026-09-24T18:11:18.554557+00:00
[2026-09-24T18:11:18.583+0000] {processor.py:175} INFO - Processing /home/airflow/.local/lib/python3.7/site-packages/airflow/example_dags/tutorial.py took 0.157 seconds
[2026-09-24T18:11:48.940+0000] {processor.py:153} INFO - Started process (PID=1082) to work on /home/airflow/.local/lib/python3.7/site-packages/airflow/example_dags/tutorial.py
[2026-09-24T18:11:48.942+0000] {processor.py:743} INFO - Processing file /home/airflow/.local/lib/python3.7/site-packages/airflow/example_dags/tutorial.py for tasks to queue
[2026-09-24T18:11:48.943+0000] {logging_mixin.py:137} INFO - [2026-09-24T18:11:48.943+0000] {dagbag.py:538} INFO - Filling up the DagBag from /home/airflow/.local/lib/python3.7/site-packages/airflow/example_dags/tutorial.py
[2026-09-24T18:11:48.968+0000] {processor.py:753} INFO - DAG(s) dict_keys(['tutorial']) retrieved from /home/airflow/.local/lib/python3.7/site-packages/airflow/example_dags/tutorial.py
[2026-09-24T18:11:49.036+0000] {logging_mixin.py:137} INFO - [2026-09-24T18:11:49.035+0000] {dag.py:2676} INFO - Sync 1 DAGs
[2026-09-24T18:11:49.072+0000] {logging_mixin.py:137} INFO - [2026-09-24T18:11:49.072+0000] {dag.py:3427} INFO - Setting next_dagrun for tutorial to 2026-09-23T18:11:49.072321+00:00, run_after=2026-09-24T18:11:49.072321+00:00
[2026-09-24T18:11:49.111+0000] {processor.py:175} INFO - Processing /home/airflow/.local/lib/python3.7/site-packages/airflow/example_dags/tutorial.py took 0.175 seconds
[2026-09-24T18:12:19.338+0000] {processor.py:153} INFO - Started process (PID=1180) to work on /home/airflow/.local/lib/python3.7/site-packages/airflow/example_dags/tutorial.py
[2026-09-24T18:12:19.339+0000] {processor.py:743} INFO - Processing file /home/airflow/.local/lib/python3.7/site-packages/airflow/example_dags/tutorial.py for tasks to queue
[2026-09-24T18:12:19.340+0000] {logging_mixin.py:137} INFO - [2026-09-24T18:12:19.340+0000] {dagbag.py:538} INFO - Filling up the DagBag from /home/airflow/.local/lib/python3.7/site-packages/airflow/example_dags/tutorial.py
[2026-09-24T18:12:19.357+0000] {processor.py:753} INFO - DAG(s) dict_keys(['tutorial']) retrieved from /home/airflow/.local/lib/python3.7/site-packages/airflow/example_dags/tutorial.py
[2026-09-24T18:12:19.424+0000] {logging_mixin.py:137} INFO - [2026-09-24T18:12:19.423+0000] {dag.py:2676} INFO - Sync 1 DAGs
[2026-09-24T18:12:19.472+0000] {logging_mixin.py:137} INFO - [2026-09-24T18:12:19.472+0000] {dag.py:3427} INFO - Setting next_dagrun for tutorial to 2026-09-23T18:12:19.468487+00:00, run_after=2026-09-24T18:12:19.468487+00:00
[2026-09-24T18:12:19.517+0000] {processor.py:175} INFO - Processing /home/airflow/.local/lib/python3.7/site-packages/airflow/example_dags/tutorial.py took 0.188 seconds
[2026-09-24T18:12:49.606+0000] {processor.py:153} INFO - Started process (PID=1258) to work on /home/airflow/.local/lib/python3.7/site-packages/airflow/example_dags/tutorial.py
[2026-09-24T18:12:49.608+0000] {processor.py:743} INFO - Processing file /home/airflow/.local/lib/python3.7/site-packages/airflow/example_dags/tutorial.py for tasks to queue
[2026-09-24T18:12:49.609+0000] {logging_mixin.py:137} INFO - [2026-09-24T18:12:49.608+0000] {dagbag.py:538} INFO - Filling up the DagBag from /home/airflow/.local/lib/python3.7/site-packages/airflow/example_dags/tutorial.py
[2026-09-24T18:12:49.629+0000] {processor.py:753} INFO - DAG(s) dict_keys(['tutorial']) retrieved from /home/airflow/.local/lib/python3.7/site-packages/airflow/example_dags/tutorial.py
[2026-09-24T18:12:49.697+0000] {logging_mixin.py:137} INFO - [2026-09-24T18:12:49.697+0000] {dag.py:2676} INFO - Sync 1 DAGs
[2026-09-24T18:12:49.736+0000] {logging_mixin.py:137} INFO - [2026-09-24T18:12:49.736+0000] {dag.py:3427} INFO - Setting next_dagrun for tutorial to 2026-09-23T18:12:49.735823+00:00, run_after=2026-09-24T18:12:49.735823+00:00
[2026-09-24T18:12:49.776+0000] {processor.py:175} INFO - Processing /home/airflow/.local/lib/python3.7/site-packages/airflow/example_dags/tutorial.py took 0.173 seconds
[2026-09-24T18:13:20.284+0000] {processor.py:153} INFO - Started process (PID=1343) to work on /home/airflow/.local/lib/python3.7/site-packages/airflow/example_dags/tutorial.py
[2026-09-24T18:13:20.286+0000] {processor.py:743} INFO - Processing file /home/airflow/.local/lib/python3.7/site-packages/airflow/example_dags/tutorial.py for tasks to queue
[2026-09-24T18:13:20.287+0000] {logging_mixin.py:137} INFO - [2026-09-24T18:13:20.287+0000] {dagbag.py:538} INFO - Filling up the DagBag from /home/airflow/.local/lib/python3.7/site-packages/airflow/example_dags/tutorial.py
[2026-09-24T18:13:20.314+0000] {processor.py:753} INFO - DAG(s) dict_keys(['tutorial']) retrieved from /home/airflow/.local/lib/python3.7/site-packages/airflow/example_dags/tutorial.py
[2026-09-24T18:13:20.393+0000] {logging_mixin.py:137} INFO - [2026-09-24T18:13:20.393+0000] {dag.py:2676} INFO - Sync 1 DAGs
[2026-09-24T18:13:20.457+0000] {logging_mixin.py:137} INFO - [2026-09-24T18:13:20.457+0000] {dag.py:3427} INFO - Setting next_dagrun for tutorial to 2026-09-23T18:13:20.457057+00:00, run_after=2026-09-24T18:13:20.457057+00:00
[2026-09-24T18:13:20.512+0000] {processor.py:175} INFO - Processing /home/airflow/.local/lib/python3.7/site-packages/airflow/example_dags/tutorial.py took 0.239 seconds
[2026-09-24T18:13:50.750+0000] {processor.py:153} INFO - Started process (PID=1435) to work on /home/airflow/.local/lib/python3.7/site-packages/airflow/example_dags/tutorial.py
[2026-09-24T18:13:50.752+0000] {processor.py:743} INFO - Processing file /home/airflow/.local/lib/python3.7/site-packages/airflow/example_dags/tutorial.py for tasks to queue
[2026-09-24T18:13:50.756+0000] {logging_mixin.py:137} INFO - [2026-09-24T18:13:50.755+0000] {dagbag.py:538} INFO - Filling up the DagBag from /home/airflow/.local/lib/python3.7/site-packages/airflow/example_dags/tutorial.py
[2026-09-24T18:13:50.774+0000] {processor.py:753} INFO - DAG(s) dict_keys(['tutorial']) retrieved from /home/airflow/.local/lib/python3.7/site-packages/airflow/example_dags/tutorial.py
[2026-09-24T18:13:50.870+0000] {logging_mixin.py:137} INFO - [2026-09-24T18:13:50.870+0000] {dag.py:2676} INFO - Sync 1 DAGs
[2026-09-24T18:13:50.905+0000] {logging_mixin.py:137} INFO - [2026-09-24T18:13:50.904+0000] {dag.py:3427} INFO - Setting next_dagrun for tutorial to 2026-09-23T18:13:50.904309+00:00, run_after=2026-09-24T18:13:50.904309+00:00
[2026-09-24T18:13:50.937+0000] {processor.py:175} INFO - Processing /home/airflow/.local/lib/python3.7/site-packages/airflow/example_dags/tutorial.py took 0.191 seconds
