[2026-09-24T18:07:26.733+0000] {taskinstance.py:1087} INFO - Dependencies all met for <TaskInstance: dataset_consumes_1.consuming_1 manual__2026-09-24T18:07:24.972304+00:00 [queued]>
[2026-09-24T18:07:26.742+0000] {taskinstance.py:1087} INFO - Dependencies all met for <TaskInstance: dataset_consumes_1.consuming_1 manual__2026-09-24T18:07:24.972304+00:00 [queued]>
[2026-09-24T18:07:26.743+0000] {taskinstance.py:1283} INFO - 
--------------------------------------------------------------------------------
[2026-09-24T18:07:26.743+0000] {taskinstance.py:1284} INFO - Starting attempt 1 of 1
[2026-09-24T18:07:26.743+0000] {taskinstance.py:1285} INFO - 
--------------------------------------------------------------------------------
[2026-09-24T18:07:26.760+0000] {taskinstance.py:1304} INFO - Executing <Task(BashOperator): consuming_1> on 2026-09-24 18:07:24.972304+00:00
[2026-09-24T18:07:26.764+0000] {standard_task_runner.py:55} INFO - Started process 243 to run task
[2026-09-24T18:07:26.767+0000] {standard_task_runner.py:82} INFO - Running: ['***', 'tasks', 'run', 'dataset_consumes_1', 'consuming_1', 'manual__2026-09-24T18:07:24.972304+00:00', '--job-id', '3', '--raw', '--subdir', '/home/***/.local/lib/python3.7/site-packages/***/example_dags/example_datasets.py', '--cfg-path', '/tmp/tmpwycv_ksa']
[2026-09-24T18:07:26.768+0000] {standard_task_runner.py:83} INFO - Job 3: Subtask consuming_1
[2026-09-24T18:07:26.841+0000] {task_command.py:389} INFO - Running <TaskInstance: dataset_consumes_1.consuming_1 manual__2026-09-24T18:07:24.972304+00:00 [running]> on host 226423adbfdf
[2026-09-24T18:07:26.912+0000] {taskinstance.py:1513} INFO - Exporting the following env vars:
AIRFLOW_CTX_DAG_OWNER=***
AIRFLOW_CTX_DAG_ID=dataset_consumes_1
AIRFLOW_CTX_TASK_ID=consuming_1
AIRFLOW_CTX_EXECUTION_DATE=2026-09-24T18:07:24.972304+00:00
AIRFLOW_CTX_TRY_NUMBER=1
AIRFLOW_CTX_DAG_RUN_ID=manual__2026-09-24T18:07:24.972304+00:00
[2026-09-24T18:07:26.914+0000] {subprocess.py:63} INFO - Tmp dir root location: 
 /tmp
[2026-09-24T18:07:26.915+0000] {subprocess.py:75} INFO - Running command: ['/bin/bash', '-c', 'sleep 5']
[2026-09-24T18:07:26.925+0000] {subprocess.py:86} INFO - Output:
[2026-09-24T18:07:31.929+0000] {subprocess.py:97} INFO - Command exited with return code 0
[2026-09-24T18:07:31.954+0000] {warnings.py:110} WARNING - /home/***/.local/lib/python3.7/site-packages/***/models/baseoperator.py:1393: RemovedInAirflow3Warning: Passing 'execution_date' to 'TaskInstance.xcom_push()' is deprecated.
  context["ti"].xcom_push(key=key, value=value, execution_date=execution_date)

[2026-09-24T18:07:31.974+0000] {taskinstance.py:1327} INFO - Marking task as SUCCESS. dag_id=dataset_consumes_1, task_id=consuming_1, execution_date=20260924T180724, start_date=20260924T180726, end_date=20260924T180731
[2026-09-24T18:07:32.039+0000] {local_task_job.py:159} INFO - Task exited with return code 0
[2026-09-24T18:07:32.063+0000] {taskinstance.py:2582} INFO - 0 downstream tasks scheduled from follow-on schedule check
